00:00 +0: loading /home/germanlion67/lager_app/app/test/services/image_picker_service_test.dart
00:00 +0: /home/germanlion67/lager_app/app/test/services/image_picker_service_test.dart: PickedImage empty.hasImage ist false
00:00 +1: /home/germanlion67/lager_app/app/test/services/image_picker_service_test.dart: PickedImage hasImage ist true wenn bytes gesetzt und nicht leer
00:00 +2: /home/germanlion67/lager_app/app/test/services/image_picker_service_test.dart: PickedImage hasImage ist false wenn bytes null
00:00 +3: /home/germanlion67/lager_app/app/test/services/image_picker_service_test.dart: PickedImage hasImage ist false wenn bytes leer
00:00 +4: /home/germanlion67/lager_app/app/test/services/image_picker_service_test.dart: isCameraAvailable false auf Linux
00:00 +5: /home/germanlion67/lager_app/app/test/services/image_picker_service_test.dart: isCameraAvailable false auf Windows
00:00 +6: /home/germanlion67/lager_app/app/test/services/image_picker_service_test.dart: isCameraAvailable false auf macOS
00:00 +7: /home/germanlion67/lager_app/app/test/services/image_picker_service_test.dart: isCameraAvailable true auf Android
00:00 +8: /home/germanlion67/lager_app/app/test/services/image_picker_service_test.dart: isCameraAvailable true auf iOS
00:00 +9: /home/germanlion67/lager_app/app/test/services/image_picker_service_test.dart: openCropDialog() gibt null zurück bei null bytes — kein Dialog
00:00 +10: /home/germanlion67/lager_app/app/test/services/image_picker_service_test.dart: openCropDialog() gibt null zurück bei null bytes — kein Dialog
00:00 +11: /home/germanlion67/lager_app/app/test/services/image_picker_service_test.dart: openCropDialog() gibt null zurück bei null bytes — kein Dialog
00:00 +12: /home/germanlion67/lager_app/app/test/services/image_picker_service_test.dart: openCropDialog() gibt null zurück bei null bytes — kein Dialog
00:00 +13: /home/germanlion67/lager_app/app/test/services/image_picker_service_test.dart: openCropDialog() gibt null zurück bei null bytes — kein Dialog
00:00 +14: /home/germanlion67/lager_app/app/test/services/image_picker_service_test.dart: openCropDialog() gibt null zurück bei null bytes — kein Dialog
00:00 +15: /home/germanlion67/lager_app/app/test/services/image_picker_service_test.dart: openCropDialog() gibt null zurück bei null bytes — kein Dialog
00:00 +16: /home/germanlion67/lager_app/app/test/services/image_picker_service_test.dart: openCropDialog() gibt null zurück bei null bytes — kein Dialog
00:00 +17: /home/germanlion67/lager_app/app/test/services/image_picker_service_test.dart: openCropDialog() gibt null zurück bei null bytes — kein Dialog
00:00 +18: /home/germanlion67/lager_app/app/test/services/image_picker_service_test.dart: openCropDialog() gibt null zurück bei null bytes — kein Dialog
00:00 +19: /home/germanlion67/lager_app/app/test/services/image_picker_service_test.dart: openCropDialog() gibt null zurück bei null bytes — kein Dialog
00:00 +20: /home/germanlion67/lager_app/app/test/services/image_picker_service_test.dart: openCropDialog() gibt null zurück bei null bytes — kein Dialog
00:00 +21: /home/germanlion67/lager_app/app/test/services/image_picker_service_test.dart: openCropDialog() gibt null zurück bei null bytes — kein Dialog
00:00 +22: /home/germanlion67/lager_app/app/test/services/image_picker_service_test.dart: openCropDialog() gibt null zurück bei null bytes — kein Dialog
00:00 +23: /home/germanlion67/lager_app/app/test/services/image_picker_service_test.dart: openCropDialog() gibt null zurück bei null bytes — kein Dialog
00:00 +24: /home/germanlion67/lager_app/app/test/services/image_picker_service_test.dart: openCropDialog() gibt null zurück bei null bytes — kein Dialog
00:00 +25: /home/germanlion67/lager_app/app/test/services/image_picker_service_test.dart: openCropDialog() gibt null zurück bei null bytes — kein Dialog
00:00 +26: /home/germanlion67/lager_app/app/test/services/image_picker_service_test.dart: openCropDialog() gibt null zurück bei null bytes — kein Dialog
00:00 +27: /home/germanlion67/lager_app/app/test/services/image_picker_service_test.dart: openCropDialog() gibt null zurück bei null bytes — kein Dialog
00:00 +28: /home/germanlion67/lager_app/app/test/services/image_picker_service_test.dart: openCropDialog() gibt null zurück bei null bytes — kein Dialog
00:00 +29: /home/germanlion67/lager_app/app/test/services/image_picker_service_test.dart: openCropDialog() gibt null zurück bei null bytes — kein Dialog
00:00 +30: /home/germanlion67/lager_app/app/test/services/image_picker_service_test.dart: openCropDialog() gibt null zurück bei null bytes — kein Dialog
00:00 +31: /home/germanlion67/lager_app/app/test/services/image_picker_service_test.dart: openCropDialog() gibt null zurück bei null bytes — kein Dialog
00:00 +32: /home/germanlion67/lager_app/app/test/services/image_picker_service_test.dart: openCropDialog() gibt null zurück bei null bytes — kein Dialog
00:00 +33: /home/germanlion67/lager_app/app/test/services/image_picker_service_test.dart: openCropDialog() gibt null zurück bei leeren bytes — kein Dialog
00:00 +34: /home/germanlion67/lager_app/app/test/services/image_picker_service_test.dart: pickImageCamera() gibt PickedImage.empty zurück bei Datei zu groß
[38;5;208m┌───────────────────────────────────────────────────────────────────────────────[0m
[38;5;208m│ #0   ImagePickerService.pickImageCamera (package:lager_app/services/image_picker.dart:361:15)[0m
[38;5;208m├┄┄┄┄┄┄┄┄┄┄┄┄┄┄┄┄┄┄┄┄┄┄┄┄┄┄┄┄┄┄┄┄┄┄┄┄┄┄┄┄┄┄┄┄┄┄┄┄┄┄┄┄┄┄┄┄┄┄┄┄┄┄┄┄┄┄┄┄┄┄┄┄┄┄┄┄┄┄┄[0m
[38;5;208m│ 10:24:40.049 (+0:00:00.000000)[0m
[38;5;208m├┄┄┄┄┄┄┄┄┄┄┄┄┄┄┄┄┄┄┄┄┄┄┄┄┄┄┄┄┄┄┄┄┄┄┄┄┄┄┄┄┄┄┄┄┄┄┄┄┄┄┄┄┄┄┄┄┄┄┄┄┄┄┄┄┄┄┄┄┄┄┄┄┄┄┄┄┄┄┄[0m
[38;5;208m│ ⚠️ pickImageCamera: Bild zu groß (101 Bytes, max 10485760 Bytes)[0m
[38;5;208m└───────────────────────────────────────────────────────────────────────────────[0m
00:01 +34 ~1: /home/germanlion67/lager_app/app/test/services/image_picker_service_test.dart: pickImageCamera() gibt PickedImage.empty zurück bei Datei zu groß
00:01 +35 ~1: /home/germanlion67/lager_app/app/test/services/image_picker_service_test.dart: pickImageCamera() gibt PickedImage.empty zurück wenn Picker null zurückgibt — Nutzer bricht ab
00:01 +36 ~1: /home/germanlion67/lager_app/app/test/services/image_picker_service_test.dart: pickImageCamera() gibt PickedImage.empty zurück bei Datei > 10 MB
[38;5;208m┌───────────────────────────────────────────────────────────────────────────────[0m
[38;5;208m│ #0   ImagePickerService.pickImageCamera (package:lager_app/services/image_picker.dart:361:15)[0m
[38;5;208m├┄┄┄┄┄┄┄┄┄┄┄┄┄┄┄┄┄┄┄┄┄┄┄┄┄┄┄┄┄┄┄┄┄┄┄┄┄┄┄┄┄┄┄┄┄┄┄┄┄┄┄┄┄┄┄┄┄┄┄┄┄┄┄┄┄┄┄┄┄┄┄┄┄┄┄┄┄┄┄[0m
[38;5;208m│ 10:24:40.175 (+0:00:00.126231)[0m
[38;5;208m├┄┄┄┄┄┄┄┄┄┄┄┄┄┄┄┄┄┄┄┄┄┄┄┄┄┄┄┄┄┄┄┄┄┄┄┄┄┄┄┄┄┄┄┄┄┄┄┄┄┄┄┄┄┄┄┄┄┄┄┄┄┄┄┄┄┄┄┄┄┄┄┄┄┄┄┄┄┄┄[0m
[38;5;208m│ ⚠️ pickImageCamera: Bild zu groß (10485761 Bytes, max 10485760 Bytes)[0m
[38;5;208m└───────────────────────────────────────────────────────────────────────────────[0m
00:01 +37 ~1: /home/germanlion67/lager_app/app/test/services/image_picker_service_test.dart: pickImageCamera() gibt PickedImage mit bytes zurück — kein Crop-Dialog, ensureTargetFormat crop: false
00:01 +38 ~1: /home/germanlion67/lager_app/app/test/services/app_log_service_test.dart: AppLogService Tests (setUpAll)
00:01 +38 ~1: /home/germanlion67/lager_app/app/test/services/app_log_service_test.dart: AppLogService Tests AppLogService.logger sollte eine Logger-Instanz sein
00:01 +39 ~1: /home/germanlion67/lager_app/app/test/services/app_log_service_test.dart: AppLogService Tests AppLogService.logger sollte immer dieselbe Instanz zurückgeben
00:01 +40 ~1: /home/germanlion67/lager_app/app/test/services/app_log_service_test.dart: AppLogService Tests logger.i() sollte keine Exception werfen
[38;5;12m┌───────────────────────────────────────────────────────────────────────────────[0m
[38;5;12m│ #0   main.<anonymous closure>.<anonymous closure>.<anonymous closure> (file:///home/germanlion67/lager_app/app/test/services/app_log_service_test.dart:76:36)[0m
[38;5;12m├┄┄┄┄┄┄┄┄┄┄┄┄┄┄┄┄┄┄┄┄┄┄┄┄┄┄┄┄┄┄┄┄┄┄┄┄┄┄┄┄┄┄┄┄┄┄┄┄┄┄┄┄┄┄┄┄┄┄┄┄┄┄┄┄┄┄┄┄┄┄┄┄┄┄┄┄┄┄┄[0m
[38;5;12m│ 10:24:40.609 (+0:00:00.018853)[0m
[38;5;12m├┄┄┄┄┄┄┄┄┄┄┄┄┄┄┄┄┄┄┄┄┄┄┄┄┄┄┄┄┄┄┄┄┄┄┄┄┄┄┄┄┄┄┄┄┄┄┄┄┄┄┄┄┄┄┄┄┄┄┄┄┄┄┄┄┄┄┄┄┄┄┄┄┄┄┄┄┄┄┄[0m
[38;5;12m│ 💡 Test info message[0m
[38;5;12m└───────────────────────────────────────────────────────────────────────────────[0m
00:01 +41 ~1: /home/germanlion67/lager_app/app/test/services/app_log_service_test.dart: AppLogService Tests logger.w() sollte keine Exception werfen
[38;5;208m┌───────────────────────────────────────────────────────────────────────────────[0m
[38;5;208m│ #0   main.<anonymous closure>.<anonymous closure>.<anonymous closure> (file:///home/germanlion67/lager_app/app/test/services/app_log_service_test.dart:84:36)[0m
[38;5;208m├┄┄┄┄┄┄┄┄┄┄┄┄┄┄┄┄┄┄┄┄┄┄┄┄┄┄┄┄┄┄┄┄┄┄┄┄┄┄┄┄┄┄┄┄┄┄┄┄┄┄┄┄┄┄┄┄┄┄┄┄┄┄┄┄┄┄┄┄┄┄┄┄┄┄┄┄┄┄┄[0m
[38;5;208m│ 10:24:40.641 (+0:00:00.050719)[0m
[38;5;208m├┄┄┄┄┄┄┄┄┄┄┄┄┄┄┄┄┄┄┄┄┄┄┄┄┄┄┄┄┄┄┄┄┄┄┄┄┄┄┄┄┄┄┄┄┄┄┄┄┄┄┄┄┄┄┄┄┄┄┄┄┄┄┄┄┄┄┄┄┄┄┄┄┄┄┄┄┄┄┄[0m
[38;5;208m│ ⚠️ Test warning message[0m
[38;5;208m└───────────────────────────────────────────────────────────────────────────────[0m
00:01 +42 ~1: /home/germanlion67/lager_app/app/test/services/app_log_service_test.dart: AppLogService Tests logger.e() ohne StackTrace sollte keine Exception werfen
[38;5;196m┌───────────────────────────────────────────────────────────────────────────────[0m
[38;5;196m│ #0   main.<anonymous closure>.<anonymous closure>.<anonymous closure> (file:///home/germanlion67/lager_app/app/test/services/app_log_service_test.dart:92:36)[0m
[38;5;196m├┄┄┄┄┄┄┄┄┄┄┄┄┄┄┄┄┄┄┄┄┄┄┄┄┄┄┄┄┄┄┄┄┄┄┄┄┄┄┄┄┄┄┄┄┄┄┄┄┄┄┄┄┄┄┄┄┄┄┄┄┄┄┄┄┄┄┄┄┄┄┄┄┄┄┄┄┄┄┄[0m
[38;5;196m│ 10:24:40.649 (+0:00:00.058247)[0m
[38;5;196m├┄┄┄┄┄┄┄┄┄┄┄┄┄┄┄┄┄┄┄┄┄┄┄┄┄┄┄┄┄┄┄┄┄┄┄┄┄┄┄┄┄┄┄┄┄┄┄┄┄┄┄┄┄┄┄┄┄┄┄┄┄┄┄┄┄┄┄┄┄┄┄┄┄┄┄┄┄┄┄[0m
[38;5;196m│ ⛔ Test error message[0m
[38;5;196m└───────────────────────────────────────────────────────────────────────────────[0m
00:01 +43 ~1: /home/germanlion67/lager_app/app/test/services/app_log_service_test.dart: AppLogService Tests logger.e() mit named error + stackTrace sollte keine Exception werfen
[38;5;196m┌───────────────────────────────────────────────────────────────────────────────[0m
[38;5;196m│ Exception: Test-Exception[0m
[38;5;196m├┄┄┄┄┄┄┄┄┄┄┄┄┄┄┄┄┄┄┄┄┄┄┄┄┄┄┄┄┄┄┄┄┄┄┄┄┄┄┄┄┄┄┄┄┄┄┄┄┄┄┄┄┄┄┄┄┄┄┄┄┄┄┄┄┄┄┄┄┄┄┄┄┄┄┄┄┄┄┄[0m
[38;5;196m│ #0   main.<anonymous closure>.<anonymous closure> (file:///home/germanlion67/lager_app/app/test/services/app_log_service_test.dart:99:32)[0m
[38;5;196m│ #1   Declarer.test.<anonymous closure>.<anonymous closure> (package:test_api/src/backend/declarer.dart:253:25)[0m
[38;5;196m│ #2   <asynchronous suspension>[0m
[38;5;196m│ #3   Declarer.test.<anonymous closure> (package:test_api/src/backend/declarer.dart:250:11)[0m
[38;5;196m│ #4   <asynchronous suspension>[0m
[38;5;196m│ #5   Invoker._waitForOutstandingCallbacks.<anonymous closure> (package:test_api/src/backend/invoker.dart:318:9)[0m
[38;5;196m│ #6   <asynchronous suspension>[0m
[38;5;196m├┄┄┄┄┄┄┄┄┄┄┄┄┄┄┄┄┄┄┄┄┄┄┄┄┄┄┄┄┄┄┄┄┄┄┄┄┄┄┄┄┄┄┄┄┄┄┄┄┄┄┄┄┄┄┄┄┄┄┄┄┄┄┄┄┄┄┄┄┄┄┄┄┄┄┄┄┄┄┄[0m
[38;5;196m│ 10:24:40.661 (+0:00:00.070263)[0m
[38;5;196m├┄┄┄┄┄┄┄┄┄┄┄┄┄┄┄┄┄┄┄┄┄┄┄┄┄┄┄┄┄┄┄┄┄┄┄┄┄┄┄┄┄┄┄┄┄┄┄┄┄┄┄┄┄┄┄┄┄┄┄┄┄┄┄┄┄┄┄┄┄┄┄┄┄┄┄┄┄┄┄[0m
[38;5;196m│ ⛔ Test error mit StackTrace:[0m
[38;5;196m└───────────────────────────────────────────────────────────────────────────────[0m
00:01 +44 ~1: /home/germanlion67/lager_app/app/test/services/app_log_service_test.dart: AppLogService Tests logger.d() sollte keine Exception werfen
┌───────────────────────────────────────────────────────────────────────────────
│ #0   main.<anonymous closure>.<anonymous closure>.<anonymous closure> (file:///home/germanlion67/lager_app/app/test/services/app_log_service_test.dart:113:36)
├┄┄┄┄┄┄┄┄┄┄┄┄┄┄┄┄┄┄┄┄┄┄┄┄┄┄┄┄┄┄┄┄┄┄┄┄┄┄┄┄┄┄┄┄┄┄┄┄┄┄┄┄┄┄┄┄┄┄┄┄┄┄┄┄┄┄┄┄┄┄┄┄┄┄┄┄┄┄┄
│ 10:24:40.674 (+0:00:00.083273)
├┄┄┄┄┄┄┄┄┄┄┄┄┄┄┄┄┄┄┄┄┄┄┄┄┄┄┄┄┄┄┄┄┄┄┄┄┄┄┄┄┄┄┄┄┄┄┄┄┄┄┄┄┄┄┄┄┄┄┄┄┄┄┄┄┄┄┄┄┄┄┄┄┄┄┄┄┄┄┄
│ 🐛 Test debug message
└───────────────────────────────────────────────────────────────────────────────
00:01 +45 ~1: /home/germanlion67/lager_app/app/test/services/app_log_service_test.dart: AppLogService Tests logger.i() mit leerem String sollte keine Exception werfen
[38;5;12m┌───────────────────────────────────────────────────────────────────────────────[0m
[38;5;12m│ #0   main.<anonymous closure>.<anonymous closure>.<anonymous closure> (file:///home/germanlion67/lager_app/app/test/services/app_log_service_test.dart:121:41)[0m
[38;5;12m├┄┄┄┄┄┄┄┄┄┄┄┄┄┄┄┄┄┄┄┄┄┄┄┄┄┄┄┄┄┄┄┄┄┄┄┄┄┄┄┄┄┄┄┄┄┄┄┄┄┄┄┄┄┄┄┄┄┄┄┄┄┄┄┄┄┄┄┄┄┄┄┄┄┄┄┄┄┄┄[0m
[38;5;12m│ 10:24:40.685 (+0:00:00.094909)[0m
[38;5;12m├┄┄┄┄┄┄┄┄┄┄┄┄┄┄┄┄┄┄┄┄┄┄┄┄┄┄┄┄┄┄┄┄┄┄┄┄┄┄┄┄┄┄┄┄┄┄┄┄┄┄┄┄┄┄┄┄┄┄┄┄┄┄┄┄┄┄┄┄┄┄┄┄┄┄┄┄┄┄┄[0m
[38;5;12m│ 💡 [0m
[38;5;12m└───────────────────────────────────────────────────────────────────────────────[0m
00:01 +46 ~1: /home/germanlion67/lager_app/app/test/services/app_log_service_test.dart: AppLogService Tests logger.e() mit leerem String sollte keine Exception werfen
[38;5;196m┌───────────────────────────────────────────────────────────────────────────────[0m
[38;5;196m│ #0   main.<anonymous closure>.<anonymous closure>.<anonymous closure> (file:///home/germanlion67/lager_app/app/test/services/app_log_service_test.dart:125:41)[0m
[38;5;196m├┄┄┄┄┄┄┄┄┄┄┄┄┄┄┄┄┄┄┄┄┄┄┄┄┄┄┄┄┄┄┄┄┄┄┄┄┄┄┄┄┄┄┄┄┄┄┄┄┄┄┄┄┄┄┄┄┄┄┄┄┄┄┄┄┄┄┄┄┄┄┄┄┄┄┄┄┄┄┄[0m
[38;5;196m│ 10:24:40.695 (+0:00:00.104771)[0m
[38;5;196m├┄┄┄┄┄┄┄┄┄┄┄┄┄┄┄┄┄┄┄┄┄┄┄┄┄┄┄┄┄┄┄┄┄┄┄┄┄┄┄┄┄┄┄┄┄┄┄┄┄┄┄┄┄┄┄┄┄┄┄┄┄┄┄┄┄┄┄┄┄┄┄┄┄┄┄┄┄┄┄[0m
[38;5;196m│ ⛔ [0m
[38;5;196m└───────────────────────────────────────────────────────────────────────────────[0m
00:01 +47 ~1: /home/germanlion67/lager_app/app/test/services/app_log_service_test.dart: AppLogService Tests logger.e() mit langem String sollte keine Exception werfen
[38;5;196m┌───────────────────────────────────────────────────────────────────────────────[0m
[38;5;196m│ #0   main.<anonymous closure>.<anonymous closure>.<anonymous closure> (file:///home/germanlion67/lager_app/app/test/services/app_log_service_test.dart:130:41)[0m
[38;5;196m├┄┄┄┄┄┄┄┄┄┄┄┄┄┄┄┄┄┄┄┄┄┄┄┄┄┄┄┄┄┄┄┄┄┄┄┄┄┄┄┄┄┄┄┄┄┄┄┄┄┄┄┄┄┄┄┄┄┄┄┄┄┄┄┄┄┄┄┄┄┄┄┄┄┄┄┄┄┄┄[0m
[38;5;196m│ 10:24:40.705 (+0:00:00.114888)[0m
[38;5;196m├┄┄┄┄┄┄┄┄┄┄┄┄┄┄┄┄┄┄┄┄┄┄┄┄┄┄┄┄┄┄┄┄┄┄┄┄┄┄┄┄┄┄┄┄┄┄┄┄┄┄┄┄┄┄┄┄┄┄┄┄┄┄┄┄┄┄┄┄┄┄┄┄┄┄┄┄┄┄┄[0m
[38;5;196m│ ⛔ AAAAAAAAAAAAAAAAAAAAAAAAAAAAAAAAAAAAAAAAAAAAAAAAAAAAAAAAAAAAAAAAAAAAAAAAAAAAAAAAAAAAAAAAAAAAAAAAAAAAAAAAAAAAAAAAAAAAAAAAAAAAAAAAAAAAAAAAAAAAAAAAAAAAAAAAAAAAAAAAAAAAAAAAAAAAAAAAAAAAAAAAAAAAAAAAAAAAAAAAAAAAAAAAAAAAAAAAAAAAAAAAAAAAAAAAAAAAAAAAAAAAAAAAAAAAAAAAAAAAAAAAAAAAAAAAAAAAAAAAAAAAAAAAAAAAAAAAAAAAAAAAAAAAAAAAAAAAAAAAAAAAAAAAAAAAAAAAAAAAAAAAAAAAAAAAAAAAAAAAAAAAAAAAAAAAAAAAAAAAAAAAAAAAAAAAAAAAAAAAAAAAAAAAAAAAAAAAAAAAAAAAAAAAAAAAAAAAAAAAAAAAAAAAAAAAAAAAAAAAAAAAAAAAAAAAAAAAAAAAAAAAAAAAAAAAAAAAAAAAAAAAAAAAAAAAAAAAAAAAAAAAAAAAAAAAAAAAAAAAAAAAAAAAAAAAAAAAAAAAAAAAAAAAAAAAAAAAAAAAAAAAAAAAAAAAAAAAAAAAAAAAAAAAAAAAAAAAAAAAAAAAAAAAAAAAAAAAAAAAAAAAAAAAAAAAAAAAAAAAAAAAAAAAAAAAAAAAAAAAAAAAAAAAAAAAAAAAAAAAAAAAAAAAAAAAAAAAAAAAAAAAAAAAAAAAAAAAAAAAAAAAAAAAAAAAAAAAAAAAAAAAAAAAAAAAAAAAAAAAAAAAAAAAAAAAAAAAAAAAAAAAAAAAAAAAAAAAAAAAAAAAAAAAAAAAAAAAAAAAAAAAAAAAAAAAAAAAAAAAAAAAAAAAAAAAAAAAAAAAAAAAAAAAAAAAAAAAAAAAAAAAAAAAAAAAAAAAAAAAAAAAAAAAAAAAAAAAAAAAAAAAAAAAAAAAAAAAAAAAAAAAAAAAAAAAAAAAAAAAAAAAAAAAAAAAAAAAAAAAAAAAAAAAAAAAAAAAAAAAAAAAAAAAAAAAAAAAAAAAAAAAAAAAAAAAAAAAAAAAAAAAAAAAAAAAAAAAAAAAAAAAAAAAAAAAAAAAAAAAAAAAAAAAAAAAAAAAAAAAAAAAAAAAAAAAAAAAAAAAAAAAAAAAAAAAAAAAAAAAAAAAAAAAAAAAAAAAAAAAAAAAAAAAAAAAAAAAAAAAAAAAAAAAAAAAAAAAAAAAAAAAAAAAAAAAAAAAAAAAAAAAAAAAAAAAAAAAAAAAAAAAAAAAAAAAAAAAAAAAAAAAAAAAAAAAAAAAAAAAAAAAAAAAAAAAAAAAAAAAAAAAAAAAAAAAAAAAAAAAAAAAAAAAAAAAAAAAAAAAAAAAAAAAAAAAAAAAAAAAAAAAAAAAAAAAAAAAAAAAAAAAAAAAAAAAAAAAAAAAAAAAAAAAAAAAAAAAAAAAAAAAAAAAAAAAAAAAAAAAAAAAAAAAAAAAAAAAAAAAAAAAAAAAAAAAAAAAAAAAAAAAAAAAAAAAAAAAAAAAAAAAAAAAAAAAAAAAAAAAAAAAAAAAAAAAAAAAAAAAAAAAAAAAAAAAAAAAAAAAAAAAAAAAAAAAAAAAAAAAAAAAAAAAAAAAAAAAAAAAAAAAAAAAAAAAAAAAAAAAAAAAAAAAAAAAAAAAAAAAAAAAAAAAAAAAAAAAAAAAAAAAAAAAAAAAAAAAAAAAAAAAAAAAAAAAAAAAAAAAAAAAAAAAAAAAAAAAAAAAAAAAAAAAAAAAAAAAAAAAAAAAAAAAAAAAAAAAAAAAAAAAAAAAAAAAAAAAAAAAAAAAAAAAAAAAAAAAAAAAAAAAAAAAAAAAAAAAAAAAAAAAAAAAAAAAAAAAAAAAAAAAAAAAAAAAAAAAAAAAAAAAAAAAAAAAAAAAAAAAAAAAAAAAAAAAAAAAAAAAAAAAAAAAAAAAAAAAAAAAAAAAAAAAAAAAAAAAAAAAAAAAAAAAAAAAAAAAAAAAAAAAAAAAAAAAAAAAAAAAAAAAAAAAAAAAAAAAAAAAAAAAAAAAAAAAAAAAAAAAAAAAAAAAAAAAAAAAAAAAAAAAAAAAAAAAAAAAAAAAAAAAAAAAAAAAAAAAAAAAAAAAAAAAAAAAAAAAAAAAAAAAAAAAAAAAAAAAAAAAAAAAAAAAAAAAAAAAAAAAAAAAAAAAAAAAAAAAAAAAAAAAAAAAAAAAAAAAAAAAAAAAAAAAAAAAAAAAAAAAAAAAAAAAAAAAAAAAAAAAAAAAAAAAAAAAAAAAAAAAAAAAAAAAAAAAAAAAAAAAAAAAAAAAAAAAAAAAAAAAAAAAAAAAAAAAAAAAAAAAAAAAAAAAAAAAAAAAAAAAAAAAAAAAAAAAAAAAAAAAAAAAAAAAAAAAAAAAAAAAAAAAAAAAAAAAAAAAAAAAAAAAAAAAAAAAAAAAAAAAAAAAAAAAAAAAAAAAAAAAAAAAAAAAAAAAAAAAAAAAAAAAAAAAAAAAAAAAAAAAAAAAAAAAAAAAAAAAAAAAAAAAAAAAAAAAAAAAAAAAAAAAAAAAAAAAAAAAAAAAAAAAAAAAAAAAAAAAAAAAAAAAAAAAAAAAAAAAAAAAAAAAAAAAAAAAAAAAAAAAAAAAAAAAAAAAAAAAAAAAAAAAAAAAAAAAAAAAAAAAAAAAAAAAAAAAAAAAAAAAAAAAAAAAAAAAAAAAAAAAAAAAAAAAAAAAAAAAAAAAAAAAAAAAAAAAAAAAAAAAAAAAAAAAAAAAAAAAAAAAAAAAAAAAAAAAAAAAAAAAAAAAAAAAAAAAAAAAAAAAAAAAAAAAAAAAAAAAAAAAAAAAAAAAAAAAAAAAAAAAAAAAAAAAAAAAAAAAAAAAAAAAAAAAAAAAAAAAAAAAAAAAAAAAAAAAAAAAAAAAAAAAAAAAAAAAAAAAAAAAAAAAAAAAAAAAAAAAAAAAAAAAAAAAAAAAAAAAAAAAAAAAAAAAAAAAAAAAAAAAAAAAAAAAAAAAAAAAAAAAAAAAAAAAAAAAAAAAAAAAAAAAAAAAAAAAAAAAAAAAAAAAAAAAAAAAAAAAAAAAAAAAAAAAAAAAAAAAAAAAAAAAAAAAAAAAAAAAAAAAAAAAAAAAAAAAAAAAAAAAAAAAAAAAAAAAAAAAAAAAAAAAAAAAAAAAAAAAAAAAAAAAAAAAAAAAAAAAAAAAAAAAAAAAAAAAAAAAAAAAAAAAAAAAAAAAAAAAAAAAAAAAAAAAAAAAAAAAAAAAAAAAAAAAAAAAAAAAAAAAAAAAAAAAAAAAAAAAAAAAAAAAAAAAAAAAAAAAAAAAAAAAAAAAAAAAAAAAAAAAAAAAAAAAAAAAAAAAAAAAAAAAAAAAAAAAAAAAAAAAAAAAAAAAAAAAAAAAAAAAAAAAAAAAAAAAAAAAAAAAAAAAAAAAAAAAAAAAAAAAAAAAAAAAAAAAAAAAAAAAAAAAAAAAAAAAAAAAAAAAAAAAAAAAAAAAAAAAAAAAAAAAAAAAAAAAAAAAAAAAAAAAAAAAAAAAAAAAAAAAAAAAAAAAAAAAAAAAAAAAAAAAAAAAAAAAAAAAAAAAAAAAAAAAAAAAAAAAAAAAAAAAAAAAAAAAAAAAAAAAAAAAAAAAAAAAAAAAAAAAAAAAAAAAAAAAAAAAAAAAAAAAAAAAAAAAAAAAAAAAAAAAAAAAAAAAAAAAAAAAAAAAAAAAAAAAAAAAAAAAAAAAAAAAAAAAAAAAAAAAAAAAAAAAAAAAAAAAAAAAAAAAAAAAAAAAAAAAAAAAAAAAAAAAAAAAAAAAAAAAAAAAAAAAAAAAAAAAAAAAAAAAAAAAAAAAAAAAAAAAAAAAAAAAAAAAAAAAAAAAAAAAAAAAAAAAAAAAAAAAAAAAAAAAAAAAAAAAAAAAAAAAAAAAAAAAAAAAAAAAAAAAAAAAAAAAAAAAAAAAAAAAAAAAAAAAAAAAAAAAAAAAAAAAAAAAAAAAAAAAAAAAAAAAAAAAAAAAAAAAAAAAAAAAAAAAAAAAAAAAAAAAAAAAAAAAAAAAAAAAAAAAAAAAAAAAAAAAAAAAAAAAAAAAAAAAAAAAAAAAAAAAAAAAAAAAAAAAAAAAAAAAAAAAAAAAAAAAAAAAAAAAAAAAAAAAAAAAAAAAAAAAAAAAAAAAAAAAAAAAAAAAAAAAAAAAAAAAAAAAAAAAAAAAAAAAAAAAAAAAAAAAAAAAAAAAAAAAAAAAAAAAAAAAAAAAAAAAAAAAAAAAAAAAAAAAAAAAAAAAAAAAAAAAAAAAAAAAAAAAAAAAAAAAAAAAAAAAAAAAAAAAAAAAAAAAAAAAAAAAAAAAAAAAAAAAAAAAAAAAAAAAAAAAAAAAAAAAAAAAAAAAAAAAAAAAAAAAAAAAAAAAAAAAAAAAAAAAAAAAAAAAAAAAAAAAAAAAAAAAAAAAAAAAAAAAAAAAAAAAAAAAAAAAAAAAAAAAAAAAAAAAAAAAAAAAAAAAAAAAAAAAAAAAAAAAAAAAAAAAAAAAAAAAAAAAAAAAAAAAAAAAAAAAAAAAAAAAAAAAAAAAAAAAAAAAAAAAAAAAAAAAAAAAAAAAAAAAAAAAAAAAAAAAAAAAAAAAAAAAAAAAAAAAAAAAAAAAAAAAAAAAAAAAAAAAAAAAAAAAAAAAAAAAAAAAAAAAAAAAAAAAAAAAAAAAAAAAAAAAAAAAAAAAAAAAAAAAAAAAAAAAAAAAAAAAAAAAAAAAAAAAAAAAAAAAAAAAAAAAAAAAAAAAAAAAAAAAAAAAAAAAAAAAAAAAAAAAAAAAAAAAAAAAAAAAAAAAAAAAAAAAAAAAAAAAAAAAAAAAAAAAAAAAAAAAAAAAAAAAAAAAAAAAAAAAAAAAAAAAAAAAAAAAAAAAAAAAAAAAAAAAAAAAAAAAAAAAAAAAAAAAAAAAAAAAAAAAAAAAAAAAAAAAAAAAAAAAAAAAAAAAAAAAAAAAAAAAAAAAAAAAAAAAAAAAAAAAAAAAAAAAAAAAAAAAAAAAAAAAAAAAAAAAAAAAAAAAAAAAAAAAAAAAAAAAAAAAAAAAAAAAAAAAAAAAAAAAAAAAAAAAAAAAAAAAAAAAAAAAAAAAAAAAAAAAAAAAAAAAAAAAAAAAAAAAAAAAAAAAAAAAAAAAAAAAAAAAAAAAAAAAAAAAAAAAAAAAAAAAAAAAAAAAAAAAAAAAAAAAAAAAAAAAAAAAAAAAAAAAAAAAAAAAAAAAAAAAAAAAAAAAAAAAAAAAAAAAAAAAAAAAAAAAAAAAAAAAAAAAAAAAAAAAAAAAAAAAAAAAAAAAAAAAAAAAAAAAAAAAAAAAAAAAAAAAAAAAAAAAAAAAAAAAAAAAAAAAAAAAAAAAAAAAAAAAAAAAAAAAAAAAAAAAAAAAAAAAAAAAAAAAAAAAAAAAAAAAAAAAAAAAAAAAAAAAAAAAAAAAAAAAAAAAAAAAAAAAAAAAAAAAAAAAAAAAAAAAAAAAAAAAAAAAAAAAAAAAAAAAAAAAAAAAAAAAAAAAAAAAAAAAAAAAAAAAAAAAAAAAAAAAAAAAAAAAAAAAAAAAAAAAAAAAAAAAAAAAAAAAAAAAAAAAAAAAAAAAAAAAAAAAAAAAAAAAAAAAAAAAAAAAAAAAAAAAAAAAAAAAAAAAAAAAAAAAAAAAAAAAAAAAAAAAAAAAAAAAAAAAAAAAAAAAAAAAAAAAAAAAAAAAAAAAAAAAAAAAAAAAAAAAAAAAAAAAAAAAAAAAAAAAAAAAAAAAAAAAAAAAAAAAAAAAAAAAAAAAAAAAAAAAAAAAAAAAAAAAAAAAAAAAAAAAAAAAAAAAAAAAAAAAAAAAAAAAAAAAAAAAAAAAAAAAAAAAAAAAAAAAAAAAAAAAAAAAAAAAAAAAAAAAAAAAAAAAAAAAAAAAAAAAAAAAAAAAAAAAAAAAAAAAAAAAAAAAAAAAAAAAAAAAAAAAAAAAAAAAAAAAAAAAAAAAAAAAAAAAAAAAAAAAAAAAAAAAAAAAAAAAAAAAAAAAAAAAAAAAAAAAAAAAAAAAAAAAAAAAAAAAAAAAAAAAAAAAAAAAAAAAAAAAAAAAAAAAAAAAAAAAAAAAAAAAAAAAAAAAAAAAAAAAAAAAAAAAAAAAAAAAAAAAAAAAAAAAAAAAAAAAAAAAAAAAAAAAAAAAAAAAAAAAAAAAAAAAAAAAAAAAAAAAAAAAAAAAAAAAAAAAAAAAAAAAAAAAAAAAAAAAAAAAAAAAAAAAAAAAAAAAAAAAAAAAAAAAAAAAAAAAAAAAAAAAAAAAAAAAAAAAAAAAAAAAAAAAAAAAAAAAAAAAAAAAAAAAAAAAAAAAAAAAAAAAAAAAAAAAAAAAAAAAAAAAAAAAAAAAAAAAAAAAAAAAAAAAAAAAAAAAAAAAAAAAAAAAAAAAAAAAAAAAAAAAAAAAAAAAAAAAAAAAAAAAAAAAAAAAAAAAAAAAAAAAAAAAAAAAAAAAAAAAAAAAAAAAAAAAAAAAAAAAAAAAAAAAAAAAAAAAAAAAAAAAAAAAAAAAAAAAAAAAAAAAAAAAAAAAAAAAAAAAAAAAAAAAAAAAAAAAAAAAAAAAAAAAAAAAAAAAAAAAAAAAAAAAAAAAAAAAAAAAAAAAAAAAAAAAAAAAAAAAAAAAAAAAAAAAAAAAAAAAAAAAAAAAAAAAAAAAAAAAAAAAAAAAAAAAAAAAAAAAAAAAAAAAAAAAAAAAAAAAAAAAAAAAAAAAAAAAAAAAAAAAAAAAAAAAAAAAAAAAAAAAAAAAAAAAAAAAAAAAAAAAAAAAAAAAAAAAAAAAAAAAAAAAAAAAAAAAAAAAAAAAAAAAAAAAAAAAAAAAAAAAAAAAAAAAAAAAAAAAAAAAAAAAAAAAAAAAAAAAAAAAAAAAAAAAAAAAAAAAAAAAAAAAAAAAAAAAAAAAAAAAAAAAAAAAAAAAAAAAAAAAAAAAAAAAAAAAAAAAAAAAAAAAAAAAAAAAAAAAAAAAAAAAAAAAAAAAAAAAAAAAAAAAAAAAAAAAAAAAAAAAAAAAAAAAAAAAAAAAAAAAAAAAAAAAAAAAAAAAAAAAAAAAAAAAAAAAAAAAAAAAAAAAAAAAAAAAAAAAAAAAAAAAAAAAAAAAAAAAAAAAAAAAAAAAAAAAAAAAAAAAAAAAAAAAAAAAAAAAAAAAAAAAAAAAAAAAAAAAAAAAAAAAAAAAAAAAAAAAAAAAAAAAAAAAAAAAAAAAAAAAAAAAAAAAAAAAAAAAAAAAAAAAAAAAAAAAAAAAAAAAAAAAAAAAAAAAAAAAAAAAAAAAAAAAAAAAAAAAAAAAAAAAAAAAAAAAAAAAAAAAAAAAAAAAAAAAAAAAAAAAAAAAAAAAAAAAAAAAAAAAAAAAAAAAAAAAAAAAAAAAAAAAAAAAAAAAAAAAAAAAAAAAAAAAAAAAAAAAAAAAAAAAAAAAAAAAAAAAAAAAAAAAAAAAAAAAAAAAAAAAAAAAAAAAAAAAAAAAAAAAAAAAAAAAAAAAAAAAAAAAAAAAAAAAAAAAAAAAAAAAAAAAAAAAAAAAAAAAAAAAAAAAAAAAAAAAAAAAAAAAAAAAAAAAAAAAAAAAAAAAAAAAAAAAAAAAAAAAAAAAAAAAAAAAAAAAAAAAAAAAAAAAAAAAAAAAAAAAAAAAAAAAAAAAAAAAAAAAAAAAAAAAAAAAAAAAAAAAAAAAAAAAAAAAAAAAAAAAAAAAAAAAAAAAAAAAAAAAAAAAAAAAAAAAAAAAAAAAAAAAAAAAAAAAAAAAAAAAAAAAAAAAAAAAAAAAAAAAAAAAAAAAAAAAAAAAAAAAAAAAAAAAAAAAAAAAAAAAAAAAAAAAAAAAAAAAAAAAAAAAAAAAAAAAAAAAAAAAAAAAAAAAAAAAAAAAAAAAAAAAAAAAAAAAAAAAAAAAAAAAAAAAAAAAAAAAAAAAAAAAAAAAAAAAAAAAAAAAAAAAAAAAAAAAAAAAAAAAAAAAAAAAAAAAAAAAAAAAAAAAAAAAAAAAAAAAAAAAAAAAAAAAAAAAAAAAAAAAAAAAAAAAAAAAAAAAAAAAAAAAAAAAAAAAAAAAAAAAAAAAAAAAAAAAAAAAAAAAAAAAAAAAAAAAAAAAAAAAAAAAAAAAAAAAAAAAAAAAAAAAAAAAAAAAAAAAAAAAAAAAAAAAAAAAAAAAAAAAAAAAAAAAAAAAAAAAAAAAAAAAAAAAAAAAAAAAAAAAAAAAAAAAAAAAAAAAAAAAAAAAAAAAAAAAAAAAAAAAAAAAAAAAAAAAAAAAAAAAAAAAAAAAAAAAAAAAAAAAAAAAAAAAAAAAAAAAAAAAAAAAAAAAAAAAAAAAAAAAAAAAAAAAAAAAAAAAAAAAAAAAAAAAAAAAAAAAAAAAAAAAAAAAAAAAAAAAAAAAAAAAAAAAAAAAAAAAAAAAAAAAAAAAAAAAAAAAAAAAAAAAAAAAAAAAAAAAAAAAAAAAAAAAAAAAAAAAAAAAAAAAAAAAAAAAAAAAAAAAAAAAAAAAAAAAAAAAAAAAAAAAAAAAAAAAAAAAAAAAAAAAAAAAAAAAAAAAAAAAAAAAAAAAAAAAAAAAAAAAAAAAAAAAAAAAAAAAAAAAAAAAAAAAAAAAAAAAAAAAAAAAAAAAAAAAAAAAAAAAAAAAAAAAAAAAAAAAAAAAAAAAAAAAAAAAAAAAAAAAAAAAAAAAAAAAAAAAAAAAAAAAAAAAAAAAAAAAAAAAAAAAAAAAAAAAAAAAAAAAAAAAAAAAAAAAAAAAAAAAAAAAAAAAAAAAAAAAAAAAAAAAAAAAAAAAAAAAAAAAAAAAAAAAAAAAAAAAAAAAAAAAAAAAAAAAAAAAAAAAAAAAAAAAAAAAAAAAAAAAAAAAAAAAAAAAAAAAAAAAAAAAAAAAAAAAAAAAAAAAAAAAAAAAAAAAAAAAAAAAAAAAAAAAAAAAAAAAAAAAAAAAAAAAAAAAAAAAAAAAAAAAAAAAAAAAAAAAAAAAAAAAAAAAAAAAAAAAAAAAAAAAAAAAAAAAAAAAAAAAAAAAAAAAAAAAAAAAAAAAAAAAAAAAAAAAAAAAAAAAAAAAAAAAAAAAAAAAAAAAAAAAAAAAAAAAAAAAAAAAAAAAAAAAAAAAAAAAAAAAAAAAAAAAAAAAAAAAAAAAAAAAAAAAAAAAAAAAAAAAAAAAAAAAAAAAAAAAAAAAAAAAAAAAAAAAAAAAAAAAAAAAAAAAAAAAAAAAAAAAAAAAAAAAAAAAAAAAAAAAAAAAAAAAAAAAAAAAAAAAAAAAAAAAAAAAAAAAAAAAAAAAAAAAAAAAAAAAAAAAAAAAAAAAAAAAAAAAAAAAAAAAAAAAAAAAAAAAAAAAAAAAAAAAAAAAAAAAAAAAAAAAAAAAAAAAAAAAAAAAAAAAAAAAAAAAAAAAAAAAAAAAAAAAAAAAAAAAAAAAAAAAAAAAAAAAAAAAAAAAAAAAAAAAAAAAAAAAAAAAAAAAAAAAAAAAAAAAAAAAAAAAAAAAAAAAAAAAAAAAAAAAAAAAAAAAAAAAAAAAAAAAAAAAAAAAAAAAAAAAAAAAAAAAAAAAAAAAAAAAAAAAAAAAAAAAAAAAAAAAAAAAAAAAAAAAAAAAAAAAAAAAAAAAAAAAAAAAAAAAAAAAAAAAAAAAAAAAAAAAAAAAAAAAAAAAAAAAAAAAAAAAAAAAAAAAAAAAAAAAAAAAAAAAAAAAAAAAAAAAAAAAAAAAAAAAAAAAAAAAAAAAAAAAAAAAAAAAAAAAAAAAAAAAAAAAAAAAAAAAAAAAAAAAAAAAAAAAAAAAAAAAAAAAAAAAAAAAAAAAAAAAAAAAAAAAAAAAAAAAAAAAAAAAAAAAAAAAAAAAAAAAAAAAAAAAAAAAAAAAAAAAAAAAAAAAAAAAAAAAAAAAAAAAAAAAAAAAAAAAAAAAAAAAAAAAAAAAAAAAAAAAAAAAAAAAAAAAAAAAAAAAAAAAAAAAAAAAAAAAAAAAAAAAAAAAAAAAAAAAAAAAAAAAAAAAAAAAAAAAAAAAAAAAAAAAAAAAAAAAAAAAAAAAAAAAAAAAAAAAAAAAAAAAAAAAAAAAAAAAAAAAAAAAAAAAAAAAAAAAAAAAAAAAAAAAAAAA[0m
[38;5;196m└───────────────────────────────────────────────────────────────────────────────[0m
00:01 +48 ~1: /home/germanlion67/lager_app/app/test/services/app_log_service_test.dart: AppLogService Tests logger.i() mit Sonderzeichen sollte keine Exception werfen
[38;5;12m┌───────────────────────────────────────────────────────────────────────────────[0m
[38;5;12m│ #0   main.<anonymous closure>.<anonymous closure>.<anonymous closure> (file:///home/germanlion67/lager_app/app/test/services/app_log_service_test.dart:135:36)[0m
[38;5;12m├┄┄┄┄┄┄┄┄┄┄┄┄┄┄┄┄┄┄┄┄┄┄┄┄┄┄┄┄┄┄┄┄┄┄┄┄┄┄┄┄┄┄┄┄┄┄┄┄┄┄┄┄┄┄┄┄┄┄┄┄┄┄┄┄┄┄┄┄┄┄┄┄┄┄┄┄┄┄┄[0m
[38;5;12m│ 10:24:40.715 (+0:00:00.124072)[0m
[38;5;12m├┄┄┄┄┄┄┄┄┄┄┄┄┄┄┄┄┄┄┄┄┄┄┄┄┄┄┄┄┄┄┄┄┄┄┄┄┄┄┄┄┄┄┄┄┄┄┄┄┄┄┄┄┄┄┄┄┄┄┄┄┄┄┄┄┄┄┄┄┄┄┄┄┄┄┄┄┄┄┄[0m
[38;5;12m│ 💡 Sonderzeichen: äöü ß 🚀 [0m
[38;5;12m│ 💡 	[0m
[38;5;12m└───────────────────────────────────────────────────────────────────────────────[0m
00:01 +49 ~1: /home/germanlion67/lager_app/app/test/services/app_log_service_test.dart: AppLogService Tests logger.e() mit echtem Exception-Objekt sollte keine Exception werfen
[38;5;196m┌───────────────────────────────────────────────────────────────────────────────[0m
[38;5;196m│ Bad state: Ungültiger Zustand[0m
[38;5;196m├┄┄┄┄┄┄┄┄┄┄┄┄┄┄┄┄┄┄┄┄┄┄┄┄┄┄┄┄┄┄┄┄┄┄┄┄┄┄┄┄┄┄┄┄┄┄┄┄┄┄┄┄┄┄┄┄┄┄┄┄┄┄┄┄┄┄┄┄┄┄┄┄┄┄┄┄┄┄┄[0m
[38;5;196m│ #0   main.<anonymous closure>.<anonymous closure>.<anonymous closure> (file:///home/germanlion67/lager_app/app/test/services/app_log_service_test.dart:145:34)[0m
[38;5;196m│ #1   _ReturnsNormally.typedMatches (package:matcher/src/core_matchers.dart:156:22)[0m
[38;5;196m│ #2   FeatureMatcher.matches (package:matcher/src/feature_matcher.dart:16:42)[0m
[38;5;196m│ #3   _expect (package:matcher/src/expect/expect.dart:176:30)[0m
[38;5;196m│ #4   expect (package:matcher/src/expect/expect.dart:65:3)[0m
[38;5;196m│ #5   expect (package:flutter_test/src/widget_tester.dart:473:18)[0m
[38;5;196m│ #6   main.<anonymous closure>.<anonymous closure> (file:///home/germanlion67/lager_app/app/test/services/app_log_service_test.dart:141:7)[0m
[38;5;196m│ #7   Declarer.test.<anonymous closure>.<anonymous closure> (package:test_api/src/backend/declarer.dart:253:25)[0m
[38;5;196m├┄┄┄┄┄┄┄┄┄┄┄┄┄┄┄┄┄┄┄┄┄┄┄┄┄┄┄┄┄┄┄┄┄┄┄┄┄┄┄┄┄┄┄┄┄┄┄┄┄┄┄┄┄┄┄┄┄┄┄┄┄┄┄┄┄┄┄┄┄┄┄┄┄┄┄┄┄┄┄[0m
[38;5;196m│ 10:24:40.724 (+0:00:00.133322)[0m
[38;5;196m├┄┄┄┄┄┄┄┄┄┄┄┄┄┄┄┄┄┄┄┄┄┄┄┄┄┄┄┄┄┄┄┄┄┄┄┄┄┄┄┄┄┄┄┄┄┄┄┄┄┄┄┄┄┄┄┄┄┄┄┄┄┄┄┄┄┄┄┄┄┄┄┄┄┄┄┄┄┄┄[0m
[38;5;196m│ ⛔ Echter Fehler:[0m
[38;5;196m└───────────────────────────────────────────────────────────────────────────────[0m
00:01 +50 ~1: /home/germanlion67/lager_app/app/test/services/app_log_service_test.dart: AppLogService Tests logger.t() (trace) sollte keine Exception werfen
00:01 +51 ~1: /home/germanlion67/lager_app/app/test/services/app_log_service_test.dart: AppLogService Tests logger.f() (fatal) sollte keine Exception werfen
[38;5;199m┌───────────────────────────────────────────────────────────────────────────────[0m
[38;5;199m│ #0   main.<anonymous closure>.<anonymous closure>.<anonymous closure> (file:///home/germanlion67/lager_app/app/test/services/app_log_service_test.dart:158:41)[0m
[38;5;199m├┄┄┄┄┄┄┄┄┄┄┄┄┄┄┄┄┄┄┄┄┄┄┄┄┄┄┄┄┄┄┄┄┄┄┄┄┄┄┄┄┄┄┄┄┄┄┄┄┄┄┄┄┄┄┄┄┄┄┄┄┄┄┄┄┄┄┄┄┄┄┄┄┄┄┄┄┄┄┄[0m
[38;5;199m│ 10:24:40.737 (+0:00:00.146019)[0m
[38;5;199m├┄┄┄┄┄┄┄┄┄┄┄┄┄┄┄┄┄┄┄┄┄┄┄┄┄┄┄┄┄┄┄┄┄┄┄┄┄┄┄┄┄┄┄┄┄┄┄┄┄┄┄┄┄┄┄┄┄┄┄┄┄┄┄┄┄┄┄┄┄┄┄┄┄┄┄┄┄┄┄[0m
[38;5;199m│ 👾 Fatal message[0m
[38;5;199m└───────────────────────────────────────────────────────────────────────────────[0m
00:01 +52 ~1: /home/germanlion67/lager_app/app/test/services/app_log_service_test.dart: AppLogService Tests (tearDownAll)
00:01 +52 ~1: /home/germanlion67/lager_app/app/test/services/pocketbase_sync_service_test.dart: Push: lokale Änderungen hochladen erstellt neuen Remote-Record wenn kein Match gefunden
00:01 +53 ~1: /home/germanlion67/lager_app/app/test/services/pocketbase_sync_service_test.dart: Push: lokale Änderungen hochladen aktualisiert bestehenden Remote-Record wenn Match gefunden
00:01 +54 ~1: /home/germanlion67/lager_app/app/test/services/pocketbase_sync_service_test.dart: Push: lokale Änderungen hochladen löscht Remote-Record wenn Artikel soft-deleted ist
00:01 +55 ~1: /home/germanlion67/lager_app/app/test/services/pocketbase_sync_service_test.dart: Push: lokale Änderungen hochladen markiert als deleted auch wenn Remote-Record nicht existiert
00:01 +56 ~1: /home/germanlion67/lager_app/app/test/services/pocketbase_sync_service_test.dart: Push: lokale Änderungen hochladen fängt Push-Fehler ab und fährt mit nächstem Artikel fort
00:01 +57 ~1: /home/germanlion67/lager_app/app/test/services/pocketbase_sync_service_test.dart: Push: lokale Änderungen hochladen setzt owner wenn authentifiziert
00:01 +58 ~1: /home/germanlion67/lager_app/app/test/services/pocketbase_sync_service_test.dart: Pull: Remote-Records herunterladen fügt neue Remote-Records lokal ein
00:01 +59 ~1: /home/germanlion67/lager_app/app/test/services/pocketbase_sync_service_test.dart: Pull: Remote-Records herunterladen soft-deleted lokale Artikel die remote nicht mehr existieren
00:01 +60 ~1: /home/germanlion67/lager_app/app/test/services/pocketbase_sync_service_test.dart: Pull: Remote-Records herunterladen überspringt lokale Löschung wenn remoteUuids leer
00:01 +61 ~1: /home/germanlion67/lager_app/app/test/services/pocketbase_sync_service_test.dart: syncOnce() setzt lastSyncTime nach erfolgreichem Sync
00:01 +62 ~1: /home/germanlion67/lager_app/app/test/services/pocketbase_sync_service_test.dart: syncOnce() fängt allgemeinen Fehler ab ohne zu werfen
00:01 +63 ~1: /home/germanlion67/lager_app/app/test/services/pocketbase_sync_service_test.dart: syncOnce() keine Pending Changes → nur Pull wird ausgeführt
00:01 +64 ~1: /home/germanlion67/lager_app/app/test/services/pocketbase_sync_service_test.dart: UUID-Sanitization (Finding 5) entfernt Anführungszeichen aus UUID im Filter
00:01 +65 ~1: /home/germanlion67/lager_app/app/test/services/pocketbase_sync_service_test.dart: downloadMissingImages() überspringt Artikel ohne remoteBildPfad
00:01 +66 ~1: /home/germanlion67/lager_app/app/test/services/pocketbase_sync_service_test.dart: downloadMissingImages() überspringt Artikel ohne remotePath (Record-ID)
00:01 +67 ~1: /home/germanlion67/lager_app/app/test/services/pocketbase_sync_service_test.dart: downloadMissingImages() überspringt wenn PocketBase-URL leer
00:01 +68 ~1: /home/germanlion67/lager_app/app/test/services/pocketbase_sync_service_test.dart: downloadMissingImages() überspringt wenn lokales Bild bereits existiert
00:02 +69 ~1: /home/germanlion67/lager_app/app/test/services/attachment_service_test.dart: getForArtikel() gibt leere Liste zurück wenn keine Anhänge vorhanden
00:02 +70 ~1: /home/germanlion67/lager_app/app/test/services/attachment_service_test.dart: getForArtikel() gibt Liste mit 3 AttachmentModels zurück
00:02 +71 ~1: /home/germanlion67/lager_app/app/test/services/attachment_service_test.dart: getForArtikel() setzt korrekten Filter mit artikelUuid
00:02 +72 ~1: /home/germanlion67/lager_app/app/test/services/attachment_service_test.dart: getForArtikel() setzt perPage auf kMaxAttachmentsPerArtikel
00:02 +73 ~1: /home/germanlion67/lager_app/app/test/services/attachment_service_test.dart: getForArtikel() gibt leere Liste zurück bei PocketBase-Fehler
[38;5;196m┌───────────────────────────────────────────────────────────────────────────────[0m
[38;5;196m│ ClientException: {url: null, isAbort: false, statusCode: 0, response: {}, originalError: Connection refused}[0m
[38;5;196m├┄┄┄┄┄┄┄┄┄┄┄┄┄┄┄┄┄┄┄┄┄┄┄┄┄┄┄┄┄┄┄┄┄┄┄┄┄┄┄┄┄┄┄┄┄┄┄┄┄┄┄┄┄┄┄┄┄┄┄┄┄┄┄┄┄┄┄┄┄┄┄┄┄┄┄┄┄┄┄[0m
[38;5;196m│ #0   main.<anonymous closure>.<anonymous closure>.<anonymous closure> (file:///home/germanlion67/lager_app/app/test/services/attachment_service_test.dart:317:9)[0m
[38;5;196m│ #1   FakeAttachmentRecordService.getList (file:///home/germanlion67/lager_app/app/test/services/attachment_service_test.dart:76:24)[0m
[38;5;196m│ #2   AttachmentService.getForArtikel (package:lager_app/services/attachment_service.dart:37:55)[0m
[38;5;196m│ #3   main.<anonymous closure>.<anonymous closure> (file:///home/germanlion67/lager_app/app/test/services/attachment_service_test.dart:320:36)[0m
[38;5;196m│ #4   Declarer.test.<anonymous closure>.<anonymous closure> (package:test_api/src/backend/declarer.dart:253:25)[0m
[38;5;196m│ #5   <asynchronous suspension>[0m
[38;5;196m│ #6   Declarer.test.<anonymous closure> (package:test_api/src/backend/declarer.dart:250:11)[0m
[38;5;196m│ #7   <asynchronous suspension>[0m
[38;5;196m├┄┄┄┄┄┄┄┄┄┄┄┄┄┄┄┄┄┄┄┄┄┄┄┄┄┄┄┄┄┄┄┄┄┄┄┄┄┄┄┄┄┄┄┄┄┄┄┄┄┄┄┄┄┄┄┄┄┄┄┄┄┄┄┄┄┄┄┄┄┄┄┄┄┄┄┄┄┄┄[0m
[38;5;196m│ 10:24:41.518 (+0:00:00.004080)[0m
[38;5;196m├┄┄┄┄┄┄┄┄┄┄┄┄┄┄┄┄┄┄┄┄┄┄┄┄┄┄┄┄┄┄┄┄┄┄┄┄┄┄┄┄┄┄┄┄┄┄┄┄┄┄┄┄┄┄┄┄┄┄┄┄┄┄┄┄┄┄┄┄┄┄┄┄┄┄┄┄┄┄┄[0m
[38;5;196m│ ⛔ AttachmentService.getForArtikel() fehlgeschlagen (artikelUuid: artikel-uuid-error)[0m
[38;5;196m└───────────────────────────────────────────────────────────────────────────────[0m
00:02 +74 ~1: /home/germanlion67/lager_app/app/test/services/attachment_service_test.dart: getForArtikel() behandelt Record ohne datei-Feld graceful
00:02 +75 ~1: /home/germanlion67/lager_app/app/test/services/attachment_service_test.dart: countForArtikel() gibt 0 zurück wenn keine Anhänge vorhanden
00:02 +76 ~1: /home/germanlion67/lager_app/app/test/services/attachment_service_test.dart: countForArtikel() gibt korrekte Anzahl zurück
00:02 +77 ~1: /home/germanlion67/lager_app/app/test/services/attachment_service_test.dart: countForArtikel() gibt 0 zurück bei PocketBase-Fehler
[38;5;196m┌───────────────────────────────────────────────────────────────────────────────[0m
[38;5;196m│ ClientException: {url: null, isAbort: false, statusCode: 0, response: {}, originalError: Timeout}[0m
[38;5;196m├┄┄┄┄┄┄┄┄┄┄┄┄┄┄┄┄┄┄┄┄┄┄┄┄┄┄┄┄┄┄┄┄┄┄┄┄┄┄┄┄┄┄┄┄┄┄┄┄┄┄┄┄┄┄┄┄┄┄┄┄┄┄┄┄┄┄┄┄┄┄┄┄┄┄┄┄┄┄┄[0m
[38;5;196m│ #0   main.<anonymous closure>.<anonymous closure>.<anonymous closure> (file:///home/germanlion67/lager_app/app/test/services/attachment_service_test.dart:374:9)[0m
[38;5;196m│ #1   FakeAttachmentRecordService.getList (file:///home/germanlion67/lager_app/app/test/services/attachment_service_test.dart:76:24)[0m
[38;5;196m│ #2   AttachmentService.countForArtikel (package:lager_app/services/attachment_service.dart:73:55)[0m
[38;5;196m│ #3   main.<anonymous closure>.<anonymous closure> (file:///home/germanlion67/lager_app/app/test/services/attachment_service_test.dart:377:35)[0m
[38;5;196m│ #4   Declarer.test.<anonymous closure>.<anonymous closure> (package:test_api/src/backend/declarer.dart:253:25)[0m
[38;5;196m│ #5   <asynchronous suspension>[0m
[38;5;196m│ #6   Declarer.test.<anonymous closure> (package:test_api/src/backend/declarer.dart:250:11)[0m
[38;5;196m│ #7   <asynchronous suspension>[0m
[38;5;196m├┄┄┄┄┄┄┄┄┄┄┄┄┄┄┄┄┄┄┄┄┄┄┄┄┄┄┄┄┄┄┄┄┄┄┄┄┄┄┄┄┄┄┄┄┄┄┄┄┄┄┄┄┄┄┄┄┄┄┄┄┄┄┄┄┄┄┄┄┄┄┄┄┄┄┄┄┄┄┄[0m
[38;5;196m│ 10:24:41.564 (+0:00:00.050451)[0m
[38;5;196m├┄┄┄┄┄┄┄┄┄┄┄┄┄┄┄┄┄┄┄┄┄┄┄┄┄┄┄┄┄┄┄┄┄┄┄┄┄┄┄┄┄┄┄┄┄┄┄┄┄┄┄┄┄┄┄┄┄┄┄┄┄┄┄┄┄┄┄┄┄┄┄┄┄┄┄┄┄┄┄[0m
[38;5;196m│ ⛔ AttachmentService.countForArtikel() fehlgeschlagen[0m
[38;5;196m└───────────────────────────────────────────────────────────────────────────────[0m
00:02 +78 ~1: /home/germanlion67/lager_app/app/test/services/attachment_service_test.dart: countForArtikel() verwendet perPage=1 und page=1 für effizienten COUNT
00:02 +79 ~1: /home/germanlion67/lager_app/app/test/services/attachment_service_test.dart: upload() erstellt Anhang bei gültiger Datei
[38;5;12m┌───────────────────────────────────────────────────────────────────────────────[0m
[38;5;12m│ #0   AttachmentService.upload (package:lager_app/services/attachment_service.dart:151:15)[0m
[38;5;12m├┄┄┄┄┄┄┄┄┄┄┄┄┄┄┄┄┄┄┄┄┄┄┄┄┄┄┄┄┄┄┄┄┄┄┄┄┄┄┄┄┄┄┄┄┄┄┄┄┄┄┄┄┄┄┄┄┄┄┄┄┄┄┄┄┄┄┄┄┄┄┄┄┄┄┄┄┄┄┄[0m
[38;5;12m│ 10:24:41.592 (+0:00:00.078966)[0m
[38;5;12m├┄┄┄┄┄┄┄┄┄┄┄┄┄┄┄┄┄┄┄┄┄┄┄┄┄┄┄┄┄┄┄┄┄┄┄┄┄┄┄┄┄┄┄┄┄┄┄┄┄┄┄┄┄┄┄┄┄┄┄┄┄┄┄┄┄┄┄┄┄┄┄┄┄┄┄┄┄┄┄[0m
[38;5;12m│ 💡 AttachmentService.upload(): Anhang hochgeladen — Rechnung Q1 (rechnung.pdf, 5000 bytes)[0m
[38;5;12m└───────────────────────────────────────────────────────────────────────────────[0m
00:02 +80 ~1: /home/germanlion67/lager_app/app/test/services/attachment_service_test.dart: upload() sendet korrekte Body-Felder an PocketBase
[38;5;12m┌───────────────────────────────────────────────────────────────────────────────[0m
[38;5;12m│ #0   AttachmentService.upload (package:lager_app/services/attachment_service.dart:151:15)[0m
[38;5;12m├┄┄┄┄┄┄┄┄┄┄┄┄┄┄┄┄┄┄┄┄┄┄┄┄┄┄┄┄┄┄┄┄┄┄┄┄┄┄┄┄┄┄┄┄┄┄┄┄┄┄┄┄┄┄┄┄┄┄┄┄┄┄┄┄┄┄┄┄┄┄┄┄┄┄┄┄┄┄┄[0m
[38;5;12m│ 10:24:41.606 (+0:00:00.092052)[0m
[38;5;12m├┄┄┄┄┄┄┄┄┄┄┄┄┄┄┄┄┄┄┄┄┄┄┄┄┄┄┄┄┄┄┄┄┄┄┄┄┄┄┄┄┄┄┄┄┄┄┄┄┄┄┄┄┄┄┄┄┄┄┄┄┄┄┄┄┄┄┄┄┄┄┄┄┄┄┄┄┄┄┄[0m
[38;5;12m│ 💡 AttachmentService.upload(): Anhang hochgeladen —   Bezeichnung mit Spaces   (test.pdf, 5 bytes)[0m
[38;5;12m└───────────────────────────────────────────────────────────────────────────────[0m
00:02 +81 ~1: /home/germanlion67/lager_app/app/test/services/attachment_service_test.dart: upload() gibt null zurück wenn Limit erreicht (kMaxAttachmentsPerArtikel)
[38;5;208m┌───────────────────────────────────────────────────────────────────────────────[0m
[38;5;208m│ #0   AttachmentService.upload (package:lager_app/services/attachment_service.dart:117:17)[0m
[38;5;208m├┄┄┄┄┄┄┄┄┄┄┄┄┄┄┄┄┄┄┄┄┄┄┄┄┄┄┄┄┄┄┄┄┄┄┄┄┄┄┄┄┄┄┄┄┄┄┄┄┄┄┄┄┄┄┄┄┄┄┄┄┄┄┄┄┄┄┄┄┄┄┄┄┄┄┄┄┄┄┄[0m
[38;5;208m│ 10:24:41.613 (+0:00:00.099410)[0m
[38;5;208m├┄┄┄┄┄┄┄┄┄┄┄┄┄┄┄┄┄┄┄┄┄┄┄┄┄┄┄┄┄┄┄┄┄┄┄┄┄┄┄┄┄┄┄┄┄┄┄┄┄┄┄┄┄┄┄┄┄┄┄┄┄┄┄┄┄┄┄┄┄┄┄┄┄┄┄┄┄┄┄[0m
[38;5;208m│ ⚠️ AttachmentService.upload(): Limit erreicht (20 Anhaenge) fuer Artikel uuid-limit-reached[0m
[38;5;208m└───────────────────────────────────────────────────────────────────────────────[0m
00:02 +82 ~1: /home/germanlion67/lager_app/app/test/services/attachment_service_test.dart: upload() gibt null zurück wenn Limit überschritten
[38;5;208m┌───────────────────────────────────────────────────────────────────────────────[0m
[38;5;208m│ #0   AttachmentService.upload (package:lager_app/services/attachment_service.dart:117:17)[0m
[38;5;208m├┄┄┄┄┄┄┄┄┄┄┄┄┄┄┄┄┄┄┄┄┄┄┄┄┄┄┄┄┄┄┄┄┄┄┄┄┄┄┄┄┄┄┄┄┄┄┄┄┄┄┄┄┄┄┄┄┄┄┄┄┄┄┄┄┄┄┄┄┄┄┄┄┄┄┄┄┄┄┄[0m
[38;5;208m│ 10:24:41.621 (+0:00:00.107552)[0m
[38;5;208m├┄┄┄┄┄┄┄┄┄┄┄┄┄┄┄┄┄┄┄┄┄┄┄┄┄┄┄┄┄┄┄┄┄┄┄┄┄┄┄┄┄┄┄┄┄┄┄┄┄┄┄┄┄┄┄┄┄┄┄┄┄┄┄┄┄┄┄┄┄┄┄┄┄┄┄┄┄┄┄[0m
[38;5;208m│ ⚠️ AttachmentService.upload(): Limit erreicht (20 Anhaenge) fuer Artikel uuid-over-limit[0m
[38;5;208m└───────────────────────────────────────────────────────────────────────────────[0m
00:02 +83 ~1: /home/germanlion67/lager_app/app/test/services/attachment_service_test.dart: upload() gibt null zurück bei PocketBase-Fehler während create
[38;5;196m┌───────────────────────────────────────────────────────────────────────────────[0m
[38;5;196m│ ClientException: {url: null, isAbort: false, statusCode: 500, response: {}, originalError: Server Error}[0m
[38;5;196m├┄┄┄┄┄┄┄┄┄┄┄┄┄┄┄┄┄┄┄┄┄┄┄┄┄┄┄┄┄┄┄┄┄┄┄┄┄┄┄┄┄┄┄┄┄┄┄┄┄┄┄┄┄┄┄┄┄┄┄┄┄┄┄┄┄┄┄┄┄┄┄┄┄┄┄┄┄┄┄[0m
[38;5;196m│ #0   main.<anonymous closure>.<anonymous closure>.<anonymous closure> (file:///home/germanlion67/lager_app/app/test/services/attachment_service_test.dart:500:9)[0m
[38;5;196m│ #1   FakeAttachmentRecordService.create (file:///home/germanlion67/lager_app/app/test/services/attachment_service_test.dart:103:43)[0m
[38;5;196m│ #2   AttachmentService.upload (package:lager_app/services/attachment_service.dart:141:55)[0m
[38;5;196m│ #3   <asynchronous suspension>[0m
[38;5;196m│ #4   main.<anonymous closure>.<anonymous closure> (file:///home/germanlion67/lager_app/app/test/services/attachment_service_test.dart:503:22)[0m
[38;5;196m│ #5   <asynchronous suspension>[0m
[38;5;196m│ #6   Declarer.test.<anonymous closure>.<anonymous closure> (package:test_api/src/backend/declarer.dart:253:15)[0m
[38;5;196m│ #7   <asynchronous suspension>[0m
[38;5;196m├┄┄┄┄┄┄┄┄┄┄┄┄┄┄┄┄┄┄┄┄┄┄┄┄┄┄┄┄┄┄┄┄┄┄┄┄┄┄┄┄┄┄┄┄┄┄┄┄┄┄┄┄┄┄┄┄┄┄┄┄┄┄┄┄┄┄┄┄┄┄┄┄┄┄┄┄┄┄┄[0m
[38;5;196m│ 10:24:41.629 (+0:00:00.115174)[0m
[38;5;196m├┄┄┄┄┄┄┄┄┄┄┄┄┄┄┄┄┄┄┄┄┄┄┄┄┄┄┄┄┄┄┄┄┄┄┄┄┄┄┄┄┄┄┄┄┄┄┄┄┄┄┄┄┄┄┄┄┄┄┄┄┄┄┄┄┄┄┄┄┄┄┄┄┄┄┄┄┄┄┄[0m
[38;5;196m│ ⛔ AttachmentService.upload() fehlgeschlagen (artikelUuid: uuid-create-error, datei: error.pdf)[0m
[38;5;196m└───────────────────────────────────────────────────────────────────────────────[0m
00:02 +84 ~1: /home/germanlion67/lager_app/app/test/services/attachment_service_test.dart: upload() crasht nicht bei PocketBase-Fehler während countForArtikel
[38;5;196m┌───────────────────────────────────────────────────────────────────────────────[0m
[38;5;196m│ ClientException: {url: null, isAbort: false, statusCode: 0, response: {}, originalError: Network Error}[0m
[38;5;196m├┄┄┄┄┄┄┄┄┄┄┄┄┄┄┄┄┄┄┄┄┄┄┄┄┄┄┄┄┄┄┄┄┄┄┄┄┄┄┄┄┄┄┄┄┄┄┄┄┄┄┄┄┄┄┄┄┄┄┄┄┄┄┄┄┄┄┄┄┄┄┄┄┄┄┄┄┄┄┄[0m
[38;5;196m│ #0   main.<anonymous closure>.<anonymous closure>.<anonymous closure> (file:///home/germanlion67/lager_app/app/test/services/attachment_service_test.dart:516:9)[0m
[38;5;196m│ #1   FakeAttachmentRecordService.getList (file:///home/germanlion67/lager_app/app/test/services/attachment_service_test.dart:76:24)[0m
[38;5;196m│ #2   AttachmentService.countForArtikel (package:lager_app/services/attachment_service.dart:73:55)[0m
[38;5;196m│ #3   AttachmentService.upload (package:lager_app/services/attachment_service.dart:115:27)[0m
[38;5;196m│ #4   main.<anonymous closure>.<anonymous closure> (file:///home/germanlion67/lager_app/app/test/services/attachment_service_test.dart:522:21)[0m
[38;5;196m│ #5   Declarer.test.<anonymous closure>.<anonymous closure> (package:test_api/src/backend/declarer.dart:253:25)[0m
[38;5;196m│ #6   <asynchronous suspension>[0m
[38;5;196m│ #7   Declarer.test.<anonymous closure> (package:test_api/src/backend/declarer.dart:250:11)[0m
[38;5;196m├┄┄┄┄┄┄┄┄┄┄┄┄┄┄┄┄┄┄┄┄┄┄┄┄┄┄┄┄┄┄┄┄┄┄┄┄┄┄┄┄┄┄┄┄┄┄┄┄┄┄┄┄┄┄┄┄┄┄┄┄┄┄┄┄┄┄┄┄┄┄┄┄┄┄┄┄┄┄┄[0m
[38;5;196m│ 10:24:41.644 (+0:00:00.130754)[0m
[38;5;196m├┄┄┄┄┄┄┄┄┄┄┄┄┄┄┄┄┄┄┄┄┄┄┄┄┄┄┄┄┄┄┄┄┄┄┄┄┄┄┄┄┄┄┄┄┄┄┄┄┄┄┄┄┄┄┄┄┄┄┄┄┄┄┄┄┄┄┄┄┄┄┄┄┄┄┄┄┄┄┄[0m
[38;5;196m│ ⛔ AttachmentService.countForArtikel() fehlgeschlagen[0m
[38;5;196m└───────────────────────────────────────────────────────────────────────────────[0m
[38;5;12m┌───────────────────────────────────────────────────────────────────────────────[0m
[38;5;12m│ #0   AttachmentService.upload (package:lager_app/services/attachment_service.dart:151:15)[0m
[38;5;12m├┄┄┄┄┄┄┄┄┄┄┄┄┄┄┄┄┄┄┄┄┄┄┄┄┄┄┄┄┄┄┄┄┄┄┄┄┄┄┄┄┄┄┄┄┄┄┄┄┄┄┄┄┄┄┄┄┄┄┄┄┄┄┄┄┄┄┄┄┄┄┄┄┄┄┄┄┄┄┄[0m
[38;5;12m│ 10:24:41.649 (+0:00:00.135913)[0m
[38;5;12m├┄┄┄┄┄┄┄┄┄┄┄┄┄┄┄┄┄┄┄┄┄┄┄┄┄┄┄┄┄┄┄┄┄┄┄┄┄┄┄┄┄┄┄┄┄┄┄┄┄┄┄┄┄┄┄┄┄┄┄┄┄┄┄┄┄┄┄┄┄┄┄┄┄┄┄┄┄┄┄[0m
[38;5;12m│ 💡 AttachmentService.upload(): Anhang hochgeladen — Count Fehler (error.pdf, 3 bytes)[0m
[38;5;12m└───────────────────────────────────────────────────────────────────────────────[0m
00:02 +85 ~1: /home/germanlion67/lager_app/app/test/services/attachment_service_test.dart: upload() lässt beschreibung weg wenn null
[38;5;12m┌───────────────────────────────────────────────────────────────────────────────[0m
[38;5;12m│ #0   AttachmentService.upload (package:lager_app/services/attachment_service.dart:151:15)[0m
[38;5;12m├┄┄┄┄┄┄┄┄┄┄┄┄┄┄┄┄┄┄┄┄┄┄┄┄┄┄┄┄┄┄┄┄┄┄┄┄┄┄┄┄┄┄┄┄┄┄┄┄┄┄┄┄┄┄┄┄┄┄┄┄┄┄┄┄┄┄┄┄┄┄┄┄┄┄┄┄┄┄┄[0m
[38;5;12m│ 10:24:41.660 (+0:00:00.146397)[0m
[38;5;12m├┄┄┄┄┄┄┄┄┄┄┄┄┄┄┄┄┄┄┄┄┄┄┄┄┄┄┄┄┄┄┄┄┄┄┄┄┄┄┄┄┄┄┄┄┄┄┄┄┄┄┄┄┄┄┄┄┄┄┄┄┄┄┄┄┄┄┄┄┄┄┄┄┄┄┄┄┄┄┄[0m
[38;5;12m│ 💡 AttachmentService.upload(): Anhang hochgeladen — Ohne Beschreibung (test.pdf, 3 bytes)[0m
[38;5;12m└───────────────────────────────────────────────────────────────────────────────[0m
00:02 +86 ~1: /home/germanlion67/lager_app/app/test/services/attachment_service_test.dart: upload() lässt beschreibung weg wenn nur Whitespace
[38;5;12m┌───────────────────────────────────────────────────────────────────────────────[0m
[38;5;12m│ #0   AttachmentService.upload (package:lager_app/services/attachment_service.dart:151:15)[0m
[38;5;12m├┄┄┄┄┄┄┄┄┄┄┄┄┄┄┄┄┄┄┄┄┄┄┄┄┄┄┄┄┄┄┄┄┄┄┄┄┄┄┄┄┄┄┄┄┄┄┄┄┄┄┄┄┄┄┄┄┄┄┄┄┄┄┄┄┄┄┄┄┄┄┄┄┄┄┄┄┄┄┄[0m
[38;5;12m│ 10:24:41.670 (+0:00:00.156155)[0m
[38;5;12m├┄┄┄┄┄┄┄┄┄┄┄┄┄┄┄┄┄┄┄┄┄┄┄┄┄┄┄┄┄┄┄┄┄┄┄┄┄┄┄┄┄┄┄┄┄┄┄┄┄┄┄┄┄┄┄┄┄┄┄┄┄┄┄┄┄┄┄┄┄┄┄┄┄┄┄┄┄┄┄[0m
[38;5;12m│ 💡 AttachmentService.upload(): Anhang hochgeladen — Whitespace Desc (test.pdf, 3 bytes)[0m
[38;5;12m└───────────────────────────────────────────────────────────────────────────────[0m
00:02 +87 ~1: /home/germanlion67/lager_app/app/test/services/attachment_service_test.dart: upload() lässt mimeType weg wenn null
[38;5;12m┌───────────────────────────────────────────────────────────────────────────────[0m
[38;5;12m│ #0   AttachmentService.upload (package:lager_app/services/attachment_service.dart:151:15)[0m
[38;5;12m├┄┄┄┄┄┄┄┄┄┄┄┄┄┄┄┄┄┄┄┄┄┄┄┄┄┄┄┄┄┄┄┄┄┄┄┄┄┄┄┄┄┄┄┄┄┄┄┄┄┄┄┄┄┄┄┄┄┄┄┄┄┄┄┄┄┄┄┄┄┄┄┄┄┄┄┄┄┄┄[0m
[38;5;12m│ 10:24:41.679 (+0:00:00.165210)[0m
[38;5;12m├┄┄┄┄┄┄┄┄┄┄┄┄┄┄┄┄┄┄┄┄┄┄┄┄┄┄┄┄┄┄┄┄┄┄┄┄┄┄┄┄┄┄┄┄┄┄┄┄┄┄┄┄┄┄┄┄┄┄┄┄┄┄┄┄┄┄┄┄┄┄┄┄┄┄┄┄┄┄┄[0m
[38;5;12m│ 💡 AttachmentService.upload(): Anhang hochgeladen — Ohne MIME (unknown.bin, 3 bytes)[0m
[38;5;12m└───────────────────────────────────────────────────────────────────────────────[0m
00:02 +88 ~1: /home/germanlion67/lager_app/app/test/services/attachment_service_test.dart: upload() MultipartFile hat korrekten Feldnamen und Dateinamen
[38;5;12m┌───────────────────────────────────────────────────────────────────────────────[0m
[38;5;12m│ #0   AttachmentService.upload (package:lager_app/services/attachment_service.dart:151:15)[0m
[38;5;12m├┄┄┄┄┄┄┄┄┄┄┄┄┄┄┄┄┄┄┄┄┄┄┄┄┄┄┄┄┄┄┄┄┄┄┄┄┄┄┄┄┄┄┄┄┄┄┄┄┄┄┄┄┄┄┄┄┄┄┄┄┄┄┄┄┄┄┄┄┄┄┄┄┄┄┄┄┄┄┄[0m
[38;5;12m│ 10:24:41.692 (+0:00:00.178537)[0m
[38;5;12m├┄┄┄┄┄┄┄┄┄┄┄┄┄┄┄┄┄┄┄┄┄┄┄┄┄┄┄┄┄┄┄┄┄┄┄┄┄┄┄┄┄┄┄┄┄┄┄┄┄┄┄┄┄┄┄┄┄┄┄┄┄┄┄┄┄┄┄┄┄┄┄┄┄┄┄┄┄┄┄[0m
[38;5;12m│ 💡 AttachmentService.upload(): Anhang hochgeladen — Dokument (mein_dokument.pdf, 4 bytes)[0m
[38;5;12m└───────────────────────────────────────────────────────────────────────────────[0m
00:02 +89 ~1: /home/germanlion67/lager_app/app/test/services/attachment_service_test.dart: updateMetadata() gibt true zurück bei erfolgreichem Update
[38;5;12m┌───────────────────────────────────────────────────────────────────────────────[0m
[38;5;12m│ #0   AttachmentService.updateMetadata (package:lager_app/services/attachment_service.dart:197:15)[0m
[38;5;12m├┄┄┄┄┄┄┄┄┄┄┄┄┄┄┄┄┄┄┄┄┄┄┄┄┄┄┄┄┄┄┄┄┄┄┄┄┄┄┄┄┄┄┄┄┄┄┄┄┄┄┄┄┄┄┄┄┄┄┄┄┄┄┄┄┄┄┄┄┄┄┄┄┄┄┄┄┄┄┄[0m
[38;5;12m│ 10:24:41.701 (+0:00:00.187805)[0m
[38;5;12m├┄┄┄┄┄┄┄┄┄┄┄┄┄┄┄┄┄┄┄┄┄┄┄┄┄┄┄┄┄┄┄┄┄┄┄┄┄┄┄┄┄┄┄┄┄┄┄┄┄┄┄┄┄┄┄┄┄┄┄┄┄┄┄┄┄┄┄┄┄┄┄┄┄┄┄┄┄┄┄[0m
[38;5;12m│ 💡 AttachmentService.updateMetadata(): Anhang att-update-001 aktualisiert[0m
[38;5;12m└───────────────────────────────────────────────────────────────────────────────[0m
00:02 +90 ~1: /home/germanlion67/lager_app/app/test/services/attachment_service_test.dart: updateMetadata() sendet getrimmte Werte
[38;5;12m┌───────────────────────────────────────────────────────────────────────────────[0m
[38;5;12m│ #0   AttachmentService.updateMetadata (package:lager_app/services/attachment_service.dart:197:15)[0m
[38;5;12m├┄┄┄┄┄┄┄┄┄┄┄┄┄┄┄┄┄┄┄┄┄┄┄┄┄┄┄┄┄┄┄┄┄┄┄┄┄┄┄┄┄┄┄┄┄┄┄┄┄┄┄┄┄┄┄┄┄┄┄┄┄┄┄┄┄┄┄┄┄┄┄┄┄┄┄┄┄┄┄[0m
[38;5;12m│ 10:24:41.712 (+0:00:00.198541)[0m
[38;5;12m├┄┄┄┄┄┄┄┄┄┄┄┄┄┄┄┄┄┄┄┄┄┄┄┄┄┄┄┄┄┄┄┄┄┄┄┄┄┄┄┄┄┄┄┄┄┄┄┄┄┄┄┄┄┄┄┄┄┄┄┄┄┄┄┄┄┄┄┄┄┄┄┄┄┄┄┄┄┄┄[0m
[38;5;12m│ 💡 AttachmentService.updateMetadata(): Anhang att-trim aktualisiert[0m
[38;5;12m└───────────────────────────────────────────────────────────────────────────────[0m
00:02 +91 ~1: /home/germanlion67/lager_app/app/test/services/attachment_service_test.dart: updateMetadata() sendet leeren String wenn beschreibung null
[38;5;12m┌───────────────────────────────────────────────────────────────────────────────[0m
[38;5;12m│ #0   AttachmentService.updateMetadata (package:lager_app/services/attachment_service.dart:197:15)[0m
[38;5;12m├┄┄┄┄┄┄┄┄┄┄┄┄┄┄┄┄┄┄┄┄┄┄┄┄┄┄┄┄┄┄┄┄┄┄┄┄┄┄┄┄┄┄┄┄┄┄┄┄┄┄┄┄┄┄┄┄┄┄┄┄┄┄┄┄┄┄┄┄┄┄┄┄┄┄┄┄┄┄┄[0m
[38;5;12m│ 10:24:41.720 (+0:00:00.206512)[0m
[38;5;12m├┄┄┄┄┄┄┄┄┄┄┄┄┄┄┄┄┄┄┄┄┄┄┄┄┄┄┄┄┄┄┄┄┄┄┄┄┄┄┄┄┄┄┄┄┄┄┄┄┄┄┄┄┄┄┄┄┄┄┄┄┄┄┄┄┄┄┄┄┄┄┄┄┄┄┄┄┄┄┄[0m
[38;5;12m│ 💡 AttachmentService.updateMetadata(): Anhang att-null-desc aktualisiert[0m
[38;5;12m└───────────────────────────────────────────────────────────────────────────────[0m
00:02 +92 ~1: /home/germanlion67/lager_app/app/test/services/attachment_service_test.dart: updateMetadata() gibt false zurück bei PocketBase-Fehler
[38;5;196m┌───────────────────────────────────────────────────────────────────────────────[0m
[38;5;196m│ ClientException: {url: null, isAbort: false, statusCode: 404, response: {}, originalError: Not Found}[0m
[38;5;196m├┄┄┄┄┄┄┄┄┄┄┄┄┄┄┄┄┄┄┄┄┄┄┄┄┄┄┄┄┄┄┄┄┄┄┄┄┄┄┄┄┄┄┄┄┄┄┄┄┄┄┄┄┄┄┄┄┄┄┄┄┄┄┄┄┄┄┄┄┄┄┄┄┄┄┄┄┄┄┄[0m
[38;5;196m│ #0   main.<anonymous closure>.<anonymous closure>.<anonymous closure> (file:///home/germanlion67/lager_app/app/test/services/attachment_service_test.dart:672:9)[0m
[38;5;196m│ #1   FakeAttachmentRecordService.update (file:///home/germanlion67/lager_app/app/test/services/attachment_service_test.dart:118:43)[0m
[38;5;196m│ #2   AttachmentService.updateMetadata (package:lager_app/services/attachment_service.dart:189:40)[0m
[38;5;196m│ #3   main.<anonymous closure>.<anonymous closure> (file:///home/germanlion67/lager_app/app/test/services/attachment_service_test.dart:675:36)[0m
[38;5;196m│ #4   Declarer.test.<anonymous closure>.<anonymous closure> (package:test_api/src/backend/declarer.dart:253:25)[0m
[38;5;196m│ #5   <asynchronous suspension>[0m
[38;5;196m│ #6   Declarer.test.<anonymous closure> (package:test_api/src/backend/declarer.dart:250:11)[0m
[38;5;196m│ #7   <asynchronous suspension>[0m
[38;5;196m├┄┄┄┄┄┄┄┄┄┄┄┄┄┄┄┄┄┄┄┄┄┄┄┄┄┄┄┄┄┄┄┄┄┄┄┄┄┄┄┄┄┄┄┄┄┄┄┄┄┄┄┄┄┄┄┄┄┄┄┄┄┄┄┄┄┄┄┄┄┄┄┄┄┄┄┄┄┄┄[0m
[38;5;196m│ 10:24:41.732 (+0:00:00.218542)[0m
[38;5;196m├┄┄┄┄┄┄┄┄┄┄┄┄┄┄┄┄┄┄┄┄┄┄┄┄┄┄┄┄┄┄┄┄┄┄┄┄┄┄┄┄┄┄┄┄┄┄┄┄┄┄┄┄┄┄┄┄┄┄┄┄┄┄┄┄┄┄┄┄┄┄┄┄┄┄┄┄┄┄┄[0m
[38;5;196m│ ⛔ AttachmentService.updateMetadata() fehlgeschlagen (id: att-not-found)[0m
[38;5;196m└───────────────────────────────────────────────────────────────────────────────[0m
00:02 +93 ~1: /home/germanlion67/lager_app/app/test/services/attachment_service_test.dart: delete() gibt true zurück bei erfolgreichem Delete
[38;5;12m┌───────────────────────────────────────────────────────────────────────────────[0m
[38;5;12m│ #0   AttachmentService.delete (package:lager_app/services/attachment_service.dart:226:15)[0m
[38;5;12m├┄┄┄┄┄┄┄┄┄┄┄┄┄┄┄┄┄┄┄┄┄┄┄┄┄┄┄┄┄┄┄┄┄┄┄┄┄┄┄┄┄┄┄┄┄┄┄┄┄┄┄┄┄┄┄┄┄┄┄┄┄┄┄┄┄┄┄┄┄┄┄┄┄┄┄┄┄┄┄[0m
[38;5;12m│ 10:24:41.750 (+0:00:00.236401)[0m
[38;5;12m├┄┄┄┄┄┄┄┄┄┄┄┄┄┄┄┄┄┄┄┄┄┄┄┄┄┄┄┄┄┄┄┄┄┄┄┄┄┄┄┄┄┄┄┄┄┄┄┄┄┄┄┄┄┄┄┄┄┄┄┄┄┄┄┄┄┄┄┄┄┄┄┄┄┄┄┄┄┄┄[0m
[38;5;12m│ 💡 AttachmentService.delete(): Anhang att-delete-001 geloescht[0m
[38;5;12m└───────────────────────────────────────────────────────────────────────────────[0m
00:02 +94 ~1: /home/germanlion67/lager_app/app/test/services/attachment_service_test.dart: delete() ruft PocketBase delete() mit korrekter ID auf
[38;5;12m┌───────────────────────────────────────────────────────────────────────────────[0m
[38;5;12m│ #0   AttachmentService.delete (package:lager_app/services/attachment_service.dart:226:15)[0m
[38;5;12m├┄┄┄┄┄┄┄┄┄┄┄┄┄┄┄┄┄┄┄┄┄┄┄┄┄┄┄┄┄┄┄┄┄┄┄┄┄┄┄┄┄┄┄┄┄┄┄┄┄┄┄┄┄┄┄┄┄┄┄┄┄┄┄┄┄┄┄┄┄┄┄┄┄┄┄┄┄┄┄[0m
[38;5;12m│ 10:24:41.758 (+0:00:00.244993)[0m
[38;5;12m├┄┄┄┄┄┄┄┄┄┄┄┄┄┄┄┄┄┄┄┄┄┄┄┄┄┄┄┄┄┄┄┄┄┄┄┄┄┄┄┄┄┄┄┄┄┄┄┄┄┄┄┄┄┄┄┄┄┄┄┄┄┄┄┄┄┄┄┄┄┄┄┄┄┄┄┄┄┄┄[0m
[38;5;12m│ 💡 AttachmentService.delete(): Anhang att-specific-id geloescht[0m
[38;5;12m└───────────────────────────────────────────────────────────────────────────────[0m
00:02 +95 ~1: /home/germanlion67/lager_app/app/test/services/attachment_service_test.dart: delete() gibt false zurück bei PocketBase-Fehler
[38;5;196m┌───────────────────────────────────────────────────────────────────────────────[0m
[38;5;196m│ ClientException: {url: null, isAbort: false, statusCode: 404, response: {}, originalError: Record not found}[0m
[38;5;196m├┄┄┄┄┄┄┄┄┄┄┄┄┄┄┄┄┄┄┄┄┄┄┄┄┄┄┄┄┄┄┄┄┄┄┄┄┄┄┄┄┄┄┄┄┄┄┄┄┄┄┄┄┄┄┄┄┄┄┄┄┄┄┄┄┄┄┄┄┄┄┄┄┄┄┄┄┄┄┄[0m
[38;5;196m│ #0   main.<anonymous closure>.<anonymous closure>.<anonymous closure> (file:///home/germanlion67/lager_app/app/test/services/attachment_service_test.dart:705:9)[0m
[38;5;196m│ #1   FakeAttachmentRecordService.delete (file:///home/germanlion67/lager_app/app/test/services/attachment_service_test.dart:130:43)[0m
[38;5;196m│ #2   AttachmentService.delete (package:lager_app/services/attachment_service.dart:224:40)[0m
[38;5;196m│ #3   main.<anonymous closure>.<anonymous closure> (file:///home/germanlion67/lager_app/app/test/services/attachment_service_test.dart:708:36)[0m
[38;5;196m│ #4   Declarer.test.<anonymous closure>.<anonymous closure> (package:test_api/src/backend/declarer.dart:253:25)[0m
[38;5;196m│ #5   <asynchronous suspension>[0m
[38;5;196m│ #6   Declarer.test.<anonymous closure> (package:test_api/src/backend/declarer.dart:250:11)[0m
[38;5;196m│ #7   <asynchronous suspension>[0m
[38;5;196m├┄┄┄┄┄┄┄┄┄┄┄┄┄┄┄┄┄┄┄┄┄┄┄┄┄┄┄┄┄┄┄┄┄┄┄┄┄┄┄┄┄┄┄┄┄┄┄┄┄┄┄┄┄┄┄┄┄┄┄┄┄┄┄┄┄┄┄┄┄┄┄┄┄┄┄┄┄┄┄[0m
[38;5;196m│ 10:24:41.795 (+0:00:00.282022)[0m
[38;5;196m├┄┄┄┄┄┄┄┄┄┄┄┄┄┄┄┄┄┄┄┄┄┄┄┄┄┄┄┄┄┄┄┄┄┄┄┄┄┄┄┄┄┄┄┄┄┄┄┄┄┄┄┄┄┄┄┄┄┄┄┄┄┄┄┄┄┄┄┄┄┄┄┄┄┄┄┄┄┄┄[0m
[38;5;196m│ ⛔ AttachmentService.delete() fehlgeschlagen (id: att-not-existing)[0m
[38;5;196m└───────────────────────────────────────────────────────────────────────────────[0m
00:02 +96 ~1: /home/germanlion67/lager_app/app/test/services/attachment_service_test.dart: delete() gibt false zurück bei Netzwerkfehler
[38;5;196m┌───────────────────────────────────────────────────────────────────────────────[0m
[38;5;196m│ ClientException: {url: null, isAbort: false, statusCode: 0, response: {}, originalError: Connection refused}[0m
[38;5;196m├┄┄┄┄┄┄┄┄┄┄┄┄┄┄┄┄┄┄┄┄┄┄┄┄┄┄┄┄┄┄┄┄┄┄┄┄┄┄┄┄┄┄┄┄┄┄┄┄┄┄┄┄┄┄┄┄┄┄┄┄┄┄┄┄┄┄┄┄┄┄┄┄┄┄┄┄┄┄┄[0m
[38;5;196m│ #0   main.<anonymous closure>.<anonymous closure>.<anonymous closure> (file:///home/germanlion67/lager_app/app/test/services/attachment_service_test.dart:715:9)[0m
[38;5;196m│ #1   FakeAttachmentRecordService.delete (file:///home/germanlion67/lager_app/app/test/services/attachment_service_test.dart:130:43)[0m
[38;5;196m│ #2   AttachmentService.delete (package:lager_app/services/attachment_service.dart:224:40)[0m
[38;5;196m│ #3   main.<anonymous closure>.<anonymous closure> (file:///home/germanlion67/lager_app/app/test/services/attachment_service_test.dart:718:36)[0m
[38;5;196m│ #4   Declarer.test.<anonymous closure>.<anonymous closure> (package:test_api/src/backend/declarer.dart:253:25)[0m
[38;5;196m│ #5   <asynchronous suspension>[0m
[38;5;196m│ #6   Declarer.test.<anonymous closure> (package:test_api/src/backend/declarer.dart:250:11)[0m
[38;5;196m│ #7   <asynchronous suspension>[0m
[38;5;196m├┄┄┄┄┄┄┄┄┄┄┄┄┄┄┄┄┄┄┄┄┄┄┄┄┄┄┄┄┄┄┄┄┄┄┄┄┄┄┄┄┄┄┄┄┄┄┄┄┄┄┄┄┄┄┄┄┄┄┄┄┄┄┄┄┄┄┄┄┄┄┄┄┄┄┄┄┄┄┄[0m
[38;5;196m│ 10:24:41.805 (+0:00:00.291377)[0m
[38;5;196m├┄┄┄┄┄┄┄┄┄┄┄┄┄┄┄┄┄┄┄┄┄┄┄┄┄┄┄┄┄┄┄┄┄┄┄┄┄┄┄┄┄┄┄┄┄┄┄┄┄┄┄┄┄┄┄┄┄┄┄┄┄┄┄┄┄┄┄┄┄┄┄┄┄┄┄┄┄┄┄[0m
[38;5;196m│ ⛔ AttachmentService.delete() fehlgeschlagen (id: att-network-error)[0m
[38;5;196m└───────────────────────────────────────────────────────────────────────────────[0m
00:02 +97 ~1: /home/germanlion67/lager_app/app/test/services/attachment_service_test.dart: deleteAllForArtikel() löscht alle Anhänge und gibt Anzahl zurück
[38;5;12m┌───────────────────────────────────────────────────────────────────────────────[0m
[38;5;12m│ #0   AttachmentService.delete (package:lager_app/services/attachment_service.dart:226:15)[0m
[38;5;12m├┄┄┄┄┄┄┄┄┄┄┄┄┄┄┄┄┄┄┄┄┄┄┄┄┄┄┄┄┄┄┄┄┄┄┄┄┄┄┄┄┄┄┄┄┄┄┄┄┄┄┄┄┄┄┄┄┄┄┄┄┄┄┄┄┄┄┄┄┄┄┄┄┄┄┄┄┄┄┄[0m
[38;5;12m│ 10:24:41.818 (+0:00:00.304414)[0m
[38;5;12m├┄┄┄┄┄┄┄┄┄┄┄┄┄┄┄┄┄┄┄┄┄┄┄┄┄┄┄┄┄┄┄┄┄┄┄┄┄┄┄┄┄┄┄┄┄┄┄┄┄┄┄┄┄┄┄┄┄┄┄┄┄┄┄┄┄┄┄┄┄┄┄┄┄┄┄┄┄┄┄[0m
[38;5;12m│ 💡 AttachmentService.delete(): Anhang att-del-1 geloescht[0m
[38;5;12m└───────────────────────────────────────────────────────────────────────────────[0m
[38;5;12m┌───────────────────────────────────────────────────────────────────────────────[0m
[38;5;12m│ #0   AttachmentService.delete (package:lager_app/services/attachment_service.dart:226:15)[0m
[38;5;12m├┄┄┄┄┄┄┄┄┄┄┄┄┄┄┄┄┄┄┄┄┄┄┄┄┄┄┄┄┄┄┄┄┄┄┄┄┄┄┄┄┄┄┄┄┄┄┄┄┄┄┄┄┄┄┄┄┄┄┄┄┄┄┄┄┄┄┄┄┄┄┄┄┄┄┄┄┄┄┄[0m
[38;5;12m│ 10:24:41.820 (+0:00:00.306169)[0m
[38;5;12m├┄┄┄┄┄┄┄┄┄┄┄┄┄┄┄┄┄┄┄┄┄┄┄┄┄┄┄┄┄┄┄┄┄┄┄┄┄┄┄┄┄┄┄┄┄┄┄┄┄┄┄┄┄┄┄┄┄┄┄┄┄┄┄┄┄┄┄┄┄┄┄┄┄┄┄┄┄┄┄[0m
[38;5;12m│ 💡 AttachmentService.delete(): Anhang att-del-2 geloescht[0m
[38;5;12m└───────────────────────────────────────────────────────────────────────────────[0m
[38;5;12m┌───────────────────────────────────────────────────────────────────────────────[0m
[38;5;12m│ #0   AttachmentService.delete (package:lager_app/services/attachment_service.dart:226:15)[0m
[38;5;12m├┄┄┄┄┄┄┄┄┄┄┄┄┄┄┄┄┄┄┄┄┄┄┄┄┄┄┄┄┄┄┄┄┄┄┄┄┄┄┄┄┄┄┄┄┄┄┄┄┄┄┄┄┄┄┄┄┄┄┄┄┄┄┄┄┄┄┄┄┄┄┄┄┄┄┄┄┄┄┄[0m
[38;5;12m│ 10:24:41.821 (+0:00:00.307809)[0m
[38;5;12m├┄┄┄┄┄┄┄┄┄┄┄┄┄┄┄┄┄┄┄┄┄┄┄┄┄┄┄┄┄┄┄┄┄┄┄┄┄┄┄┄┄┄┄┄┄┄┄┄┄┄┄┄┄┄┄┄┄┄┄┄┄┄┄┄┄┄┄┄┄┄┄┄┄┄┄┄┄┄┄[0m
[38;5;12m│ 💡 AttachmentService.delete(): Anhang att-del-3 geloescht[0m
[38;5;12m└───────────────────────────────────────────────────────────────────────────────[0m
[38;5;12m┌───────────────────────────────────────────────────────────────────────────────[0m
[38;5;12m│ #0   AttachmentService.deleteAllForArtikel (package:lager_app/services/attachment_service.dart:255:15)[0m
[38;5;12m├┄┄┄┄┄┄┄┄┄┄┄┄┄┄┄┄┄┄┄┄┄┄┄┄┄┄┄┄┄┄┄┄┄┄┄┄┄┄┄┄┄┄┄┄┄┄┄┄┄┄┄┄┄┄┄┄┄┄┄┄┄┄┄┄┄┄┄┄┄┄┄┄┄┄┄┄┄┄┄[0m
[38;5;12m│ 10:24:41.822 (+0:00:00.308776)[0m
[38;5;12m├┄┄┄┄┄┄┄┄┄┄┄┄┄┄┄┄┄┄┄┄┄┄┄┄┄┄┄┄┄┄┄┄┄┄┄┄┄┄┄┄┄┄┄┄┄┄┄┄┄┄┄┄┄┄┄┄┄┄┄┄┄┄┄┄┄┄┄┄┄┄┄┄┄┄┄┄┄┄┄[0m
[38;5;12m│ 💡 AttachmentService.deleteAllForArtikel(): 3/3 Anhaenge geloescht (artikelUuid: uuid-delete-all)[0m
[38;5;12m└───────────────────────────────────────────────────────────────────────────────[0m
00:02 +98 ~1: /home/germanlion67/lager_app/app/test/services/attachment_service_test.dart: deleteAllForArtikel() gibt 0 zurück wenn keine Anhänge vorhanden
[38;5;12m┌───────────────────────────────────────────────────────────────────────────────[0m
[38;5;12m│ #0   AttachmentService.deleteAllForArtikel (package:lager_app/services/attachment_service.dart:255:15)[0m
[38;5;12m├┄┄┄┄┄┄┄┄┄┄┄┄┄┄┄┄┄┄┄┄┄┄┄┄┄┄┄┄┄┄┄┄┄┄┄┄┄┄┄┄┄┄┄┄┄┄┄┄┄┄┄┄┄┄┄┄┄┄┄┄┄┄┄┄┄┄┄┄┄┄┄┄┄┄┄┄┄┄┄[0m
[38;5;12m│ 10:24:41.829 (+0:00:00.315044)[0m
[38;5;12m├┄┄┄┄┄┄┄┄┄┄┄┄┄┄┄┄┄┄┄┄┄┄┄┄┄┄┄┄┄┄┄┄┄┄┄┄┄┄┄┄┄┄┄┄┄┄┄┄┄┄┄┄┄┄┄┄┄┄┄┄┄┄┄┄┄┄┄┄┄┄┄┄┄┄┄┄┄┄┄[0m
[38;5;12m│ 💡 AttachmentService.deleteAllForArtikel(): 0/0 Anhaenge geloescht (artikelUuid: uuid-empty)[0m
[38;5;12m└───────────────────────────────────────────────────────────────────────────────[0m
00:02 +99 ~1: /home/germanlion67/lager_app/app/test/services/attachment_service_test.dart: deleteAllForArtikel() zählt nur erfolgreich gelöschte Anhänge
[38;5;12m┌───────────────────────────────────────────────────────────────────────────────[0m
[38;5;12m│ #0   AttachmentService.delete (package:lager_app/services/attachment_service.dart:226:15)[0m
[38;5;12m├┄┄┄┄┄┄┄┄┄┄┄┄┄┄┄┄┄┄┄┄┄┄┄┄┄┄┄┄┄┄┄┄┄┄┄┄┄┄┄┄┄┄┄┄┄┄┄┄┄┄┄┄┄┄┄┄┄┄┄┄┄┄┄┄┄┄┄┄┄┄┄┄┄┄┄┄┄┄┄[0m
[38;5;12m│ 10:24:41.838 (+0:00:00.324111)[0m
[38;5;12m├┄┄┄┄┄┄┄┄┄┄┄┄┄┄┄┄┄┄┄┄┄┄┄┄┄┄┄┄┄┄┄┄┄┄┄┄┄┄┄┄┄┄┄┄┄┄┄┄┄┄┄┄┄┄┄┄┄┄┄┄┄┄┄┄┄┄┄┄┄┄┄┄┄┄┄┄┄┄┄[0m
[38;5;12m│ 💡 AttachmentService.delete(): Anhang att-ok-1 geloescht[0m
[38;5;12m└───────────────────────────────────────────────────────────────────────────────[0m
[38;5;196m┌───────────────────────────────────────────────────────────────────────────────[0m
[38;5;196m│ ClientException: {url: null, isAbort: false, statusCode: 500, response: {}, originalError: Delete failed}[0m
[38;5;196m├┄┄┄┄┄┄┄┄┄┄┄┄┄┄┄┄┄┄┄┄┄┄┄┄┄┄┄┄┄┄┄┄┄┄┄┄┄┄┄┄┄┄┄┄┄┄┄┄┄┄┄┄┄┄┄┄┄┄┄┄┄┄┄┄┄┄┄┄┄┄┄┄┄┄┄┄┄┄┄[0m
[38;5;196m│ #0   main.<anonymous closure>.<anonymous closure>.<anonymous closure> (file:///home/germanlion67/lager_app/app/test/services/attachment_service_test.dart:773:11)[0m
[38;5;196m│ #1   FakeAttachmentRecordService.delete (file:///home/germanlion67/lager_app/app/test/services/attachment_service_test.dart:130:43)[0m
[38;5;196m│ #2   AttachmentService.delete (package:lager_app/services/attachment_service.dart:224:40)[0m
[38;5;196m│ #3   AttachmentService.deleteAllForArtikel (package:lager_app/services/attachment_service.dart:251:31)[0m
[38;5;196m│ #4   <asynchronous suspension>[0m
[38;5;196m│ #5   main.<anonymous closure>.<anonymous closure> (file:///home/germanlion67/lager_app/app/test/services/attachment_service_test.dart:777:23)[0m
[38;5;196m│ #6   <asynchronous suspension>[0m
[38;5;196m│ #7   Declarer.test.<anonymous closure>.<anonymous closure> (package:test_api/src/backend/declarer.dart:253:15)[0m
[38;5;196m├┄┄┄┄┄┄┄┄┄┄┄┄┄┄┄┄┄┄┄┄┄┄┄┄┄┄┄┄┄┄┄┄┄┄┄┄┄┄┄┄┄┄┄┄┄┄┄┄┄┄┄┄┄┄┄┄┄┄┄┄┄┄┄┄┄┄┄┄┄┄┄┄┄┄┄┄┄┄┄[0m
[38;5;196m│ 10:24:41.841 (+0:00:00.327319)[0m
[38;5;196m├┄┄┄┄┄┄┄┄┄┄┄┄┄┄┄┄┄┄┄┄┄┄┄┄┄┄┄┄┄┄┄┄┄┄┄┄┄┄┄┄┄┄┄┄┄┄┄┄┄┄┄┄┄┄┄┄┄┄┄┄┄┄┄┄┄┄┄┄┄┄┄┄┄┄┄┄┄┄┄[0m
[38;5;196m│ ⛔ AttachmentService.delete() fehlgeschlagen (id: att-fail)[0m
[38;5;196m└───────────────────────────────────────────────────────────────────────────────[0m
[38;5;12m┌───────────────────────────────────────────────────────────────────────────────[0m
[38;5;12m│ #0   AttachmentService.delete (package:lager_app/services/attachment_service.dart:226:15)[0m
[38;5;12m├┄┄┄┄┄┄┄┄┄┄┄┄┄┄┄┄┄┄┄┄┄┄┄┄┄┄┄┄┄┄┄┄┄┄┄┄┄┄┄┄┄┄┄┄┄┄┄┄┄┄┄┄┄┄┄┄┄┄┄┄┄┄┄┄┄┄┄┄┄┄┄┄┄┄┄┄┄┄┄[0m
[38;5;12m│ 10:24:41.844 (+0:00:00.330382)[0m
[38;5;12m├┄┄┄┄┄┄┄┄┄┄┄┄┄┄┄┄┄┄┄┄┄┄┄┄┄┄┄┄┄┄┄┄┄┄┄┄┄┄┄┄┄┄┄┄┄┄┄┄┄┄┄┄┄┄┄┄┄┄┄┄┄┄┄┄┄┄┄┄┄┄┄┄┄┄┄┄┄┄┄[0m
[38;5;12m│ 💡 AttachmentService.delete(): Anhang att-ok-2 geloescht[0m
[38;5;12m└───────────────────────────────────────────────────────────────────────────────[0m
[38;5;12m┌───────────────────────────────────────────────────────────────────────────────[0m
[38;5;12m│ #0   AttachmentService.deleteAllForArtikel (package:lager_app/services/attachment_service.dart:255:15)[0m
[38;5;12m├┄┄┄┄┄┄┄┄┄┄┄┄┄┄┄┄┄┄┄┄┄┄┄┄┄┄┄┄┄┄┄┄┄┄┄┄┄┄┄┄┄┄┄┄┄┄┄┄┄┄┄┄┄┄┄┄┄┄┄┄┄┄┄┄┄┄┄┄┄┄┄┄┄┄┄┄┄┄┄[0m
[38;5;12m│ 10:24:41.847 (+0:00:00.333166)[0m
[38;5;12m├┄┄┄┄┄┄┄┄┄┄┄┄┄┄┄┄┄┄┄┄┄┄┄┄┄┄┄┄┄┄┄┄┄┄┄┄┄┄┄┄┄┄┄┄┄┄┄┄┄┄┄┄┄┄┄┄┄┄┄┄┄┄┄┄┄┄┄┄┄┄┄┄┄┄┄┄┄┄┄[0m
[38;5;12m│ 💡 AttachmentService.deleteAllForArtikel(): 2/3 Anhaenge geloescht (artikelUuid: uuid-partial)[0m
[38;5;12m└───────────────────────────────────────────────────────────────────────────────[0m
00:02 +100 ~1: /home/germanlion67/lager_app/app/test/services/attachment_service_test.dart: deleteAllForArtikel() gibt 0 zurück bei Fehler in getForArtikel
[38;5;196m┌───────────────────────────────────────────────────────────────────────────────[0m
[38;5;196m│ ClientException: {url: null, isAbort: false, statusCode: 0, response: {}, originalError: Server down}[0m
[38;5;196m├┄┄┄┄┄┄┄┄┄┄┄┄┄┄┄┄┄┄┄┄┄┄┄┄┄┄┄┄┄┄┄┄┄┄┄┄┄┄┄┄┄┄┄┄┄┄┄┄┄┄┄┄┄┄┄┄┄┄┄┄┄┄┄┄┄┄┄┄┄┄┄┄┄┄┄┄┄┄┄[0m
[38;5;196m│ #0   main.<anonymous closure>.<anonymous closure>.<anonymous closure> (file:///home/germanlion67/lager_app/app/test/services/attachment_service_test.dart:784:9)[0m
[38;5;196m│ #1   FakeAttachmentRecordService.getList (file:///home/germanlion67/lager_app/app/test/services/attachment_service_test.dart:76:24)[0m
[38;5;196m│ #2   AttachmentService.getForArtikel (package:lager_app/services/attachment_service.dart:37:55)[0m
[38;5;196m│ #3   AttachmentService.deleteAllForArtikel (package:lager_app/services/attachment_service.dart:247:30)[0m
[38;5;196m│ #4   main.<anonymous closure>.<anonymous closure> (file:///home/germanlion67/lager_app/app/test/services/attachment_service_test.dart:787:37)[0m
[38;5;196m│ #5   Declarer.test.<anonymous closure>.<anonymous closure> (package:test_api/src/backend/declarer.dart:253:25)[0m
[38;5;196m│ #6   <asynchronous suspension>[0m
[38;5;196m│ #7   Declarer.test.<anonymous closure> (package:test_api/src/backend/declarer.dart:250:11)[0m
[38;5;196m├┄┄┄┄┄┄┄┄┄┄┄┄┄┄┄┄┄┄┄┄┄┄┄┄┄┄┄┄┄┄┄┄┄┄┄┄┄┄┄┄┄┄┄┄┄┄┄┄┄┄┄┄┄┄┄┄┄┄┄┄┄┄┄┄┄┄┄┄┄┄┄┄┄┄┄┄┄┄┄[0m
[38;5;196m│ 10:24:41.855 (+0:00:00.341355)[0m
[38;5;196m├┄┄┄┄┄┄┄┄┄┄┄┄┄┄┄┄┄┄┄┄┄┄┄┄┄┄┄┄┄┄┄┄┄┄┄┄┄┄┄┄┄┄┄┄┄┄┄┄┄┄┄┄┄┄┄┄┄┄┄┄┄┄┄┄┄┄┄┄┄┄┄┄┄┄┄┄┄┄┄[0m
[38;5;196m│ ⛔ AttachmentService.getForArtikel() fehlgeschlagen (artikelUuid: uuid-get-error)[0m
[38;5;196m└───────────────────────────────────────────────────────────────────────────────[0m
[38;5;12m┌───────────────────────────────────────────────────────────────────────────────[0m
[38;5;12m│ #0   AttachmentService.deleteAllForArtikel (package:lager_app/services/attachment_service.dart:255:15)[0m
[38;5;12m├┄┄┄┄┄┄┄┄┄┄┄┄┄┄┄┄┄┄┄┄┄┄┄┄┄┄┄┄┄┄┄┄┄┄┄┄┄┄┄┄┄┄┄┄┄┄┄┄┄┄┄┄┄┄┄┄┄┄┄┄┄┄┄┄┄┄┄┄┄┄┄┄┄┄┄┄┄┄┄[0m
[38;5;12m│ 10:24:41.858 (+0:00:00.344871)[0m
[38;5;12m├┄┄┄┄┄┄┄┄┄┄┄┄┄┄┄┄┄┄┄┄┄┄┄┄┄┄┄┄┄┄┄┄┄┄┄┄┄┄┄┄┄┄┄┄┄┄┄┄┄┄┄┄┄┄┄┄┄┄┄┄┄┄┄┄┄┄┄┄┄┄┄┄┄┄┄┄┄┄┄[0m
[38;5;12m│ 💡 AttachmentService.deleteAllForArtikel(): 0/0 Anhaenge geloescht (artikelUuid: uuid-get-error)[0m
[38;5;12m└───────────────────────────────────────────────────────────────────────────────[0m
00:02 +101 ~1: /home/germanlion67/lager_app/app/test/services/attachment_service_test.dart: Integrations-Szenarien Upload → getForArtikel zeigt neuen Anhang
[38;5;12m┌───────────────────────────────────────────────────────────────────────────────[0m
[38;5;12m│ #0   AttachmentService.upload (package:lager_app/services/attachment_service.dart:151:15)[0m
[38;5;12m├┄┄┄┄┄┄┄┄┄┄┄┄┄┄┄┄┄┄┄┄┄┄┄┄┄┄┄┄┄┄┄┄┄┄┄┄┄┄┄┄┄┄┄┄┄┄┄┄┄┄┄┄┄┄┄┄┄┄┄┄┄┄┄┄┄┄┄┄┄┄┄┄┄┄┄┄┄┄┄[0m
[38;5;12m│ 10:24:41.867 (+0:00:00.353549)[0m
[38;5;12m├┄┄┄┄┄┄┄┄┄┄┄┄┄┄┄┄┄┄┄┄┄┄┄┄┄┄┄┄┄┄┄┄┄┄┄┄┄┄┄┄┄┄┄┄┄┄┄┄┄┄┄┄┄┄┄┄┄┄┄┄┄┄┄┄┄┄┄┄┄┄┄┄┄┄┄┄┄┄┄[0m
[38;5;12m│ 💡 AttachmentService.upload(): Anhang hochgeladen — Integrationstest (test.pdf, 3 bytes)[0m
[38;5;12m└───────────────────────────────────────────────────────────────────────────────[0m
00:02 +102 ~1: /home/germanlion67/lager_app/app/test/services/attachment_service_test.dart: Integrations-Szenarien Upload bei Limit=19 gelingt, bei Limit=20 scheitert
[38;5;12m┌───────────────────────────────────────────────────────────────────────────────[0m
[38;5;12m│ #0   AttachmentService.upload (package:lager_app/services/attachment_service.dart:151:15)[0m
[38;5;12m├┄┄┄┄┄┄┄┄┄┄┄┄┄┄┄┄┄┄┄┄┄┄┄┄┄┄┄┄┄┄┄┄┄┄┄┄┄┄┄┄┄┄┄┄┄┄┄┄┄┄┄┄┄┄┄┄┄┄┄┄┄┄┄┄┄┄┄┄┄┄┄┄┄┄┄┄┄┄┄[0m
[38;5;12m│ 10:24:41.876 (+0:00:00.363006)[0m
[38;5;12m├┄┄┄┄┄┄┄┄┄┄┄┄┄┄┄┄┄┄┄┄┄┄┄┄┄┄┄┄┄┄┄┄┄┄┄┄┄┄┄┄┄┄┄┄┄┄┄┄┄┄┄┄┄┄┄┄┄┄┄┄┄┄┄┄┄┄┄┄┄┄┄┄┄┄┄┄┄┄┄[0m
[38;5;12m│ 💡 AttachmentService.upload(): Anhang hochgeladen — Noch Platz (ok.pdf, 1 bytes)[0m
[38;5;12m└───────────────────────────────────────────────────────────────────────────────[0m
[38;5;208m┌───────────────────────────────────────────────────────────────────────────────[0m
[38;5;208m│ #0   AttachmentService.upload (package:lager_app/services/attachment_service.dart:117:17)[0m
[38;5;208m├┄┄┄┄┄┄┄┄┄┄┄┄┄┄┄┄┄┄┄┄┄┄┄┄┄┄┄┄┄┄┄┄┄┄┄┄┄┄┄┄┄┄┄┄┄┄┄┄┄┄┄┄┄┄┄┄┄┄┄┄┄┄┄┄┄┄┄┄┄┄┄┄┄┄┄┄┄┄┄[0m
[38;5;208m│ 10:24:41.880 (+0:00:00.366164)[0m
[38;5;208m├┄┄┄┄┄┄┄┄┄┄┄┄┄┄┄┄┄┄┄┄┄┄┄┄┄┄┄┄┄┄┄┄┄┄┄┄┄┄┄┄┄┄┄┄┄┄┄┄┄┄┄┄┄┄┄┄┄┄┄┄┄┄┄┄┄┄┄┄┄┄┄┄┄┄┄┄┄┄┄[0m
[38;5;208m│ ⚠️ AttachmentService.upload(): Limit erreicht (20 Anhaenge) fuer Artikel uuid-limit-20[0m
[38;5;208m└───────────────────────────────────────────────────────────────────────────────[0m
00:02 +103 ~1: /home/germanlion67/lager_app/app/test/services/pocketbase_sync_service_conflict_test.dart: ConflictCallback Typedef ist ein Future<void> Function(Artikel, Artikel)
00:02 +104 ~1: /home/germanlion67/lager_app/app/test/services/pocketbase_sync_service_conflict_test.dart: PocketBaseSyncService.onConflictDetected ist initial null — Typedef ist korrekt typisiert
00:02 +105 ~1: /home/germanlion67/lager_app/app/test/services/pocketbase_sync_service_conflict_test.dart: ETag-Konflikt-Logik (Unit) Kein Konflikt wenn lokalerEtag leer (neuer Artikel)
00:02 +106 ~1: /home/germanlion67/lager_app/app/test/services/pocketbase_sync_service_conflict_test.dart: ETag-Konflikt-Logik (Unit) Kein Konflikt wenn ETags übereinstimmen
00:02 +107 ~1: /home/germanlion67/lager_app/app/test/services/pocketbase_sync_service_conflict_test.dart: ETag-Konflikt-Logik (Unit) Konflikt wenn ETags unterschiedlich
00:02 +108 ~1: /home/germanlion67/lager_app/app/test/services/pocketbase_sync_service_conflict_test.dart: ETag-Konflikt-Logik (Unit) Kein Konflikt wenn ETag = "deleted"
00:02 +109 ~1: /home/germanlion67/lager_app/app/test/services/pocketbase_sync_service_conflict_test.dart: ETag-Konflikt-Logik (Unit) Kein Konflikt wenn remoteUpdated leer
00:02 +110 ~1: /home/germanlion67/lager_app/app/test/services/pocketbase_sync_service_conflict_test.dart: downloadMissingImages Datei-Check-Logik (Unit) Artikel mit leerem bildPfad soll Download auslösen
00:02 +111 ~1: /home/germanlion67/lager_app/app/test/services/pocketbase_sync_service_conflict_test.dart: downloadMissingImages Datei-Check-Logik (Unit) Artikel mit gesetztem bildPfad aber nicht-existierender Datei soll Download auslösen
00:02 +112 ~1: /home/germanlion67/lager_app/app/test/services/pocketbase_sync_service_conflict_test.dart: downloadMissingImages Datei-Check-Logik (Unit) Artikel mit existierender Datei soll übersprungen werden
00:02 +113 ~1: /home/germanlion67/lager_app/app/test/services/pocketbase_sync_service_conflict_test.dart: ConflictCapture Integration Callback wird mit korrekten Artikeln aufgerufen
00:03 +114 ~1: /home/germanlion67/lager_app/app/test/services/artikel_db_service_test.dart: (setUpAll)
00:03 +114 ~1: /home/germanlion67/lager_app/app/test/services/artikel_db_service_test.dart: ArtikelDbService insertArtikel() fügt Artikel ein und gibt gültige ID zurück
*** sqflite warning ***

You are changing sqflite default factory.
Be aware of the potential side effects. Any library using sqflite
will have this factory as the default for all operations.

*** sqflite warning ***

[38;5;12m┌───────────────────────────────────────────────────────────────────────────────────────────────────────────────────────[0m
[38;5;12m│ #0   ArtikelDbService.insertArtikel (package:lager_app/services/artikel_db_service.dart:269:15)[0m
[38;5;12m│ #1   <asynchronous suspension>[0m
[38;5;12m├┄┄┄┄┄┄┄┄┄┄┄┄┄┄┄┄┄┄┄┄┄┄┄┄┄┄┄┄┄┄┄┄┄┄┄┄┄┄┄┄┄┄┄┄┄┄┄┄┄┄┄┄┄┄┄┄┄┄┄┄┄┄┄┄┄┄┄┄┄┄┄┄┄┄┄┄┄┄┄┄┄┄┄┄┄┄┄┄┄┄┄┄┄┄┄┄┄┄┄┄┄┄┄┄┄┄┄┄┄┄┄┄┄┄┄┄┄┄┄[0m
[38;5;12m│ 💡 ✅ Artikel a22ffc9e-666d-491b-84c7-2ac6d09cdd70 (ID: 1) eingefügt/ersetzt.[0m
[38;5;12m└───────────────────────────────────────────────────────────────────────────────────────────────────────────────────────[0m
[38;5;12m┌───────────────────────────────────────────────────────────────────────────────────────────────────────────────────────[0m
[38;5;12m│ #0   ArtikelDbService.closeDatabase (package:lager_app/services/artikel_db_service.dart:1169:15)[0m
[38;5;12m│ #1   <asynchronous suspension>[0m
[38;5;12m├┄┄┄┄┄┄┄┄┄┄┄┄┄┄┄┄┄┄┄┄┄┄┄┄┄┄┄┄┄┄┄┄┄┄┄┄┄┄┄┄┄┄┄┄┄┄┄┄┄┄┄┄┄┄┄┄┄┄┄┄┄┄┄┄┄┄┄┄┄┄┄┄┄┄┄┄┄┄┄┄┄┄┄┄┄┄┄┄┄┄┄┄┄┄┄┄┄┄┄┄┄┄┄┄┄┄┄┄┄┄┄┄┄┄┄┄┄┄┄[0m
[38;5;12m│ 💡 ✅ Datenbank geschlossen.[0m
[38;5;12m└───────────────────────────────────────────────────────────────────────────────────────────────────────────────────────[0m
00:03 +115 ~1: /home/germanlion67/lager_app/app/test/services/artikel_db_service_test.dart: ArtikelDbService insertArtikel() eingefügter Artikel ist via getAlleArtikel() abrufbar
*** sqflite warning ***

You are changing sqflite default factory.
Be aware of the potential side effects. Any library using sqflite
will have this factory as the default for all operations.

*** sqflite warning ***

[38;5;12m┌───────────────────────────────────────────────────────────────────────────────────────────────────────────────────────[0m
[38;5;12m│ #0   ArtikelDbService.insertArtikel (package:lager_app/services/artikel_db_service.dart:269:15)[0m
[38;5;12m│ #1   <asynchronous suspension>[0m
[38;5;12m├┄┄┄┄┄┄┄┄┄┄┄┄┄┄┄┄┄┄┄┄┄┄┄┄┄┄┄┄┄┄┄┄┄┄┄┄┄┄┄┄┄┄┄┄┄┄┄┄┄┄┄┄┄┄┄┄┄┄┄┄┄┄┄┄┄┄┄┄┄┄┄┄┄┄┄┄┄┄┄┄┄┄┄┄┄┄┄┄┄┄┄┄┄┄┄┄┄┄┄┄┄┄┄┄┄┄┄┄┄┄┄┄┄┄┄┄┄┄┄[0m
[38;5;12m│ 💡 ✅ Artikel 29ea1bf6-4a7d-47eb-8cc3-df08039d3778 (ID: 1) eingefügt/ersetzt.[0m
[38;5;12m└───────────────────────────────────────────────────────────────────────────────────────────────────────────────────────[0m
┌───────────────────────────────────────────────────────────────────────────────────────────────────────────────────────
│ #0   ArtikelDbService.getAlleArtikel (package:lager_app/services/artikel_db_service.dart:295:15)
│ #1   <asynchronous suspension>
├┄┄┄┄┄┄┄┄┄┄┄┄┄┄┄┄┄┄┄┄┄┄┄┄┄┄┄┄┄┄┄┄┄┄┄┄┄┄┄┄┄┄┄┄┄┄┄┄┄┄┄┄┄┄┄┄┄┄┄┄┄┄┄┄┄┄┄┄┄┄┄┄┄┄┄┄┄┄┄┄┄┄┄┄┄┄┄┄┄┄┄┄┄┄┄┄┄┄┄┄┄┄┄┄┄┄┄┄┄┄┄┄┄┄┄┄┄┄┄
│ 🐛 ✅ 1 Artikel aus DB abgerufen (limit: 500, offset: 0).
└───────────────────────────────────────────────────────────────────────────────────────────────────────────────────────
[38;5;12m┌───────────────────────────────────────────────────────────────────────────────────────────────────────────────────────[0m
[38;5;12m│ #0   ArtikelDbService.closeDatabase (package:lager_app/services/artikel_db_service.dart:1169:15)[0m
[38;5;12m│ #1   <asynchronous suspension>[0m
[38;5;12m├┄┄┄┄┄┄┄┄┄┄┄┄┄┄┄┄┄┄┄┄┄┄┄┄┄┄┄┄┄┄┄┄┄┄┄┄┄┄┄┄┄┄┄┄┄┄┄┄┄┄┄┄┄┄┄┄┄┄┄┄┄┄┄┄┄┄┄┄┄┄┄┄┄┄┄┄┄┄┄┄┄┄┄┄┄┄┄┄┄┄┄┄┄┄┄┄┄┄┄┄┄┄┄┄┄┄┄┄┄┄┄┄┄┄┄┄┄┄┄[0m
[38;5;12m│ 💡 ✅ Datenbank geschlossen.[0m
[38;5;12m└───────────────────────────────────────────────────────────────────────────────────────────────────────────────────────[0m
00:03 +116 ~1: /home/germanlion67/lager_app/app/test/services/artikel_db_service_test.dart: ArtikelDbService insertArtikel() setzt etag auf null beim Insert
*** sqflite warning ***

You are changing sqflite default factory.
Be aware of the potential side effects. Any library using sqflite
will have this factory as the default for all operations.

*** sqflite warning ***

[38;5;12m┌───────────────────────────────────────────────────────────────────────────────────────────────────────────────────────[0m
[38;5;12m│ #0   ArtikelDbService.insertArtikel (package:lager_app/services/artikel_db_service.dart:269:15)[0m
[38;5;12m│ #1   <asynchronous suspension>[0m
[38;5;12m├┄┄┄┄┄┄┄┄┄┄┄┄┄┄┄┄┄┄┄┄┄┄┄┄┄┄┄┄┄┄┄┄┄┄┄┄┄┄┄┄┄┄┄┄┄┄┄┄┄┄┄┄┄┄┄┄┄┄┄┄┄┄┄┄┄┄┄┄┄┄┄┄┄┄┄┄┄┄┄┄┄┄┄┄┄┄┄┄┄┄┄┄┄┄┄┄┄┄┄┄┄┄┄┄┄┄┄┄┄┄┄┄┄┄┄┄┄┄┄[0m
[38;5;12m│ 💡 ✅ Artikel bba4b822-3156-4b42-bdd6-9716fb726876 (ID: 1) eingefügt/ersetzt.[0m
[38;5;12m└───────────────────────────────────────────────────────────────────────────────────────────────────────────────────────[0m
[38;5;12m┌───────────────────────────────────────────────────────────────────────────────────────────────────────────────────────[0m
[38;5;12m│ #0   ArtikelDbService.closeDatabase (package:lager_app/services/artikel_db_service.dart:1169:15)[0m
[38;5;12m│ #1   <asynchronous suspension>[0m
[38;5;12m├┄┄┄┄┄┄┄┄┄┄┄┄┄┄┄┄┄┄┄┄┄┄┄┄┄┄┄┄┄┄┄┄┄┄┄┄┄┄┄┄┄┄┄┄┄┄┄┄┄┄┄┄┄┄┄┄┄┄┄┄┄┄┄┄┄┄┄┄┄┄┄┄┄┄┄┄┄┄┄┄┄┄┄┄┄┄┄┄┄┄┄┄┄┄┄┄┄┄┄┄┄┄┄┄┄┄┄┄┄┄┄┄┄┄┄┄┄┄┄[0m
[38;5;12m│ 💡 ✅ Datenbank geschlossen.[0m
[38;5;12m└───────────────────────────────────────────────────────────────────────────────────────────────────────────────────────[0m
00:03 +117 ~1: /home/germanlion67/lager_app/app/test/services/artikel_db_service_test.dart: ArtikelDbService insertArtikel() aktualisiert updated_at beim Insert
*** sqflite warning ***

You are changing sqflite default factory.
Be aware of the potential side effects. Any library using sqflite
will have this factory as the default for all operations.

*** sqflite warning ***

[38;5;12m┌───────────────────────────────────────────────────────────────────────────────────────────────────────────────────────[0m
[38;5;12m│ #0   ArtikelDbService.insertArtikel (package:lager_app/services/artikel_db_service.dart:269:15)[0m
[38;5;12m│ #1   <asynchronous suspension>[0m
[38;5;12m├┄┄┄┄┄┄┄┄┄┄┄┄┄┄┄┄┄┄┄┄┄┄┄┄┄┄┄┄┄┄┄┄┄┄┄┄┄┄┄┄┄┄┄┄┄┄┄┄┄┄┄┄┄┄┄┄┄┄┄┄┄┄┄┄┄┄┄┄┄┄┄┄┄┄┄┄┄┄┄┄┄┄┄┄┄┄┄┄┄┄┄┄┄┄┄┄┄┄┄┄┄┄┄┄┄┄┄┄┄┄┄┄┄┄┄┄┄┄┄[0m
[38;5;12m│ 💡 ✅ Artikel f9651aa7-819f-49ca-a7e0-4c8ca97748ff (ID: 1) eingefügt/ersetzt.[0m
[38;5;12m└───────────────────────────────────────────────────────────────────────────────────────────────────────────────────────[0m
[38;5;12m┌───────────────────────────────────────────────────────────────────────────────────────────────────────────────────────[0m
[38;5;12m│ #0   ArtikelDbService.closeDatabase (package:lager_app/services/artikel_db_service.dart:1169:15)[0m
[38;5;12m│ #1   <asynchronous suspension>[0m
[38;5;12m├┄┄┄┄┄┄┄┄┄┄┄┄┄┄┄┄┄┄┄┄┄┄┄┄┄┄┄┄┄┄┄┄┄┄┄┄┄┄┄┄┄┄┄┄┄┄┄┄┄┄┄┄┄┄┄┄┄┄┄┄┄┄┄┄┄┄┄┄┄┄┄┄┄┄┄┄┄┄┄┄┄┄┄┄┄┄┄┄┄┄┄┄┄┄┄┄┄┄┄┄┄┄┄┄┄┄┄┄┄┄┄┄┄┄┄┄┄┄┄[0m
[38;5;12m│ 💡 ✅ Datenbank geschlossen.[0m
[38;5;12m└───────────────────────────────────────────────────────────────────────────────────────────────────────────────────────[0m
00:03 +118 ~1: /home/germanlion67/lager_app/app/test/services/artikel_db_service_test.dart: ArtikelDbService insertArtikel() ConflictAlgorithm.replace: zweiter Insert mit gleicher UUID überschreibt ersten
*** sqflite warning ***

You are changing sqflite default factory.
Be aware of the potential side effects. Any library using sqflite
will have this factory as the default for all operations.

*** sqflite warning ***

[38;5;12m┌───────────────────────────────────────────────────────────────────────────────────────────────────────────────────────[0m
[38;5;12m│ #0   ArtikelDbService.insertArtikel (package:lager_app/services/artikel_db_service.dart:269:15)[0m
[38;5;12m│ #1   <asynchronous suspension>[0m
[38;5;12m├┄┄┄┄┄┄┄┄┄┄┄┄┄┄┄┄┄┄┄┄┄┄┄┄┄┄┄┄┄┄┄┄┄┄┄┄┄┄┄┄┄┄┄┄┄┄┄┄┄┄┄┄┄┄┄┄┄┄┄┄┄┄┄┄┄┄┄┄┄┄┄┄┄┄┄┄┄┄┄┄┄┄┄┄┄┄┄┄┄┄┄┄┄┄┄┄┄┄┄┄┄┄┄┄┄┄┄┄┄┄┄┄┄┄┄┄┄┄┄[0m
[38;5;12m│ 💡 ✅ Artikel 4779925e-795c-4031-9881-1091cd874a3a (ID: 1) eingefügt/ersetzt.[0m
[38;5;12m└───────────────────────────────────────────────────────────────────────────────────────────────────────────────────────[0m
[38;5;12m┌───────────────────────────────────────────────────────────────────────────────────────────────────────────────────────[0m
[38;5;12m│ #0   ArtikelDbService.insertArtikel (package:lager_app/services/artikel_db_service.dart:269:15)[0m
[38;5;12m│ #1   <asynchronous suspension>[0m
[38;5;12m├┄┄┄┄┄┄┄┄┄┄┄┄┄┄┄┄┄┄┄┄┄┄┄┄┄┄┄┄┄┄┄┄┄┄┄┄┄┄┄┄┄┄┄┄┄┄┄┄┄┄┄┄┄┄┄┄┄┄┄┄┄┄┄┄┄┄┄┄┄┄┄┄┄┄┄┄┄┄┄┄┄┄┄┄┄┄┄┄┄┄┄┄┄┄┄┄┄┄┄┄┄┄┄┄┄┄┄┄┄┄┄┄┄┄┄┄┄┄┄[0m
[38;5;12m│ 💡 ✅ Artikel 4779925e-795c-4031-9881-1091cd874a3a (ID: 2) eingefügt/ersetzt.[0m
[38;5;12m└───────────────────────────────────────────────────────────────────────────────────────────────────────────────────────[0m
┌───────────────────────────────────────────────────────────────────────────────────────────────────────────────────────
│ #0   ArtikelDbService.getAlleArtikel (package:lager_app/services/artikel_db_service.dart:295:15)
│ #1   <asynchronous suspension>
├┄┄┄┄┄┄┄┄┄┄┄┄┄┄┄┄┄┄┄┄┄┄┄┄┄┄┄┄┄┄┄┄┄┄┄┄┄┄┄┄┄┄┄┄┄┄┄┄┄┄┄┄┄┄┄┄┄┄┄┄┄┄┄┄┄┄┄┄┄┄┄┄┄┄┄┄┄┄┄┄┄┄┄┄┄┄┄┄┄┄┄┄┄┄┄┄┄┄┄┄┄┄┄┄┄┄┄┄┄┄┄┄┄┄┄┄┄┄┄
│ 🐛 ✅ 1 Artikel aus DB abgerufen (limit: 500, offset: 0).
└───────────────────────────────────────────────────────────────────────────────────────────────────────────────────────
[38;5;12m┌───────────────────────────────────────────────────────────────────────────────────────────────────────────────────────[0m
[38;5;12m│ #0   ArtikelDbService.closeDatabase (package:lager_app/services/artikel_db_service.dart:1169:15)[0m
[38;5;12m│ #1   <asynchronous suspension>[0m
[38;5;12m├┄┄┄┄┄┄┄┄┄┄┄┄┄┄┄┄┄┄┄┄┄┄┄┄┄┄┄┄┄┄┄┄┄┄┄┄┄┄┄┄┄┄┄┄┄┄┄┄┄┄┄┄┄┄┄┄┄┄┄┄┄┄┄┄┄┄┄┄┄┄┄┄┄┄┄┄┄┄┄┄┄┄┄┄┄┄┄┄┄┄┄┄┄┄┄┄┄┄┄┄┄┄┄┄┄┄┄┄┄┄┄┄┄┄┄┄┄┄┄[0m
[38;5;12m│ 💡 ✅ Datenbank geschlossen.[0m
[38;5;12m└───────────────────────────────────────────────────────────────────────────────────────────────────────────────────────[0m
00:03 +119 ~1: /home/germanlion67/lager_app/app/test/services/artikel_db_service_test.dart: ArtikelDbService insertArtikel() mehrere Artikel mit verschiedenen UUIDs werden alle eingefügt
*** sqflite warning ***

You are changing sqflite default factory.
Be aware of the potential side effects. Any library using sqflite
will have this factory as the default for all operations.

*** sqflite warning ***

[38;5;12m┌───────────────────────────────────────────────────────────────────────────────────────────────────────────────────────[0m
[38;5;12m│ #0   ArtikelDbService.insertArtikel (package:lager_app/services/artikel_db_service.dart:269:15)[0m
[38;5;12m│ #1   <asynchronous suspension>[0m
[38;5;12m├┄┄┄┄┄┄┄┄┄┄┄┄┄┄┄┄┄┄┄┄┄┄┄┄┄┄┄┄┄┄┄┄┄┄┄┄┄┄┄┄┄┄┄┄┄┄┄┄┄┄┄┄┄┄┄┄┄┄┄┄┄┄┄┄┄┄┄┄┄┄┄┄┄┄┄┄┄┄┄┄┄┄┄┄┄┄┄┄┄┄┄┄┄┄┄┄┄┄┄┄┄┄┄┄┄┄┄┄┄┄┄┄┄┄┄┄┄┄┄[0m
[38;5;12m│ 💡 ✅ Artikel 075913f7-ca26-4768-9095-6ea554cc9f62 (ID: 1) eingefügt/ersetzt.[0m
[38;5;12m└───────────────────────────────────────────────────────────────────────────────────────────────────────────────────────[0m
[38;5;12m┌───────────────────────────────────────────────────────────────────────────────────────────────────────────────────────[0m
[38;5;12m│ #0   ArtikelDbService.insertArtikel (package:lager_app/services/artikel_db_service.dart:269:15)[0m
[38;5;12m│ #1   <asynchronous suspension>[0m
[38;5;12m├┄┄┄┄┄┄┄┄┄┄┄┄┄┄┄┄┄┄┄┄┄┄┄┄┄┄┄┄┄┄┄┄┄┄┄┄┄┄┄┄┄┄┄┄┄┄┄┄┄┄┄┄┄┄┄┄┄┄┄┄┄┄┄┄┄┄┄┄┄┄┄┄┄┄┄┄┄┄┄┄┄┄┄┄┄┄┄┄┄┄┄┄┄┄┄┄┄┄┄┄┄┄┄┄┄┄┄┄┄┄┄┄┄┄┄┄┄┄┄[0m
[38;5;12m│ 💡 ✅ Artikel a298c4d5-88b0-4acb-9f0e-fadfd4474099 (ID: 2) eingefügt/ersetzt.[0m
[38;5;12m└───────────────────────────────────────────────────────────────────────────────────────────────────────────────────────[0m
[38;5;12m┌───────────────────────────────────────────────────────────────────────────────────────────────────────────────────────[0m
[38;5;12m│ #0   ArtikelDbService.insertArtikel (package:lager_app/services/artikel_db_service.dart:269:15)[0m
[38;5;12m│ #1   <asynchronous suspension>[0m
[38;5;12m├┄┄┄┄┄┄┄┄┄┄┄┄┄┄┄┄┄┄┄┄┄┄┄┄┄┄┄┄┄┄┄┄┄┄┄┄┄┄┄┄┄┄┄┄┄┄┄┄┄┄┄┄┄┄┄┄┄┄┄┄┄┄┄┄┄┄┄┄┄┄┄┄┄┄┄┄┄┄┄┄┄┄┄┄┄┄┄┄┄┄┄┄┄┄┄┄┄┄┄┄┄┄┄┄┄┄┄┄┄┄┄┄┄┄┄┄┄┄┄[0m
[38;5;12m│ 💡 ✅ Artikel b2276f1e-bbbd-407e-8ea5-519d52a382aa (ID: 3) eingefügt/ersetzt.[0m
[38;5;12m└───────────────────────────────────────────────────────────────────────────────────────────────────────────────────────[0m
[38;5;12m┌───────────────────────────────────────────────────────────────────────────────────────────────────────────────────────[0m
[38;5;12m│ #0   ArtikelDbService.insertArtikel (package:lager_app/services/artikel_db_service.dart:269:15)[0m
[38;5;12m│ #1   <asynchronous suspension>[0m
[38;5;12m├┄┄┄┄┄┄┄┄┄┄┄┄┄┄┄┄┄┄┄┄┄┄┄┄┄┄┄┄┄┄┄┄┄┄┄┄┄┄┄┄┄┄┄┄┄┄┄┄┄┄┄┄┄┄┄┄┄┄┄┄┄┄┄┄┄┄┄┄┄┄┄┄┄┄┄┄┄┄┄┄┄┄┄┄┄┄┄┄┄┄┄┄┄┄┄┄┄┄┄┄┄┄┄┄┄┄┄┄┄┄┄┄┄┄┄┄┄┄┄[0m
[38;5;12m│ 💡 ✅ Artikel cea3d314-14bb-4129-95e6-a9ec8eb0f302 (ID: 4) eingefügt/ersetzt.[0m
[38;5;12m└───────────────────────────────────────────────────────────────────────────────────────────────────────────────────────[0m
[38;5;12m┌───────────────────────────────────────────────────────────────────────────────────────────────────────────────────────[0m
[38;5;12m│ #0   ArtikelDbService.insertArtikel (package:lager_app/services/artikel_db_service.dart:269:15)[0m
[38;5;12m│ #1   <asynchronous suspension>[0m
[38;5;12m├┄┄┄┄┄┄┄┄┄┄┄┄┄┄┄┄┄┄┄┄┄┄┄┄┄┄┄┄┄┄┄┄┄┄┄┄┄┄┄┄┄┄┄┄┄┄┄┄┄┄┄┄┄┄┄┄┄┄┄┄┄┄┄┄┄┄┄┄┄┄┄┄┄┄┄┄┄┄┄┄┄┄┄┄┄┄┄┄┄┄┄┄┄┄┄┄┄┄┄┄┄┄┄┄┄┄┄┄┄┄┄┄┄┄┄┄┄┄┄[0m
[38;5;12m│ 💡 ✅ Artikel 8fcf547a-85bc-4ba8-9294-c633a92cf789 (ID: 5) eingefügt/ersetzt.[0m
[38;5;12m└───────────────────────────────────────────────────────────────────────────────────────────────────────────────────────[0m
┌───────────────────────────────────────────────────────────────────────────────────────────────────────────────────────
│ #0   ArtikelDbService.getAlleArtikel (package:lager_app/services/artikel_db_service.dart:295:15)
│ #1   <asynchronous suspension>
├┄┄┄┄┄┄┄┄┄┄┄┄┄┄┄┄┄┄┄┄┄┄┄┄┄┄┄┄┄┄┄┄┄┄┄┄┄┄┄┄┄┄┄┄┄┄┄┄┄┄┄┄┄┄┄┄┄┄┄┄┄┄┄┄┄┄┄┄┄┄┄┄┄┄┄┄┄┄┄┄┄┄┄┄┄┄┄┄┄┄┄┄┄┄┄┄┄┄┄┄┄┄┄┄┄┄┄┄┄┄┄┄┄┄┄┄┄┄┄
│ 🐛 ✅ 5 Artikel aus DB abgerufen (limit: 500, offset: 0).
└───────────────────────────────────────────────────────────────────────────────────────────────────────────────────────
[38;5;12m┌───────────────────────────────────────────────────────────────────────────────────────────────────────────────────────[0m
[38;5;12m│ #0   ArtikelDbService.closeDatabase (package:lager_app/services/artikel_db_service.dart:1169:15)[0m
[38;5;12m│ #1   <asynchronous suspension>[0m
[38;5;12m├┄┄┄┄┄┄┄┄┄┄┄┄┄┄┄┄┄┄┄┄┄┄┄┄┄┄┄┄┄┄┄┄┄┄┄┄┄┄┄┄┄┄┄┄┄┄┄┄┄┄┄┄┄┄┄┄┄┄┄┄┄┄┄┄┄┄┄┄┄┄┄┄┄┄┄┄┄┄┄┄┄┄┄┄┄┄┄┄┄┄┄┄┄┄┄┄┄┄┄┄┄┄┄┄┄┄┄┄┄┄┄┄┄┄┄┄┄┄┄[0m
[38;5;12m│ 💡 ✅ Datenbank geschlossen.[0m
[38;5;12m└───────────────────────────────────────────────────────────────────────────────────────────────────────────────────────[0m
00:03 +120 ~1: /home/germanlion67/lager_app/app/test/services/artikel_db_service_test.dart: ArtikelDbService getAlleArtikel() gibt leere Liste zurück wenn keine Artikel vorhanden
*** sqflite warning ***

You are changing sqflite default factory.
Be aware of the potential side effects. Any library using sqflite
will have this factory as the default for all operations.

*** sqflite warning ***

┌───────────────────────────────────────────────────────────────────────────────────────────────────────────────────────
│ #0   ArtikelDbService.getAlleArtikel (package:lager_app/services/artikel_db_service.dart:295:15)
│ #1   <asynchronous suspension>
├┄┄┄┄┄┄┄┄┄┄┄┄┄┄┄┄┄┄┄┄┄┄┄┄┄┄┄┄┄┄┄┄┄┄┄┄┄┄┄┄┄┄┄┄┄┄┄┄┄┄┄┄┄┄┄┄┄┄┄┄┄┄┄┄┄┄┄┄┄┄┄┄┄┄┄┄┄┄┄┄┄┄┄┄┄┄┄┄┄┄┄┄┄┄┄┄┄┄┄┄┄┄┄┄┄┄┄┄┄┄┄┄┄┄┄┄┄┄┄
│ 🐛 ✅ 0 Artikel aus DB abgerufen (limit: 500, offset: 0).
└───────────────────────────────────────────────────────────────────────────────────────────────────────────────────────
[38;5;12m┌───────────────────────────────────────────────────────────────────────────────────────────────────────────────────────[0m
[38;5;12m│ #0   ArtikelDbService.closeDatabase (package:lager_app/services/artikel_db_service.dart:1169:15)[0m
[38;5;12m│ #1   <asynchronous suspension>[0m
[38;5;12m├┄┄┄┄┄┄┄┄┄┄┄┄┄┄┄┄┄┄┄┄┄┄┄┄┄┄┄┄┄┄┄┄┄┄┄┄┄┄┄┄┄┄┄┄┄┄┄┄┄┄┄┄┄┄┄┄┄┄┄┄┄┄┄┄┄┄┄┄┄┄┄┄┄┄┄┄┄┄┄┄┄┄┄┄┄┄┄┄┄┄┄┄┄┄┄┄┄┄┄┄┄┄┄┄┄┄┄┄┄┄┄┄┄┄┄┄┄┄┄[0m
[38;5;12m│ 💡 ✅ Datenbank geschlossen.[0m
[38;5;12m└───────────────────────────────────────────────────────────────────────────────────────────────────────────────────────[0m
00:03 +121 ~1: /home/germanlion67/lager_app/app/test/services/artikel_db_service_test.dart: ArtikelDbService getAlleArtikel() filtert soft-gelöschte Artikel heraus
*** sqflite warning ***

You are changing sqflite default factory.
Be aware of the potential side effects. Any library using sqflite
will have this factory as the default for all operations.

*** sqflite warning ***

[38;5;12m┌───────────────────────────────────────────────────────────────────────────────────────────────────────────────────────[0m
[38;5;12m│ #0   ArtikelDbService.insertArtikel (package:lager_app/services/artikel_db_service.dart:269:15)[0m
[38;5;12m│ #1   <asynchronous suspension>[0m
[38;5;12m├┄┄┄┄┄┄┄┄┄┄┄┄┄┄┄┄┄┄┄┄┄┄┄┄┄┄┄┄┄┄┄┄┄┄┄┄┄┄┄┄┄┄┄┄┄┄┄┄┄┄┄┄┄┄┄┄┄┄┄┄┄┄┄┄┄┄┄┄┄┄┄┄┄┄┄┄┄┄┄┄┄┄┄┄┄┄┄┄┄┄┄┄┄┄┄┄┄┄┄┄┄┄┄┄┄┄┄┄┄┄┄┄┄┄┄┄┄┄┄[0m
[38;5;12m│ 💡 ✅ Artikel d9da560f-6929-41cf-9c70-fa7abf5be480 (ID: 1) eingefügt/ersetzt.[0m
[38;5;12m└───────────────────────────────────────────────────────────────────────────────────────────────────────────────────────[0m
[38;5;12m┌───────────────────────────────────────────────────────────────────────────────────────────────────────────────────────[0m
[38;5;12m│ #0   ArtikelDbService.insertArtikel (package:lager_app/services/artikel_db_service.dart:269:15)[0m
[38;5;12m│ #1   <asynchronous suspension>[0m
[38;5;12m├┄┄┄┄┄┄┄┄┄┄┄┄┄┄┄┄┄┄┄┄┄┄┄┄┄┄┄┄┄┄┄┄┄┄┄┄┄┄┄┄┄┄┄┄┄┄┄┄┄┄┄┄┄┄┄┄┄┄┄┄┄┄┄┄┄┄┄┄┄┄┄┄┄┄┄┄┄┄┄┄┄┄┄┄┄┄┄┄┄┄┄┄┄┄┄┄┄┄┄┄┄┄┄┄┄┄┄┄┄┄┄┄┄┄┄┄┄┄┄[0m
[38;5;12m│ 💡 ✅ Artikel 85b326e4-2115-460e-88de-49378b5d94f6 (ID: 2) eingefügt/ersetzt.[0m
[38;5;12m└───────────────────────────────────────────────────────────────────────────────────────────────────────────────────────[0m
00:03 +122 ~1: /home/germanlion67/lager_app/app/test/services/artikel_db_service_test.dart: ArtikelDbService getAlleArtikel() filtert soft-gelöschte Artikel heraus
00:03 +123 ~1: /home/germanlion67/lager_app/app/test/services/artikel_db_service_test.dart: ArtikelDbService getAlleArtikel() filtert soft-gelöschte Artikel heraus
00:03 +124 ~1: /home/germanlion67/lager_app/app/test/services/artikel_db_service_test.dart: ArtikelDbService getAlleArtikel() filtert soft-gelöschte Artikel heraus
┌───────────────────────────────────────────────────────────────────────────────────────────────────────────────────────
│ #0   ArtikelDbService.getAlleArtikel (package:lager_app/services/artikel_db_service.dart:295:15)
│ #1   <asynchronous suspension>
├┄┄┄┄┄┄┄┄┄┄┄┄┄┄┄┄┄┄┄┄┄┄┄┄┄┄┄┄┄┄┄┄┄┄┄┄┄┄┄┄┄┄┄┄┄┄┄┄┄┄┄┄┄┄┄┄┄┄┄┄┄┄┄┄┄┄┄┄┄┄┄┄┄┄┄┄┄┄┄┄┄┄┄┄┄┄┄┄┄┄┄┄┄┄┄┄┄┄┄┄┄┄┄┄┄┄┄┄┄┄┄┄┄┄┄┄┄┄┄
│ 🐛 ✅ 1 Artikel aus DB abgerufen (limit: 500, offset: 0).
└───────────────────────────────────────────────────────────────────────────────────────────────────────────────────────
[38;5;12m┌───────────────────────────────────────────────────────────────────────────────────────────────────────────────────────[0m
[38;5;12m│ #0   ArtikelDbService.closeDatabase (package:lager_app/services/artikel_db_service.dart:1169:15)[0m
[38;5;12m│ #1   <asynchronous suspension>[0m
[38;5;12m├┄┄┄┄┄┄┄┄┄┄┄┄┄┄┄┄┄┄┄┄┄┄┄┄┄┄┄┄┄┄┄┄┄┄┄┄┄┄┄┄┄┄┄┄┄┄┄┄┄┄┄┄┄┄┄┄┄┄┄┄┄┄┄┄┄┄┄┄┄┄┄┄┄┄┄┄┄┄┄┄┄┄┄┄┄┄┄┄┄┄┄┄┄┄┄┄┄┄┄┄┄┄┄┄┄┄┄┄┄┄┄┄┄┄┄┄┄┄┄[0m
[38;5;12m│ 💡 ✅ Datenbank geschlossen.[0m
[38;5;12m└───────────────────────────────────────────────────────────────────────────────────────────────────────────────────────[0m
00:03 +125 ~1: /home/germanlion67/lager_app/app/test/services/nextcloud_client_test.dart: testConnection() gibt true bei Status 200 zurück
00:03 +125 ~1: /home/germanlion67/lager_app/app/test/services/artikel_db_service_test.dart: ArtikelDbService getAlleArtikel() respektiert limit-Parameter
*** sqflite warning ***

You are changing sqflite default factory.
Be aware of the potential side effects. Any library using sqflite
will have this factory as the default for all operations.

*** sqflite warning ***

00:03 +125 ~1: /home/germanlion67/lager_app/app/test/services/nextcloud_client_test.dart: testConnection() gibt true bei Status 200 zurück
┌───────────────────────────────────────────────────────────────────────────────────────────────────────────────────────
│ #0   NextcloudClient.testConnection (package:lager_app/services/nextcloud_client.dart:80:15)
│ #1   <asynchronous suspension>
├┄┄┄┄┄┄┄┄┄┄┄┄┄┄┄┄┄┄┄┄┄┄┄┄┄┄┄┄┄┄┄┄┄┄┄┄┄┄┄┄┄┄┄┄┄┄┄┄┄┄┄┄┄┄┄┄┄┄┄┄┄┄┄┄┄┄┄┄┄┄┄┄┄┄┄┄┄┄┄┄┄┄┄┄┄┄┄┄┄┄┄┄┄┄┄┄┄┄┄┄┄┄┄┄┄┄┄┄┄┄┄┄┄┄┄┄┄┄┄
│ 🐛 Connection test response: 200
└───────────────────────────────────────────────────────────────────────────────────────────────────────────────────────
00:03 +126 ~1: /home/germanlion67/lager_app/app/test/services/artikel_db_service_test.dart: ArtikelDbService getAlleArtikel() respektiert limit-Parameter
[38;5;12m┌───────────────────────────────────────────────────────────────────────────────────────────────────────────────────────[0m
[38;5;12m│ #0   ArtikelDbService.insertArtikel (package:lager_app/services/artikel_db_service.dart:269:15)[0m
[38;5;12m│ #1   <asynchronous suspension>[0m
[38;5;12m├┄┄┄┄┄┄┄┄┄┄┄┄┄┄┄┄┄┄┄┄┄┄┄┄┄┄┄┄┄┄┄┄┄┄┄┄┄┄┄┄┄┄┄┄┄┄┄┄┄┄┄┄┄┄┄┄┄┄┄┄┄┄┄┄┄┄┄┄┄┄┄┄┄┄┄┄┄┄┄┄┄┄┄┄┄┄┄┄┄┄┄┄┄┄┄┄┄┄┄┄┄┄┄┄┄┄┄┄┄┄┄┄┄┄┄┄┄┄┄[0m
[38;5;12m│ 💡 ✅ Artikel 8ac75582-e84f-4c92-9e91-31e76dc49205 (ID: 1) eingefügt/ersetzt.[0m
[38;5;12m└───────────────────────────────────────────────────────────────────────────────────────────────────────────────────────[0m
00:03 +126 ~1: /home/germanlion67/lager_app/app/test/services/nextcloud_client_test.dart: testConnection() gibt true bei Status 404 zurück (Server erreichbar)
┌───────────────────────────────────────────────────────────────────────────────────────────────────────────────────────
│ #0   NextcloudClient.testConnection (package:lager_app/services/nextcloud_client.dart:80:15)
│ #1   <asynchronous suspension>
├┄┄┄┄┄┄┄┄┄┄┄┄┄┄┄┄┄┄┄┄┄┄┄┄┄┄┄┄┄┄┄┄┄┄┄┄┄┄┄┄┄┄┄┄┄┄┄┄┄┄┄┄┄┄┄┄┄┄┄┄┄┄┄┄┄┄┄┄┄┄┄┄┄┄┄┄┄┄┄┄┄┄┄┄┄┄┄┄┄┄┄┄┄┄┄┄┄┄┄┄┄┄┄┄┄┄┄┄┄┄┄┄┄┄┄┄┄┄┄
│ 🐛 Connection test response: 404
└───────────────────────────────────────────────────────────────────────────────────────────────────────────────────────
00:03 +127 ~1: /home/germanlion67/lager_app/app/test/services/artikel_db_service_test.dart: ArtikelDbService getAlleArtikel() respektiert limit-Parameter
[38;5;12m┌───────────────────────────────────────────────────────────────────────────────────────────────────────────────────────[0m
[38;5;12m│ #0   ArtikelDbService.insertArtikel (package:lager_app/services/artikel_db_service.dart:269:15)[0m
[38;5;12m│ #1   <asynchronous suspension>[0m
[38;5;12m├┄┄┄┄┄┄┄┄┄┄┄┄┄┄┄┄┄┄┄┄┄┄┄┄┄┄┄┄┄┄┄┄┄┄┄┄┄┄┄┄┄┄┄┄┄┄┄┄┄┄┄┄┄┄┄┄┄┄┄┄┄┄┄┄┄┄┄┄┄┄┄┄┄┄┄┄┄┄┄┄┄┄┄┄┄┄┄┄┄┄┄┄┄┄┄┄┄┄┄┄┄┄┄┄┄┄┄┄┄┄┄┄┄┄┄┄┄┄┄[0m
[38;5;12m│ 💡 ✅ Artikel 7d77191c-8067-445e-b787-003b232d527f (ID: 2) eingefügt/ersetzt.[0m
[38;5;12m└───────────────────────────────────────────────────────────────────────────────────────────────────────────────────────[0m
[38;5;12m┌───────────────────────────────────────────────────────────────────────────────────────────────────────────────────────[0m
[38;5;12m│ #0   ArtikelDbService.insertArtikel (package:lager_app/services/artikel_db_service.dart:269:15)[0m
[38;5;12m│ #1   <asynchronous suspension>[0m
[38;5;12m├┄┄┄┄┄┄┄┄┄┄┄┄┄┄┄┄┄┄┄┄┄┄┄┄┄┄┄┄┄┄┄┄┄┄┄┄┄┄┄┄┄┄┄┄┄┄┄┄┄┄┄┄┄┄┄┄┄┄┄┄┄┄┄┄┄┄┄┄┄┄┄┄┄┄┄┄┄┄┄┄┄┄┄┄┄┄┄┄┄┄┄┄┄┄┄┄┄┄┄┄┄┄┄┄┄┄┄┄┄┄┄┄┄┄┄┄┄┄┄[0m
[38;5;12m│ 💡 ✅ Artikel 77fe8d58-4eaa-4328-9185-b1af2f517ecd (ID: 3) eingefügt/ersetzt.[0m
[38;5;12m└───────────────────────────────────────────────────────────────────────────────────────────────────────────────────────[0m
[38;5;12m┌───────────────────────────────────────────────────────────────────────────────────────────────────────────────────────[0m
[38;5;12m│ #0   ArtikelDbService.insertArtikel (package:lager_app/services/artikel_db_service.dart:269:15)[0m
[38;5;12m│ #1   <asynchronous suspension>[0m
[38;5;12m├┄┄┄┄┄┄┄┄┄┄┄┄┄┄┄┄┄┄┄┄┄┄┄┄┄┄┄┄┄┄┄┄┄┄┄┄┄┄┄┄┄┄┄┄┄┄┄┄┄┄┄┄┄┄┄┄┄┄┄┄┄┄┄┄┄┄┄┄┄┄┄┄┄┄┄┄┄┄┄┄┄┄┄┄┄┄┄┄┄┄┄┄┄┄┄┄┄┄┄┄┄┄┄┄┄┄┄┄┄┄┄┄┄┄┄┄┄┄┄[0m
[38;5;12m│ 💡 ✅ Artikel 12895621-5881-4029-bdfc-cdde981ef684 (ID: 4) eingefügt/ersetzt.[0m
[38;5;12m└───────────────────────────────────────────────────────────────────────────────────────────────────────────────────────[0m
00:03 +127 ~1: /home/germanlion67/lager_app/app/test/services/nextcloud_client_test.dart: testConnection() gibt false bei Status 500 zurück
┌───────────────────────────────────────────────────────────────────────────────────────────────────────────────────────
│ #0   NextcloudClient.testConnection (package:lager_app/services/nextcloud_client.dart:80:15)
│ #1   <asynchronous suspension>
├┄┄┄┄┄┄┄┄┄┄┄┄┄┄┄┄┄┄┄┄┄┄┄┄┄┄┄┄┄┄┄┄┄┄┄┄┄┄┄┄┄┄┄┄┄┄┄┄┄┄┄┄┄┄┄┄┄┄┄┄┄┄┄┄┄┄┄┄┄┄┄┄┄┄┄┄┄┄┄┄┄┄┄┄┄┄┄┄┄┄┄┄┄┄┄┄┄┄┄┄┄┄┄┄┄┄┄┄┄┄┄┄┄┄┄┄┄┄┄
│ 🐛 Connection test response: 500
└───────────────────────────────────────────────────────────────────────────────────────────────────────────────────────
00:03 +128 ~1: /home/germanlion67/lager_app/app/test/services/artikel_db_service_test.dart: ArtikelDbService getAlleArtikel() respektiert limit-Parameter
[38;5;12m┌───────────────────────────────────────────────────────────────────────────────────────────────────────────────────────[0m
[38;5;12m│ #0   ArtikelDbService.insertArtikel (package:lager_app/services/artikel_db_service.dart:269:15)[0m
[38;5;12m│ #1   <asynchronous suspension>[0m
[38;5;12m├┄┄┄┄┄┄┄┄┄┄┄┄┄┄┄┄┄┄┄┄┄┄┄┄┄┄┄┄┄┄┄┄┄┄┄┄┄┄┄┄┄┄┄┄┄┄┄┄┄┄┄┄┄┄┄┄┄┄┄┄┄┄┄┄┄┄┄┄┄┄┄┄┄┄┄┄┄┄┄┄┄┄┄┄┄┄┄┄┄┄┄┄┄┄┄┄┄┄┄┄┄┄┄┄┄┄┄┄┄┄┄┄┄┄┄┄┄┄┄[0m
[38;5;12m│ 💡 ✅ Artikel 5b6d72ef-9dcc-4b68-a63b-ff94d85d62ac (ID: 5) eingefügt/ersetzt.[0m
[38;5;12m└───────────────────────────────────────────────────────────────────────────────────────────────────────────────────────[0m
[38;5;12m┌───────────────────────────────────────────────────────────────────────────────────────────────────────────────────────[0m
[38;5;12m│ #0   ArtikelDbService.insertArtikel (package:lager_app/services/artikel_db_service.dart:269:15)[0m
[38;5;12m│ #1   <asynchronous suspension>[0m
[38;5;12m├┄┄┄┄┄┄┄┄┄┄┄┄┄┄┄┄┄┄┄┄┄┄┄┄┄┄┄┄┄┄┄┄┄┄┄┄┄┄┄┄┄┄┄┄┄┄┄┄┄┄┄┄┄┄┄┄┄┄┄┄┄┄┄┄┄┄┄┄┄┄┄┄┄┄┄┄┄┄┄┄┄┄┄┄┄┄┄┄┄┄┄┄┄┄┄┄┄┄┄┄┄┄┄┄┄┄┄┄┄┄┄┄┄┄┄┄┄┄┄[0m
[38;5;12m│ 💡 ✅ Artikel f15ac2ef-6672-4821-9d75-201d4909d5d8 (ID: 6) eingefügt/ersetzt.[0m
[38;5;12m└───────────────────────────────────────────────────────────────────────────────────────────────────────────────────────[0m
[38;5;12m┌───────────────────────────────────────────────────────────────────────────────────────────────────────────────────────[0m
[38;5;12m│ #0   ArtikelDbService.insertArtikel (package:lager_app/services/artikel_db_service.dart:269:15)[0m
[38;5;12m│ #1   <asynchronous suspension>[0m
[38;5;12m├┄┄┄┄┄┄┄┄┄┄┄┄┄┄┄┄┄┄┄┄┄┄┄┄┄┄┄┄┄┄┄┄┄┄┄┄┄┄┄┄┄┄┄┄┄┄┄┄┄┄┄┄┄┄┄┄┄┄┄┄┄┄┄┄┄┄┄┄┄┄┄┄┄┄┄┄┄┄┄┄┄┄┄┄┄┄┄┄┄┄┄┄┄┄┄┄┄┄┄┄┄┄┄┄┄┄┄┄┄┄┄┄┄┄┄┄┄┄┄[0m
[38;5;12m│ 💡 ✅ Artikel 443fb5c3-ef83-4547-8092-e7fbc56d3623 (ID: 7) eingefügt/ersetzt.[0m
[38;5;12m└───────────────────────────────────────────────────────────────────────────────────────────────────────────────────────[0m
00:04 +128 ~1: /home/germanlion67/lager_app/app/test/services/nextcloud_client_test.dart: testConnection() gibt false bei Exception zurück
[38;5;196m┌───────────────────────────────────────────────────────────────────────────────────────────────────────────────────────[0m
[38;5;196m│ #0   NextcloudClient.testConnection (package:lager_app/services/nextcloud_client.dart:83:15)[0m
[38;5;196m│ #1   <asynchronous suspension>[0m
[38;5;196m├┄┄┄┄┄┄┄┄┄┄┄┄┄┄┄┄┄┄┄┄┄┄┄┄┄┄┄┄┄┄┄┄┄┄┄┄┄┄┄┄┄┄┄┄┄┄┄┄┄┄┄┄┄┄┄┄┄┄┄┄┄┄┄┄┄┄┄┄┄┄┄┄┄┄┄┄┄┄┄┄┄┄┄┄┄┄┄┄┄┄┄┄┄┄┄┄┄┄┄┄┄┄┄┄┄┄┄┄┄┄┄┄┄┄┄┄┄┄┄[0m
[38;5;196m│ ⛔ Connection test failed: Exception: network error[0m
[38;5;196m└───────────────────────────────────────────────────────────────────────────────────────────────────────────────────────[0m
00:04 +128 ~1: /home/germanlion67/lager_app/app/test/services/artikel_db_service_test.dart: ArtikelDbService getAlleArtikel() respektiert limit-Parameter
[38;5;12m┌───────────────────────────────────────────────────────────────────────────────────────────────────────────────────────[0m
[38;5;12m│ #0   ArtikelDbService.insertArtikel (package:lager_app/services/artikel_db_service.dart:269:15)[0m
[38;5;12m│ #1   <asynchronous suspension>[0m
[38;5;12m├┄┄┄┄┄┄┄┄┄┄┄┄┄┄┄┄┄┄┄┄┄┄┄┄┄┄┄┄┄┄┄┄┄┄┄┄┄┄┄┄┄┄┄┄┄┄┄┄┄┄┄┄┄┄┄┄┄┄┄┄┄┄┄┄┄┄┄┄┄┄┄┄┄┄┄┄┄┄┄┄┄┄┄┄┄┄┄┄┄┄┄┄┄┄┄┄┄┄┄┄┄┄┄┄┄┄┄┄┄┄┄┄┄┄┄┄┄┄┄[0m
[38;5;12m│ 💡 ✅ Artikel e6955768-7ebc-4206-9960-a4afdd5a26f9 (ID: 8) eingefügt/ersetzt.[0m
[38;5;12m└───────────────────────────────────────────────────────────────────────────────────────────────────────────────────────[0m
00:04 +129 ~1: /home/germanlion67/lager_app/app/test/services/artikel_db_service_test.dart: ArtikelDbService getAlleArtikel() respektiert limit-Parameter
[38;5;12m┌───────────────────────────────────────────────────────────────────────────────────────────────────────────────────────[0m
[38;5;12m│ #0   ArtikelDbService.insertArtikel (package:lager_app/services/artikel_db_service.dart:269:15)[0m
[38;5;12m│ #1   <asynchronous suspension>[0m
[38;5;12m├┄┄┄┄┄┄┄┄┄┄┄┄┄┄┄┄┄┄┄┄┄┄┄┄┄┄┄┄┄┄┄┄┄┄┄┄┄┄┄┄┄┄┄┄┄┄┄┄┄┄┄┄┄┄┄┄┄┄┄┄┄┄┄┄┄┄┄┄┄┄┄┄┄┄┄┄┄┄┄┄┄┄┄┄┄┄┄┄┄┄┄┄┄┄┄┄┄┄┄┄┄┄┄┄┄┄┄┄┄┄┄┄┄┄┄┄┄┄┄[0m
[38;5;12m│ 💡 ✅ Artikel 3702e2a9-c7c2-493c-9e0c-f84bb1946e61 (ID: 9) eingefügt/ersetzt.[0m
[38;5;12m└───────────────────────────────────────────────────────────────────────────────────────────────────────────────────────[0m
[38;5;12m┌───────────────────────────────────────────────────────────────────────────────────────────────────────────────────────[0m
[38;5;12m│ #0   ArtikelDbService.insertArtikel (package:lager_app/services/artikel_db_service.dart:269:15)[0m
[38;5;12m│ #1   <asynchronous suspension>[0m
[38;5;12m├┄┄┄┄┄┄┄┄┄┄┄┄┄┄┄┄┄┄┄┄┄┄┄┄┄┄┄┄┄┄┄┄┄┄┄┄┄┄┄┄┄┄┄┄┄┄┄┄┄┄┄┄┄┄┄┄┄┄┄┄┄┄┄┄┄┄┄┄┄┄┄┄┄┄┄┄┄┄┄┄┄┄┄┄┄┄┄┄┄┄┄┄┄┄┄┄┄┄┄┄┄┄┄┄┄┄┄┄┄┄┄┄┄┄┄┄┄┄┄[0m
[38;5;12m│ 💡 ✅ Artikel f681edd5-4243-4fef-95ad-afd0ce86b7e6 (ID: 10) eingefügt/ersetzt.[0m
[38;5;12m└───────────────────────────────────────────────────────────────────────────────────────────────────────────────────────[0m
00:04 +129 ~1: /home/germanlion67/lager_app/app/test/services/nextcloud_client_test.dart: testConnection() sendet korrekte Auth-Header
┌───────────────────────────────────────────────────────────────────────────────────────────────────────────────────────
│ #0   NextcloudClient.testConnection (package:lager_app/services/nextcloud_client.dart:80:15)
│ #1   <asynchronous suspension>
├┄┄┄┄┄┄┄┄┄┄┄┄┄┄┄┄┄┄┄┄┄┄┄┄┄┄┄┄┄┄┄┄┄┄┄┄┄┄┄┄┄┄┄┄┄┄┄┄┄┄┄┄┄┄┄┄┄┄┄┄┄┄┄┄┄┄┄┄┄┄┄┄┄┄┄┄┄┄┄┄┄┄┄┄┄┄┄┄┄┄┄┄┄┄┄┄┄┄┄┄┄┄┄┄┄┄┄┄┄┄┄┄┄┄┄┄┄┄┄
00:04 +129 ~1: /home/germanlion67/lager_app/app/test/services/artikel_db_service_test.dart: ArtikelDbService getAlleArtikel() respektiert limit-Parameter
┌───────────────────────────────────────────────────────────────────────────────────────────────────────────────────────
│ #0   ArtikelDbService.getAlleArtikel (package:lager_app/services/artikel_db_service.dart:295:15)
│ #1   <asynchronous suspension>
├┄┄┄┄┄┄┄┄┄┄┄┄┄┄┄┄┄┄┄┄┄┄┄┄┄┄┄┄┄┄┄┄┄┄┄┄┄┄┄┄┄┄┄┄┄┄┄┄┄┄┄┄┄┄┄┄┄┄┄┄┄┄┄┄┄┄┄┄┄┄┄┄┄┄┄┄┄┄┄┄┄┄┄┄┄┄┄┄┄┄┄┄┄┄┄┄┄┄┄┄┄┄┄┄┄┄┄┄┄┄┄┄┄┄┄┄┄┄┄
│ 🐛 ✅ 3 Artikel aus DB abgerufen (limit: 3, offset: 0).
└───────────────────────────────────────────────────────────────────────────────────────────────────────────────────────
00:04 +129 ~1: /home/germanlion67/lager_app/app/test/services/nextcloud_client_test.dart: testConnection() sendet korrekte Auth-Header
│ 🐛 Connection test response: 200
└───────────────────────────────────────────────────────────────────────────────────────────────────────────────────────
00:04 +130 ~1: /home/germanlion67/lager_app/app/test/services/artikel_db_service_test.dart: ArtikelDbService getAlleArtikel() respektiert limit-Parameter
[38;5;12m┌───────────────────────────────────────────────────────────────────────────────────────────────────────────────────────[0m
[38;5;12m│ #0   ArtikelDbService.closeDatabase (package:lager_app/services/artikel_db_service.dart:1169:15)[0m
[38;5;12m│ #1   <asynchronous suspension>[0m
[38;5;12m├┄┄┄┄┄┄┄┄┄┄┄┄┄┄┄┄┄┄┄┄┄┄┄┄┄┄┄┄┄┄┄┄┄┄┄┄┄┄┄┄┄┄┄┄┄┄┄┄┄┄┄┄┄┄┄┄┄┄┄┄┄┄┄┄┄┄┄┄┄┄┄┄┄┄┄┄┄┄┄┄┄┄┄┄┄┄┄┄┄┄┄┄┄┄┄┄┄┄┄┄┄┄┄┄┄┄┄┄┄┄┄┄┄┄┄┄┄┄┄[0m
[38;5;12m│ 💡 ✅ Datenbank geschlossen.[0m
[38;5;12m└───────────────────────────────────────────────────────────────────────────────────────────────────────────────────────[0m
00:04 +131 ~1: /home/germanlion67/lager_app/app/test/services/nextcloud_client_test.dart: createFolder() gibt true bei Status 201 zurück
00:04 +131 ~1: /home/germanlion67/lager_app/app/test/services/artikel_db_service_test.dart: ArtikelDbService getAlleArtikel() respektiert offset-Parameter (Pagination)
*** sqflite warning ***

You are changing sqflite default factory.
Be aware of the potential side effects. Any library using sqflite
will have this factory as the default for all operations.

*** sqflite warning ***

00:04 +131 ~1: /home/germanlion67/lager_app/app/test/services/nextcloud_client_test.dart: createFolder() gibt true bei Status 201 zurück
┌───────────────────────────────────────────────────────────────────────────────────────────────────────────────────────
│ #0   NextcloudClient.createFolder (package:lager_app/services/nextcloud_client.dart:100:15)
│ #1   <asynchronous suspension>
├┄┄┄┄┄┄┄┄┄┄┄┄┄┄┄┄┄┄┄┄┄┄┄┄┄┄┄┄┄┄┄┄┄┄┄┄┄┄┄┄┄┄┄┄┄┄┄┄┄┄┄┄┄┄┄┄┄┄┄┄┄┄┄┄┄┄┄┄┄┄┄┄┄┄┄┄┄┄┄┄┄┄┄┄┄┄┄┄┄┄┄┄┄┄┄┄┄┄┄┄┄┄┄┄┄┄┄┄┄┄┄┄┄┄┄┄┄┄┄
│ 🐛 Create folder items/: 201
└───────────────────────────────────────────────────────────────────────────────────────────────────────────────────────
00:04 +132 ~1: /home/germanlion67/lager_app/app/test/services/artikel_db_service_test.dart: ArtikelDbService getAlleArtikel() respektiert offset-Parameter (Pagination)
[38;5;12m┌───────────────────────────────────────────────────────────────────────────────────────────────────────────────────────[0m
[38;5;12m│ #0   ArtikelDbService.insertArtikel (package:lager_app/services/artikel_db_service.dart:269:15)[0m
[38;5;12m│ #1   <asynchronous suspension>[0m
[38;5;12m├┄┄┄┄┄┄┄┄┄┄┄┄┄┄┄┄┄┄┄┄┄┄┄┄┄┄┄┄┄┄┄┄┄┄┄┄┄┄┄┄┄┄┄┄┄┄┄┄┄┄┄┄┄┄┄┄┄┄┄┄┄┄┄┄┄┄┄┄┄┄┄┄┄┄┄┄┄┄┄┄┄┄┄┄┄┄┄┄┄┄┄┄┄┄┄┄┄┄┄┄┄┄┄┄┄┄┄┄┄┄┄┄┄┄┄┄┄┄┄[0m
[38;5;12m│ 💡 ✅ Artikel 5c861cc6-8a84-4071-ad97-be0cb604b80e (ID: 1) eingefügt/ersetzt.[0m
[38;5;12m└───────────────────────────────────────────────────────────────────────────────────────────────────────────────────────[0m
00:04 +132 ~1: /home/germanlion67/lager_app/app/test/services/nextcloud_client_test.dart: createFolder() gibt true bei Status 405 (Ordner existiert)
┌───────────────────────────────────────────────────────────────────────────────────────────────────────────────────────
│ #0   NextcloudClient.createFolder (package:lager_app/services/nextcloud_client.dart:100:15)
│ #1   <asynchronous suspension>
├┄┄┄┄┄┄┄┄┄┄┄┄┄┄┄┄┄┄┄┄┄┄┄┄┄┄┄┄┄┄┄┄┄┄┄┄┄┄┄┄┄┄┄┄┄┄┄┄┄┄┄┄┄┄┄┄┄┄┄┄┄┄┄┄┄┄┄┄┄┄┄┄┄┄┄┄┄┄┄┄┄┄┄┄┄┄┄┄┄┄┄┄┄┄┄┄┄┄┄┄┄┄┄┄┄┄┄┄┄┄┄┄┄┄┄┄┄┄┄
│ 🐛 Create folder items/: 405
└───────────────────────────────────────────────────────────────────────────────────────────────────────────────────────
00:04 +133 ~1: /home/germanlion67/lager_app/app/test/services/artikel_db_service_test.dart: ArtikelDbService getAlleArtikel() respektiert offset-Parameter (Pagination)
[38;5;12m┌───────────────────────────────────────────────────────────────────────────────────────────────────────────────────────[0m
[38;5;12m│ #0   ArtikelDbService.insertArtikel (package:lager_app/services/artikel_db_service.dart:269:15)[0m
[38;5;12m│ #1   <asynchronous suspension>[0m
[38;5;12m├┄┄┄┄┄┄┄┄┄┄┄┄┄┄┄┄┄┄┄┄┄┄┄┄┄┄┄┄┄┄┄┄┄┄┄┄┄┄┄┄┄┄┄┄┄┄┄┄┄┄┄┄┄┄┄┄┄┄┄┄┄┄┄┄┄┄┄┄┄┄┄┄┄┄┄┄┄┄┄┄┄┄┄┄┄┄┄┄┄┄┄┄┄┄┄┄┄┄┄┄┄┄┄┄┄┄┄┄┄┄┄┄┄┄┄┄┄┄┄[0m
[38;5;12m│ 💡 ✅ Artikel 70f3fb7d-9a21-44d5-9c44-398d72140b0f (ID: 2) eingefügt/ersetzt.[0m
[38;5;12m└───────────────────────────────────────────────────────────────────────────────────────────────────────────────────────[0m
[38;5;12m┌───────────────────────────────────────────────────────────────────────────────────────────────────────────────────────[0m
[38;5;12m│ #0   ArtikelDbService.insertArtikel (package:lager_app/services/artikel_db_service.dart:269:15)[0m
[38;5;12m│ #1   <asynchronous suspension>[0m
[38;5;12m├┄┄┄┄┄┄┄┄┄┄┄┄┄┄┄┄┄┄┄┄┄┄┄┄┄┄┄┄┄┄┄┄┄┄┄┄┄┄┄┄┄┄┄┄┄┄┄┄┄┄┄┄┄┄┄┄┄┄┄┄┄┄┄┄┄┄┄┄┄┄┄┄┄┄┄┄┄┄┄┄┄┄┄┄┄┄┄┄┄┄┄┄┄┄┄┄┄┄┄┄┄┄┄┄┄┄┄┄┄┄┄┄┄┄┄┄┄┄┄[0m
[38;5;12m│ 💡 ✅ Artikel 20be18ff-02ed-4ece-be33-f71ae53f03e4 (ID: 3) eingefügt/ersetzt.[0m
[38;5;12m└───────────────────────────────────────────────────────────────────────────────────────────────────────────────────────[0m
[38;5;12m┌───────────────────────────────────────────────────────────────────────────────────────────────────────────────────────[0m
[38;5;12m│ #0   ArtikelDbService.insertArtikel (package:lager_app/services/artikel_db_service.dart:269:15)[0m
[38;5;12m│ #1   <asynchronous suspension>[0m
[38;5;12m├┄┄┄┄┄┄┄┄┄┄┄┄┄┄┄┄┄┄┄┄┄┄┄┄┄┄┄┄┄┄┄┄┄┄┄┄┄┄┄┄┄┄┄┄┄┄┄┄┄┄┄┄┄┄┄┄┄┄┄┄┄┄┄┄┄┄┄┄┄┄┄┄┄┄┄┄┄┄┄┄┄┄┄┄┄┄┄┄┄┄┄┄┄┄┄┄┄┄┄┄┄┄┄┄┄┄┄┄┄┄┄┄┄┄┄┄┄┄┄[0m
[38;5;12m│ 💡 ✅ Artikel a9caa392-04b6-4154-84dd-b4d16a12912f (ID: 4) eingefügt/ersetzt.[0m
[38;5;12m└───────────────────────────────────────────────────────────────────────────────────────────────────────────────────────[0m
00:04 +133 ~1: /home/germanlion67/lager_app/app/test/services/nextcloud_client_test.dart: createFolder() gibt false bei Status 500
┌───────────────────────────────────────────────────────────────────────────────────────────────────────────────────────
│ #0   NextcloudClient.createFolder (package:lager_app/services/nextcloud_client.dart:100:15)
│ #1   <asynchronous suspension>
├┄┄┄┄┄┄┄┄┄┄┄┄┄┄┄┄┄┄┄┄┄┄┄┄┄┄┄┄┄┄┄┄┄┄┄┄┄┄┄┄┄┄┄┄┄┄┄┄┄┄┄┄┄┄┄┄┄┄┄┄┄┄┄┄┄┄┄┄┄┄┄┄┄┄┄┄┄┄┄┄┄┄┄┄┄┄┄┄┄┄┄┄┄┄┄┄┄┄┄┄┄┄┄┄┄┄┄┄┄┄┄┄┄┄┄┄┄┄┄
│ 🐛 Create folder items/: 500
└───────────────────────────────────────────────────────────────────────────────────────────────────────────────────────
00:04 +134 ~1: /home/germanlion67/lager_app/app/test/services/artikel_db_service_test.dart: ArtikelDbService getAlleArtikel() respektiert offset-Parameter (Pagination)
[38;5;12m┌───────────────────────────────────────────────────────────────────────────────────────────────────────────────────────[0m
[38;5;12m│ #0   ArtikelDbService.insertArtikel (package:lager_app/services/artikel_db_service.dart:269:15)[0m
[38;5;12m│ #1   <asynchronous suspension>[0m
[38;5;12m├┄┄┄┄┄┄┄┄┄┄┄┄┄┄┄┄┄┄┄┄┄┄┄┄┄┄┄┄┄┄┄┄┄┄┄┄┄┄┄┄┄┄┄┄┄┄┄┄┄┄┄┄┄┄┄┄┄┄┄┄┄┄┄┄┄┄┄┄┄┄┄┄┄┄┄┄┄┄┄┄┄┄┄┄┄┄┄┄┄┄┄┄┄┄┄┄┄┄┄┄┄┄┄┄┄┄┄┄┄┄┄┄┄┄┄┄┄┄┄[0m
[38;5;12m│ 💡 ✅ Artikel c390d781-cd57-43e3-ad12-a96d64a56584 (ID: 5) eingefügt/ersetzt.[0m
[38;5;12m└───────────────────────────────────────────────────────────────────────────────────────────────────────────────────────[0m
┌───────────────────────────────────────────────────────────────────────────────────────────────────────────────────────
│ #0   ArtikelDbService.getAlleArtikel (package:lager_app/services/artikel_db_service.dart:295:15)
│ #1   <asynchronous suspension>
├┄┄┄┄┄┄┄┄┄┄┄┄┄┄┄┄┄┄┄┄┄┄┄┄┄┄┄┄┄┄┄┄┄┄┄┄┄┄┄┄┄┄┄┄┄┄┄┄┄┄┄┄┄┄┄┄┄┄┄┄┄┄┄┄┄┄┄┄┄┄┄┄┄┄┄┄┄┄┄┄┄┄┄┄┄┄┄┄┄┄┄┄┄┄┄┄┄┄┄┄┄┄┄┄┄┄┄┄┄┄┄┄┄┄┄┄┄┄┄
│ 🐛 ✅ 2 Artikel aus DB abgerufen (limit: 2, offset: 0).
└───────────────────────────────────────────────────────────────────────────────────────────────────────────────────────
┌───────────────────────────────────────────────────────────────────────────────────────────────────────────────────────
│ #0   ArtikelDbService.getAlleArtikel (package:lager_app/services/artikel_db_service.dart:295:15)
│ #1   <asynchronous suspension>
├┄┄┄┄┄┄┄┄┄┄┄┄┄┄┄┄┄┄┄┄┄┄┄┄┄┄┄┄┄┄┄┄┄┄┄┄┄┄┄┄┄┄┄┄┄┄┄┄┄┄┄┄┄┄┄┄┄┄┄┄┄┄┄┄┄┄┄┄┄┄┄┄┄┄┄┄┄┄┄┄┄┄┄┄┄┄┄┄┄┄┄┄┄┄┄┄┄┄┄┄┄┄┄┄┄┄┄┄┄┄┄┄┄┄┄┄┄┄┄
│ 🐛 ✅ 2 Artikel aus DB abgerufen (limit: 2, offset: 2).
└───────────────────────────────────────────────────────────────────────────────────────────────────────────────────────
00:04 +134 ~1: /home/germanlion67/lager_app/app/test/services/nextcloud_client_test.dart: createFolder() gibt false bei Exception
[38;5;196m┌───────────────────────────────────────────────────────────────────────────────────────────────────────────────────────[0m
[38;5;196m│ #0   NextcloudClient.createFolder (package:lager_app/services/nextcloud_client.dart:103:15)[0m
[38;5;196m│ #1   <asynchronous suspension>[0m
[38;5;196m├┄┄┄┄┄┄┄┄┄┄┄┄┄┄┄┄┄┄┄┄┄┄┄┄┄┄┄┄┄┄┄┄┄┄┄┄┄┄┄┄┄┄┄┄┄┄┄┄┄┄┄┄┄┄┄┄┄┄┄┄┄┄┄┄┄┄┄┄┄┄┄┄┄┄┄┄┄┄┄┄┄┄┄┄┄┄┄┄┄┄┄┄┄┄┄┄┄┄┄┄┄┄┄┄┄┄┄┄┄┄┄┄┄┄┄┄┄┄┄[0m
[38;5;196m│ ⛔ Failed to create folder items/: Exception: timeout[0m
[38;5;196m└───────────────────────────────────────────────────────────────────────────────────────────────────────────────────────[0m
00:04 +135 ~1: /home/germanlion67/lager_app/app/test/services/artikel_db_service_test.dart: ArtikelDbService getAlleArtikel() respektiert offset-Parameter (Pagination)
[38;5;12m┌───────────────────────────────────────────────────────────────────────────────────────────────────────────────────────[0m
[38;5;12m│ #0   ArtikelDbService.closeDatabase (package:lager_app/services/artikel_db_service.dart:1169:15)[0m
[38;5;12m│ #1   <asynchronous suspension>[0m
[38;5;12m├┄┄┄┄┄┄┄┄┄┄┄┄┄┄┄┄┄┄┄┄┄┄┄┄┄┄┄┄┄┄┄┄┄┄┄┄┄┄┄┄┄┄┄┄┄┄┄┄┄┄┄┄┄┄┄┄┄┄┄┄┄┄┄┄┄┄┄┄┄┄┄┄┄┄┄┄┄┄┄┄┄┄┄┄┄┄┄┄┄┄┄┄┄┄┄┄┄┄┄┄┄┄┄┄┄┄┄┄┄┄┄┄┄┄┄┄┄┄┄[0m
[38;5;12m│ 💡 ✅ Datenbank geschlossen.[0m
[38;5;12m└───────────────────────────────────────────────────────────────────────────────────────────────────────────────────────[0m
00:04 +136 ~1: /home/germanlion67/lager_app/app/test/services/nextcloud_client_test.dart: listItemsEtags() parst PROPFIND-Response mit einem Item
00:04 +136 ~1: /home/germanlion67/lager_app/app/test/services/artikel_db_service_test.dart: ArtikelDbService getAlleArtikel() gibt Artikel in absteigender ID-Reihenfolge zurück
*** sqflite warning ***

You are changing sqflite default factory.
Be aware of the potential side effects. Any library using sqflite
will have this factory as the default for all operations.

*** sqflite warning ***

[38;5;12m┌───────────────────────────────────────────────────────────────────────────────────────────────────────────────────────[0m
[38;5;12m│ #0   ArtikelDbService.insertArtikel (package:lager_app/services/artikel_db_service.dart:269:15)[0m
[38;5;12m│ #1   <asynchronous suspension>[0m
[38;5;12m├┄┄┄┄┄┄┄┄┄┄┄┄┄┄┄┄┄┄┄┄┄┄┄┄┄┄┄┄┄┄┄┄┄┄┄┄┄┄┄┄┄┄┄┄┄┄┄┄┄┄┄┄┄┄┄┄┄┄┄┄┄┄┄┄┄┄┄┄┄┄┄┄┄┄┄┄┄┄┄┄┄┄┄┄┄┄┄┄┄┄┄┄┄┄┄┄┄┄┄┄┄┄┄┄┄┄┄┄┄┄┄┄┄┄┄┄┄┄┄[0m
[38;5;12m│ 💡 ✅ Artikel d7f4676a-e521-4afe-9809-9510673f1f5f (ID: 1) eingefügt/ersetzt.[0m
[38;5;12m└───────────────────────────────────────────────────────────────────────────────────────────────────────────────────────[0m
[38;5;12m┌───────────────────────────────────────────────────────────────────────────────────────────────────────────────────────[0m
[38;5;12m│ #0   ArtikelDbService.insertArtikel (package:lager_app/services/artikel_db_service.dart:269:15)[0m
[38;5;12m│ #1   <asynchronous suspension>[0m
[38;5;12m├┄┄┄┄┄┄┄┄┄┄┄┄┄┄┄┄┄┄┄┄┄┄┄┄┄┄┄┄┄┄┄┄┄┄┄┄┄┄┄┄┄┄┄┄┄┄┄┄┄┄┄┄┄┄┄┄┄┄┄┄┄┄┄┄┄┄┄┄┄┄┄┄┄┄┄┄┄┄┄┄┄┄┄┄┄┄┄┄┄┄┄┄┄┄┄┄┄┄┄┄┄┄┄┄┄┄┄┄┄┄┄┄┄┄┄┄┄┄┄[0m
[38;5;12m│ 💡 ✅ Artikel 7d0cd292-9951-4eac-ba05-c06e951e9ae9 (ID: 2) eingefügt/ersetzt.[0m
[38;5;12m└───────────────────────────────────────────────────────────────────────────────────────────────────────────────────────[0m
[38;5;12m┌───────────────────────────────────────────────────────────────────────────────────────────────────────────────────────[0m
[38;5;12m│ #0   ArtikelDbService.insertArtikel (package:lager_app/services/artikel_db_service.dart:269:15)[0m
[38;5;12m│ #1   <asynchronous suspension>[0m
[38;5;12m├┄┄┄┄┄┄┄┄┄┄┄┄┄┄┄┄┄┄┄┄┄┄┄┄┄┄┄┄┄┄┄┄┄┄┄┄┄┄┄┄┄┄┄┄┄┄┄┄┄┄┄┄┄┄┄┄┄┄┄┄┄┄┄┄┄┄┄┄┄┄┄┄┄┄┄┄┄┄┄┄┄┄┄┄┄┄┄┄┄┄┄┄┄┄┄┄┄┄┄┄┄┄┄┄┄┄┄┄┄┄┄┄┄┄┄┄┄┄┄[0m
[38;5;12m│ 💡 ✅ Artikel 576a9a2f-6330-4342-8198-404f71732fd3 (ID: 3) eingefügt/ersetzt.[0m
[38;5;12m└───────────────────────────────────────────────────────────────────────────────────────────────────────────────────────[0m
┌───────────────────────────────────────────────────────────────────────────────────────────────────────────────────────
│ #0   ArtikelDbService.getAlleArtikel (package:lager_app/services/artikel_db_service.dart:295:15)
│ #1   <asynchronous suspension>
├┄┄┄┄┄┄┄┄┄┄┄┄┄┄┄┄┄┄┄┄┄┄┄┄┄┄┄┄┄┄┄┄┄┄┄┄┄┄┄┄┄┄┄┄┄┄┄┄┄┄┄┄┄┄┄┄┄┄┄┄┄┄┄┄┄┄┄┄┄┄┄┄┄┄┄┄┄┄┄┄┄┄┄┄┄┄┄┄┄┄┄┄┄┄┄┄┄┄┄┄┄┄┄┄┄┄┄┄┄┄┄┄┄┄┄┄┄┄┄
│ 🐛 ✅ 3 Artikel aus DB abgerufen (limit: 500, offset: 0).
└───────────────────────────────────────────────────────────────────────────────────────────────────────────────────────
[38;5;12m┌───────────────────────────────────────────────────────────────────────────────────────────────────────────────────────[0m
[38;5;12m│ #0   ArtikelDbService.closeDatabase (package:lager_app/services/artikel_db_service.dart:1169:15)[0m
[38;5;12m│ #1   <asynchronous suspension>[0m
[38;5;12m├┄┄┄┄┄┄┄┄┄┄┄┄┄┄┄┄┄┄┄┄┄┄┄┄┄┄┄┄┄┄┄┄┄┄┄┄┄┄┄┄┄┄┄┄┄┄┄┄┄┄┄┄┄┄┄┄┄┄┄┄┄┄┄┄┄┄┄┄┄┄┄┄┄┄┄┄┄┄┄┄┄┄┄┄┄┄┄┄┄┄┄┄┄┄┄┄┄┄┄┄┄┄┄┄┄┄┄┄┄┄┄┄┄┄┄┄┄┄┄[0m
[38;5;12m│ 💡 ✅ Datenbank geschlossen.[0m
[38;5;12m└───────────────────────────────────────────────────────────────────────────────────────────────────────────────────────[0m
00:04 +137 ~1: /home/germanlion67/lager_app/app/test/services/nextcloud_client_test.dart: listItemsEtags() parst PROPFIND-Response mit einem Item
00:04 +137 ~1: /home/germanlion67/lager_app/app/test/services/artikel_db_service_test.dart: ArtikelDbService updateArtikel() aktualisiert Felder korrekt
*** sqflite warning ***

You are changing sqflite default factory.
Be aware of the potential side effects. Any library using sqflite
will have this factory as the default for all operations.

*** sqflite warning ***

[38;5;12m┌───────────────────────────────────────────────────────────────────────────────────────────────────────────────────────[0m
[38;5;12m│ #0   ArtikelDbService.insertArtikel (package:lager_app/services/artikel_db_service.dart:269:15)[0m
[38;5;12m│ #1   <asynchronous suspension>[0m
[38;5;12m├┄┄┄┄┄┄┄┄┄┄┄┄┄┄┄┄┄┄┄┄┄┄┄┄┄┄┄┄┄┄┄┄┄┄┄┄┄┄┄┄┄┄┄┄┄┄┄┄┄┄┄┄┄┄┄┄┄┄┄┄┄┄┄┄┄┄┄┄┄┄┄┄┄┄┄┄┄┄┄┄┄┄┄┄┄┄┄┄┄┄┄┄┄┄┄┄┄┄┄┄┄┄┄┄┄┄┄┄┄┄┄┄┄┄┄┄┄┄┄[0m
[38;5;12m│ 💡 ✅ Artikel ae8d55f2-e0b8-46e9-9a94-c458d8804917 (ID: 1) eingefügt/ersetzt.[0m
[38;5;12m└───────────────────────────────────────────────────────────────────────────────────────────────────────────────────────[0m
[38;5;12m┌───────────────────────────────────────────────────────────────────────────────────────────────────────────────────────[0m
[38;5;12m│ #0   ArtikelDbService.updateArtikel (package:lager_app/services/artikel_db_service.dart:323:17)[0m
[38;5;12m│ #1   <asynchronous suspension>[0m
[38;5;12m├┄┄┄┄┄┄┄┄┄┄┄┄┄┄┄┄┄┄┄┄┄┄┄┄┄┄┄┄┄┄┄┄┄┄┄┄┄┄┄┄┄┄┄┄┄┄┄┄┄┄┄┄┄┄┄┄┄┄┄┄┄┄┄┄┄┄┄┄┄┄┄┄┄┄┄┄┄┄┄┄┄┄┄┄┄┄┄┄┄┄┄┄┄┄┄┄┄┄┄┄┄┄┄┄┄┄┄┄┄┄┄┄┄┄┄┄┄┄┄[0m
[38;5;12m│ 💡 ✅ Artikel ae8d55f2-e0b8-46e9-9a94-c458d8804917 (ID: 1) aktualisiert.[0m
[38;5;12m└───────────────────────────────────────────────────────────────────────────────────────────────────────────────────────[0m
┌───────────────────────────────────────────────────────────────────────────────────────────────────────────────────────
│ #0   ArtikelDbService.getAlleArtikel (package:lager_app/services/artikel_db_service.dart:295:15)
│ #1   <asynchronous suspension>
├┄┄┄┄┄┄┄┄┄┄┄┄┄┄┄┄┄┄┄┄┄┄┄┄┄┄┄┄┄┄┄┄┄┄┄┄┄┄┄┄┄┄┄┄┄┄┄┄┄┄┄┄┄┄┄┄┄┄┄┄┄┄┄┄┄┄┄┄┄┄┄┄┄┄┄┄┄┄┄┄┄┄┄┄┄┄┄┄┄┄┄┄┄┄┄┄┄┄┄┄┄┄┄┄┄┄┄┄┄┄┄┄┄┄┄┄┄┄┄
│ 🐛 ✅ 1 Artikel aus DB abgerufen (limit: 500, offset: 0).
└───────────────────────────────────────────────────────────────────────────────────────────────────────────────────────
[38;5;12m┌───────────────────────────────────────────────────────────────────────────────────────────────────────────────────────[0m
[38;5;12m│ #0   ArtikelDbService.closeDatabase (package:lager_app/services/artikel_db_service.dart:1169:15)[0m
[38;5;12m│ #1   <asynchronous suspension>[0m
[38;5;12m├┄┄┄┄┄┄┄┄┄┄┄┄┄┄┄┄┄┄┄┄┄┄┄┄┄┄┄┄┄┄┄┄┄┄┄┄┄┄┄┄┄┄┄┄┄┄┄┄┄┄┄┄┄┄┄┄┄┄┄┄┄┄┄┄┄┄┄┄┄┄┄┄┄┄┄┄┄┄┄┄┄┄┄┄┄┄┄┄┄┄┄┄┄┄┄┄┄┄┄┄┄┄┄┄┄┄┄┄┄┄┄┄┄┄┄┄┄┄┄[0m
[38;5;12m│ 💡 ✅ Datenbank geschlossen.[0m
[38;5;12m└───────────────────────────────────────────────────────────────────────────────────────────────────────────────────────[0m
00:04 +138 ~1: /home/germanlion67/lager_app/app/test/services/nextcloud_client_test.dart: listItemsEtags() parst PROPFIND-Response mit einem Item
00:04 +138 ~1: /home/germanlion67/lager_app/app/test/services/artikel_db_service_test.dart: ArtikelDbService updateArtikel() setzt etag auf null beim Update (dirty-Flag)
*** sqflite warning ***

You are changing sqflite default factory.
Be aware of the potential side effects. Any library using sqflite
will have this factory as the default for all operations.

*** sqflite warning ***

[38;5;12m┌───────────────────────────────────────────────────────────────────────────────────────────────────────────────────────[0m
[38;5;12m│ #0   ArtikelDbService.insertArtikel (package:lager_app/services/artikel_db_service.dart:269:15)[0m
[38;5;12m│ #1   <asynchronous suspension>[0m
[38;5;12m├┄┄┄┄┄┄┄┄┄┄┄┄┄┄┄┄┄┄┄┄┄┄┄┄┄┄┄┄┄┄┄┄┄┄┄┄┄┄┄┄┄┄┄┄┄┄┄┄┄┄┄┄┄┄┄┄┄┄┄┄┄┄┄┄┄┄┄┄┄┄┄┄┄┄┄┄┄┄┄┄┄┄┄┄┄┄┄┄┄┄┄┄┄┄┄┄┄┄┄┄┄┄┄┄┄┄┄┄┄┄┄┄┄┄┄┄┄┄┄[0m
[38;5;12m│ 💡 ✅ Artikel 85877942-b146-4515-b914-6dadd5a5ee7b (ID: 1) eingefügt/ersetzt.[0m
[38;5;12m└───────────────────────────────────────────────────────────────────────────────────────────────────────────────────────[0m
[38;5;12m┌───────────────────────────────────────────────────────────────────────────────────────────────────────────────────────[0m
[38;5;12m│ #0   ArtikelDbService.updateArtikel (package:lager_app/services/artikel_db_service.dart:323:17)[0m
[38;5;12m│ #1   <asynchronous suspension>[0m
[38;5;12m├┄┄┄┄┄┄┄┄┄┄┄┄┄┄┄┄┄┄┄┄┄┄┄┄┄┄┄┄┄┄┄┄┄┄┄┄┄┄┄┄┄┄┄┄┄┄┄┄┄┄┄┄┄┄┄┄┄┄┄┄┄┄┄┄┄┄┄┄┄┄┄┄┄┄┄┄┄┄┄┄┄┄┄┄┄┄┄┄┄┄┄┄┄┄┄┄┄┄┄┄┄┄┄┄┄┄┄┄┄┄┄┄┄┄┄┄┄┄┄[0m
[38;5;12m│ 💡 ✅ Artikel 85877942-b146-4515-b914-6dadd5a5ee7b (ID: 1) aktualisiert.[0m
[38;5;12m└───────────────────────────────────────────────────────────────────────────────────────────────────────────────────────[0m
[38;5;12m┌───────────────────────────────────────────────────────────────────────────────────────────────────────────────────────[0m
[38;5;12m│ #0   ArtikelDbService.closeDatabase (package:lager_app/services/artikel_db_service.dart:1169:15)[0m
[38;5;12m│ #1   <asynchronous suspension>[0m
[38;5;12m├┄┄┄┄┄┄┄┄┄┄┄┄┄┄┄┄┄┄┄┄┄┄┄┄┄┄┄┄┄┄┄┄┄┄┄┄┄┄┄┄┄┄┄┄┄┄┄┄┄┄┄┄┄┄┄┄┄┄┄┄┄┄┄┄┄┄┄┄┄┄┄┄┄┄┄┄┄┄┄┄┄┄┄┄┄┄┄┄┄┄┄┄┄┄┄┄┄┄┄┄┄┄┄┄┄┄┄┄┄┄┄┄┄┄┄┄┄┄┄[0m
[38;5;12m│ 💡 ✅ Datenbank geschlossen.[0m
[38;5;12m└───────────────────────────────────────────────────────────────────────────────────────────────────────────────────────[0m
00:04 +139 ~1: /home/germanlion67/lager_app/app/test/services/nextcloud_client_test.dart: listItemsEtags() parst PROPFIND-Response mit einem Item
00:04 +139 ~1: /home/germanlion67/lager_app/app/test/services/artikel_db_service_test.dart: ArtikelDbService updateArtikel() aktualisiert updated_at beim Update
*** sqflite warning ***

You are changing sqflite default factory.
Be aware of the potential side effects. Any library using sqflite
will have this factory as the default for all operations.

*** sqflite warning ***

[38;5;12m┌───────────────────────────────────────────────────────────────────────────────────────────────────────────────────────[0m
[38;5;12m│ #0   ArtikelDbService.insertArtikel (package:lager_app/services/artikel_db_service.dart:269:15)[0m
[38;5;12m│ #1   <asynchronous suspension>[0m
[38;5;12m├┄┄┄┄┄┄┄┄┄┄┄┄┄┄┄┄┄┄┄┄┄┄┄┄┄┄┄┄┄┄┄┄┄┄┄┄┄┄┄┄┄┄┄┄┄┄┄┄┄┄┄┄┄┄┄┄┄┄┄┄┄┄┄┄┄┄┄┄┄┄┄┄┄┄┄┄┄┄┄┄┄┄┄┄┄┄┄┄┄┄┄┄┄┄┄┄┄┄┄┄┄┄┄┄┄┄┄┄┄┄┄┄┄┄┄┄┄┄┄[0m
[38;5;12m│ 💡 ✅ Artikel 7547cef9-e36b-46ad-9fdd-b33e9947ecb4 (ID: 1) eingefügt/ersetzt.[0m
[38;5;12m└───────────────────────────────────────────────────────────────────────────────────────────────────────────────────────[0m
[38;5;12m┌───────────────────────────────────────────────────────────────────────────────────────────────────────────────────────[0m
[38;5;12m│ #0   ArtikelDbService.updateArtikel (package:lager_app/services/artikel_db_service.dart:323:17)[0m
[38;5;12m│ #1   <asynchronous suspension>[0m
[38;5;12m├┄┄┄┄┄┄┄┄┄┄┄┄┄┄┄┄┄┄┄┄┄┄┄┄┄┄┄┄┄┄┄┄┄┄┄┄┄┄┄┄┄┄┄┄┄┄┄┄┄┄┄┄┄┄┄┄┄┄┄┄┄┄┄┄┄┄┄┄┄┄┄┄┄┄┄┄┄┄┄┄┄┄┄┄┄┄┄┄┄┄┄┄┄┄┄┄┄┄┄┄┄┄┄┄┄┄┄┄┄┄┄┄┄┄┄┄┄┄┄[0m
[38;5;12m│ 💡 ✅ Artikel 7547cef9-e36b-46ad-9fdd-b33e9947ecb4 (ID: 1) aktualisiert.[0m
[38;5;12m└───────────────────────────────────────────────────────────────────────────────────────────────────────────────────────[0m
[38;5;12m┌───────────────────────────────────────────────────────────────────────────────────────────────────────────────────────[0m
[38;5;12m│ #0   ArtikelDbService.closeDatabase (package:lager_app/services/artikel_db_service.dart:1169:15)[0m
[38;5;12m│ #1   <asynchronous suspension>[0m
[38;5;12m├┄┄┄┄┄┄┄┄┄┄┄┄┄┄┄┄┄┄┄┄┄┄┄┄┄┄┄┄┄┄┄┄┄┄┄┄┄┄┄┄┄┄┄┄┄┄┄┄┄┄┄┄┄┄┄┄┄┄┄┄┄┄┄┄┄┄┄┄┄┄┄┄┄┄┄┄┄┄┄┄┄┄┄┄┄┄┄┄┄┄┄┄┄┄┄┄┄┄┄┄┄┄┄┄┄┄┄┄┄┄┄┄┄┄┄┄┄┄┄[0m
[38;5;12m│ 💡 ✅ Datenbank geschlossen.[0m
[38;5;12m└───────────────────────────────────────────────────────────────────────────────────────────────────────────────────────[0m
00:04 +140 ~1: /home/germanlion67/lager_app/app/test/services/nextcloud_client_test.dart: listItemsEtags() parst PROPFIND-Response mit einem Item
00:04 +140 ~1: /home/germanlion67/lager_app/app/test/services/artikel_db_service_test.dart: ArtikelDbService deleteArtikel() markiert Artikel als soft-gelöscht (deleted=1)
*** sqflite warning ***

You are changing sqflite default factory.
Be aware of the potential side effects. Any library using sqflite
will have this factory as the default for all operations.

*** sqflite warning ***

[38;5;12m┌───────────────────────────────────────────────────────────────────────────────────────────────────────────────────────[0m
[38;5;12m│ #0   ArtikelDbService.insertArtikel (package:lager_app/services/artikel_db_service.dart:269:15)[0m
[38;5;12m│ #1   <asynchronous suspension>[0m
[38;5;12m├┄┄┄┄┄┄┄┄┄┄┄┄┄┄┄┄┄┄┄┄┄┄┄┄┄┄┄┄┄┄┄┄┄┄┄┄┄┄┄┄┄┄┄┄┄┄┄┄┄┄┄┄┄┄┄┄┄┄┄┄┄┄┄┄┄┄┄┄┄┄┄┄┄┄┄┄┄┄┄┄┄┄┄┄┄┄┄┄┄┄┄┄┄┄┄┄┄┄┄┄┄┄┄┄┄┄┄┄┄┄┄┄┄┄┄┄┄┄┄[0m
[38;5;12m│ 💡 ✅ Artikel c3d5318b-6e20-494f-84e2-3a83fa7a01c9 (ID: 1) eingefügt/ersetzt.[0m
[38;5;12m└───────────────────────────────────────────────────────────────────────────────────────────────────────────────────────[0m
[38;5;12m┌───────────────────────────────────────────────────────────────────────────────────────────────────────────────────────[0m
[38;5;12m│ #0   ArtikelDbService.deleteArtikel (package:lager_app/services/artikel_db_service.dart:357:17)[0m
[38;5;12m│ #1   <asynchronous suspension>[0m
[38;5;12m├┄┄┄┄┄┄┄┄┄┄┄┄┄┄┄┄┄┄┄┄┄┄┄┄┄┄┄┄┄┄┄┄┄┄┄┄┄┄┄┄┄┄┄┄┄┄┄┄┄┄┄┄┄┄┄┄┄┄┄┄┄┄┄┄┄┄┄┄┄┄┄┄┄┄┄┄┄┄┄┄┄┄┄┄┄┄┄┄┄┄┄┄┄┄┄┄┄┄┄┄┄┄┄┄┄┄┄┄┄┄┄┄┄┄┄┄┄┄┄[0m
[38;5;12m│ 💡 ✅ Artikel c3d5318b-6e20-494f-84e2-3a83fa7a01c9 (ID: 1) als gelöscht markiert.[0m
[38;5;12m└───────────────────────────────────────────────────────────────────────────────────────────────────────────────────────[0m
[38;5;12m┌───────────────────────────────────────────────────────────────────────────────────────────────────────────────────────[0m
[38;5;12m│ #0   ArtikelDbService.closeDatabase (package:lager_app/services/artikel_db_service.dart:1169:15)[0m
[38;5;12m│ #1   <asynchronous suspension>[0m
[38;5;12m├┄┄┄┄┄┄┄┄┄┄┄┄┄┄┄┄┄┄┄┄┄┄┄┄┄┄┄┄┄┄┄┄┄┄┄┄┄┄┄┄┄┄┄┄┄┄┄┄┄┄┄┄┄┄┄┄┄┄┄┄┄┄┄┄┄┄┄┄┄┄┄┄┄┄┄┄┄┄┄┄┄┄┄┄┄┄┄┄┄┄┄┄┄┄┄┄┄┄┄┄┄┄┄┄┄┄┄┄┄┄┄┄┄┄┄┄┄┄┄[0m
[38;5;12m│ 💡 ✅ Datenbank geschlossen.[0m
[38;5;12m└───────────────────────────────────────────────────────────────────────────────────────────────────────────────────────[0m
00:04 +141 ~1: /home/germanlion67/lager_app/app/test/services/nextcloud_client_test.dart: listItemsEtags() parst PROPFIND-Response mit einem Item
00:04 +141 ~1: /home/germanlion67/lager_app/app/test/services/artikel_db_service_test.dart: ArtikelDbService deleteArtikel() gelöschter Artikel erscheint nicht in getAlleArtikel()
*** sqflite warning ***

You are changing sqflite default factory.
Be aware of the potential side effects. Any library using sqflite
will have this factory as the default for all operations.

*** sqflite warning ***

[38;5;12m┌───────────────────────────────────────────────────────────────────────────────────────────────────────────────────────[0m
[38;5;12m│ #0   ArtikelDbService.insertArtikel (package:lager_app/services/artikel_db_service.dart:269:15)[0m
[38;5;12m│ #1   <asynchronous suspension>[0m
[38;5;12m├┄┄┄┄┄┄┄┄┄┄┄┄┄┄┄┄┄┄┄┄┄┄┄┄┄┄┄┄┄┄┄┄┄┄┄┄┄┄┄┄┄┄┄┄┄┄┄┄┄┄┄┄┄┄┄┄┄┄┄┄┄┄┄┄┄┄┄┄┄┄┄┄┄┄┄┄┄┄┄┄┄┄┄┄┄┄┄┄┄┄┄┄┄┄┄┄┄┄┄┄┄┄┄┄┄┄┄┄┄┄┄┄┄┄┄┄┄┄┄[0m
[38;5;12m│ 💡 ✅ Artikel f22ce888-1ac2-4b24-bf24-001039df7a50 (ID: 1) eingefügt/ersetzt.[0m
[38;5;12m└───────────────────────────────────────────────────────────────────────────────────────────────────────────────────────[0m
[38;5;12m┌───────────────────────────────────────────────────────────────────────────────────────────────────────────────────────[0m
[38;5;12m│ #0   ArtikelDbService.deleteArtikel (package:lager_app/services/artikel_db_service.dart:357:17)[0m
[38;5;12m│ #1   <asynchronous suspension>[0m
[38;5;12m├┄┄┄┄┄┄┄┄┄┄┄┄┄┄┄┄┄┄┄┄┄┄┄┄┄┄┄┄┄┄┄┄┄┄┄┄┄┄┄┄┄┄┄┄┄┄┄┄┄┄┄┄┄┄┄┄┄┄┄┄┄┄┄┄┄┄┄┄┄┄┄┄┄┄┄┄┄┄┄┄┄┄┄┄┄┄┄┄┄┄┄┄┄┄┄┄┄┄┄┄┄┄┄┄┄┄┄┄┄┄┄┄┄┄┄┄┄┄┄[0m
[38;5;12m│ 💡 ✅ Artikel f22ce888-1ac2-4b24-bf24-001039df7a50 (ID: 1) als gelöscht markiert.[0m
[38;5;12m└───────────────────────────────────────────────────────────────────────────────────────────────────────────────────────[0m
┌───────────────────────────────────────────────────────────────────────────────────────────────────────────────────────
│ #0   ArtikelDbService.getAlleArtikel (package:lager_app/services/artikel_db_service.dart:295:15)
│ #1   <asynchronous suspension>
├┄┄┄┄┄┄┄┄┄┄┄┄┄┄┄┄┄┄┄┄┄┄┄┄┄┄┄┄┄┄┄┄┄┄┄┄┄┄┄┄┄┄┄┄┄┄┄┄┄┄┄┄┄┄┄┄┄┄┄┄┄┄┄┄┄┄┄┄┄┄┄┄┄┄┄┄┄┄┄┄┄┄┄┄┄┄┄┄┄┄┄┄┄┄┄┄┄┄┄┄┄┄┄┄┄┄┄┄┄┄┄┄┄┄┄┄┄┄┄
│ 🐛 ✅ 0 Artikel aus DB abgerufen (limit: 500, offset: 0).
└───────────────────────────────────────────────────────────────────────────────────────────────────────────────────────
[38;5;12m┌───────────────────────────────────────────────────────────────────────────────────────────────────────────────────────[0m
[38;5;12m│ #0   ArtikelDbService.closeDatabase (package:lager_app/services/artikel_db_service.dart:1169:15)[0m
[38;5;12m│ #1   <asynchronous suspension>[0m
[38;5;12m├┄┄┄┄┄┄┄┄┄┄┄┄┄┄┄┄┄┄┄┄┄┄┄┄┄┄┄┄┄┄┄┄┄┄┄┄┄┄┄┄┄┄┄┄┄┄┄┄┄┄┄┄┄┄┄┄┄┄┄┄┄┄┄┄┄┄┄┄┄┄┄┄┄┄┄┄┄┄┄┄┄┄┄┄┄┄┄┄┄┄┄┄┄┄┄┄┄┄┄┄┄┄┄┄┄┄┄┄┄┄┄┄┄┄┄┄┄┄┄[0m
[38;5;12m│ 💡 ✅ Datenbank geschlossen.[0m
[38;5;12m└───────────────────────────────────────────────────────────────────────────────────────────────────────────────────────[0m
00:04 +142 ~1: /home/germanlion67/lager_app/app/test/services/nextcloud_client_test.dart: listItemsEtags() parst PROPFIND-Response mit einem Item
00:04 +142 ~1: /home/germanlion67/lager_app/app/test/services/artikel_db_service_test.dart: ArtikelDbService deleteArtikel() setzt etag auf null beim Soft-Delete
*** sqflite warning ***

You are changing sqflite default factory.
Be aware of the potential side effects. Any library using sqflite
will have this factory as the default for all operations.

*** sqflite warning ***

00:04 +142 ~1: /home/germanlion67/lager_app/app/test/services/nextcloud_client_test.dart: listItemsEtags() parst PROPFIND-Response mit einem Item
[38;5;12m┌───────────────────────────────────────────────────────────────────────────────────────────────────────────────────────[0m
[38;5;12m│ #0   NextcloudClient._parsePropfindResponse (package:lager_app/services/nextcloud_client.dart:199:15)[0m
[38;5;12m│ #1   NextcloudClient.listItemsEtags (package:lager_app/services/nextcloud_client.dart:140:14)[0m
[38;5;12m├┄┄┄┄┄┄┄┄┄┄┄┄┄┄┄┄┄┄┄┄┄┄┄┄┄┄┄┄┄┄┄┄┄┄┄┄┄┄┄┄┄┄┄┄┄┄┄┄┄┄┄┄┄┄┄┄┄┄┄┄┄┄┄┄┄┄┄┄┄┄┄┄┄┄┄┄┄┄┄┄┄┄┄┄┄┄┄┄┄┄┄┄┄┄┄┄┄┄┄┄┄┄┄┄┄┄┄┄┄┄┄┄┄┄┄┄┄┄┄[0m
[38;5;12m│ 💡 Found 1 items on server[0m
[38;5;12m└───────────────────────────────────────────────────────────────────────────────────────────────────────────────────────[0m
00:04 +143 ~1: /home/germanlion67/lager_app/app/test/services/artikel_db_service_test.dart: ArtikelDbService deleteArtikel() setzt etag auf null beim Soft-Delete
[38;5;12m┌───────────────────────────────────────────────────────────────────────────────────────────────────────────────────────[0m
[38;5;12m│ #0   ArtikelDbService.insertArtikel (package:lager_app/services/artikel_db_service.dart:269:15)[0m
[38;5;12m│ #1   <asynchronous suspension>[0m
[38;5;12m├┄┄┄┄┄┄┄┄┄┄┄┄┄┄┄┄┄┄┄┄┄┄┄┄┄┄┄┄┄┄┄┄┄┄┄┄┄┄┄┄┄┄┄┄┄┄┄┄┄┄┄┄┄┄┄┄┄┄┄┄┄┄┄┄┄┄┄┄┄┄┄┄┄┄┄┄┄┄┄┄┄┄┄┄┄┄┄┄┄┄┄┄┄┄┄┄┄┄┄┄┄┄┄┄┄┄┄┄┄┄┄┄┄┄┄┄┄┄┄[0m
[38;5;12m│ 💡 ✅ Artikel 8a7e182f-9bdf-4591-b1be-5954f8a0a9ab (ID: 1) eingefügt/ersetzt.[0m
[38;5;12m└───────────────────────────────────────────────────────────────────────────────────────────────────────────────────────[0m
00:04 +143 ~1: /home/germanlion67/lager_app/app/test/services/nextcloud_client_test.dart: listItemsEtags() parst PROPFIND-Response mit mehreren Items
[38;5;12m┌───────────────────────────────────────────────────────────────────────────────────────────────────────────────────────[0m
[38;5;12m│ #0   NextcloudClient._parsePropfindResponse (package:lager_app/services/nextcloud_client.dart:199:15)[0m
[38;5;12m│ #1   NextcloudClient.listItemsEtags (package:lager_app/services/nextcloud_client.dart:140:14)[0m
[38;5;12m├┄┄┄┄┄┄┄┄┄┄┄┄┄┄┄┄┄┄┄┄┄┄┄┄┄┄┄┄┄┄┄┄┄┄┄┄┄┄┄┄┄┄┄┄┄┄┄┄┄┄┄┄┄┄┄┄┄┄┄┄┄┄┄┄┄┄┄┄┄┄┄┄┄┄┄┄┄┄┄┄┄┄┄┄┄┄┄┄┄┄┄┄┄┄┄┄┄┄┄┄┄┄┄┄┄┄┄┄┄┄┄┄┄┄┄┄┄┄┄[0m
[38;5;12m│ 💡 Found 2 items on server[0m
00:04 +143 ~1: /home/germanlion67/lager_app/app/test/services/artikel_db_service_test.dart: ArtikelDbService deleteArtikel() setzt etag auf null beim Soft-Delete
[38;5;12m┌───────────────────────────────────────────────────────────────────────────────────────────────────────────────────────[0m
[38;5;12m│ #0   ArtikelDbService.deleteArtikel (package:lager_app/services/artikel_db_service.dart:357:17)[0m
00:04 +143 ~1: /home/germanlion67/lager_app/app/test/services/nextcloud_client_test.dart: listItemsEtags() parst PROPFIND-Response mit mehreren Items
[38;5;12m└───────────────────────────────────────────────────────────────────────────────────────────────────────────────────────[0m
00:04 +144 ~1: /home/germanlion67/lager_app/app/test/services/artikel_db_service_test.dart: ArtikelDbService deleteArtikel() setzt etag auf null beim Soft-Delete
[38;5;12m│ #1   <asynchronous suspension>[0m
[38;5;12m├┄┄┄┄┄┄┄┄┄┄┄┄┄┄┄┄┄┄┄┄┄┄┄┄┄┄┄┄┄┄┄┄┄┄┄┄┄┄┄┄┄┄┄┄┄┄┄┄┄┄┄┄┄┄┄┄┄┄┄┄┄┄┄┄┄┄┄┄┄┄┄┄┄┄┄┄┄┄┄┄┄┄┄┄┄┄┄┄┄┄┄┄┄┄┄┄┄┄┄┄┄┄┄┄┄┄┄┄┄┄┄┄┄┄┄┄┄┄┄[0m
[38;5;12m│ 💡 ✅ Artikel 8a7e182f-9bdf-4591-b1be-5954f8a0a9ab (ID: 1) als gelöscht markiert.[0m
[38;5;12m└───────────────────────────────────────────────────────────────────────────────────────────────────────────────────────[0m
[38;5;12m┌───────────────────────────────────────────────────────────────────────────────────────────────────────────────────────[0m
[38;5;12m│ #0   ArtikelDbService.closeDatabase (package:lager_app/services/artikel_db_service.dart:1169:15)[0m
[38;5;12m│ #1   <asynchronous suspension>[0m
[38;5;12m├┄┄┄┄┄┄┄┄┄┄┄┄┄┄┄┄┄┄┄┄┄┄┄┄┄┄┄┄┄┄┄┄┄┄┄┄┄┄┄┄┄┄┄┄┄┄┄┄┄┄┄┄┄┄┄┄┄┄┄┄┄┄┄┄┄┄┄┄┄┄┄┄┄┄┄┄┄┄┄┄┄┄┄┄┄┄┄┄┄┄┄┄┄┄┄┄┄┄┄┄┄┄┄┄┄┄┄┄┄┄┄┄┄┄┄┄┄┄┄[0m
[38;5;12m│ 💡 ✅ Datenbank geschlossen.[0m
[38;5;12m└───────────────────────────────────────────────────────────────────────────────────────────────────────────────────────[0m
00:04 +145 ~1: /home/germanlion67/lager_app/app/test/services/nextcloud_client_test.dart: listItemsEtags() gibt leere Liste bei leerem Ordner zurück
00:04 +145 ~1: /home/germanlion67/lager_app/app/test/services/artikel_db_service_test.dart: ArtikelDbService deleteArtikel() Artikel bleibt physisch in DB (Soft-Delete)
*** sqflite warning ***

You are changing sqflite default factory.
Be aware of the potential side effects. Any library using sqflite
will have this factory as the default for all operations.

*** sqflite warning ***

00:04 +145 ~1: /home/germanlion67/lager_app/app/test/services/nextcloud_client_test.dart: listItemsEtags() gibt leere Liste bei leerem Ordner zurück
[38;5;12m┌───────────────────────────────────────────────────────────────────────────────────────────────────────────────────────[0m
[38;5;12m│ #0   NextcloudClient._parsePropfindResponse (package:lager_app/services/nextcloud_client.dart:199:15)[0m
[38;5;12m│ #1   NextcloudClient.listItemsEtags (package:lager_app/services/nextcloud_client.dart:140:14)[0m
[38;5;12m├┄┄┄┄┄┄┄┄┄┄┄┄┄┄┄┄┄┄┄┄┄┄┄┄┄┄┄┄┄┄┄┄┄┄┄┄┄┄┄┄┄┄┄┄┄┄┄┄┄┄┄┄┄┄┄┄┄┄┄┄┄┄┄┄┄┄┄┄┄┄┄┄┄┄┄┄┄┄┄┄┄┄┄┄┄┄┄┄┄┄┄┄┄┄┄┄┄┄┄┄┄┄┄┄┄┄┄┄┄┄┄┄┄┄┄┄┄┄┄[0m
[38;5;12m│ 💡 Found 0 items on server[0m
[38;5;12m└───────────────────────────────────────────────────────────────────────────────────────────────────────────────────────[0m
00:04 +146 ~1: /home/germanlion67/lager_app/app/test/services/artikel_db_service_test.dart: ArtikelDbService deleteArtikel() Artikel bleibt physisch in DB (Soft-Delete)
[38;5;12m┌───────────────────────────────────────────────────────────────────────────────────────────────────────────────────────[0m
[38;5;12m│ #0   ArtikelDbService.insertArtikel (package:lager_app/services/artikel_db_service.dart:269:15)[0m
[38;5;12m│ #1   <asynchronous suspension>[0m
[38;5;12m├┄┄┄┄┄┄┄┄┄┄┄┄┄┄┄┄┄┄┄┄┄┄┄┄┄┄┄┄┄┄┄┄┄┄┄┄┄┄┄┄┄┄┄┄┄┄┄┄┄┄┄┄┄┄┄┄┄┄┄┄┄┄┄┄┄┄┄┄┄┄┄┄┄┄┄┄┄┄┄┄┄┄┄┄┄┄┄┄┄┄┄┄┄┄┄┄┄┄┄┄┄┄┄┄┄┄┄┄┄┄┄┄┄┄┄┄┄┄┄[0m
[38;5;12m│ 💡 ✅ Artikel af44f33e-643e-49af-a5d2-83131bdac5e9 (ID: 1) eingefügt/ersetzt.[0m
[38;5;12m└───────────────────────────────────────────────────────────────────────────────────────────────────────────────────────[0m
[38;5;12m┌───────────────────────────────────────────────────────────────────────────────────────────────────────────────────────[0m
[38;5;12m│ #0   ArtikelDbService.deleteArtikel (package:lager_app/services/artikel_db_service.dart:357:17)[0m
[38;5;12m│ #1   <asynchronous suspension>[0m
[38;5;12m├┄┄┄┄┄┄┄┄┄┄┄┄┄┄┄┄┄┄┄┄┄┄┄┄┄┄┄┄┄┄┄┄┄┄┄┄┄┄┄┄┄┄┄┄┄┄┄┄┄┄┄┄┄┄┄┄┄┄┄┄┄┄┄┄┄┄┄┄┄┄┄┄┄┄┄┄┄┄┄┄┄┄┄┄┄┄┄┄┄┄┄┄┄┄┄┄┄┄┄┄┄┄┄┄┄┄┄┄┄┄┄┄┄┄┄┄┄┄┄[0m
[38;5;12m│ 💡 ✅ Artikel af44f33e-643e-49af-a5d2-83131bdac5e9 (ID: 1) als gelöscht markiert.[0m
[38;5;12m└───────────────────────────────────────────────────────────────────────────────────────────────────────────────────────[0m
00:04 +146 ~1: /home/germanlion67/lager_app/app/test/services/nextcloud_client_test.dart: listItemsEtags() wirft Exception bei Nicht-207-Status
[38;5;196m┌───────────────────────────────────────────────────────────────────────────────────────────────────────────────────────[0m
[38;5;196m│ #0   NextcloudClient.listItemsEtags (package:lager_app/services/nextcloud_client.dart:142:15)[0m
[38;5;196m│ #1   <asynchronous suspension>[0m
[38;5;196m├┄┄┄┄┄┄┄┄┄┄┄┄┄┄┄┄┄┄┄┄┄┄┄┄┄┄┄┄┄┄┄┄┄┄┄┄┄┄┄┄┄┄┄┄┄┄┄┄┄┄┄┄┄┄┄┄┄┄┄┄┄┄┄┄┄┄┄┄┄┄┄┄┄┄┄┄┄┄┄┄┄┄┄┄┄┄┄┄┄┄┄┄┄┄┄┄┄┄┄┄┄┄┄┄┄┄┄┄┄┄┄┄┄┄┄┄┄┄┄[0m
[38;5;196m│ ⛔ Failed to list items: Exception: PROPFIND failed: 403[0m
[38;5;196m└───────────────────────────────────────────────────────────────────────────────────────────────────────────────────────[0m
00:04 +146 ~1: /home/germanlion67/lager_app/app/test/services/artikel_db_service_test.dart: ArtikelDbService deleteArtikel() Artikel bleibt physisch in DB (Soft-Delete)
[38;5;12m┌───────────────────────────────────────────────────────────────────────────────────────────────────────────────────────[0m
[38;5;12m│ #0   ArtikelDbService.closeDatabase (package:lager_app/services/artikel_db_service.dart:1169:15)[0m
[38;5;12m│ #1   <asynchronous suspension>[0m
[38;5;12m├┄┄┄┄┄┄┄┄┄┄┄┄┄┄┄┄┄┄┄┄┄┄┄┄┄┄┄┄┄┄┄┄┄┄┄┄┄┄┄┄┄┄┄┄┄┄┄┄┄┄┄┄┄┄┄┄┄┄┄┄┄┄┄┄┄┄┄┄┄┄┄┄┄┄┄┄┄┄┄┄┄┄┄┄┄┄┄┄┄┄┄┄┄┄┄┄┄┄┄┄┄┄┄┄┄┄┄┄┄┄┄┄┄┄┄┄┄┄┄[0m
[38;5;12m│ 💡 ✅ Datenbank geschlossen.[0m
[38;5;12m└───────────────────────────────────────────────────────────────────────────────────────────────────────────────────────[0m
00:04 +147 ~1: /home/germanlion67/lager_app/app/test/services/nextcloud_client_test.dart: listItemsEtags() wirft Exception bei Nicht-207-Status
00:04 +148 ~1: /home/germanlion67/lager_app/app/test/services/artikel_db_service_test.dart: ArtikelDbService getArtikelByUUID() gibt Artikel zurück wenn UUID existiert
*** sqflite warning ***

You are changing sqflite default factory.
Be aware of the potential side effects. Any library using sqflite
will have this factory as the default for all operations.

*** sqflite warning ***

00:04 +148 ~1: /home/germanlion67/lager_app/app/test/services/nextcloud_client_test.dart: listItemsEtags() filtert Nicht-JSON-Dateien heraus
[38;5;12m┌───────────────────────────────────────────────────────────────────────────────────────────────────────────────────────[0m
[38;5;12m│ #0   NextcloudClient._parsePropfindResponse (package:lager_app/services/nextcloud_client.dart:199:15)[0m
[38;5;12m│ #1   NextcloudClient.listItemsEtags (package:lager_app/services/nextcloud_client.dart:140:14)[0m
[38;5;12m├┄┄┄┄┄┄┄┄┄┄┄┄┄┄┄┄┄┄┄┄┄┄┄┄┄┄┄┄┄┄┄┄┄┄┄┄┄┄┄┄┄┄┄┄┄┄┄┄┄┄┄┄┄┄┄┄┄┄┄┄┄┄┄┄┄┄┄┄┄┄┄┄┄┄┄┄┄┄┄┄┄┄┄┄┄┄┄┄┄┄┄┄┄┄┄┄┄┄┄┄┄┄┄┄┄┄┄┄┄┄┄┄┄┄┄┄┄┄┄[0m
[38;5;12m│ 💡 Found 1 items on server[0m
[38;5;12m└───────────────────────────────────────────────────────────────────────────────────────────────────────────────────────[0m
00:04 +149 ~1: /home/germanlion67/lager_app/app/test/services/artikel_db_service_test.dart: ArtikelDbService getArtikelByUUID() gibt Artikel zurück wenn UUID existiert
[38;5;12m┌───────────────────────────────────────────────────────────────────────────────────────────────────────────────────────[0m
[38;5;12m│ #0   ArtikelDbService.insertArtikel (package:lager_app/services/artikel_db_service.dart:269:15)[0m
[38;5;12m│ #1   <asynchronous suspension>[0m
[38;5;12m├┄┄┄┄┄┄┄┄┄┄┄┄┄┄┄┄┄┄┄┄┄┄┄┄┄┄┄┄┄┄┄┄┄┄┄┄┄┄┄┄┄┄┄┄┄┄┄┄┄┄┄┄┄┄┄┄┄┄┄┄┄┄┄┄┄┄┄┄┄┄┄┄┄┄┄┄┄┄┄┄┄┄┄┄┄┄┄┄┄┄┄┄┄┄┄┄┄┄┄┄┄┄┄┄┄┄┄┄┄┄┄┄┄┄┄┄┄┄┄[0m
[38;5;12m│ 💡 ✅ Artikel cc943ea9-44db-4238-a4cf-c78fde363880 (ID: 1) eingefügt/ersetzt.[0m
[38;5;12m└───────────────────────────────────────────────────────────────────────────────────────────────────────────────────────[0m
┌───────────────────────────────────────────────────────────────────────────────────────────────────────────────────────
│ #0   ArtikelDbService.getArtikelByUUID (package:lager_app/services/artikel_db_service.dart:600:17)
│ #1   <asynchronous suspension>
├┄┄┄┄┄┄┄┄┄┄┄┄┄┄┄┄┄┄┄┄┄┄┄┄┄┄┄┄┄┄┄┄┄┄┄┄┄┄┄┄┄┄┄┄┄┄┄┄┄┄┄┄┄┄┄┄┄┄┄┄┄┄┄┄┄┄┄┄┄┄┄┄┄┄┄┄┄┄┄┄┄┄┄┄┄┄┄┄┄┄┄┄┄┄┄┄┄┄┄┄┄┄┄┄┄┄┄┄┄┄┄┄┄┄┄┄┄┄┄
│ 🐛 ✅ Artikel mit UUID cc943ea9-44db-4238-a4cf-c78fde363880 gefunden.
└───────────────────────────────────────────────────────────────────────────────────────────────────────────────────────
[38;5;12m┌───────────────────────────────────────────────────────────────────────────────────────────────────────────────────────[0m
[38;5;12m│ #0   ArtikelDbService.closeDatabase (package:lager_app/services/artikel_db_service.dart:1169:15)[0m
[38;5;12m│ #1   <asynchronous suspension>[0m
[38;5;12m├┄┄┄┄┄┄┄┄┄┄┄┄┄┄┄┄┄┄┄┄┄┄┄┄┄┄┄┄┄┄┄┄┄┄┄┄┄┄┄┄┄┄┄┄┄┄┄┄┄┄┄┄┄┄┄┄┄┄┄┄┄┄┄┄┄┄┄┄┄┄┄┄┄┄┄┄┄┄┄┄┄┄┄┄┄┄┄┄┄┄┄┄┄┄┄┄┄┄┄┄┄┄┄┄┄┄┄┄┄┄┄┄┄┄┄┄┄┄┄[0m
[38;5;12m│ 💡 ✅ Datenbank geschlossen.[0m
[38;5;12m└───────────────────────────────────────────────────────────────────────────────────────────────────────────────────────[0m
00:04 +150 ~1: /home/germanlion67/lager_app/app/test/services/nextcloud_client_test.dart: listItemsEtags() überspringt Einträge ohne ETag
00:04 +150 ~1: /home/germanlion67/lager_app/app/test/services/artikel_db_service_test.dart: ArtikelDbService getArtikelByUUID() gibt null zurück wenn UUID nicht existiert
*** sqflite warning ***

You are changing sqflite default factory.
Be aware of the potential side effects. Any library using sqflite
will have this factory as the default for all operations.

*** sqflite warning ***

00:04 +150 ~1: /home/germanlion67/lager_app/app/test/services/nextcloud_client_test.dart: listItemsEtags() überspringt Einträge ohne ETag
[38;5;12m┌───────────────────────────────────────────────────────────────────────────────────────────────────────────────────────[0m
[38;5;12m│ #0   NextcloudClient._parsePropfindResponse (package:lager_app/services/nextcloud_client.dart:199:15)[0m
[38;5;12m│ #1   NextcloudClient.listItemsEtags (package:lager_app/services/nextcloud_client.dart:140:14)[0m
[38;5;12m├┄┄┄┄┄┄┄┄┄┄┄┄┄┄┄┄┄┄┄┄┄┄┄┄┄┄┄┄┄┄┄┄┄┄┄┄┄┄┄┄┄┄┄┄┄┄┄┄┄┄┄┄┄┄┄┄┄┄┄┄┄┄┄┄┄┄┄┄┄┄┄┄┄┄┄┄┄┄┄┄┄┄┄┄┄┄┄┄┄┄┄┄┄┄┄┄┄┄┄┄┄┄┄┄┄┄┄┄┄┄┄┄┄┄┄┄┄┄┄[0m
[38;5;12m│ 💡 Found 0 items on server[0m
[38;5;12m└───────────────────────────────────────────────────────────────────────────────────────────────────────────────────────[0m
00:04 +151 ~1: /home/germanlion67/lager_app/app/test/services/artikel_db_service_test.dart: ArtikelDbService getArtikelByUUID() gibt null zurück wenn UUID nicht existiert
00:04 +151 ~1: /home/germanlion67/lager_app/app/test/services/nextcloud_client_test.dart: listItemsEtags() nutzt benutzerdefinierten folderPath
[38;5;12m┌───────────────────────────────────────────────────────────────────────────────────────────────────────────────────────[0m
[38;5;12m│ #0   NextcloudClient._parsePropfindResponse (package:lager_app/services/nextcloud_client.dart:199:15)[0m
[38;5;12m│ #1   NextcloudClient.listItemsEtags (package:lager_app/services/nextcloud_client.dart:140:14)[0m
[38;5;12m├┄┄┄┄┄┄┄┄┄┄┄┄┄┄┄┄┄┄┄┄┄┄┄┄┄┄┄┄┄┄┄┄┄┄┄┄┄┄┄┄┄┄┄┄┄┄┄┄┄┄┄┄┄┄┄┄┄┄┄┄┄┄┄┄┄┄┄┄┄┄┄┄┄┄┄┄┄┄┄┄┄┄┄┄┄┄┄┄┄┄┄┄┄┄┄┄┄┄┄┄┄┄┄┄┄┄┄┄┄┄┄┄┄┄┄┄┄┄┄[0m
[38;5;12m│ 💡 Found 0 items on server[0m
[38;5;12m└───────────────────────────────────────────────────────────────────────────────────────────────────────────────────────[0m
00:04 +151 ~1: /home/germanlion67/lager_app/app/test/services/artikel_db_service_test.dart: ArtikelDbService getArtikelByUUID() gibt null zurück wenn UUID nicht existiert
┌───────────────────────────────────────────────────────────────────────────────────────────────────────────────────────
│ #0   ArtikelDbService.getArtikelByUUID (package:lager_app/services/artikel_db_service.dart:603:15)
│ #1   <asynchronous suspension>
├┄┄┄┄┄┄┄┄┄┄┄┄┄┄┄┄┄┄┄┄┄┄┄┄┄┄┄┄┄┄┄┄┄┄┄┄┄┄┄┄┄┄┄┄┄┄┄┄┄┄┄┄┄┄┄┄┄┄┄┄┄┄┄┄┄┄┄┄┄┄┄┄┄┄┄┄┄┄┄┄┄┄┄┄┄┄┄┄┄┄┄┄┄┄┄┄┄┄┄┄┄┄┄┄┄┄┄┄┄┄┄┄┄┄┄┄┄┄┄
00:04 +152 ~1: /home/germanlion67/lager_app/app/test/services/artikel_db_service_test.dart: ArtikelDbService getArtikelByUUID() gibt null zurück wenn UUID nicht existiert
│ 🐛 Artikel mit UUID nicht-vorhanden nicht gefunden.
└───────────────────────────────────────────────────────────────────────────────────────────────────────────────────────
[38;5;12m┌───────────────────────────────────────────────────────────────────────────────────────────────────────────────────────[0m
[38;5;12m│ #0   ArtikelDbService.closeDatabase (package:lager_app/services/artikel_db_service.dart:1169:15)[0m
[38;5;12m│ #1   <asynchronous suspension>[0m
[38;5;12m├┄┄┄┄┄┄┄┄┄┄┄┄┄┄┄┄┄┄┄┄┄┄┄┄┄┄┄┄┄┄┄┄┄┄┄┄┄┄┄┄┄┄┄┄┄┄┄┄┄┄┄┄┄┄┄┄┄┄┄┄┄┄┄┄┄┄┄┄┄┄┄┄┄┄┄┄┄┄┄┄┄┄┄┄┄┄┄┄┄┄┄┄┄┄┄┄┄┄┄┄┄┄┄┄┄┄┄┄┄┄┄┄┄┄┄┄┄┄┄[0m
[38;5;12m│ 💡 ✅ Datenbank geschlossen.[0m
[38;5;12m└───────────────────────────────────────────────────────────────────────────────────────────────────────────────────────[0m
00:04 +153 ~1: /home/germanlion67/lager_app/app/test/services/nextcloud_client_test.dart: downloadItem() gibt Body bei Status 200 zurück
00:04 +153 ~1: /home/germanlion67/lager_app/app/test/services/artikel_db_service_test.dart: ArtikelDbService getArtikelByUUID() gibt auch soft-gelöschte Artikel zurück
*** sqflite warning ***

You are changing sqflite default factory.
Be aware of the potential side effects. Any library using sqflite
will have this factory as the default for all operations.

*** sqflite warning ***

00:04 +153 ~1: /home/germanlion67/lager_app/app/test/services/nextcloud_client_test.dart: downloadItem() gibt Body bei Status 200 zurück
┌───────────────────────────────────────────────────────────────────────────────────────────────────────────────────────
│ #0   NextcloudClient.downloadItem (package:lager_app/services/nextcloud_client.dart:254:17)
│ #1   <asynchronous suspension>
├┄┄┄┄┄┄┄┄┄┄┄┄┄┄┄┄┄┄┄┄┄┄┄┄┄┄┄┄┄┄┄┄┄┄┄┄┄┄┄┄┄┄┄┄┄┄┄┄┄┄┄┄┄┄┄┄┄┄┄┄┄┄┄┄┄┄┄┄┄┄┄┄┄┄┄┄┄┄┄┄┄┄┄┄┄┄┄┄┄┄┄┄┄┄┄┄┄┄┄┄┄┄┄┄┄┄┄┄┄┄┄┄┄┄┄┄┄┄┄
│ 🐛 Downloaded test.json (15 bytes)
└───────────────────────────────────────────────────────────────────────────────────────────────────────────────────────
00:04 +154 ~1: /home/germanlion67/lager_app/app/test/services/artikel_db_service_test.dart: ArtikelDbService getArtikelByUUID() gibt auch soft-gelöschte Artikel zurück
[38;5;12m┌───────────────────────────────────────────────────────────────────────────────────────────────────────────────────────[0m
[38;5;12m│ #0   ArtikelDbService.insertArtikel (package:lager_app/services/artikel_db_service.dart:269:15)[0m
[38;5;12m│ #1   <asynchronous suspension>[0m
[38;5;12m├┄┄┄┄┄┄┄┄┄┄┄┄┄┄┄┄┄┄┄┄┄┄┄┄┄┄┄┄┄┄┄┄┄┄┄┄┄┄┄┄┄┄┄┄┄┄┄┄┄┄┄┄┄┄┄┄┄┄┄┄┄┄┄┄┄┄┄┄┄┄┄┄┄┄┄┄┄┄┄┄┄┄┄┄┄┄┄┄┄┄┄┄┄┄┄┄┄┄┄┄┄┄┄┄┄┄┄┄┄┄┄┄┄┄┄┄┄┄┄[0m
[38;5;12m│ 💡 ✅ Artikel 1cd218be-8a93-4f23-8e2c-9e0c1ea06f4b (ID: 1) eingefügt/ersetzt.[0m
[38;5;12m└───────────────────────────────────────────────────────────────────────────────────────────────────────────────────────[0m
[38;5;12m┌───────────────────────────────────────────────────────────────────────────────────────────────────────────────────────[0m
[38;5;12m│ #0   ArtikelDbService.deleteArtikel (package:lager_app/services/artikel_db_service.dart:357:17)[0m
[38;5;12m│ #1   <asynchronous suspension>[0m
[38;5;12m├┄┄┄┄┄┄┄┄┄┄┄┄┄┄┄┄┄┄┄┄┄┄┄┄┄┄┄┄┄┄┄┄┄┄┄┄┄┄┄┄┄┄┄┄┄┄┄┄┄┄┄┄┄┄┄┄┄┄┄┄┄┄┄┄┄┄┄┄┄┄┄┄┄┄┄┄┄┄┄┄┄┄┄┄┄┄┄┄┄┄┄┄┄┄┄┄┄┄┄┄┄┄┄┄┄┄┄┄┄┄┄┄┄┄┄┄┄┄┄[0m
[38;5;12m│ 💡 ✅ Artikel 1cd218be-8a93-4f23-8e2c-9e0c1ea06f4b (ID: 1) als gelöscht markiert.[0m
[38;5;12m└───────────────────────────────────────────────────────────────────────────────────────────────────────────────────────[0m
00:04 +154 ~1: /home/germanlion67/lager_app/app/test/services/nextcloud_client_test.dart: downloadItem() wirft Exception bei Status 404
[38;5;196m┌───────────────────────────────────────────────────────────────────────────────────────────────────────────────────────[0m
[38;5;196m│ #0   NextcloudClient.downloadItem (package:lager_app/services/nextcloud_client.dart:262:15)[0m
[38;5;196m│ #1   <asynchronous suspension>[0m
[38;5;196m├┄┄┄┄┄┄┄┄┄┄┄┄┄┄┄┄┄┄┄┄┄┄┄┄┄┄┄┄┄┄┄┄┄┄┄┄┄┄┄┄┄┄┄┄┄┄┄┄┄┄┄┄┄┄┄┄┄┄┄┄┄┄┄┄┄┄┄┄┄┄┄┄┄┄┄┄┄┄┄┄┄┄┄┄┄┄┄┄┄┄┄┄┄┄┄┄┄┄┄┄┄┄┄┄┄┄┄┄┄┄┄┄┄┄┄┄┄┄┄[0m
[38;5;196m│ ⛔ Failed to download missing.json: Exception: Download failed: 404 null[0m
[38;5;196m└───────────────────────────────────────────────────────────────────────────────────────────────────────────────────────[0m
00:04 +154 ~1: /home/germanlion67/lager_app/app/test/services/artikel_db_service_test.dart: ArtikelDbService getArtikelByUUID() gibt auch soft-gelöschte Artikel zurück
┌───────────────────────────────────────────────────────────────────────────────────────────────────────────────────────
│ #0   ArtikelDbService.getArtikelByUUID (package:lager_app/services/artikel_db_service.dart:600:17)
│ #1   <asynchronous suspension>
├┄┄┄┄┄┄┄┄┄┄┄┄┄┄┄┄┄┄┄┄┄┄┄┄┄┄┄┄┄┄┄┄┄┄┄┄┄┄┄┄┄┄┄┄┄┄┄┄┄┄┄┄┄┄┄┄┄┄┄┄┄┄┄┄┄┄┄┄┄┄┄┄┄┄┄┄┄┄┄┄┄┄┄┄┄┄┄┄┄┄┄┄┄┄┄┄┄┄┄┄┄┄┄┄┄┄┄┄┄┄┄┄┄┄┄┄┄┄┄
│ 🐛 ✅ Artikel mit UUID 1cd218be-8a93-4f23-8e2c-9e0c1ea06f4b gefunden.
└───────────────────────────────────────────────────────────────────────────────────────────────────────────────────────
00:04 +155 ~1: /home/germanlion67/lager_app/app/test/services/artikel_db_service_test.dart: ArtikelDbService getArtikelByUUID() gibt auch soft-gelöschte Artikel zurück
[38;5;12m┌───────────────────────────────────────────────────────────────────────────────────────────────────────────────────────[0m
[38;5;12m│ #0   ArtikelDbService.closeDatabase (package:lager_app/services/artikel_db_service.dart:1169:15)[0m
[38;5;12m│ #1   <asynchronous suspension>[0m
[38;5;12m├┄┄┄┄┄┄┄┄┄┄┄┄┄┄┄┄┄┄┄┄┄┄┄┄┄┄┄┄┄┄┄┄┄┄┄┄┄┄┄┄┄┄┄┄┄┄┄┄┄┄┄┄┄┄┄┄┄┄┄┄┄┄┄┄┄┄┄┄┄┄┄┄┄┄┄┄┄┄┄┄┄┄┄┄┄┄┄┄┄┄┄┄┄┄┄┄┄┄┄┄┄┄┄┄┄┄┄┄┄┄┄┄┄┄┄┄┄┄┄[0m
[38;5;12m│ 💡 ✅ Datenbank geschlossen.[0m
[38;5;12m└───────────────────────────────────────────────────────────────────────────────────────────────────────────────────────[0m
00:04 +156 ~1: /home/germanlion67/lager_app/app/test/services/nextcloud_client_test.dart: downloadItem() wirft Exception bei Netzwerkfehler
00:04 +156 ~1: /home/germanlion67/lager_app/app/test/services/artikel_db_service_test.dart: ArtikelDbService getArtikelByRemotePath() gibt Artikel zurück wenn remote_path existiert
*** sqflite warning ***

You are changing sqflite default factory.
Be aware of the potential side effects. Any library using sqflite
will have this factory as the default for all operations.

*** sqflite warning ***

00:04 +156 ~1: /home/germanlion67/lager_app/app/test/services/nextcloud_client_test.dart: downloadItem() wirft Exception bei Netzwerkfehler
[38;5;196m┌───────────────────────────────────────────────────────────────────────────────────────────────────────────────────────[0m
[38;5;196m│ #0   NextcloudClient.downloadItem (package:lager_app/services/nextcloud_client.dart:262:15)[0m
[38;5;196m│ #1   <asynchronous suspension>[0m
[38;5;196m├┄┄┄┄┄┄┄┄┄┄┄┄┄┄┄┄┄┄┄┄┄┄┄┄┄┄┄┄┄┄┄┄┄┄┄┄┄┄┄┄┄┄┄┄┄┄┄┄┄┄┄┄┄┄┄┄┄┄┄┄┄┄┄┄┄┄┄┄┄┄┄┄┄┄┄┄┄┄┄┄┄┄┄┄┄┄┄┄┄┄┄┄┄┄┄┄┄┄┄┄┄┄┄┄┄┄┄┄┄┄┄┄┄┄┄┄┄┄┄[0m
[38;5;196m│ ⛔ Failed to download test.json: Exception: connection refused[0m
[38;5;196m└───────────────────────────────────────────────────────────────────────────────────────────────────────────────────────[0m
00:04 +157 ~1: /home/germanlion67/lager_app/app/test/services/artikel_db_service_test.dart: ArtikelDbService getArtikelByRemotePath() gibt Artikel zurück wenn remote_path existiert
[38;5;12m┌───────────────────────────────────────────────────────────────────────────────────────────────────────────────────────[0m
[38;5;12m│ #0   ArtikelDbService.insertArtikel (package:lager_app/services/artikel_db_service.dart:269:15)[0m
[38;5;12m│ #1   <asynchronous suspension>[0m
[38;5;12m├┄┄┄┄┄┄┄┄┄┄┄┄┄┄┄┄┄┄┄┄┄┄┄┄┄┄┄┄┄┄┄┄┄┄┄┄┄┄┄┄┄┄┄┄┄┄┄┄┄┄┄┄┄┄┄┄┄┄┄┄┄┄┄┄┄┄┄┄┄┄┄┄┄┄┄┄┄┄┄┄┄┄┄┄┄┄┄┄┄┄┄┄┄┄┄┄┄┄┄┄┄┄┄┄┄┄┄┄┄┄┄┄┄┄┄┄┄┄┄[0m
[38;5;12m│ 💡 ✅ Artikel 9617321e-e552-4c35-ae10-99518b6d2edd (ID: 1) eingefügt/ersetzt.[0m
[38;5;12m└───────────────────────────────────────────────────────────────────────────────────────────────────────────────────────[0m
00:04 +157 ~1: /home/germanlion67/lager_app/app/test/services/nextcloud_client_test.dart: uploadItem() gibt ETag bei Status 201 zurück
┌───────────────────────────────────────────────────────────────────────────────────────────────────────────────────────
│ #0   NextcloudClient.uploadItem (package:lager_app/services/nextcloud_client.dart:297:17)
│ #1   <asynchronous suspension>
├┄┄┄┄┄┄┄┄┄┄┄┄┄┄┄┄┄┄┄┄┄┄┄┄┄┄┄┄┄┄┄┄┄┄┄┄┄┄┄┄┄┄┄┄┄┄┄┄┄┄┄┄┄┄┄┄┄┄┄┄┄┄┄┄┄┄┄┄┄┄┄┄┄┄┄┄┄┄┄┄┄┄┄┄┄┄┄┄┄┄┄┄┄┄┄┄┄┄┄┄┄┄┄┄┄┄┄┄┄┄┄┄┄┄┄┄┄┄┄
│ 🐛 Uploaded item.json (ETag: new-etag)
└───────────────────────────────────────────────────────────────────────────────────────────────────────────────────────
00:04 +158 ~1: /home/germanlion67/lager_app/app/test/services/artikel_db_service_test.dart: ArtikelDbService getArtikelByRemotePath() gibt Artikel zurück wenn remote_path existiert
┌───────────────────────────────────────────────────────────────────────────────────────────────────────────────────────
│ #0   ArtikelDbService.getArtikelByRemotePath (package:lager_app/services/artikel_db_service.dart:625:17)
│ #1   <asynchronous suspension>
├┄┄┄┄┄┄┄┄┄┄┄┄┄┄┄┄┄┄┄┄┄┄┄┄┄┄┄┄┄┄┄┄┄┄┄┄┄┄┄┄┄┄┄┄┄┄┄┄┄┄┄┄┄┄┄┄┄┄┄┄┄┄┄┄┄┄┄┄┄┄┄┄┄┄┄┄┄┄┄┄┄┄┄┄┄┄┄┄┄┄┄┄┄┄┄┄┄┄┄┄┄┄┄┄┄┄┄┄┄┄┄┄┄┄┄┄┄┄┄
│ 🐛 ✅ Artikel mit Remote-Pfad rec_abc123 gefunden.
└───────────────────────────────────────────────────────────────────────────────────────────────────────────────────────
[38;5;12m┌───────────────────────────────────────────────────────────────────────────────────────────────────────────────────────[0m
[38;5;12m│ #0   ArtikelDbService.closeDatabase (package:lager_app/services/artikel_db_service.dart:1169:15)[0m
[38;5;12m│ #1   <asynchronous suspension>[0m
[38;5;12m├┄┄┄┄┄┄┄┄┄┄┄┄┄┄┄┄┄┄┄┄┄┄┄┄┄┄┄┄┄┄┄┄┄┄┄┄┄┄┄┄┄┄┄┄┄┄┄┄┄┄┄┄┄┄┄┄┄┄┄┄┄┄┄┄┄┄┄┄┄┄┄┄┄┄┄┄┄┄┄┄┄┄┄┄┄┄┄┄┄┄┄┄┄┄┄┄┄┄┄┄┄┄┄┄┄┄┄┄┄┄┄┄┄┄┄┄┄┄┄[0m
[38;5;12m│ 💡 ✅ Datenbank geschlossen.[0m
[38;5;12m└───────────────────────────────────────────────────────────────────────────────────────────────────────────────────────[0m
00:04 +159 ~1: /home/germanlion67/lager_app/app/test/services/nextcloud_client_test.dart: uploadItem() sendet If-Match Header wenn angegeben
┌───────────────────────────────────────────────────────────────────────────────────────────────────────────────────────
│ #0   NextcloudClient.uploadItem (package:lager_app/services/nextcloud_client.dart:297:17)
│ #1   <asynchronous suspension>
├┄┄┄┄┄┄┄┄┄┄┄┄┄┄┄┄┄┄┄┄┄┄┄┄┄┄┄┄┄┄┄┄┄┄┄┄┄┄┄┄┄┄┄┄┄┄┄┄┄┄┄┄┄┄┄┄┄┄┄┄┄┄┄┄┄┄┄┄┄┄┄┄┄┄┄┄┄┄┄┄┄┄┄┄┄┄┄┄┄┄┄┄┄┄┄┄┄┄┄┄┄┄┄┄┄┄┄┄┄┄┄┄┄┄┄┄┄┄┄
│ 🐛 Uploaded item.json (ETag: updated)
└───────────────────────────────────────────────────────────────────────────────────────────────────────────────────────
00:04 +160 ~1: /home/germanlion67/lager_app/app/test/services/artikel_db_service_test.dart: ArtikelDbService getArtikelByRemotePath() gibt null zurück wenn remote_path nicht existiert
*** sqflite warning ***

You are changing sqflite default factory.
Be aware of the potential side effects. Any library using sqflite
will have this factory as the default for all operations.

*** sqflite warning ***

00:04 +160 ~1: /home/germanlion67/lager_app/app/test/services/nextcloud_client_test.dart: uploadItem() gibt null bei Status 412 (Conflict) zurück
[38;5;208m┌───────────────────────────────────────────────────────────────────────────────────────────────────────────────────────[0m
[38;5;208m│ #0   NextcloudClient.uploadItem (package:lager_app/services/nextcloud_client.dart:302:17)[0m
[38;5;208m│ #1   <asynchronous suspension>[0m
[38;5;208m├┄┄┄┄┄┄┄┄┄┄┄┄┄┄┄┄┄┄┄┄┄┄┄┄┄┄┄┄┄┄┄┄┄┄┄┄┄┄┄┄┄┄┄┄┄┄┄┄┄┄┄┄┄┄┄┄┄┄┄┄┄┄┄┄┄┄┄┄┄┄┄┄┄┄┄┄┄┄┄┄┄┄┄┄┄┄┄┄┄┄┄┄┄┄┄┄┄┄┄┄┄┄┄┄┄┄┄┄┄┄┄┄┄┄┄┄┄┄┄[0m
[38;5;208m│ ⚠️ Upload conflict for item.json: If-Match failed[0m
[38;5;208m└───────────────────────────────────────────────────────────────────────────────────────────────────────────────────────[0m
00:04 +161 ~1: /home/germanlion67/lager_app/app/test/services/artikel_db_service_test.dart: ArtikelDbService getArtikelByRemotePath() gibt null zurück wenn remote_path nicht existiert
┌───────────────────────────────────────────────────────────────────────────────────────────────────────────────────────
│ #0   ArtikelDbService.getArtikelByRemotePath (package:lager_app/services/artikel_db_service.dart:628:15)
│ #1   <asynchronous suspension>
├┄┄┄┄┄┄┄┄┄┄┄┄┄┄┄┄┄┄┄┄┄┄┄┄┄┄┄┄┄┄┄┄┄┄┄┄┄┄┄┄┄┄┄┄┄┄┄┄┄┄┄┄┄┄┄┄┄┄┄┄┄┄┄┄┄┄┄┄┄┄┄┄┄┄┄┄┄┄┄┄┄┄┄┄┄┄┄┄┄┄┄┄┄┄┄┄┄┄┄┄┄┄┄┄┄┄┄┄┄┄┄┄┄┄┄┄┄┄┄
│ 🐛 Artikel mit Remote-Pfad nicht-vorhanden nicht gefunden.
└───────────────────────────────────────────────────────────────────────────────────────────────────────────────────────
00:04 +161 ~1: /home/germanlion67/lager_app/app/test/services/nextcloud_client_test.dart: uploadItem() wirft Exception bei Status 500
[38;5;196m┌───────────────────────────────────────────────────────────────────────────────────────────────────────────────────────[0m
[38;5;196m│ #0   NextcloudClient.uploadItem (package:lager_app/services/nextcloud_client.dart:310:15)[0m
[38;5;196m│ #1   <asynchronous suspension>[0m
[38;5;196m├┄┄┄┄┄┄┄┄┄┄┄┄┄┄┄┄┄┄┄┄┄┄┄┄┄┄┄┄┄┄┄┄┄┄┄┄┄┄┄┄┄┄┄┄┄┄┄┄┄┄┄┄┄┄┄┄┄┄┄┄┄┄┄┄┄┄┄┄┄┄┄┄┄┄┄┄┄┄┄┄┄┄┄┄┄┄┄┄┄┄┄┄┄┄┄┄┄┄┄┄┄┄┄┄┄┄┄┄┄┄┄┄┄┄┄┄┄┄┄[0m
[38;5;196m│ ⛔ Failed to upload item.json: Exception: Upload failed: 500 null[0m
[38;5;196m└───────────────────────────────────────────────────────────────────────────────────────────────────────────────────────[0m
00:04 +161 ~1: /home/germanlion67/lager_app/app/test/services/artikel_db_service_test.dart: ArtikelDbService getArtikelByRemotePath() gibt null zurück wenn remote_path nicht existiert
[38;5;12m┌───────────────────────────────────────────────────────────────────────────────────────────────────────────────────────[0m
[38;5;12m│ #0   ArtikelDbService.closeDatabase (package:lager_app/services/artikel_db_service.dart:1169:15)[0m
[38;5;12m│ #1   <asynchronous suspension>[0m
[38;5;12m├┄┄┄┄┄┄┄┄┄┄┄┄┄┄┄┄┄┄┄┄┄┄┄┄┄┄┄┄┄┄┄┄┄┄┄┄┄┄┄┄┄┄┄┄┄┄┄┄┄┄┄┄┄┄┄┄┄┄┄┄┄┄┄┄┄┄┄┄┄┄┄┄┄┄┄┄┄┄┄┄┄┄┄┄┄┄┄┄┄┄┄┄┄┄┄┄┄┄┄┄┄┄┄┄┄┄┄┄┄┄┄┄┄┄┄┄┄┄┄[0m
[38;5;12m│ 💡 ✅ Datenbank geschlossen.[0m
[38;5;12m└───────────────────────────────────────────────────────────────────────────────────────────────────────────────────────[0m
00:04 +162 ~1: /home/germanlion67/lager_app/app/test/services/artikel_db_service_test.dart: ArtikelDbService getArtikelByRemotePath() gibt null zurück wenn remote_path nicht existiert
00:04 +163 ~1: /home/germanlion67/lager_app/app/test/services/nextcloud_client_test.dart: uploadItem() gibt null zurück wenn kein ETag im Response
00:04 +163 ~1: /home/germanlion67/lager_app/app/test/services/artikel_db_service_test.dart: ArtikelDbService getPendingChanges() gibt Artikel mit etag=null zurück
*** sqflite warning ***

You are changing sqflite default factory.
Be aware of the potential side effects. Any library using sqflite
will have this factory as the default for all operations.

*** sqflite warning ***

00:04 +163 ~1: /home/germanlion67/lager_app/app/test/services/nextcloud_client_test.dart: uploadItem() gibt null zurück wenn kein ETag im Response
┌───────────────────────────────────────────────────────────────────────────────────────────────────────────────────────
│ #0   NextcloudClient.uploadItem (package:lager_app/services/nextcloud_client.dart:297:17)
│ #1   <asynchronous suspension>
├┄┄┄┄┄┄┄┄┄┄┄┄┄┄┄┄┄┄┄┄┄┄┄┄┄┄┄┄┄┄┄┄┄┄┄┄┄┄┄┄┄┄┄┄┄┄┄┄┄┄┄┄┄┄┄┄┄┄┄┄┄┄┄┄┄┄┄┄┄┄┄┄┄┄┄┄┄┄┄┄┄┄┄┄┄┄┄┄┄┄┄┄┄┄┄┄┄┄┄┄┄┄┄┄┄┄┄┄┄┄┄┄┄┄┄┄┄┄┄
│ 🐛 Uploaded item.json (ETag: null)
└───────────────────────────────────────────────────────────────────────────────────────────────────────────────────────
00:04 +164 ~1: /home/germanlion67/lager_app/app/test/services/artikel_db_service_test.dart: ArtikelDbService getPendingChanges() gibt Artikel mit etag=null zurück
00:04 +164 ~1: /home/germanlion67/lager_app/app/test/services/nextcloud_client_test.dart: deleteItem() gibt true bei Status 204 zurück
┌───────────────────────────────────────────────────────────────────────────────────────────────────────────────────────
00:04 +164 ~1: /home/germanlion67/lager_app/app/test/services/artikel_db_service_test.dart: ArtikelDbService getPendingChanges() gibt Artikel mit etag=null zurück
[38;5;12m┌───────────────────────────────────────────────────────────────────────────────────────────────────────────────────────[0m
[38;5;12m│ #0   ArtikelDbService.insertArtikel (package:lager_app/services/artikel_db_service.dart:269:15)[0m
[38;5;12m│ #1   <asynchronous suspension>[0m
[38;5;12m├┄┄┄┄┄┄┄┄┄┄┄┄┄┄┄┄┄┄┄┄┄┄┄┄┄┄┄┄┄┄┄┄┄┄┄┄┄┄┄┄┄┄┄┄┄┄┄┄┄┄┄┄┄┄┄┄┄┄┄┄┄┄┄┄┄┄┄┄┄┄┄┄┄┄┄┄┄┄┄┄┄┄┄┄┄┄┄┄┄┄┄┄┄┄┄┄┄┄┄┄┄┄┄┄┄┄┄┄┄┄┄┄┄┄┄┄┄┄┄[0m
00:04 +164 ~1: /home/germanlion67/lager_app/app/test/services/nextcloud_client_test.dart: deleteItem() gibt true bei Status 204 zurück
│ #0   NextcloudClient.deleteItem (package:lager_app/services/nextcloud_client.dart:324:15)
│ #1   <asynchronous suspension>
├┄┄┄┄┄┄┄┄┄┄┄┄┄┄┄┄┄┄┄┄┄┄┄┄┄┄┄┄┄┄┄┄┄┄┄┄┄┄┄┄┄┄┄┄┄┄┄┄┄┄┄┄┄┄┄┄┄┄┄┄┄┄┄┄┄┄┄┄┄┄┄┄┄┄┄┄┄┄┄┄┄┄┄┄┄┄┄┄┄┄┄┄┄┄┄┄┄┄┄┄┄┄┄┄┄┄┄┄┄┄┄┄┄┄┄┄┄┄┄
│ 🐛 Delete item.json: 204
└───────────────────────────────────────────────────────────────────────────────────────────────────────────────────────
00:04 +164 ~1: /home/germanlion67/lager_app/app/test/services/artikel_db_service_test.dart: ArtikelDbService getPendingChanges() gibt Artikel mit etag=null zurück
[38;5;12m│ 💡 ✅ Artikel 85f3d38a-1021-4731-84a2-fbd86340f312 (ID: 1) eingefügt/ersetzt.[0m
[38;5;12m└───────────────────────────────────────────────────────────────────────────────────────────────────────────────────────[0m
00:04 +165 ~1: /home/germanlion67/lager_app/app/test/services/artikel_db_service_test.dart: ArtikelDbService getPendingChanges() gibt Artikel mit etag=null zurück
┌───────────────────────────────────────────────────────────────────────────────────────────────────────────────────────
│ #0   ArtikelDbService.getPendingChanges (package:lager_app/services/artikel_db_service.dart:675:15)
│ #1   <asynchronous suspension>
├┄┄┄┄┄┄┄┄┄┄┄┄┄┄┄┄┄┄┄┄┄┄┄┄┄┄┄┄┄┄┄┄┄┄┄┄┄┄┄┄┄┄┄┄┄┄┄┄┄┄┄┄┄┄┄┄┄┄┄┄┄┄┄┄┄┄┄┄┄┄┄┄┄┄┄┄┄┄┄┄┄┄┄┄┄┄┄┄┄┄┄┄┄┄┄┄┄┄┄┄┄┄┄┄┄┄┄┄┄┄┄┄┄┄┄┄┄┄┄
│ 🐛 ✅ 1 Artikel mit ausstehenden Änderungen abgerufen (inkl. gelöschter Artikel für Sync-Propagierung).
└───────────────────────────────────────────────────────────────────────────────────────────────────────────────────────
[38;5;12m┌───────────────────────────────────────────────────────────────────────────────────────────────────────────────────────[0m
[38;5;12m│ #0   ArtikelDbService.closeDatabase (package:lager_app/services/artikel_db_service.dart:1169:15)[0m
[38;5;12m│ #1   <asynchronous suspension>[0m
[38;5;12m├┄┄┄┄┄┄┄┄┄┄┄┄┄┄┄┄┄┄┄┄┄┄┄┄┄┄┄┄┄┄┄┄┄┄┄┄┄┄┄┄┄┄┄┄┄┄┄┄┄┄┄┄┄┄┄┄┄┄┄┄┄┄┄┄┄┄┄┄┄┄┄┄┄┄┄┄┄┄┄┄┄┄┄┄┄┄┄┄┄┄┄┄┄┄┄┄┄┄┄┄┄┄┄┄┄┄┄┄┄┄┄┄┄┄┄┄┄┄┄[0m
[38;5;12m│ 💡 ✅ Datenbank geschlossen.[0m
[38;5;12m└───────────────────────────────────────────────────────────────────────────────────────────────────────────────────────[0m
00:04 +166 ~1: /home/germanlion67/lager_app/app/test/services/nextcloud_client_test.dart: deleteItem() gibt true bei Status 404 (idempotent)
┌───────────────────────────────────────────────────────────────────────────────────────────────────────────────────────
│ #0   NextcloudClient.deleteItem (package:lager_app/services/nextcloud_client.dart:324:15)
│ #1   <asynchronous suspension>
├┄┄┄┄┄┄┄┄┄┄┄┄┄┄┄┄┄┄┄┄┄┄┄┄┄┄┄┄┄┄┄┄┄┄┄┄┄┄┄┄┄┄┄┄┄┄┄┄┄┄┄┄┄┄┄┄┄┄┄┄┄┄┄┄┄┄┄┄┄┄┄┄┄┄┄┄┄┄┄┄┄┄┄┄┄┄┄┄┄┄┄┄┄┄┄┄┄┄┄┄┄┄┄┄┄┄┄┄┄┄┄┄┄┄┄┄┄┄┄
│ 🐛 Delete already-gone.json: 404
└───────────────────────────────────────────────────────────────────────────────────────────────────────────────────────
00:04 +167 ~1: /home/germanlion67/lager_app/app/test/services/artikel_db_service_test.dart: ArtikelDbService getPendingChanges() gibt Artikel mit etag="" zurück
*** sqflite warning ***

You are changing sqflite default factory.
Be aware of the potential side effects. Any library using sqflite
will have this factory as the default for all operations.

*** sqflite warning ***

00:04 +167 ~1: /home/germanlion67/lager_app/app/test/services/nextcloud_client_test.dart: deleteItem() gibt false bei Status 500
┌───────────────────────────────────────────────────────────────────────────────────────────────────────────────────────
│ #0   NextcloudClient.deleteItem (package:lager_app/services/nextcloud_client.dart:324:15)
│ #1   <asynchronous suspension>
├┄┄┄┄┄┄┄┄┄┄┄┄┄┄┄┄┄┄┄┄┄┄┄┄┄┄┄┄┄┄┄┄┄┄┄┄┄┄┄┄┄┄┄┄┄┄┄┄┄┄┄┄┄┄┄┄┄┄┄┄┄┄┄┄┄┄┄┄┄┄┄┄┄┄┄┄┄┄┄┄┄┄┄┄┄┄┄┄┄┄┄┄┄┄┄┄┄┄┄┄┄┄┄┄┄┄┄┄┄┄┄┄┄┄┄┄┄┄┄
│ 🐛 Delete item.json: 500
└───────────────────────────────────────────────────────────────────────────────────────────────────────────────────────
00:04 +168 ~1: /home/germanlion67/lager_app/app/test/services/artikel_db_service_test.dart: ArtikelDbService getPendingChanges() gibt Artikel mit etag="" zurück
[38;5;12m┌───────────────────────────────────────────────────────────────────────────────────────────────────────────────────────[0m
[38;5;12m│ #0   ArtikelDbService.insertArtikel (package:lager_app/services/artikel_db_service.dart:269:15)[0m
[38;5;12m│ #1   <asynchronous suspension>[0m
[38;5;12m├┄┄┄┄┄┄┄┄┄┄┄┄┄┄┄┄┄┄┄┄┄┄┄┄┄┄┄┄┄┄┄┄┄┄┄┄┄┄┄┄┄┄┄┄┄┄┄┄┄┄┄┄┄┄┄┄┄┄┄┄┄┄┄┄┄┄┄┄┄┄┄┄┄┄┄┄┄┄┄┄┄┄┄┄┄┄┄┄┄┄┄┄┄┄┄┄┄┄┄┄┄┄┄┄┄┄┄┄┄┄┄┄┄┄┄┄┄┄┄[0m
[38;5;12m│ 💡 ✅ Artikel 10eb446a-182f-4303-ba64-68a9b9747420 (ID: 1) eingefügt/ersetzt.[0m
[38;5;12m└───────────────────────────────────────────────────────────────────────────────────────────────────────────────────────[0m
┌───────────────────────────────────────────────────────────────────────────────────────────────────────────────────────
│ #0   ArtikelDbService.getPendingChanges (package:lager_app/services/artikel_db_service.dart:675:15)
│ #1   <asynchronous suspension>
├┄┄┄┄┄┄┄┄┄┄┄┄┄┄┄┄┄┄┄┄┄┄┄┄┄┄┄┄┄┄┄┄┄┄┄┄┄┄┄┄┄┄┄┄┄┄┄┄┄┄┄┄┄┄┄┄┄┄┄┄┄┄┄┄┄┄┄┄┄┄┄┄┄┄┄┄┄┄┄┄┄┄┄┄┄┄┄┄┄┄┄┄┄┄┄┄┄┄┄┄┄┄┄┄┄┄┄┄┄┄┄┄┄┄┄┄┄┄┄
│ 🐛 ✅ 1 Artikel mit ausstehenden Änderungen abgerufen (inkl. gelöschter Artikel für Sync-Propagierung).
└───────────────────────────────────────────────────────────────────────────────────────────────────────────────────────
[38;5;12m┌───────────────────────────────────────────────────────────────────────────────────────────────────────────────────────[0m
[38;5;12m│ #0   ArtikelDbService.closeDatabase (package:lager_app/services/artikel_db_service.dart:1169:15)[0m
[38;5;12m│ #1   <asynchronous suspension>[0m
[38;5;12m├┄┄┄┄┄┄┄┄┄┄┄┄┄┄┄┄┄┄┄┄┄┄┄┄┄┄┄┄┄┄┄┄┄┄┄┄┄┄┄┄┄┄┄┄┄┄┄┄┄┄┄┄┄┄┄┄┄┄┄┄┄┄┄┄┄┄┄┄┄┄┄┄┄┄┄┄┄┄┄┄┄┄┄┄┄┄┄┄┄┄┄┄┄┄┄┄┄┄┄┄┄┄┄┄┄┄┄┄┄┄┄┄┄┄┄┄┄┄┄[0m
[38;5;12m│ 💡 ✅ Datenbank geschlossen.[0m
[38;5;12m└───────────────────────────────────────────────────────────────────────────────────────────────────────────────────────[0m
00:04 +169 ~1: /home/germanlion67/lager_app/app/test/services/nextcloud_client_test.dart: deleteItem() gibt false bei Exception
00:04 +169 ~1: /home/germanlion67/lager_app/app/test/services/artikel_db_service_test.dart: ArtikelDbService getPendingChanges() gibt Artikel mit gesetztem etag NICHT zurück
*** sqflite warning ***

You are changing sqflite default factory.
Be aware of the potential side effects. Any library using sqflite
will have this factory as the default for all operations.

*** sqflite warning ***

00:04 +169 ~1: /home/germanlion67/lager_app/app/test/services/nextcloud_client_test.dart: deleteItem() gibt false bei Exception
[38;5;196m┌───────────────────────────────────────────────────────────────────────────────────────────────────────────────────────[0m
[38;5;196m│ #0   NextcloudClient.deleteItem (package:lager_app/services/nextcloud_client.dart:327:15)[0m
[38;5;196m│ #1   <asynchronous suspension>[0m
[38;5;196m├┄┄┄┄┄┄┄┄┄┄┄┄┄┄┄┄┄┄┄┄┄┄┄┄┄┄┄┄┄┄┄┄┄┄┄┄┄┄┄┄┄┄┄┄┄┄┄┄┄┄┄┄┄┄┄┄┄┄┄┄┄┄┄┄┄┄┄┄┄┄┄┄┄┄┄┄┄┄┄┄┄┄┄┄┄┄┄┄┄┄┄┄┄┄┄┄┄┄┄┄┄┄┄┄┄┄┄┄┄┄┄┄┄┄┄┄┄┄┄[0m
[38;5;196m│ ⛔ Failed to delete item.json: Exception: timeout[0m
[38;5;196m└───────────────────────────────────────────────────────────────────────────────────────────────────────────────────────[0m
00:04 +170 ~1: /home/germanlion67/lager_app/app/test/services/artikel_db_service_test.dart: ArtikelDbService getPendingChanges() gibt Artikel mit gesetztem etag NICHT zurück
[38;5;12m┌───────────────────────────────────────────────────────────────────────────────────────────────────────────────────────[0m
[38;5;12m│ #0   ArtikelDbService.insertArtikel (package:lager_app/services/artikel_db_service.dart:269:15)[0m
[38;5;12m│ #1   <asynchronous suspension>[0m
[38;5;12m├┄┄┄┄┄┄┄┄┄┄┄┄┄┄┄┄┄┄┄┄┄┄┄┄┄┄┄┄┄┄┄┄┄┄┄┄┄┄┄┄┄┄┄┄┄┄┄┄┄┄┄┄┄┄┄┄┄┄┄┄┄┄┄┄┄┄┄┄┄┄┄┄┄┄┄┄┄┄┄┄┄┄┄┄┄┄┄┄┄┄┄┄┄┄┄┄┄┄┄┄┄┄┄┄┄┄┄┄┄┄┄┄┄┄┄┄┄┄┄[0m
[38;5;12m│ 💡 ✅ Artikel 06eba60a-db84-4e5e-996c-5b38314b2372 (ID: 1) eingefügt/ersetzt.[0m
[38;5;12m└───────────────────────────────────────────────────────────────────────────────────────────────────────────────────────[0m
┌───────────────────────────────────────────────────────────────────────────────────────────────────────────────────────
│ #0   ArtikelDbService.markSynced (package:lager_app/services/artikel_db_service.dart:709:17)
│ #1   <asynchronous suspension>
├┄┄┄┄┄┄┄┄┄┄┄┄┄┄┄┄┄┄┄┄┄┄┄┄┄┄┄┄┄┄┄┄┄┄┄┄┄┄┄┄┄┄┄┄┄┄┄┄┄┄┄┄┄┄┄┄┄┄┄┄┄┄┄┄┄┄┄┄┄┄┄┄┄┄┄┄┄┄┄┄┄┄┄┄┄┄┄┄┄┄┄┄┄┄┄┄┄┄┄┄┄┄┄┄┄┄┄┄┄┄┄┄┄┄┄┄┄┄┄
│ 🐛 ✅ Artikel UUID 06eba60a-db84-4e5e-996c-5b38314b2372 als synchronisiert markiert (ETag: etag-123).
└───────────────────────────────────────────────────────────────────────────────────────────────────────────────────────
00:04 +170 ~1: /home/germanlion67/lager_app/app/test/services/nextcloud_client_test.dart: uploadAttachment() gibt ETag bei Erfolg zurück
┌───────────────────────────────────────────────────────────────────────────────────────────────────────────────────────
│ #0   NextcloudClient.uploadAttachment (package:lager_app/services/nextcloud_client.dart:352:17)
│ #1   <asynchronous suspension>
├┄┄┄┄┄┄┄┄┄┄┄┄┄┄┄┄┄┄┄┄┄┄┄┄┄┄┄┄┄┄┄┄┄┄┄┄┄┄┄┄┄┄┄┄┄┄┄┄┄┄┄┄┄┄┄┄┄┄┄┄┄┄┄┄┄┄┄┄┄┄┄┄┄┄┄┄┄┄┄┄┄┄┄┄┄┄┄┄┄┄┄┄┄┄┄┄┄┄┄┄┄┄┄┄┄┄┄┄┄┄┄┄┄┄┄┄┄┄┄
│ 🐛 Uploaded attachment uuid-123/photo.jpg (3 bytes, ETag: att-etag)
└───────────────────────────────────────────────────────────────────────────────────────────────────────────────────────
00:04 +171 ~1: /home/germanlion67/lager_app/app/test/services/artikel_db_service_test.dart: ArtikelDbService getPendingChanges() gibt Artikel mit gesetztem etag NICHT zurück
┌───────────────────────────────────────────────────────────────────────────────────────────────────────────────────────
│ #0   ArtikelDbService.getPendingChanges (package:lager_app/services/artikel_db_service.dart:675:15)
│ #1   <asynchronous suspension>
├┄┄┄┄┄┄┄┄┄┄┄┄┄┄┄┄┄┄┄┄┄┄┄┄┄┄┄┄┄┄┄┄┄┄┄┄┄┄┄┄┄┄┄┄┄┄┄┄┄┄┄┄┄┄┄┄┄┄┄┄┄┄┄┄┄┄┄┄┄┄┄┄┄┄┄┄┄┄┄┄┄┄┄┄┄┄┄┄┄┄┄┄┄┄┄┄┄┄┄┄┄┄┄┄┄┄┄┄┄┄┄┄┄┄┄┄┄┄┄
│ 🐛 ✅ 0 Artikel mit ausstehenden Änderungen abgerufen (inkl. gelöschter Artikel für Sync-Propagierung).
└───────────────────────────────────────────────────────────────────────────────────────────────────────────────────────
[38;5;12m┌───────────────────────────────────────────────────────────────────────────────────────────────────────────────────────[0m
[38;5;12m│ #0   ArtikelDbService.closeDatabase (package:lager_app/services/artikel_db_service.dart:1169:15)[0m
[38;5;12m│ #1   <asynchronous suspension>[0m
[38;5;12m├┄┄┄┄┄┄┄┄┄┄┄┄┄┄┄┄┄┄┄┄┄┄┄┄┄┄┄┄┄┄┄┄┄┄┄┄┄┄┄┄┄┄┄┄┄┄┄┄┄┄┄┄┄┄┄┄┄┄┄┄┄┄┄┄┄┄┄┄┄┄┄┄┄┄┄┄┄┄┄┄┄┄┄┄┄┄┄┄┄┄┄┄┄┄┄┄┄┄┄┄┄┄┄┄┄┄┄┄┄┄┄┄┄┄┄┄┄┄┄[0m
[38;5;12m│ 💡 ✅ Datenbank geschlossen.[0m
[38;5;12m└───────────────────────────────────────────────────────────────────────────────────────────────────────────────────────[0m
00:04 +172 ~1: /home/germanlion67/lager_app/app/test/services/nextcloud_client_test.dart: uploadAttachment() sendet korrekten Content-Type
┌───────────────────────────────────────────────────────────────────────────────────────────────────────────────────────
│ #0   NextcloudClient.uploadAttachment (package:lager_app/services/nextcloud_client.dart:352:17)
│ #1   <asynchronous suspension>
├┄┄┄┄┄┄┄┄┄┄┄┄┄┄┄┄┄┄┄┄┄┄┄┄┄┄┄┄┄┄┄┄┄┄┄┄┄┄┄┄┄┄┄┄┄┄┄┄┄┄┄┄┄┄┄┄┄┄┄┄┄┄┄┄┄┄┄┄┄┄┄┄┄┄┄┄┄┄┄┄┄┄┄┄┄┄┄┄┄┄┄┄┄┄┄┄┄┄┄┄┄┄┄┄┄┄┄┄┄┄┄┄┄┄┄┄┄┄┄
│ 🐛 Uploaded attachment u/f (1 bytes, ETag: e)
└───────────────────────────────────────────────────────────────────────────────────────────────────────────────────────
00:04 +172 ~1: /home/germanlion67/lager_app/app/test/services/artikel_db_service_test.dart: ArtikelDbService getPendingChanges() gibt auch soft-gelöschte Artikel zurück (für Sync-Propagierung)
*** sqflite warning ***

You are changing sqflite default factory.
Be aware of the potential side effects. Any library using sqflite
will have this factory as the default for all operations.

*** sqflite warning ***

00:04 +173 ~1: /home/germanlion67/lager_app/app/test/services/artikel_db_service_test.dart: ArtikelDbService getPendingChanges() gibt auch soft-gelöschte Artikel zurück (für Sync-Propagierung)
00:04 +173 ~1: /home/germanlion67/lager_app/app/test/services/nextcloud_client_test.dart: uploadAttachment() nutzt application/octet-stream als Default
┌───────────────────────────────────────────────────────────────────────────────────────────────────────────────────────
│ #0   NextcloudClient.uploadAttachment (package:lager_app/services/nextcloud_client.dart:352:17)
│ #1   <asynchronous suspension>
├┄┄┄┄┄┄┄┄┄┄┄┄┄┄┄┄┄┄┄┄┄┄┄┄┄┄┄┄┄┄┄┄┄┄┄┄┄┄┄┄┄┄┄┄┄┄┄┄┄┄┄┄┄┄┄┄┄┄┄┄┄┄┄┄┄┄┄┄┄┄┄┄┄┄┄┄┄┄┄┄┄┄┄┄┄┄┄┄┄┄┄┄┄┄┄┄┄┄┄┄┄┄┄┄┄┄┄┄┄┄┄┄┄┄┄┄┄┄┄
│ 🐛 Uploaded attachment u/f (1 bytes, ETag: e)
└───────────────────────────────────────────────────────────────────────────────────────────────────────────────────────
00:04 +174 ~1: /home/germanlion67/lager_app/app/test/services/artikel_db_service_test.dart: ArtikelDbService getPendingChanges() gibt auch soft-gelöschte Artikel zurück (für Sync-Propagierung)
[38;5;12m┌───────────────────────────────────────────────────────────────────────────────────────────────────────────────────────[0m
[38;5;12m│ #0   ArtikelDbService.insertArtikel (package:lager_app/services/artikel_db_service.dart:269:15)[0m
[38;5;12m│ #1   <asynchronous suspension>[0m
[38;5;12m├┄┄┄┄┄┄┄┄┄┄┄┄┄┄┄┄┄┄┄┄┄┄┄┄┄┄┄┄┄┄┄┄┄┄┄┄┄┄┄┄┄┄┄┄┄┄┄┄┄┄┄┄┄┄┄┄┄┄┄┄┄┄┄┄┄┄┄┄┄┄┄┄┄┄┄┄┄┄┄┄┄┄┄┄┄┄┄┄┄┄┄┄┄┄┄┄┄┄┄┄┄┄┄┄┄┄┄┄┄┄┄┄┄┄┄┄┄┄┄[0m
[38;5;12m│ 💡 ✅ Artikel 89dd9655-1010-445b-85e8-d7a068a82532 (ID: 1) eingefügt/ersetzt.[0m
[38;5;12m└───────────────────────────────────────────────────────────────────────────────────────────────────────────────────────[0m
[38;5;12m┌───────────────────────────────────────────────────────────────────────────────────────────────────────────────────────[0m
[38;5;12m│ #0   ArtikelDbService.deleteArtikel (package:lager_app/services/artikel_db_service.dart:357:17)[0m
[38;5;12m│ #1   <asynchronous suspension>[0m
[38;5;12m├┄┄┄┄┄┄┄┄┄┄┄┄┄┄┄┄┄┄┄┄┄┄┄┄┄┄┄┄┄┄┄┄┄┄┄┄┄┄┄┄┄┄┄┄┄┄┄┄┄┄┄┄┄┄┄┄┄┄┄┄┄┄┄┄┄┄┄┄┄┄┄┄┄┄┄┄┄┄┄┄┄┄┄┄┄┄┄┄┄┄┄┄┄┄┄┄┄┄┄┄┄┄┄┄┄┄┄┄┄┄┄┄┄┄┄┄┄┄┄[0m
[38;5;12m│ 💡 ✅ Artikel 89dd9655-1010-445b-85e8-d7a068a82532 (ID: 1) als gelöscht markiert.[0m
[38;5;12m└───────────────────────────────────────────────────────────────────────────────────────────────────────────────────────[0m
┌───────────────────────────────────────────────────────────────────────────────────────────────────────────────────────
│ #0   ArtikelDbService.getPendingChanges (package:lager_app/services/artikel_db_service.dart:675:15)
│ #1   <asynchronous suspension>
├┄┄┄┄┄┄┄┄┄┄┄┄┄┄┄┄┄┄┄┄┄┄┄┄┄┄┄┄┄┄┄┄┄┄┄┄┄┄┄┄┄┄┄┄┄┄┄┄┄┄┄┄┄┄┄┄┄┄┄┄┄┄┄┄┄┄┄┄┄┄┄┄┄┄┄┄┄┄┄┄┄┄┄┄┄┄┄┄┄┄┄┄┄┄┄┄┄┄┄┄┄┄┄┄┄┄┄┄┄┄┄┄┄┄┄┄┄┄┄
│ 🐛 ✅ 1 Artikel mit ausstehenden Änderungen abgerufen (inkl. gelöschter Artikel für Sync-Propagierung).
└───────────────────────────────────────────────────────────────────────────────────────────────────────────────────────
00:04 +174 ~1: /home/germanlion67/lager_app/app/test/services/nextcloud_client_test.dart: uploadAttachment() wirft Exception bei Status 500
[38;5;196m┌───────────────────────────────────────────────────────────────────────────────────────────────────────────────────────[0m
[38;5;196m│ #0   NextcloudClient.uploadAttachment (package:lager_app/services/nextcloud_client.dart:364:15)[0m
[38;5;196m│ #1   <asynchronous suspension>[0m
00:04 +174 ~1: /home/germanlion67/lager_app/app/test/services/artikel_db_service_test.dart: ArtikelDbService getPendingChanges() gibt auch soft-gelöschte Artikel zurück (für Sync-Propagierung)
[38;5;12m┌───────────────────────────────────────────────────────────────────────────────────────────────────────────────────────[0m
[38;5;12m│ #0   ArtikelDbService.closeDatabase (package:lager_app/services/artikel_db_service.dart:1169:15)[0m
[38;5;12m│ #1   <asynchronous suspension>[0m
[38;5;12m├┄┄┄┄┄┄┄┄┄┄┄┄┄┄┄┄┄┄┄┄┄┄┄┄┄┄┄┄┄┄┄┄┄┄┄┄┄┄┄┄┄┄┄┄┄┄┄┄┄┄┄┄┄┄┄┄┄┄┄┄┄┄┄┄┄┄┄┄┄┄┄┄┄┄┄┄┄┄┄┄┄┄┄┄┄┄┄┄┄┄┄┄┄┄┄┄┄┄┄┄┄┄┄┄┄┄┄┄┄┄┄┄┄┄┄┄┄┄┄[0m
[38;5;12m│ 💡 ✅ Datenbank geschlossen.[0m
[38;5;12m└───────────────────────────────────────────────────────────────────────────────────────────────────────────────────────[0m
00:04 +175 ~1: /home/germanlion67/lager_app/app/test/services/nextcloud_client_test.dart: uploadAttachment() wirft Exception bei Status 500
[38;5;196m├┄┄┄┄┄┄┄┄┄┄┄┄┄┄┄┄┄┄┄┄┄┄┄┄┄┄┄┄┄┄┄┄┄┄┄┄┄┄┄┄┄┄┄┄┄┄┄┄┄┄┄┄┄┄┄┄┄┄┄┄┄┄┄┄┄┄┄┄┄┄┄┄┄┄┄┄┄┄┄┄┄┄┄┄┄┄┄┄┄┄┄┄┄┄┄┄┄┄┄┄┄┄┄┄┄┄┄┄┄┄┄┄┄┄┄┄┄┄┄[0m
[38;5;196m│ ⛔ Failed to upload attachment u/f: Exception: Attachment upload failed: 500 null[0m
[38;5;196m└───────────────────────────────────────────────────────────────────────────────────────────────────────────────────────[0m
00:04 +176 ~1: /home/germanlion67/lager_app/app/test/services/artikel_db_service_test.dart: ArtikelDbService getPendingChanges() gibt mehrere pending Artikel zurück
*** sqflite warning ***

You are changing sqflite default factory.
Be aware of the potential side effects. Any library using sqflite
will have this factory as the default for all operations.

*** sqflite warning ***

00:04 +176 ~1: /home/germanlion67/lager_app/app/test/services/nextcloud_client_test.dart: downloadAttachment() gibt Bytes bei Status 200 zurück
┌───────────────────────────────────────────────────────────────────────────────────────────────────────────────────────
│ #0   NextcloudClient.downloadAttachment (package:lager_app/services/nextcloud_client.dart:382:17)
│ #1   <asynchronous suspension>
├┄┄┄┄┄┄┄┄┄┄┄┄┄┄┄┄┄┄┄┄┄┄┄┄┄┄┄┄┄┄┄┄┄┄┄┄┄┄┄┄┄┄┄┄┄┄┄┄┄┄┄┄┄┄┄┄┄┄┄┄┄┄┄┄┄┄┄┄┄┄┄┄┄┄┄┄┄┄┄┄┄┄┄┄┄┄┄┄┄┄┄┄┄┄┄┄┄┄┄┄┄┄┄┄┄┄┄┄┄┄┄┄┄┄┄┄┄┄┄
│ 🐛 Downloaded attachment uuid-456/image.png (3 bytes)
└───────────────────────────────────────────────────────────────────────────────────────────────────────────────────────
00:04 +177 ~1: /home/germanlion67/lager_app/app/test/services/artikel_db_service_test.dart: ArtikelDbService getPendingChanges() gibt mehrere pending Artikel zurück
[38;5;12m┌───────────────────────────────────────────────────────────────────────────────────────────────────────────────────────[0m
[38;5;12m│ #0   ArtikelDbService.insertArtikel (package:lager_app/services/artikel_db_service.dart:269:15)[0m
[38;5;12m│ #1   <asynchronous suspension>[0m
[38;5;12m├┄┄┄┄┄┄┄┄┄┄┄┄┄┄┄┄┄┄┄┄┄┄┄┄┄┄┄┄┄┄┄┄┄┄┄┄┄┄┄┄┄┄┄┄┄┄┄┄┄┄┄┄┄┄┄┄┄┄┄┄┄┄┄┄┄┄┄┄┄┄┄┄┄┄┄┄┄┄┄┄┄┄┄┄┄┄┄┄┄┄┄┄┄┄┄┄┄┄┄┄┄┄┄┄┄┄┄┄┄┄┄┄┄┄┄┄┄┄┄[0m
[38;5;12m│ 💡 ✅ Artikel 8cb85bbd-25b8-4032-b929-debb93388e17 (ID: 1) eingefügt/ersetzt.[0m
[38;5;12m└───────────────────────────────────────────────────────────────────────────────────────────────────────────────────────[0m
[38;5;12m┌───────────────────────────────────────────────────────────────────────────────────────────────────────────────────────[0m
[38;5;12m│ #0   ArtikelDbService.insertArtikel (package:lager_app/services/artikel_db_service.dart:269:15)[0m
[38;5;12m│ #1   <asynchronous suspension>[0m
[38;5;12m├┄┄┄┄┄┄┄┄┄┄┄┄┄┄┄┄┄┄┄┄┄┄┄┄┄┄┄┄┄┄┄┄┄┄┄┄┄┄┄┄┄┄┄┄┄┄┄┄┄┄┄┄┄┄┄┄┄┄┄┄┄┄┄┄┄┄┄┄┄┄┄┄┄┄┄┄┄┄┄┄┄┄┄┄┄┄┄┄┄┄┄┄┄┄┄┄┄┄┄┄┄┄┄┄┄┄┄┄┄┄┄┄┄┄┄┄┄┄┄[0m
[38;5;12m│ 💡 ✅ Artikel 2d158415-3d63-4529-9b60-1c3d6aa7a404 (ID: 2) eingefügt/ersetzt.[0m
[38;5;12m└───────────────────────────────────────────────────────────────────────────────────────────────────────────────────────[0m
[38;5;12m┌───────────────────────────────────────────────────────────────────────────────────────────────────────────────────────[0m
[38;5;12m│ #0   ArtikelDbService.insertArtikel (package:lager_app/services/artikel_db_service.dart:269:15)[0m
[38;5;12m│ #1   <asynchronous suspension>[0m
[38;5;12m├┄┄┄┄┄┄┄┄┄┄┄┄┄┄┄┄┄┄┄┄┄┄┄┄┄┄┄┄┄┄┄┄┄┄┄┄┄┄┄┄┄┄┄┄┄┄┄┄┄┄┄┄┄┄┄┄┄┄┄┄┄┄┄┄┄┄┄┄┄┄┄┄┄┄┄┄┄┄┄┄┄┄┄┄┄┄┄┄┄┄┄┄┄┄┄┄┄┄┄┄┄┄┄┄┄┄┄┄┄┄┄┄┄┄┄┄┄┄┄[0m
[38;5;12m│ 💡 ✅ Artikel bfccc64e-81ba-4349-a862-02d00b2f3062 (ID: 3) eingefügt/ersetzt.[0m
[38;5;12m└───────────────────────────────────────────────────────────────────────────────────────────────────────────────────────[0m
┌───────────────────────────────────────────────────────────────────────────────────────────────────────────────────────
│ #0   ArtikelDbService.getPendingChanges (package:lager_app/services/artikel_db_service.dart:675:15)
│ #1   <asynchronous suspension>
├┄┄┄┄┄┄┄┄┄┄┄┄┄┄┄┄┄┄┄┄┄┄┄┄┄┄┄┄┄┄┄┄┄┄┄┄┄┄┄┄┄┄┄┄┄┄┄┄┄┄┄┄┄┄┄┄┄┄┄┄┄┄┄┄┄┄┄┄┄┄┄┄┄┄┄┄┄┄┄┄┄┄┄┄┄┄┄┄┄┄┄┄┄┄┄┄┄┄┄┄┄┄┄┄┄┄┄┄┄┄┄┄┄┄┄┄┄┄┄
│ 🐛 ✅ 3 Artikel mit ausstehenden Änderungen abgerufen (inkl. gelöschter Artikel für Sync-Propagierung).
└───────────────────────────────────────────────────────────────────────────────────────────────────────────────────────
00:04 +177 ~1: /home/germanlion67/lager_app/app/test/services/nextcloud_client_test.dart: downloadAttachment() wirft Exception bei Status 404
[38;5;196m┌───────────────────────────────────────────────────────────────────────────────────────────────────────────────────────[0m
[38;5;196m│ #0   NextcloudClient.downloadAttachment (package:lager_app/services/nextcloud_client.dart:394:15)[0m
[38;5;196m│ #1   <asynchronous suspension>[0m
[38;5;196m├┄┄┄┄┄┄┄┄┄┄┄┄┄┄┄┄┄┄┄┄┄┄┄┄┄┄┄┄┄┄┄┄┄┄┄┄┄┄┄┄┄┄┄┄┄┄┄┄┄┄┄┄┄┄┄┄┄┄┄┄┄┄┄┄┄┄┄┄┄┄┄┄┄┄┄┄┄┄┄┄┄┄┄┄┄┄┄┄┄┄┄┄┄┄┄┄┄┄┄┄┄┄┄┄┄┄┄┄┄┄┄┄┄┄┄┄┄┄┄[0m
[38;5;196m│ ⛔ Failed to download attachment u/missing.png: Exception: Attachment download failed: 404 null[0m
[38;5;196m└───────────────────────────────────────────────────────────────────────────────────────────────────────────────────────[0m
00:04 +178 ~1: /home/germanlion67/lager_app/app/test/services/artikel_db_service_test.dart: ArtikelDbService getPendingChanges() gibt mehrere pending Artikel zurück
[38;5;12m┌───────────────────────────────────────────────────────────────────────────────────────────────────────────────────────[0m
[38;5;12m│ #0   ArtikelDbService.closeDatabase (package:lager_app/services/artikel_db_service.dart:1169:15)[0m
[38;5;12m│ #1   <asynchronous suspension>[0m
[38;5;12m├┄┄┄┄┄┄┄┄┄┄┄┄┄┄┄┄┄┄┄┄┄┄┄┄┄┄┄┄┄┄┄┄┄┄┄┄┄┄┄┄┄┄┄┄┄┄┄┄┄┄┄┄┄┄┄┄┄┄┄┄┄┄┄┄┄┄┄┄┄┄┄┄┄┄┄┄┄┄┄┄┄┄┄┄┄┄┄┄┄┄┄┄┄┄┄┄┄┄┄┄┄┄┄┄┄┄┄┄┄┄┄┄┄┄┄┄┄┄┄[0m
[38;5;12m│ 💡 ✅ Datenbank geschlossen.[0m
[38;5;12m└───────────────────────────────────────────────────────────────────────────────────────────────────────────────────────[0m
00:04 +179 ~1: /home/germanlion67/lager_app/app/test/services/nextcloud_client_test.dart: URI-Auflösung items-Pfad wird korrekt aufgelöst
00:04 +179 ~1: /home/germanlion67/lager_app/app/test/services/artikel_db_service_test.dart: ArtikelDbService markSynced() setzt etag für Artikel
*** sqflite warning ***

You are changing sqflite default factory.
Be aware of the potential side effects. Any library using sqflite
will have this factory as the default for all operations.

*** sqflite warning ***

00:04 +179 ~1: /home/germanlion67/lager_app/app/test/services/nextcloud_client_test.dart: URI-Auflösung items-Pfad wird korrekt aufgelöst
┌───────────────────────────────────────────────────────────────────────────────────────────────────────────────────────
│ #0   NextcloudClient.downloadItem (package:lager_app/services/nextcloud_client.dart:254:17)
│ #1   <asynchronous suspension>
├┄┄┄┄┄┄┄┄┄┄┄┄┄┄┄┄┄┄┄┄┄┄┄┄┄┄┄┄┄┄┄┄┄┄┄┄┄┄┄┄┄┄┄┄┄┄┄┄┄┄┄┄┄┄┄┄┄┄┄┄┄┄┄┄┄┄┄┄┄┄┄┄┄┄┄┄┄┄┄┄┄┄┄┄┄┄┄┄┄┄┄┄┄┄┄┄┄┄┄┄┄┄┄┄┄┄┄┄┄┄┄┄┄┄┄┄┄┄┄
│ 🐛 Downloaded test-uuid.json (2 bytes)
└───────────────────────────────────────────────────────────────────────────────────────────────────────────────────────
00:04 +180 ~1: /home/germanlion67/lager_app/app/test/services/artikel_db_service_test.dart: ArtikelDbService markSynced() setzt etag für Artikel
[38;5;12m┌───────────────────────────────────────────────────────────────────────────────────────────────────────────────────────[0m
[38;5;12m│ #0   ArtikelDbService.insertArtikel (package:lager_app/services/artikel_db_service.dart:269:15)[0m
[38;5;12m│ #1   <asynchronous suspension>[0m
[38;5;12m├┄┄┄┄┄┄┄┄┄┄┄┄┄┄┄┄┄┄┄┄┄┄┄┄┄┄┄┄┄┄┄┄┄┄┄┄┄┄┄┄┄┄┄┄┄┄┄┄┄┄┄┄┄┄┄┄┄┄┄┄┄┄┄┄┄┄┄┄┄┄┄┄┄┄┄┄┄┄┄┄┄┄┄┄┄┄┄┄┄┄┄┄┄┄┄┄┄┄┄┄┄┄┄┄┄┄┄┄┄┄┄┄┄┄┄┄┄┄┄[0m
[38;5;12m│ 💡 ✅ Artikel 01272c6f-7f37-4bd4-b875-9497510d4f5b (ID: 1) eingefügt/ersetzt.[0m
[38;5;12m└───────────────────────────────────────────────────────────────────────────────────────────────────────────────────────[0m
00:04 +180 ~1: /home/germanlion67/lager_app/app/test/services/nextcloud_client_test.dart: URI-Auflösung attachments-Pfad wird korrekt aufgelöst
┌───────────────────────────────────────────────────────────────────────────────────────────────────────────────────────
│ #0   NextcloudClient.downloadAttachment (package:lager_app/services/nextcloud_client.dart:382:17)
│ #1   <asynchronous suspension>
├┄┄┄┄┄┄┄┄┄┄┄┄┄┄┄┄┄┄┄┄┄┄┄┄┄┄┄┄┄┄┄┄┄┄┄┄┄┄┄┄┄┄┄┄┄┄┄┄┄┄┄┄┄┄┄┄┄┄┄┄┄┄┄┄┄┄┄┄┄┄┄┄┄┄┄┄┄┄┄┄┄┄┄┄┄┄┄┄┄┄┄┄┄┄┄┄┄┄┄┄┄┄┄┄┄┄┄┄┄┄┄┄┄┄┄┄┄┄┄
│ 🐛 Downloaded attachment my-uuid/file.bin (1 bytes)
└───────────────────────────────────────────────────────────────────────────────────────────────────────────────────────
00:04 +181 ~1: /home/germanlion67/lager_app/app/test/services/artikel_db_service_test.dart: ArtikelDbService markSynced() setzt etag für Artikel
┌───────────────────────────────────────────────────────────────────────────────────────────────────────────────────────
│ #0   ArtikelDbService.markSynced (package:lager_app/services/artikel_db_service.dart:709:17)
│ #1   <asynchronous suspension>
├┄┄┄┄┄┄┄┄┄┄┄┄┄┄┄┄┄┄┄┄┄┄┄┄┄┄┄┄┄┄┄┄┄┄┄┄┄┄┄┄┄┄┄┄┄┄┄┄┄┄┄┄┄┄┄┄┄┄┄┄┄┄┄┄┄┄┄┄┄┄┄┄┄┄┄┄┄┄┄┄┄┄┄┄┄┄┄┄┄┄┄┄┄┄┄┄┄┄┄┄┄┄┄┄┄┄┄┄┄┄┄┄┄┄┄┄┄┄┄
│ 🐛 ✅ Artikel UUID 01272c6f-7f37-4bd4-b875-9497510d4f5b als synchronisiert markiert (ETag: etag-xyz).
└───────────────────────────────────────────────────────────────────────────────────────────────────────────────────────
[38;5;12m┌───────────────────────────────────────────────────────────────────────────────────────────────────────────────────────[0m
[38;5;12m│ #0   ArtikelDbService.closeDatabase (package:lager_app/services/artikel_db_service.dart:1169:15)[0m
[38;5;12m│ #1   <asynchronous suspension>[0m
[38;5;12m├┄┄┄┄┄┄┄┄┄┄┄┄┄┄┄┄┄┄┄┄┄┄┄┄┄┄┄┄┄┄┄┄┄┄┄┄┄┄┄┄┄┄┄┄┄┄┄┄┄┄┄┄┄┄┄┄┄┄┄┄┄┄┄┄┄┄┄┄┄┄┄┄┄┄┄┄┄┄┄┄┄┄┄┄┄┄┄┄┄┄┄┄┄┄┄┄┄┄┄┄┄┄┄┄┄┄┄┄┄┄┄┄┄┄┄┄┄┄┄[0m
[38;5;12m│ 💡 ✅ Datenbank geschlossen.[0m
[38;5;12m└───────────────────────────────────────────────────────────────────────────────────────────────────────────────────────[0m
00:04 +182 ~1: /home/germanlion67/lager_app/app/test/services/artikel_db_service_test.dart: ArtikelDbService markSynced() setzt remote_path wenn angegeben (FIX Finding 3)
*** sqflite warning ***

You are changing sqflite default factory.
Be aware of the potential side effects. Any library using sqflite
will have this factory as the default for all operations.

*** sqflite warning ***

[38;5;12m┌───────────────────────────────────────────────────────────────────────────────────────────────────────────────────────[0m
[38;5;12m│ #0   ArtikelDbService.insertArtikel (package:lager_app/services/artikel_db_service.dart:269:15)[0m
[38;5;12m│ #1   <asynchronous suspension>[0m
[38;5;12m├┄┄┄┄┄┄┄┄┄┄┄┄┄┄┄┄┄┄┄┄┄┄┄┄┄┄┄┄┄┄┄┄┄┄┄┄┄┄┄┄┄┄┄┄┄┄┄┄┄┄┄┄┄┄┄┄┄┄┄┄┄┄┄┄┄┄┄┄┄┄┄┄┄┄┄┄┄┄┄┄┄┄┄┄┄┄┄┄┄┄┄┄┄┄┄┄┄┄┄┄┄┄┄┄┄┄┄┄┄┄┄┄┄┄┄┄┄┄┄[0m
[38;5;12m│ 💡 ✅ Artikel 3b647340-57f7-40f8-ab4f-34db45aec6e6 (ID: 1) eingefügt/ersetzt.[0m
[38;5;12m└───────────────────────────────────────────────────────────────────────────────────────────────────────────────────────[0m
┌───────────────────────────────────────────────────────────────────────────────────────────────────────────────────────
│ #0   ArtikelDbService.markSynced (package:lager_app/services/artikel_db_service.dart:709:17)
│ #1   <asynchronous suspension>
├┄┄┄┄┄┄┄┄┄┄┄┄┄┄┄┄┄┄┄┄┄┄┄┄┄┄┄┄┄┄┄┄┄┄┄┄┄┄┄┄┄┄┄┄┄┄┄┄┄┄┄┄┄┄┄┄┄┄┄┄┄┄┄┄┄┄┄┄┄┄┄┄┄┄┄┄┄┄┄┄┄┄┄┄┄┄┄┄┄┄┄┄┄┄┄┄┄┄┄┄┄┄┄┄┄┄┄┄┄┄┄┄┄┄┄┄┄┄┄
│ 🐛 ✅ Artikel UUID 3b647340-57f7-40f8-ab4f-34db45aec6e6 als synchronisiert markiert (ETag: etag-xyz).
└───────────────────────────────────────────────────────────────────────────────────────────────────────────────────────
[38;5;12m┌───────────────────────────────────────────────────────────────────────────────────────────────────────────────────────[0m
[38;5;12m│ #0   ArtikelDbService.closeDatabase (package:lager_app/services/artikel_db_service.dart:1169:15)[0m
[38;5;12m│ #1   <asynchronous suspension>[0m
[38;5;12m├┄┄┄┄┄┄┄┄┄┄┄┄┄┄┄┄┄┄┄┄┄┄┄┄┄┄┄┄┄┄┄┄┄┄┄┄┄┄┄┄┄┄┄┄┄┄┄┄┄┄┄┄┄┄┄┄┄┄┄┄┄┄┄┄┄┄┄┄┄┄┄┄┄┄┄┄┄┄┄┄┄┄┄┄┄┄┄┄┄┄┄┄┄┄┄┄┄┄┄┄┄┄┄┄┄┄┄┄┄┄┄┄┄┄┄┄┄┄┄[0m
[38;5;12m│ 💡 ✅ Datenbank geschlossen.[0m
[38;5;12m└───────────────────────────────────────────────────────────────────────────────────────────────────────────────────────[0m
00:04 +183 ~1: /home/germanlion67/lager_app/app/test/services/artikel_db_service_test.dart: ArtikelDbService markSynced() Artikel erscheint nach markSynced() nicht mehr in getPendingChanges()
*** sqflite warning ***

You are changing sqflite default factory.
Be aware of the potential side effects. Any library using sqflite
will have this factory as the default for all operations.

*** sqflite warning ***

[38;5;12m┌───────────────────────────────────────────────────────────────────────────────────────────────────────────────────────[0m
[38;5;12m│ #0   ArtikelDbService.insertArtikel (package:lager_app/services/artikel_db_service.dart:269:15)[0m
[38;5;12m│ #1   <asynchronous suspension>[0m
[38;5;12m├┄┄┄┄┄┄┄┄┄┄┄┄┄┄┄┄┄┄┄┄┄┄┄┄┄┄┄┄┄┄┄┄┄┄┄┄┄┄┄┄┄┄┄┄┄┄┄┄┄┄┄┄┄┄┄┄┄┄┄┄┄┄┄┄┄┄┄┄┄┄┄┄┄┄┄┄┄┄┄┄┄┄┄┄┄┄┄┄┄┄┄┄┄┄┄┄┄┄┄┄┄┄┄┄┄┄┄┄┄┄┄┄┄┄┄┄┄┄┄[0m
[38;5;12m│ 💡 ✅ Artikel 59b91a8d-a39a-42b5-9138-7f3f8bcce5c7 (ID: 1) eingefügt/ersetzt.[0m
[38;5;12m└───────────────────────────────────────────────────────────────────────────────────────────────────────────────────────[0m
┌───────────────────────────────────────────────────────────────────────────────────────────────────────────────────────
│ #0   ArtikelDbService.markSynced (package:lager_app/services/artikel_db_service.dart:709:17)
│ #1   <asynchronous suspension>
├┄┄┄┄┄┄┄┄┄┄┄┄┄┄┄┄┄┄┄┄┄┄┄┄┄┄┄┄┄┄┄┄┄┄┄┄┄┄┄┄┄┄┄┄┄┄┄┄┄┄┄┄┄┄┄┄┄┄┄┄┄┄┄┄┄┄┄┄┄┄┄┄┄┄┄┄┄┄┄┄┄┄┄┄┄┄┄┄┄┄┄┄┄┄┄┄┄┄┄┄┄┄┄┄┄┄┄┄┄┄┄┄┄┄┄┄┄┄┄
│ 🐛 ✅ Artikel UUID 59b91a8d-a39a-42b5-9138-7f3f8bcce5c7 als synchronisiert markiert (ETag: etag-final).
└───────────────────────────────────────────────────────────────────────────────────────────────────────────────────────
┌───────────────────────────────────────────────────────────────────────────────────────────────────────────────────────
│ #0   ArtikelDbService.getPendingChanges (package:lager_app/services/artikel_db_service.dart:675:15)
│ #1   <asynchronous suspension>
├┄┄┄┄┄┄┄┄┄┄┄┄┄┄┄┄┄┄┄┄┄┄┄┄┄┄┄┄┄┄┄┄┄┄┄┄┄┄┄┄┄┄┄┄┄┄┄┄┄┄┄┄┄┄┄┄┄┄┄┄┄┄┄┄┄┄┄┄┄┄┄┄┄┄┄┄┄┄┄┄┄┄┄┄┄┄┄┄┄┄┄┄┄┄┄┄┄┄┄┄┄┄┄┄┄┄┄┄┄┄┄┄┄┄┄┄┄┄┄
│ 🐛 ✅ 0 Artikel mit ausstehenden Änderungen abgerufen (inkl. gelöschter Artikel für Sync-Propagierung).
└───────────────────────────────────────────────────────────────────────────────────────────────────────────────────────
[38;5;12m┌───────────────────────────────────────────────────────────────────────────────────────────────────────────────────────[0m
[38;5;12m│ #0   ArtikelDbService.closeDatabase (package:lager_app/services/artikel_db_service.dart:1169:15)[0m
[38;5;12m│ #1   <asynchronous suspension>[0m
[38;5;12m├┄┄┄┄┄┄┄┄┄┄┄┄┄┄┄┄┄┄┄┄┄┄┄┄┄┄┄┄┄┄┄┄┄┄┄┄┄┄┄┄┄┄┄┄┄┄┄┄┄┄┄┄┄┄┄┄┄┄┄┄┄┄┄┄┄┄┄┄┄┄┄┄┄┄┄┄┄┄┄┄┄┄┄┄┄┄┄┄┄┄┄┄┄┄┄┄┄┄┄┄┄┄┄┄┄┄┄┄┄┄┄┄┄┄┄┄┄┄┄[0m
[38;5;12m│ 💡 ✅ Datenbank geschlossen.[0m
[38;5;12m└───────────────────────────────────────────────────────────────────────────────────────────────────────────────────────[0m
00:04 +184 ~1: /home/germanlion67/lager_app/app/test/services/artikel_db_service_test.dart: ArtikelDbService markSynced() setzt remote_path nicht wenn null übergeben wird
*** sqflite warning ***

You are changing sqflite default factory.
Be aware of the potential side effects. Any library using sqflite
will have this factory as the default for all operations.

*** sqflite warning ***

[38;5;12m┌───────────────────────────────────────────────────────────────────────────────────────────────────────────────────────[0m
[38;5;12m│ #0   ArtikelDbService.insertArtikel (package:lager_app/services/artikel_db_service.dart:269:15)[0m
[38;5;12m│ #1   <asynchronous suspension>[0m
[38;5;12m├┄┄┄┄┄┄┄┄┄┄┄┄┄┄┄┄┄┄┄┄┄┄┄┄┄┄┄┄┄┄┄┄┄┄┄┄┄┄┄┄┄┄┄┄┄┄┄┄┄┄┄┄┄┄┄┄┄┄┄┄┄┄┄┄┄┄┄┄┄┄┄┄┄┄┄┄┄┄┄┄┄┄┄┄┄┄┄┄┄┄┄┄┄┄┄┄┄┄┄┄┄┄┄┄┄┄┄┄┄┄┄┄┄┄┄┄┄┄┄[0m
[38;5;12m│ 💡 ✅ Artikel 79f361d7-3696-4347-b72f-a9b84904d82e (ID: 1) eingefügt/ersetzt.[0m
[38;5;12m└───────────────────────────────────────────────────────────────────────────────────────────────────────────────────────[0m
┌───────────────────────────────────────────────────────────────────────────────────────────────────────────────────────
│ #0   ArtikelDbService.markSynced (package:lager_app/services/artikel_db_service.dart:709:17)
│ #1   <asynchronous suspension>
├┄┄┄┄┄┄┄┄┄┄┄┄┄┄┄┄┄┄┄┄┄┄┄┄┄┄┄┄┄┄┄┄┄┄┄┄┄┄┄┄┄┄┄┄┄┄┄┄┄┄┄┄┄┄┄┄┄┄┄┄┄┄┄┄┄┄┄┄┄┄┄┄┄┄┄┄┄┄┄┄┄┄┄┄┄┄┄┄┄┄┄┄┄┄┄┄┄┄┄┄┄┄┄┄┄┄┄┄┄┄┄┄┄┄┄┄┄┄┄
│ 🐛 ✅ Artikel UUID 79f361d7-3696-4347-b72f-a9b84904d82e als synchronisiert markiert (ETag: neues-etag).
└───────────────────────────────────────────────────────────────────────────────────────────────────────────────────────
[38;5;12m┌───────────────────────────────────────────────────────────────────────────────────────────────────────────────────────[0m
[38;5;12m│ #0   ArtikelDbService.closeDatabase (package:lager_app/services/artikel_db_service.dart:1169:15)[0m
[38;5;12m│ #1   <asynchronous suspension>[0m
[38;5;12m├┄┄┄┄┄┄┄┄┄┄┄┄┄┄┄┄┄┄┄┄┄┄┄┄┄┄┄┄┄┄┄┄┄┄┄┄┄┄┄┄┄┄┄┄┄┄┄┄┄┄┄┄┄┄┄┄┄┄┄┄┄┄┄┄┄┄┄┄┄┄┄┄┄┄┄┄┄┄┄┄┄┄┄┄┄┄┄┄┄┄┄┄┄┄┄┄┄┄┄┄┄┄┄┄┄┄┄┄┄┄┄┄┄┄┄┄┄┄┄[0m
[38;5;12m│ 💡 ✅ Datenbank geschlossen.[0m
[38;5;12m└───────────────────────────────────────────────────────────────────────────────────────────────────────────────────────[0m
00:04 +185 ~1: /home/germanlion67/lager_app/app/test/services/artikel_db_service_test.dart: ArtikelDbService upsertArtikel() fügt neuen Artikel ein wenn UUID nicht existiert
*** sqflite warning ***

You are changing sqflite default factory.
Be aware of the potential side effects. Any library using sqflite
will have this factory as the default for all operations.

*** sqflite warning ***

┌───────────────────────────────────────────────────────────────────────────────────────────────────────────────────────
│ #0   ArtikelDbService.upsertArtikel (package:lager_app/services/artikel_db_service.dart:765:17)
│ #1   <asynchronous suspension>
├┄┄┄┄┄┄┄┄┄┄┄┄┄┄┄┄┄┄┄┄┄┄┄┄┄┄┄┄┄┄┄┄┄┄┄┄┄┄┄┄┄┄┄┄┄┄┄┄┄┄┄┄┄┄┄┄┄┄┄┄┄┄┄┄┄┄┄┄┄┄┄┄┄┄┄┄┄┄┄┄┄┄┄┄┄┄┄┄┄┄┄┄┄┄┄┄┄┄┄┄┄┄┄┄┄┄┄┄┄┄┄┄┄┄┄┄┄┄┄
│ 🐛 ✅ Artikel UUID 2a92ce6f-baf5-4324-bd04-67b28892f1bd eingefügt (upsert).
└───────────────────────────────────────────────────────────────────────────────────────────────────────────────────────
┌───────────────────────────────────────────────────────────────────────────────────────────────────────────────────────
│ #0   ArtikelDbService.getAlleArtikel (package:lager_app/services/artikel_db_service.dart:295:15)
│ #1   <asynchronous suspension>
├┄┄┄┄┄┄┄┄┄┄┄┄┄┄┄┄┄┄┄┄┄┄┄┄┄┄┄┄┄┄┄┄┄┄┄┄┄┄┄┄┄┄┄┄┄┄┄┄┄┄┄┄┄┄┄┄┄┄┄┄┄┄┄┄┄┄┄┄┄┄┄┄┄┄┄┄┄┄┄┄┄┄┄┄┄┄┄┄┄┄┄┄┄┄┄┄┄┄┄┄┄┄┄┄┄┄┄┄┄┄┄┄┄┄┄┄┄┄┄
│ 🐛 ✅ 1 Artikel aus DB abgerufen (limit: 500, offset: 0).
└───────────────────────────────────────────────────────────────────────────────────────────────────────────────────────
[38;5;12m┌───────────────────────────────────────────────────────────────────────────────────────────────────────────────────────[0m
[38;5;12m│ #0   ArtikelDbService.closeDatabase (package:lager_app/services/artikel_db_service.dart:1169:15)[0m
[38;5;12m│ #1   <asynchronous suspension>[0m
[38;5;12m├┄┄┄┄┄┄┄┄┄┄┄┄┄┄┄┄┄┄┄┄┄┄┄┄┄┄┄┄┄┄┄┄┄┄┄┄┄┄┄┄┄┄┄┄┄┄┄┄┄┄┄┄┄┄┄┄┄┄┄┄┄┄┄┄┄┄┄┄┄┄┄┄┄┄┄┄┄┄┄┄┄┄┄┄┄┄┄┄┄┄┄┄┄┄┄┄┄┄┄┄┄┄┄┄┄┄┄┄┄┄┄┄┄┄┄┄┄┄┄[0m
[38;5;12m│ 💡 ✅ Datenbank geschlossen.[0m
[38;5;12m└───────────────────────────────────────────────────────────────────────────────────────────────────────────────────────[0m
00:04 +186 ~1: /home/germanlion67/lager_app/app/test/services/artikel_db_service_test.dart: ArtikelDbService upsertArtikel() aktualisiert bestehenden Artikel wenn UUID existiert
*** sqflite warning ***

You are changing sqflite default factory.
Be aware of the potential side effects. Any library using sqflite
will have this factory as the default for all operations.

*** sqflite warning ***

┌───────────────────────────────────────────────────────────────────────────────────────────────────────────────────────
│ #0   ArtikelDbService.upsertArtikel (package:lager_app/services/artikel_db_service.dart:765:17)
│ #1   <asynchronous suspension>
├┄┄┄┄┄┄┄┄┄┄┄┄┄┄┄┄┄┄┄┄┄┄┄┄┄┄┄┄┄┄┄┄┄┄┄┄┄┄┄┄┄┄┄┄┄┄┄┄┄┄┄┄┄┄┄┄┄┄┄┄┄┄┄┄┄┄┄┄┄┄┄┄┄┄┄┄┄┄┄┄┄┄┄┄┄┄┄┄┄┄┄┄┄┄┄┄┄┄┄┄┄┄┄┄┄┄┄┄┄┄┄┄┄┄┄┄┄┄┄
│ 🐛 ✅ Artikel UUID b8cfd189-4d78-4008-adc4-192ae250f5e9 eingefügt (upsert).
└───────────────────────────────────────────────────────────────────────────────────────────────────────────────────────
┌───────────────────────────────────────────────────────────────────────────────────────────────────────────────────────
│ #0   ArtikelDbService.upsertArtikel (package:lager_app/services/artikel_db_service.dart:758:17)
│ #1   <asynchronous suspension>
├┄┄┄┄┄┄┄┄┄┄┄┄┄┄┄┄┄┄┄┄┄┄┄┄┄┄┄┄┄┄┄┄┄┄┄┄┄┄┄┄┄┄┄┄┄┄┄┄┄┄┄┄┄┄┄┄┄┄┄┄┄┄┄┄┄┄┄┄┄┄┄┄┄┄┄┄┄┄┄┄┄┄┄┄┄┄┄┄┄┄┄┄┄┄┄┄┄┄┄┄┄┄┄┄┄┄┄┄┄┄┄┄┄┄┄┄┄┄┄
│ 🐛 ✅ Artikel UUID b8cfd189-4d78-4008-adc4-192ae250f5e9 aktualisiert (upsert).
└───────────────────────────────────────────────────────────────────────────────────────────────────────────────────────
┌───────────────────────────────────────────────────────────────────────────────────────────────────────────────────────
│ #0   ArtikelDbService.getAlleArtikel (package:lager_app/services/artikel_db_service.dart:295:15)
│ #1   <asynchronous suspension>
├┄┄┄┄┄┄┄┄┄┄┄┄┄┄┄┄┄┄┄┄┄┄┄┄┄┄┄┄┄┄┄┄┄┄┄┄┄┄┄┄┄┄┄┄┄┄┄┄┄┄┄┄┄┄┄┄┄┄┄┄┄┄┄┄┄┄┄┄┄┄┄┄┄┄┄┄┄┄┄┄┄┄┄┄┄┄┄┄┄┄┄┄┄┄┄┄┄┄┄┄┄┄┄┄┄┄┄┄┄┄┄┄┄┄┄┄┄┄┄
│ 🐛 ✅ 1 Artikel aus DB abgerufen (limit: 500, offset: 0).
└───────────────────────────────────────────────────────────────────────────────────────────────────────────────────────
00:04 +186 ~2: /home/germanlion67/lager_app/app/test/services/artikel_db_service_test.dart: ArtikelDbService upsertArtikel() aktualisiert bestehenden Artikel wenn UUID existiert
[38;5;12m┌───────────────────────────────────────────────────────────────────────────────────────────────────────────────────────[0m
[38;5;12m│ #0   ArtikelDbService.closeDatabase (package:lager_app/services/artikel_db_service.dart:1169:15)[0m
[38;5;12m│ #1   <asynchronous suspension>[0m
[38;5;12m├┄┄┄┄┄┄┄┄┄┄┄┄┄┄┄┄┄┄┄┄┄┄┄┄┄┄┄┄┄┄┄┄┄┄┄┄┄┄┄┄┄┄┄┄┄┄┄┄┄┄┄┄┄┄┄┄┄┄┄┄┄┄┄┄┄┄┄┄┄┄┄┄┄┄┄┄┄┄┄┄┄┄┄┄┄┄┄┄┄┄┄┄┄┄┄┄┄┄┄┄┄┄┄┄┄┄┄┄┄┄┄┄┄┄┄┄┄┄┄[0m
[38;5;12m│ 💡 ✅ Datenbank geschlossen.[0m
[38;5;12m└───────────────────────────────────────────────────────────────────────────────────────────────────────────────────────[0m
00:04 +187 ~2: /home/germanlion67/lager_app/app/test/services/artikel_export_service_test.dart: backupZipToNextcloud loggt Fehler, wenn Datei nicht existiert
00:04 +187 ~3: /home/germanlion67/lager_app/app/test/services/artikel_db_service_test.dart: ArtikelDbService upsertArtikel() setzt etag wenn angegeben
*** sqflite warning ***

You are changing sqflite default factory.
Be aware of the potential side effects. Any library using sqflite
will have this factory as the default for all operations.

*** sqflite warning ***

┌───────────────────────────────────────────────────────────────────────────────────────────────────────────────────────
│ #0   ArtikelDbService.upsertArtikel (package:lager_app/services/artikel_db_service.dart:765:17)
│ #1   <asynchronous suspension>
├┄┄┄┄┄┄┄┄┄┄┄┄┄┄┄┄┄┄┄┄┄┄┄┄┄┄┄┄┄┄┄┄┄┄┄┄┄┄┄┄┄┄┄┄┄┄┄┄┄┄┄┄┄┄┄┄┄┄┄┄┄┄┄┄┄┄┄┄┄┄┄┄┄┄┄┄┄┄┄┄┄┄┄┄┄┄┄┄┄┄┄┄┄┄┄┄┄┄┄┄┄┄┄┄┄┄┄┄┄┄┄┄┄┄┄┄┄┄┄
│ 🐛 ✅ Artikel UUID e704e6c2-5e6f-428c-b286-3c7ae262ed13 eingefügt (upsert).
└───────────────────────────────────────────────────────────────────────────────────────────────────────────────────────
[38;5;12m┌───────────────────────────────────────────────────────────────────────────────────────────────────────────────────────[0m
[38;5;12m│ #0   ArtikelDbService.closeDatabase (package:lager_app/services/artikel_db_service.dart:1169:15)[0m
[38;5;12m│ #1   <asynchronous suspension>[0m
[38;5;12m├┄┄┄┄┄┄┄┄┄┄┄┄┄┄┄┄┄┄┄┄┄┄┄┄┄┄┄┄┄┄┄┄┄┄┄┄┄┄┄┄┄┄┄┄┄┄┄┄┄┄┄┄┄┄┄┄┄┄┄┄┄┄┄┄┄┄┄┄┄┄┄┄┄┄┄┄┄┄┄┄┄┄┄┄┄┄┄┄┄┄┄┄┄┄┄┄┄┄┄┄┄┄┄┄┄┄┄┄┄┄┄┄┄┄┄┄┄┄┄[0m
[38;5;12m│ 💡 ✅ Datenbank geschlossen.[0m
[38;5;12m└───────────────────────────────────────────────────────────────────────────────────────────────────────────────────────[0m
00:04 +188 ~3: /home/germanlion67/lager_app/app/test/services/artikel_db_service_test.dart: ArtikelDbService upsertArtikel() schützt lokalen bildPfad beim Update (FIX Finding)
*** sqflite warning ***

You are changing sqflite default factory.
Be aware of the potential side effects. Any library using sqflite
will have this factory as the default for all operations.

*** sqflite warning ***

┌───────────────────────────────────────────────────────────────────────────────────────────────────────────────────────
│ #0   ArtikelDbService.upsertArtikel (package:lager_app/services/artikel_db_service.dart:765:17)
│ #1   <asynchronous suspension>
├┄┄┄┄┄┄┄┄┄┄┄┄┄┄┄┄┄┄┄┄┄┄┄┄┄┄┄┄┄┄┄┄┄┄┄┄┄┄┄┄┄┄┄┄┄┄┄┄┄┄┄┄┄┄┄┄┄┄┄┄┄┄┄┄┄┄┄┄┄┄┄┄┄┄┄┄┄┄┄┄┄┄┄┄┄┄┄┄┄┄┄┄┄┄┄┄┄┄┄┄┄┄┄┄┄┄┄┄┄┄┄┄┄┄┄┄┄┄┄
│ 🐛 ✅ Artikel UUID f35450cc-a987-4588-a7bf-edb811eb9771 eingefügt (upsert).
└───────────────────────────────────────────────────────────────────────────────────────────────────────────────────────
┌───────────────────────────────────────────────────────────────────────────────────────────────────────────────────────
│ #0   ArtikelDbService.upsertArtikel (package:lager_app/services/artikel_db_service.dart:758:17)
│ #1   <asynchronous suspension>
├┄┄┄┄┄┄┄┄┄┄┄┄┄┄┄┄┄┄┄┄┄┄┄┄┄┄┄┄┄┄┄┄┄┄┄┄┄┄┄┄┄┄┄┄┄┄┄┄┄┄┄┄┄┄┄┄┄┄┄┄┄┄┄┄┄┄┄┄┄┄┄┄┄┄┄┄┄┄┄┄┄┄┄┄┄┄┄┄┄┄┄┄┄┄┄┄┄┄┄┄┄┄┄┄┄┄┄┄┄┄┄┄┄┄┄┄┄┄┄
│ 🐛 ✅ Artikel UUID f35450cc-a987-4588-a7bf-edb811eb9771 aktualisiert (upsert).
└───────────────────────────────────────────────────────────────────────────────────────────────────────────────────────
┌───────────────────────────────────────────────────────────────────────────────────────────────────────────────────────
│ #0   ArtikelDbService.getAlleArtikel (package:lager_app/services/artikel_db_service.dart:295:15)
│ #1   <asynchronous suspension>
├┄┄┄┄┄┄┄┄┄┄┄┄┄┄┄┄┄┄┄┄┄┄┄┄┄┄┄┄┄┄┄┄┄┄┄┄┄┄┄┄┄┄┄┄┄┄┄┄┄┄┄┄┄┄┄┄┄┄┄┄┄┄┄┄┄┄┄┄┄┄┄┄┄┄┄┄┄┄┄┄┄┄┄┄┄┄┄┄┄┄┄┄┄┄┄┄┄┄┄┄┄┄┄┄┄┄┄┄┄┄┄┄┄┄┄┄┄┄┄
│ 🐛 ✅ 1 Artikel aus DB abgerufen (limit: 500, offset: 0).
└───────────────────────────────────────────────────────────────────────────────────────────────────────────────────────
[38;5;12m┌───────────────────────────────────────────────────────────────────────────────────────────────────────────────────────[0m
[38;5;12m│ #0   ArtikelDbService.closeDatabase (package:lager_app/services/artikel_db_service.dart:1169:15)[0m
[38;5;12m│ #1   <asynchronous suspension>[0m
[38;5;12m├┄┄┄┄┄┄┄┄┄┄┄┄┄┄┄┄┄┄┄┄┄┄┄┄┄┄┄┄┄┄┄┄┄┄┄┄┄┄┄┄┄┄┄┄┄┄┄┄┄┄┄┄┄┄┄┄┄┄┄┄┄┄┄┄┄┄┄┄┄┄┄┄┄┄┄┄┄┄┄┄┄┄┄┄┄┄┄┄┄┄┄┄┄┄┄┄┄┄┄┄┄┄┄┄┄┄┄┄┄┄┄┄┄┄┄┄┄┄┄[0m
[38;5;12m│ 💡 ✅ Datenbank geschlossen.[0m
[38;5;12m└───────────────────────────────────────────────────────────────────────────────────────────────────────────────────────[0m
00:04 +189 ~3: /home/germanlion67/lager_app/app/test/services/artikel_db_service_test.dart: ArtikelDbService upsertArtikel() überschreibt bildPfad wenn Remote einen Wert liefert
*** sqflite warning ***

You are changing sqflite default factory.
Be aware of the potential side effects. Any library using sqflite
will have this factory as the default for all operations.

*** sqflite warning ***

┌───────────────────────────────────────────────────────────────────────────────────────────────────────────────────────
│ #0   ArtikelDbService.upsertArtikel (package:lager_app/services/artikel_db_service.dart:765:17)
│ #1   <asynchronous suspension>
├┄┄┄┄┄┄┄┄┄┄┄┄┄┄┄┄┄┄┄┄┄┄┄┄┄┄┄┄┄┄┄┄┄┄┄┄┄┄┄┄┄┄┄┄┄┄┄┄┄┄┄┄┄┄┄┄┄┄┄┄┄┄┄┄┄┄┄┄┄┄┄┄┄┄┄┄┄┄┄┄┄┄┄┄┄┄┄┄┄┄┄┄┄┄┄┄┄┄┄┄┄┄┄┄┄┄┄┄┄┄┄┄┄┄┄┄┄┄┄
│ 🐛 ✅ Artikel UUID da43a9cf-8cd9-43ab-b60e-7105cd981ea2 eingefügt (upsert).
└───────────────────────────────────────────────────────────────────────────────────────────────────────────────────────
┌───────────────────────────────────────────────────────────────────────────────────────────────────────────────────────
│ #0   ArtikelDbService.upsertArtikel (package:lager_app/services/artikel_db_service.dart:758:17)
│ #1   <asynchronous suspension>
├┄┄┄┄┄┄┄┄┄┄┄┄┄┄┄┄┄┄┄┄┄┄┄┄┄┄┄┄┄┄┄┄┄┄┄┄┄┄┄┄┄┄┄┄┄┄┄┄┄┄┄┄┄┄┄┄┄┄┄┄┄┄┄┄┄┄┄┄┄┄┄┄┄┄┄┄┄┄┄┄┄┄┄┄┄┄┄┄┄┄┄┄┄┄┄┄┄┄┄┄┄┄┄┄┄┄┄┄┄┄┄┄┄┄┄┄┄┄┄
│ 🐛 ✅ Artikel UUID da43a9cf-8cd9-43ab-b60e-7105cd981ea2 aktualisiert (upsert).
└───────────────────────────────────────────────────────────────────────────────────────────────────────────────────────
┌───────────────────────────────────────────────────────────────────────────────────────────────────────────────────────
│ #0   ArtikelDbService.getAlleArtikel (package:lager_app/services/artikel_db_service.dart:295:15)
│ #1   <asynchronous suspension>
├┄┄┄┄┄┄┄┄┄┄┄┄┄┄┄┄┄┄┄┄┄┄┄┄┄┄┄┄┄┄┄┄┄┄┄┄┄┄┄┄┄┄┄┄┄┄┄┄┄┄┄┄┄┄┄┄┄┄┄┄┄┄┄┄┄┄┄┄┄┄┄┄┄┄┄┄┄┄┄┄┄┄┄┄┄┄┄┄┄┄┄┄┄┄┄┄┄┄┄┄┄┄┄┄┄┄┄┄┄┄┄┄┄┄┄┄┄┄┄
│ 🐛 ✅ 1 Artikel aus DB abgerufen (limit: 500, offset: 0).
└───────────────────────────────────────────────────────────────────────────────────────────────────────────────────────
[38;5;12m┌───────────────────────────────────────────────────────────────────────────────────────────────────────────────────────[0m
[38;5;12m│ #0   ArtikelDbService.closeDatabase (package:lager_app/services/artikel_db_service.dart:1169:15)[0m
[38;5;12m│ #1   <asynchronous suspension>[0m
[38;5;12m├┄┄┄┄┄┄┄┄┄┄┄┄┄┄┄┄┄┄┄┄┄┄┄┄┄┄┄┄┄┄┄┄┄┄┄┄┄┄┄┄┄┄┄┄┄┄┄┄┄┄┄┄┄┄┄┄┄┄┄┄┄┄┄┄┄┄┄┄┄┄┄┄┄┄┄┄┄┄┄┄┄┄┄┄┄┄┄┄┄┄┄┄┄┄┄┄┄┄┄┄┄┄┄┄┄┄┄┄┄┄┄┄┄┄┄┄┄┄┄[0m
[38;5;12m│ 💡 ✅ Datenbank geschlossen.[0m
[38;5;12m└───────────────────────────────────────────────────────────────────────────────────────────────────────────────────────[0m
00:04 +190 ~3: /home/germanlion67/lager_app/app/test/services/artikel_db_service_test.dart: ArtikelDbService searchArtikel() findet Artikel nach Name (LIKE)
*** sqflite warning ***

You are changing sqflite default factory.
Be aware of the potential side effects. Any library using sqflite
will have this factory as the default for all operations.

*** sqflite warning ***

[38;5;12m┌───────────────────────────────────────────────────────────────────────────────────────────────────────────────────────[0m
[38;5;12m│ #0   ArtikelDbService.insertArtikel (package:lager_app/services/artikel_db_service.dart:269:15)[0m
[38;5;12m│ #1   <asynchronous suspension>[0m
[38;5;12m├┄┄┄┄┄┄┄┄┄┄┄┄┄┄┄┄┄┄┄┄┄┄┄┄┄┄┄┄┄┄┄┄┄┄┄┄┄┄┄┄┄┄┄┄┄┄┄┄┄┄┄┄┄┄┄┄┄┄┄┄┄┄┄┄┄┄┄┄┄┄┄┄┄┄┄┄┄┄┄┄┄┄┄┄┄┄┄┄┄┄┄┄┄┄┄┄┄┄┄┄┄┄┄┄┄┄┄┄┄┄┄┄┄┄┄┄┄┄┄[0m
[38;5;12m│ 💡 ✅ Artikel cd9c03e1-8335-4989-9d81-b9dbf892acc9 (ID: 1) eingefügt/ersetzt.[0m
[38;5;12m└───────────────────────────────────────────────────────────────────────────────────────────────────────────────────────[0m
[38;5;12m┌───────────────────────────────────────────────────────────────────────────────────────────────────────────────────────[0m
[38;5;12m│ #0   ArtikelDbService.insertArtikel (package:lager_app/services/artikel_db_service.dart:269:15)[0m
[38;5;12m│ #1   <asynchronous suspension>[0m
[38;5;12m├┄┄┄┄┄┄┄┄┄┄┄┄┄┄┄┄┄┄┄┄┄┄┄┄┄┄┄┄┄┄┄┄┄┄┄┄┄┄┄┄┄┄┄┄┄┄┄┄┄┄┄┄┄┄┄┄┄┄┄┄┄┄┄┄┄┄┄┄┄┄┄┄┄┄┄┄┄┄┄┄┄┄┄┄┄┄┄┄┄┄┄┄┄┄┄┄┄┄┄┄┄┄┄┄┄┄┄┄┄┄┄┄┄┄┄┄┄┄┄[0m
[38;5;12m│ 💡 ✅ Artikel 742076ad-7226-4969-ba6c-9e48ea5cce1b (ID: 2) eingefügt/ersetzt.[0m
[38;5;12m└───────────────────────────────────────────────────────────────────────────────────────────────────────────────────────[0m
┌───────────────────────────────────────────────────────────────────────────────────────────────────────────────────────
│ #0   ArtikelDbService.searchArtikel (package:lager_app/services/artikel_db_service.dart:928:15)
│ #1   <asynchronous suspension>
├┄┄┄┄┄┄┄┄┄┄┄┄┄┄┄┄┄┄┄┄┄┄┄┄┄┄┄┄┄┄┄┄┄┄┄┄┄┄┄┄┄┄┄┄┄┄┄┄┄┄┄┄┄┄┄┄┄┄┄┄┄┄┄┄┄┄┄┄┄┄┄┄┄┄┄┄┄┄┄┄┄┄┄┄┄┄┄┄┄┄┄┄┄┄┄┄┄┄┄┄┄┄┄┄┄┄┄┄┄┄┄┄┄┄┄┄┄┄┄
│ 🐛 ✅ 1 Artikel für Suche "Widerstand" gefunden.
└───────────────────────────────────────────────────────────────────────────────────────────────────────────────────────
[38;5;12m┌───────────────────────────────────────────────────────────────────────────────────────────────────────────────────────[0m
[38;5;12m│ #0   ArtikelDbService.closeDatabase (package:lager_app/services/artikel_db_service.dart:1169:15)[0m
[38;5;12m│ #1   <asynchronous suspension>[0m
[38;5;12m├┄┄┄┄┄┄┄┄┄┄┄┄┄┄┄┄┄┄┄┄┄┄┄┄┄┄┄┄┄┄┄┄┄┄┄┄┄┄┄┄┄┄┄┄┄┄┄┄┄┄┄┄┄┄┄┄┄┄┄┄┄┄┄┄┄┄┄┄┄┄┄┄┄┄┄┄┄┄┄┄┄┄┄┄┄┄┄┄┄┄┄┄┄┄┄┄┄┄┄┄┄┄┄┄┄┄┄┄┄┄┄┄┄┄┄┄┄┄┄[0m
[38;5;12m│ 💡 ✅ Datenbank geschlossen.[0m
[38;5;12m└───────────────────────────────────────────────────────────────────────────────────────────────────────────────────────[0m
00:04 +191 ~3: /home/germanlion67/lager_app/app/test/services/artikel_db_service_test.dart: ArtikelDbService searchArtikel() findet Artikel nach Beschreibung (LIKE)
*** sqflite warning ***

You are changing sqflite default factory.
Be aware of the potential side effects. Any library using sqflite
will have this factory as the default for all operations.

*** sqflite warning ***

[38;5;12m┌───────────────────────────────────────────────────────────────────────────────────────────────────────────────────────[0m
[38;5;12m│ #0   ArtikelDbService.insertArtikel (package:lager_app/services/artikel_db_service.dart:269:15)[0m
[38;5;12m│ #1   <asynchronous suspension>[0m
[38;5;12m├┄┄┄┄┄┄┄┄┄┄┄┄┄┄┄┄┄┄┄┄┄┄┄┄┄┄┄┄┄┄┄┄┄┄┄┄┄┄┄┄┄┄┄┄┄┄┄┄┄┄┄┄┄┄┄┄┄┄┄┄┄┄┄┄┄┄┄┄┄┄┄┄┄┄┄┄┄┄┄┄┄┄┄┄┄┄┄┄┄┄┄┄┄┄┄┄┄┄┄┄┄┄┄┄┄┄┄┄┄┄┄┄┄┄┄┄┄┄┄[0m
[38;5;12m│ 💡 ✅ Artikel b7422bce-9678-49dc-9439-46995b08626d (ID: 1) eingefügt/ersetzt.[0m
[38;5;12m└───────────────────────────────────────────────────────────────────────────────────────────────────────────────────────[0m
┌───────────────────────────────────────────────────────────────────────────────────────────────────────────────────────
│ #0   ArtikelDbService.searchArtikel (package:lager_app/services/artikel_db_service.dart:928:15)
│ #1   <asynchronous suspension>
├┄┄┄┄┄┄┄┄┄┄┄┄┄┄┄┄┄┄┄┄┄┄┄┄┄┄┄┄┄┄┄┄┄┄┄┄┄┄┄┄┄┄┄┄┄┄┄┄┄┄┄┄┄┄┄┄┄┄┄┄┄┄┄┄┄┄┄┄┄┄┄┄┄┄┄┄┄┄┄┄┄┄┄┄┄┄┄┄┄┄┄┄┄┄┄┄┄┄┄┄┄┄┄┄┄┄┄┄┄┄┄┄┄┄┄┄┄┄┄
│ 🐛 ✅ 1 Artikel für Suche "Vorwärtsspannung" gefunden.
└───────────────────────────────────────────────────────────────────────────────────────────────────────────────────────
[38;5;12m┌───────────────────────────────────────────────────────────────────────────────────────────────────────────────────────[0m
[38;5;12m│ #0   ArtikelDbService.closeDatabase (package:lager_app/services/artikel_db_service.dart:1169:15)[0m
[38;5;12m│ #1   <asynchronous suspension>[0m
[38;5;12m├┄┄┄┄┄┄┄┄┄┄┄┄┄┄┄┄┄┄┄┄┄┄┄┄┄┄┄┄┄┄┄┄┄┄┄┄┄┄┄┄┄┄┄┄┄┄┄┄┄┄┄┄┄┄┄┄┄┄┄┄┄┄┄┄┄┄┄┄┄┄┄┄┄┄┄┄┄┄┄┄┄┄┄┄┄┄┄┄┄┄┄┄┄┄┄┄┄┄┄┄┄┄┄┄┄┄┄┄┄┄┄┄┄┄┄┄┄┄┄[0m
[38;5;12m│ 💡 ✅ Datenbank geschlossen.[0m
[38;5;12m└───────────────────────────────────────────────────────────────────────────────────────────────────────────────────────[0m
00:04 +192 ~3: /home/germanlion67/lager_app/app/test/services/artikel_db_service_test.dart: ArtikelDbService searchArtikel() gibt leere Liste zurück wenn kein Treffer
*** sqflite warning ***

You are changing sqflite default factory.
Be aware of the potential side effects. Any library using sqflite
will have this factory as the default for all operations.

*** sqflite warning ***

[38;5;12m┌───────────────────────────────────────────────────────────────────────────────────────────────────────────────────────[0m
[38;5;12m│ #0   ArtikelDbService.insertArtikel (package:lager_app/services/artikel_db_service.dart:269:15)[0m
[38;5;12m│ #1   <asynchronous suspension>[0m
[38;5;12m├┄┄┄┄┄┄┄┄┄┄┄┄┄┄┄┄┄┄┄┄┄┄┄┄┄┄┄┄┄┄┄┄┄┄┄┄┄┄┄┄┄┄┄┄┄┄┄┄┄┄┄┄┄┄┄┄┄┄┄┄┄┄┄┄┄┄┄┄┄┄┄┄┄┄┄┄┄┄┄┄┄┄┄┄┄┄┄┄┄┄┄┄┄┄┄┄┄┄┄┄┄┄┄┄┄┄┄┄┄┄┄┄┄┄┄┄┄┄┄[0m
[38;5;12m│ 💡 ✅ Artikel e53cb6ea-8180-4bca-84b2-1350aed2c113 (ID: 1) eingefügt/ersetzt.[0m
[38;5;12m└───────────────────────────────────────────────────────────────────────────────────────────────────────────────────────[0m
┌───────────────────────────────────────────────────────────────────────────────────────────────────────────────────────
│ #0   ArtikelDbService.searchArtikel (package:lager_app/services/artikel_db_service.dart:928:15)
│ #1   <asynchronous suspension>
├┄┄┄┄┄┄┄┄┄┄┄┄┄┄┄┄┄┄┄┄┄┄┄┄┄┄┄┄┄┄┄┄┄┄┄┄┄┄┄┄┄┄┄┄┄┄┄┄┄┄┄┄┄┄┄┄┄┄┄┄┄┄┄┄┄┄┄┄┄┄┄┄┄┄┄┄┄┄┄┄┄┄┄┄┄┄┄┄┄┄┄┄┄┄┄┄┄┄┄┄┄┄┄┄┄┄┄┄┄┄┄┄┄┄┄┄┄┄┄
│ 🐛 ✅ 0 Artikel für Suche "Kondensator" gefunden.
└───────────────────────────────────────────────────────────────────────────────────────────────────────────────────────
[38;5;12m┌───────────────────────────────────────────────────────────────────────────────────────────────────────────────────────[0m
[38;5;12m│ #0   ArtikelDbService.closeDatabase (package:lager_app/services/artikel_db_service.dart:1169:15)[0m
[38;5;12m│ #1   <asynchronous suspension>[0m
[38;5;12m├┄┄┄┄┄┄┄┄┄┄┄┄┄┄┄┄┄┄┄┄┄┄┄┄┄┄┄┄┄┄┄┄┄┄┄┄┄┄┄┄┄┄┄┄┄┄┄┄┄┄┄┄┄┄┄┄┄┄┄┄┄┄┄┄┄┄┄┄┄┄┄┄┄┄┄┄┄┄┄┄┄┄┄┄┄┄┄┄┄┄┄┄┄┄┄┄┄┄┄┄┄┄┄┄┄┄┄┄┄┄┄┄┄┄┄┄┄┄┄[0m
[38;5;12m│ 💡 ✅ Datenbank geschlossen.[0m
[38;5;12m└───────────────────────────────────────────────────────────────────────────────────────────────────────────────────────[0m
00:04 +193 ~3: /home/germanlion67/lager_app/app/test/services/artikel_db_service_test.dart: ArtikelDbService searchArtikel() filtert soft-gelöschte Artikel heraus
*** sqflite warning ***

You are changing sqflite default factory.
Be aware of the potential side effects. Any library using sqflite
will have this factory as the default for all operations.

*** sqflite warning ***

[38;5;12m┌───────────────────────────────────────────────────────────────────────────────────────────────────────────────────────[0m
[38;5;12m│ #0   ArtikelDbService.insertArtikel (package:lager_app/services/artikel_db_service.dart:269:15)[0m
[38;5;12m│ #1   <asynchronous suspension>[0m
[38;5;12m├┄┄┄┄┄┄┄┄┄┄┄┄┄┄┄┄┄┄┄┄┄┄┄┄┄┄┄┄┄┄┄┄┄┄┄┄┄┄┄┄┄┄┄┄┄┄┄┄┄┄┄┄┄┄┄┄┄┄┄┄┄┄┄┄┄┄┄┄┄┄┄┄┄┄┄┄┄┄┄┄┄┄┄┄┄┄┄┄┄┄┄┄┄┄┄┄┄┄┄┄┄┄┄┄┄┄┄┄┄┄┄┄┄┄┄┄┄┄┄[0m
[38;5;12m│ 💡 ✅ Artikel c06058fe-824e-4ba1-bbd8-665aeb7c018e (ID: 1) eingefügt/ersetzt.[0m
[38;5;12m└───────────────────────────────────────────────────────────────────────────────────────────────────────────────────────[0m
[38;5;12m┌───────────────────────────────────────────────────────────────────────────────────────────────────────────────────────[0m
[38;5;12m│ #0   ArtikelDbService.deleteArtikel (package:lager_app/services/artikel_db_service.dart:357:17)[0m
[38;5;12m│ #1   <asynchronous suspension>[0m
[38;5;12m├┄┄┄┄┄┄┄┄┄┄┄┄┄┄┄┄┄┄┄┄┄┄┄┄┄┄┄┄┄┄┄┄┄┄┄┄┄┄┄┄┄┄┄┄┄┄┄┄┄┄┄┄┄┄┄┄┄┄┄┄┄┄┄┄┄┄┄┄┄┄┄┄┄┄┄┄┄┄┄┄┄┄┄┄┄┄┄┄┄┄┄┄┄┄┄┄┄┄┄┄┄┄┄┄┄┄┄┄┄┄┄┄┄┄┄┄┄┄┄[0m
[38;5;12m│ 💡 ✅ Artikel c06058fe-824e-4ba1-bbd8-665aeb7c018e (ID: 1) als gelöscht markiert.[0m
[38;5;12m└───────────────────────────────────────────────────────────────────────────────────────────────────────────────────────[0m
┌───────────────────────────────────────────────────────────────────────────────────────────────────────────────────────
│ #0   ArtikelDbService.searchArtikel (package:lager_app/services/artikel_db_service.dart:928:15)
│ #1   <asynchronous suspension>
├┄┄┄┄┄┄┄┄┄┄┄┄┄┄┄┄┄┄┄┄┄┄┄┄┄┄┄┄┄┄┄┄┄┄┄┄┄┄┄┄┄┄┄┄┄┄┄┄┄┄┄┄┄┄┄┄┄┄┄┄┄┄┄┄┄┄┄┄┄┄┄┄┄┄┄┄┄┄┄┄┄┄┄┄┄┄┄┄┄┄┄┄┄┄┄┄┄┄┄┄┄┄┄┄┄┄┄┄┄┄┄┄┄┄┄┄┄┄┄
│ 🐛 ✅ 0 Artikel für Suche "Widerstand" gefunden.
└───────────────────────────────────────────────────────────────────────────────────────────────────────────────────────
[38;5;12m┌───────────────────────────────────────────────────────────────────────────────────────────────────────────────────────[0m
[38;5;12m│ #0   ArtikelDbService.closeDatabase (package:lager_app/services/artikel_db_service.dart:1169:15)[0m
[38;5;12m│ #1   <asynchronous suspension>[0m
[38;5;12m├┄┄┄┄┄┄┄┄┄┄┄┄┄┄┄┄┄┄┄┄┄┄┄┄┄┄┄┄┄┄┄┄┄┄┄┄┄┄┄┄┄┄┄┄┄┄┄┄┄┄┄┄┄┄┄┄┄┄┄┄┄┄┄┄┄┄┄┄┄┄┄┄┄┄┄┄┄┄┄┄┄┄┄┄┄┄┄┄┄┄┄┄┄┄┄┄┄┄┄┄┄┄┄┄┄┄┄┄┄┄┄┄┄┄┄┄┄┄┄[0m
[38;5;12m│ 💡 ✅ Datenbank geschlossen.[0m
[38;5;12m└───────────────────────────────────────────────────────────────────────────────────────────────────────────────────────[0m
00:04 +194 ~3: /home/germanlion67/lager_app/app/test/services/artikel_db_service_test.dart: ArtikelDbService searchArtikel() respektiert limit-Parameter
*** sqflite warning ***

You are changing sqflite default factory.
Be aware of the potential side effects. Any library using sqflite
will have this factory as the default for all operations.

*** sqflite warning ***

[38;5;12m┌───────────────────────────────────────────────────────────────────────────────────────────────────────────────────────[0m
[38;5;12m│ #0   ArtikelDbService.insertArtikel (package:lager_app/services/artikel_db_service.dart:269:15)[0m
[38;5;12m│ #1   <asynchronous suspension>[0m
[38;5;12m├┄┄┄┄┄┄┄┄┄┄┄┄┄┄┄┄┄┄┄┄┄┄┄┄┄┄┄┄┄┄┄┄┄┄┄┄┄┄┄┄┄┄┄┄┄┄┄┄┄┄┄┄┄┄┄┄┄┄┄┄┄┄┄┄┄┄┄┄┄┄┄┄┄┄┄┄┄┄┄┄┄┄┄┄┄┄┄┄┄┄┄┄┄┄┄┄┄┄┄┄┄┄┄┄┄┄┄┄┄┄┄┄┄┄┄┄┄┄┄[0m
[38;5;12m│ 💡 ✅ Artikel fe1662c8-89c9-44dd-8b61-45eddbd222e8 (ID: 1) eingefügt/ersetzt.[0m
[38;5;12m└───────────────────────────────────────────────────────────────────────────────────────────────────────────────────────[0m
[38;5;12m┌───────────────────────────────────────────────────────────────────────────────────────────────────────────────────────[0m
[38;5;12m│ #0   ArtikelDbService.insertArtikel (package:lager_app/services/artikel_db_service.dart:269:15)[0m
[38;5;12m│ #1   <asynchronous suspension>[0m
[38;5;12m├┄┄┄┄┄┄┄┄┄┄┄┄┄┄┄┄┄┄┄┄┄┄┄┄┄┄┄┄┄┄┄┄┄┄┄┄┄┄┄┄┄┄┄┄┄┄┄┄┄┄┄┄┄┄┄┄┄┄┄┄┄┄┄┄┄┄┄┄┄┄┄┄┄┄┄┄┄┄┄┄┄┄┄┄┄┄┄┄┄┄┄┄┄┄┄┄┄┄┄┄┄┄┄┄┄┄┄┄┄┄┄┄┄┄┄┄┄┄┄[0m
[38;5;12m│ 💡 ✅ Artikel 04c33afd-70e9-4054-bfb9-ce80d15a4027 (ID: 2) eingefügt/ersetzt.[0m
[38;5;12m└───────────────────────────────────────────────────────────────────────────────────────────────────────────────────────[0m
[38;5;12m┌───────────────────────────────────────────────────────────────────────────────────────────────────────────────────────[0m
[38;5;12m│ #0   ArtikelDbService.insertArtikel (package:lager_app/services/artikel_db_service.dart:269:15)[0m
[38;5;12m│ #1   <asynchronous suspension>[0m
[38;5;12m├┄┄┄┄┄┄┄┄┄┄┄┄┄┄┄┄┄┄┄┄┄┄┄┄┄┄┄┄┄┄┄┄┄┄┄┄┄┄┄┄┄┄┄┄┄┄┄┄┄┄┄┄┄┄┄┄┄┄┄┄┄┄┄┄┄┄┄┄┄┄┄┄┄┄┄┄┄┄┄┄┄┄┄┄┄┄┄┄┄┄┄┄┄┄┄┄┄┄┄┄┄┄┄┄┄┄┄┄┄┄┄┄┄┄┄┄┄┄┄[0m
[38;5;12m│ 💡 ✅ Artikel cc16d545-c38b-4830-914d-78d2ff9fc22b (ID: 3) eingefügt/ersetzt.[0m
[38;5;12m└───────────────────────────────────────────────────────────────────────────────────────────────────────────────────────[0m
[38;5;12m┌───────────────────────────────────────────────────────────────────────────────────────────────────────────────────────[0m
[38;5;12m│ #0   ArtikelDbService.insertArtikel (package:lager_app/services/artikel_db_service.dart:269:15)[0m
[38;5;12m│ #1   <asynchronous suspension>[0m
[38;5;12m├┄┄┄┄┄┄┄┄┄┄┄┄┄┄┄┄┄┄┄┄┄┄┄┄┄┄┄┄┄┄┄┄┄┄┄┄┄┄┄┄┄┄┄┄┄┄┄┄┄┄┄┄┄┄┄┄┄┄┄┄┄┄┄┄┄┄┄┄┄┄┄┄┄┄┄┄┄┄┄┄┄┄┄┄┄┄┄┄┄┄┄┄┄┄┄┄┄┄┄┄┄┄┄┄┄┄┄┄┄┄┄┄┄┄┄┄┄┄┄[0m
[38;5;12m│ 💡 ✅ Artikel a3af186d-f789-4582-9fd4-dbeefe3705f8 (ID: 4) eingefügt/ersetzt.[0m
[38;5;12m└───────────────────────────────────────────────────────────────────────────────────────────────────────────────────────[0m
[38;5;12m┌───────────────────────────────────────────────────────────────────────────────────────────────────────────────────────[0m
[38;5;12m│ #0   ArtikelDbService.insertArtikel (package:lager_app/services/artikel_db_service.dart:269:15)[0m
[38;5;12m│ #1   <asynchronous suspension>[0m
[38;5;12m├┄┄┄┄┄┄┄┄┄┄┄┄┄┄┄┄┄┄┄┄┄┄┄┄┄┄┄┄┄┄┄┄┄┄┄┄┄┄┄┄┄┄┄┄┄┄┄┄┄┄┄┄┄┄┄┄┄┄┄┄┄┄┄┄┄┄┄┄┄┄┄┄┄┄┄┄┄┄┄┄┄┄┄┄┄┄┄┄┄┄┄┄┄┄┄┄┄┄┄┄┄┄┄┄┄┄┄┄┄┄┄┄┄┄┄┄┄┄┄[0m
[38;5;12m│ 💡 ✅ Artikel f9054f0d-2dbb-46d9-b65c-7cf1e187644c (ID: 5) eingefügt/ersetzt.[0m
[38;5;12m└───────────────────────────────────────────────────────────────────────────────────────────────────────────────────────[0m
┌───────────────────────────────────────────────────────────────────────────────────────────────────────────────────────
│ #0   ArtikelDbService.searchArtikel (package:lager_app/services/artikel_db_service.dart:928:15)
│ #1   <asynchronous suspension>
├┄┄┄┄┄┄┄┄┄┄┄┄┄┄┄┄┄┄┄┄┄┄┄┄┄┄┄┄┄┄┄┄┄┄┄┄┄┄┄┄┄┄┄┄┄┄┄┄┄┄┄┄┄┄┄┄┄┄┄┄┄┄┄┄┄┄┄┄┄┄┄┄┄┄┄┄┄┄┄┄┄┄┄┄┄┄┄┄┄┄┄┄┄┄┄┄┄┄┄┄┄┄┄┄┄┄┄┄┄┄┄┄┄┄┄┄┄┄┄
│ 🐛 ✅ 2 Artikel für Suche "Widerstand" gefunden.
└───────────────────────────────────────────────────────────────────────────────────────────────────────────────────────
[38;5;12m┌───────────────────────────────────────────────────────────────────────────────────────────────────────────────────────[0m
[38;5;12m│ #0   ArtikelDbService.closeDatabase (package:lager_app/services/artikel_db_service.dart:1169:15)[0m
[38;5;12m│ #1   <asynchronous suspension>[0m
[38;5;12m├┄┄┄┄┄┄┄┄┄┄┄┄┄┄┄┄┄┄┄┄┄┄┄┄┄┄┄┄┄┄┄┄┄┄┄┄┄┄┄┄┄┄┄┄┄┄┄┄┄┄┄┄┄┄┄┄┄┄┄┄┄┄┄┄┄┄┄┄┄┄┄┄┄┄┄┄┄┄┄┄┄┄┄┄┄┄┄┄┄┄┄┄┄┄┄┄┄┄┄┄┄┄┄┄┄┄┄┄┄┄┄┄┄┄┄┄┄┄┄[0m
[38;5;12m│ 💡 ✅ Datenbank geschlossen.[0m
[38;5;12m└───────────────────────────────────────────────────────────────────────────────────────────────────────────────────────[0m
00:04 +195 ~3: /home/germanlion67/lager_app/app/test/services/artikel_db_service_test.dart: ArtikelDbService searchArtikel() Suche ist case-insensitive (SQLite LIKE)
*** sqflite warning ***

You are changing sqflite default factory.
Be aware of the potential side effects. Any library using sqflite
will have this factory as the default for all operations.

*** sqflite warning ***

[38;5;12m┌───────────────────────────────────────────────────────────────────────────────────────────────────────────────────────[0m
[38;5;12m│ #0   ArtikelDbService.insertArtikel (package:lager_app/services/artikel_db_service.dart:269:15)[0m
[38;5;12m│ #1   <asynchronous suspension>[0m
[38;5;12m├┄┄┄┄┄┄┄┄┄┄┄┄┄┄┄┄┄┄┄┄┄┄┄┄┄┄┄┄┄┄┄┄┄┄┄┄┄┄┄┄┄┄┄┄┄┄┄┄┄┄┄┄┄┄┄┄┄┄┄┄┄┄┄┄┄┄┄┄┄┄┄┄┄┄┄┄┄┄┄┄┄┄┄┄┄┄┄┄┄┄┄┄┄┄┄┄┄┄┄┄┄┄┄┄┄┄┄┄┄┄┄┄┄┄┄┄┄┄┄[0m
[38;5;12m│ 💡 ✅ Artikel 40d3da49-59c2-4638-820b-3765d6fa1755 (ID: 1) eingefügt/ersetzt.[0m
[38;5;12m└───────────────────────────────────────────────────────────────────────────────────────────────────────────────────────[0m
┌───────────────────────────────────────────────────────────────────────────────────────────────────────────────────────
│ #0   ArtikelDbService.searchArtikel (package:lager_app/services/artikel_db_service.dart:928:15)
│ #1   <asynchronous suspension>
├┄┄┄┄┄┄┄┄┄┄┄┄┄┄┄┄┄┄┄┄┄┄┄┄┄┄┄┄┄┄┄┄┄┄┄┄┄┄┄┄┄┄┄┄┄┄┄┄┄┄┄┄┄┄┄┄┄┄┄┄┄┄┄┄┄┄┄┄┄┄┄┄┄┄┄┄┄┄┄┄┄┄┄┄┄┄┄┄┄┄┄┄┄┄┄┄┄┄┄┄┄┄┄┄┄┄┄┄┄┄┄┄┄┄┄┄┄┄┄
│ 🐛 ✅ 1 Artikel für Suche "widerstand" gefunden.
└───────────────────────────────────────────────────────────────────────────────────────────────────────────────────────
[38;5;12m┌───────────────────────────────────────────────────────────────────────────────────────────────────────────────────────[0m
[38;5;12m│ #0   ArtikelDbService.closeDatabase (package:lager_app/services/artikel_db_service.dart:1169:15)[0m
[38;5;12m│ #1   <asynchronous suspension>[0m
[38;5;12m├┄┄┄┄┄┄┄┄┄┄┄┄┄┄┄┄┄┄┄┄┄┄┄┄┄┄┄┄┄┄┄┄┄┄┄┄┄┄┄┄┄┄┄┄┄┄┄┄┄┄┄┄┄┄┄┄┄┄┄┄┄┄┄┄┄┄┄┄┄┄┄┄┄┄┄┄┄┄┄┄┄┄┄┄┄┄┄┄┄┄┄┄┄┄┄┄┄┄┄┄┄┄┄┄┄┄┄┄┄┄┄┄┄┄┄┄┄┄┄[0m
[38;5;12m│ 💡 ✅ Datenbank geschlossen.[0m
[38;5;12m└───────────────────────────────────────────────────────────────────────────────────────────────────────────────────────[0m
00:04 +196 ~3: /home/germanlion67/lager_app/app/test/services/artikel_db_service_test.dart: ArtikelDbService existsKombination() gibt true zurück wenn Kombination existiert
*** sqflite warning ***

You are changing sqflite default factory.
Be aware of the potential side effects. Any library using sqflite
will have this factory as the default for all operations.

*** sqflite warning ***

[38;5;12m┌───────────────────────────────────────────────────────────────────────────────────────────────────────────────────────[0m
[38;5;12m│ #0   ArtikelDbService.insertArtikel (package:lager_app/services/artikel_db_service.dart:269:15)[0m
[38;5;12m│ #1   <asynchronous suspension>[0m
[38;5;12m├┄┄┄┄┄┄┄┄┄┄┄┄┄┄┄┄┄┄┄┄┄┄┄┄┄┄┄┄┄┄┄┄┄┄┄┄┄┄┄┄┄┄┄┄┄┄┄┄┄┄┄┄┄┄┄┄┄┄┄┄┄┄┄┄┄┄┄┄┄┄┄┄┄┄┄┄┄┄┄┄┄┄┄┄┄┄┄┄┄┄┄┄┄┄┄┄┄┄┄┄┄┄┄┄┄┄┄┄┄┄┄┄┄┄┄┄┄┄┄[0m
[38;5;12m│ 💡 ✅ Artikel d1dffd73-85e7-4df5-a4d3-45c96fb6a4bd (ID: 1) eingefügt/ersetzt.[0m
[38;5;12m└───────────────────────────────────────────────────────────────────────────────────────────────────────────────────────[0m
┌───────────────────────────────────────────────────────────────────────────────────────────────────────────────────────
│ #0   ArtikelDbService.existsKombination (package:lager_app/services/artikel_db_service.dart:961:15)
│ #1   <asynchronous suspension>
├┄┄┄┄┄┄┄┄┄┄┄┄┄┄┄┄┄┄┄┄┄┄┄┄┄┄┄┄┄┄┄┄┄┄┄┄┄┄┄┄┄┄┄┄┄┄┄┄┄┄┄┄┄┄┄┄┄┄┄┄┄┄┄┄┄┄┄┄┄┄┄┄┄┄┄┄┄┄┄┄┄┄┄┄┄┄┄┄┄┄┄┄┄┄┄┄┄┄┄┄┄┄┄┄┄┄┄┄┄┄┄┄┄┄┄┄┄┄┄
│ 🐛 🔍 Duplikat-Check (Name+Ort+Fach): "LED" / "Regal A" / "Fach 1" → DUPLIKAT
└───────────────────────────────────────────────────────────────────────────────────────────────────────────────────────
[38;5;12m┌───────────────────────────────────────────────────────────────────────────────────────────────────────────────────────[0m
[38;5;12m│ #0   ArtikelDbService.closeDatabase (package:lager_app/services/artikel_db_service.dart:1169:15)[0m
[38;5;12m│ #1   <asynchronous suspension>[0m
[38;5;12m├┄┄┄┄┄┄┄┄┄┄┄┄┄┄┄┄┄┄┄┄┄┄┄┄┄┄┄┄┄┄┄┄┄┄┄┄┄┄┄┄┄┄┄┄┄┄┄┄┄┄┄┄┄┄┄┄┄┄┄┄┄┄┄┄┄┄┄┄┄┄┄┄┄┄┄┄┄┄┄┄┄┄┄┄┄┄┄┄┄┄┄┄┄┄┄┄┄┄┄┄┄┄┄┄┄┄┄┄┄┄┄┄┄┄┄┄┄┄┄[0m
[38;5;12m│ 💡 ✅ Datenbank geschlossen.[0m
[38;5;12m└───────────────────────────────────────────────────────────────────────────────────────────────────────────────────────[0m
00:04 +197 ~3: /home/germanlion67/lager_app/app/test/services/artikel_db_service_test.dart: ArtikelDbService existsKombination() gibt false zurück wenn Kombination nicht existiert
*** sqflite warning ***

You are changing sqflite default factory.
Be aware of the potential side effects. Any library using sqflite
will have this factory as the default for all operations.

*** sqflite warning ***

[38;5;12m┌───────────────────────────────────────────────────────────────────────────────────────────────────────────────────────[0m
[38;5;12m│ #0   ArtikelDbService.insertArtikel (package:lager_app/services/artikel_db_service.dart:269:15)[0m
[38;5;12m│ #1   <asynchronous suspension>[0m
[38;5;12m├┄┄┄┄┄┄┄┄┄┄┄┄┄┄┄┄┄┄┄┄┄┄┄┄┄┄┄┄┄┄┄┄┄┄┄┄┄┄┄┄┄┄┄┄┄┄┄┄┄┄┄┄┄┄┄┄┄┄┄┄┄┄┄┄┄┄┄┄┄┄┄┄┄┄┄┄┄┄┄┄┄┄┄┄┄┄┄┄┄┄┄┄┄┄┄┄┄┄┄┄┄┄┄┄┄┄┄┄┄┄┄┄┄┄┄┄┄┄┄[0m
[38;5;12m│ 💡 ✅ Artikel b186712a-8234-4bd3-a2a7-46952e1c88cd (ID: 1) eingefügt/ersetzt.[0m
[38;5;12m└───────────────────────────────────────────────────────────────────────────────────────────────────────────────────────[0m
┌───────────────────────────────────────────────────────────────────────────────────────────────────────────────────────
│ #0   ArtikelDbService.existsKombination (package:lager_app/services/artikel_db_service.dart:961:15)
│ #1   <asynchronous suspension>
├┄┄┄┄┄┄┄┄┄┄┄┄┄┄┄┄┄┄┄┄┄┄┄┄┄┄┄┄┄┄┄┄┄┄┄┄┄┄┄┄┄┄┄┄┄┄┄┄┄┄┄┄┄┄┄┄┄┄┄┄┄┄┄┄┄┄┄┄┄┄┄┄┄┄┄┄┄┄┄┄┄┄┄┄┄┄┄┄┄┄┄┄┄┄┄┄┄┄┄┄┄┄┄┄┄┄┄┄┄┄┄┄┄┄┄┄┄┄┄
│ 🐛 🔍 Duplikat-Check (Name+Ort+Fach): "LED" / "Regal B" / "Fach 1" → frei
└───────────────────────────────────────────────────────────────────────────────────────────────────────────────────────
[38;5;12m┌───────────────────────────────────────────────────────────────────────────────────────────────────────────────────────[0m
[38;5;12m│ #0   ArtikelDbService.closeDatabase (package:lager_app/services/artikel_db_service.dart:1169:15)[0m
[38;5;12m│ #1   <asynchronous suspension>[0m
[38;5;12m├┄┄┄┄┄┄┄┄┄┄┄┄┄┄┄┄┄┄┄┄┄┄┄┄┄┄┄┄┄┄┄┄┄┄┄┄┄┄┄┄┄┄┄┄┄┄┄┄┄┄┄┄┄┄┄┄┄┄┄┄┄┄┄┄┄┄┄┄┄┄┄┄┄┄┄┄┄┄┄┄┄┄┄┄┄┄┄┄┄┄┄┄┄┄┄┄┄┄┄┄┄┄┄┄┄┄┄┄┄┄┄┄┄┄┄┄┄┄┄[0m
[38;5;12m│ 💡 ✅ Datenbank geschlossen.[0m
[38;5;12m└───────────────────────────────────────────────────────────────────────────────────────────────────────────────────────[0m
00:04 +198 ~3: /home/germanlion67/lager_app/app/test/services/artikel_db_service_test.dart: ArtikelDbService existsKombination() ignoriert soft-gelöschte Artikel
*** sqflite warning ***

You are changing sqflite default factory.
Be aware of the potential side effects. Any library using sqflite
will have this factory as the default for all operations.

*** sqflite warning ***

[38;5;12m┌───────────────────────────────────────────────────────────────────────────────────────────────────────────────────────[0m
[38;5;12m│ #0   ArtikelDbService.insertArtikel (package:lager_app/services/artikel_db_service.dart:269:15)[0m
[38;5;12m│ #1   <asynchronous suspension>[0m
[38;5;12m├┄┄┄┄┄┄┄┄┄┄┄┄┄┄┄┄┄┄┄┄┄┄┄┄┄┄┄┄┄┄┄┄┄┄┄┄┄┄┄┄┄┄┄┄┄┄┄┄┄┄┄┄┄┄┄┄┄┄┄┄┄┄┄┄┄┄┄┄┄┄┄┄┄┄┄┄┄┄┄┄┄┄┄┄┄┄┄┄┄┄┄┄┄┄┄┄┄┄┄┄┄┄┄┄┄┄┄┄┄┄┄┄┄┄┄┄┄┄┄[0m
[38;5;12m│ 💡 ✅ Artikel ce43d34b-e850-4ac1-94b6-4ae37cce2825 (ID: 1) eingefügt/ersetzt.[0m
[38;5;12m└───────────────────────────────────────────────────────────────────────────────────────────────────────────────────────[0m
[38;5;12m┌───────────────────────────────────────────────────────────────────────────────────────────────────────────────────────[0m
[38;5;12m│ #0   ArtikelDbService.deleteArtikel (package:lager_app/services/artikel_db_service.dart:357:17)[0m
[38;5;12m│ #1   <asynchronous suspension>[0m
[38;5;12m├┄┄┄┄┄┄┄┄┄┄┄┄┄┄┄┄┄┄┄┄┄┄┄┄┄┄┄┄┄┄┄┄┄┄┄┄┄┄┄┄┄┄┄┄┄┄┄┄┄┄┄┄┄┄┄┄┄┄┄┄┄┄┄┄┄┄┄┄┄┄┄┄┄┄┄┄┄┄┄┄┄┄┄┄┄┄┄┄┄┄┄┄┄┄┄┄┄┄┄┄┄┄┄┄┄┄┄┄┄┄┄┄┄┄┄┄┄┄┄[0m
[38;5;12m│ 💡 ✅ Artikel ce43d34b-e850-4ac1-94b6-4ae37cce2825 (ID: 1) als gelöscht markiert.[0m
[38;5;12m└───────────────────────────────────────────────────────────────────────────────────────────────────────────────────────[0m
┌───────────────────────────────────────────────────────────────────────────────────────────────────────────────────────
│ #0   ArtikelDbService.existsKombination (package:lager_app/services/artikel_db_service.dart:961:15)
│ #1   <asynchronous suspension>
├┄┄┄┄┄┄┄┄┄┄┄┄┄┄┄┄┄┄┄┄┄┄┄┄┄┄┄┄┄┄┄┄┄┄┄┄┄┄┄┄┄┄┄┄┄┄┄┄┄┄┄┄┄┄┄┄┄┄┄┄┄┄┄┄┄┄┄┄┄┄┄┄┄┄┄┄┄┄┄┄┄┄┄┄┄┄┄┄┄┄┄┄┄┄┄┄┄┄┄┄┄┄┄┄┄┄┄┄┄┄┄┄┄┄┄┄┄┄┄
│ 🐛 🔍 Duplikat-Check (Name+Ort+Fach): "LED" / "Regal A" / "Fach 1" → frei
└───────────────────────────────────────────────────────────────────────────────────────────────────────────────────────
[38;5;12m┌───────────────────────────────────────────────────────────────────────────────────────────────────────────────────────[0m
[38;5;12m│ #0   ArtikelDbService.closeDatabase (package:lager_app/services/artikel_db_service.dart:1169:15)[0m
[38;5;12m│ #1   <asynchronous suspension>[0m
[38;5;12m├┄┄┄┄┄┄┄┄┄┄┄┄┄┄┄┄┄┄┄┄┄┄┄┄┄┄┄┄┄┄┄┄┄┄┄┄┄┄┄┄┄┄┄┄┄┄┄┄┄┄┄┄┄┄┄┄┄┄┄┄┄┄┄┄┄┄┄┄┄┄┄┄┄┄┄┄┄┄┄┄┄┄┄┄┄┄┄┄┄┄┄┄┄┄┄┄┄┄┄┄┄┄┄┄┄┄┄┄┄┄┄┄┄┄┄┄┄┄┄[0m
[38;5;12m│ 💡 ✅ Datenbank geschlossen.[0m
[38;5;12m└───────────────────────────────────────────────────────────────────────────────────────────────────────────────────────[0m
00:04 +199 ~3: /home/germanlion67/lager_app/app/test/services/artikel_db_service_test.dart: ArtikelDbService existsKombination() gibt false zurück bei leerem Name
*** sqflite warning ***

You are changing sqflite default factory.
Be aware of the potential side effects. Any library using sqflite
will have this factory as the default for all operations.

*** sqflite warning ***

┌───────────────────────────────────────────────────────────────────────────────────────────────────────────────────────
│ #0   ArtikelDbService.existsKombination (package:lager_app/services/artikel_db_service.dart:961:15)
│ #1   <asynchronous suspension>
├┄┄┄┄┄┄┄┄┄┄┄┄┄┄┄┄┄┄┄┄┄┄┄┄┄┄┄┄┄┄┄┄┄┄┄┄┄┄┄┄┄┄┄┄┄┄┄┄┄┄┄┄┄┄┄┄┄┄┄┄┄┄┄┄┄┄┄┄┄┄┄┄┄┄┄┄┄┄┄┄┄┄┄┄┄┄┄┄┄┄┄┄┄┄┄┄┄┄┄┄┄┄┄┄┄┄┄┄┄┄┄┄┄┄┄┄┄┄┄
│ 🐛 🔍 Duplikat-Check (Name+Ort+Fach): "" / "Regal A" / "Fach 1" → frei
└───────────────────────────────────────────────────────────────────────────────────────────────────────────────────────
[38;5;12m┌───────────────────────────────────────────────────────────────────────────────────────────────────────────────────────[0m
[38;5;12m│ #0   ArtikelDbService.closeDatabase (package:lager_app/services/artikel_db_service.dart:1169:15)[0m
[38;5;12m│ #1   <asynchronous suspension>[0m
[38;5;12m├┄┄┄┄┄┄┄┄┄┄┄┄┄┄┄┄┄┄┄┄┄┄┄┄┄┄┄┄┄┄┄┄┄┄┄┄┄┄┄┄┄┄┄┄┄┄┄┄┄┄┄┄┄┄┄┄┄┄┄┄┄┄┄┄┄┄┄┄┄┄┄┄┄┄┄┄┄┄┄┄┄┄┄┄┄┄┄┄┄┄┄┄┄┄┄┄┄┄┄┄┄┄┄┄┄┄┄┄┄┄┄┄┄┄┄┄┄┄┄[0m
[38;5;12m│ 💡 ✅ Datenbank geschlossen.[0m
[38;5;12m└───────────────────────────────────────────────────────────────────────────────────────────────────────────────────────[0m
00:04 +200 ~3: /home/germanlion67/lager_app/app/test/services/artikel_db_service_test.dart: ArtikelDbService existsArtikelnummer() gibt true zurück wenn Artikelnummer existiert
*** sqflite warning ***

You are changing sqflite default factory.
Be aware of the potential side effects. Any library using sqflite
will have this factory as the default for all operations.

*** sqflite warning ***

[38;5;12m┌───────────────────────────────────────────────────────────────────────────────────────────────────────────────────────[0m
[38;5;12m│ #0   ArtikelDbService.insertArtikel (package:lager_app/services/artikel_db_service.dart:269:15)[0m
[38;5;12m│ #1   <asynchronous suspension>[0m
[38;5;12m├┄┄┄┄┄┄┄┄┄┄┄┄┄┄┄┄┄┄┄┄┄┄┄┄┄┄┄┄┄┄┄┄┄┄┄┄┄┄┄┄┄┄┄┄┄┄┄┄┄┄┄┄┄┄┄┄┄┄┄┄┄┄┄┄┄┄┄┄┄┄┄┄┄┄┄┄┄┄┄┄┄┄┄┄┄┄┄┄┄┄┄┄┄┄┄┄┄┄┄┄┄┄┄┄┄┄┄┄┄┄┄┄┄┄┄┄┄┄┄[0m
[38;5;12m│ 💡 ✅ Artikel d32cbdc3-43b7-4b58-a477-e6a3d68bb950 (ID: 1) eingefügt/ersetzt.[0m
[38;5;12m└───────────────────────────────────────────────────────────────────────────────────────────────────────────────────────[0m
┌───────────────────────────────────────────────────────────────────────────────────────────────────────────────────────
│ #0   ArtikelDbService.existsArtikelnummer (package:lager_app/services/artikel_db_service.dart:991:15)
│ #1   <asynchronous suspension>
├┄┄┄┄┄┄┄┄┄┄┄┄┄┄┄┄┄┄┄┄┄┄┄┄┄┄┄┄┄┄┄┄┄┄┄┄┄┄┄┄┄┄┄┄┄┄┄┄┄┄┄┄┄┄┄┄┄┄┄┄┄┄┄┄┄┄┄┄┄┄┄┄┄┄┄┄┄┄┄┄┄┄┄┄┄┄┄┄┄┄┄┄┄┄┄┄┄┄┄┄┄┄┄┄┄┄┄┄┄┄┄┄┄┄┄┄┄┄┄
│ 🐛 🔍 Duplikat-Check (Artikelnummer): 1001 → VERGEBEN
└───────────────────────────────────────────────────────────────────────────────────────────────────────────────────────
[38;5;12m┌───────────────────────────────────────────────────────────────────────────────────────────────────────────────────────[0m
[38;5;12m│ #0   ArtikelDbService.closeDatabase (package:lager_app/services/artikel_db_service.dart:1169:15)[0m
[38;5;12m│ #1   <asynchronous suspension>[0m
[38;5;12m├┄┄┄┄┄┄┄┄┄┄┄┄┄┄┄┄┄┄┄┄┄┄┄┄┄┄┄┄┄┄┄┄┄┄┄┄┄┄┄┄┄┄┄┄┄┄┄┄┄┄┄┄┄┄┄┄┄┄┄┄┄┄┄┄┄┄┄┄┄┄┄┄┄┄┄┄┄┄┄┄┄┄┄┄┄┄┄┄┄┄┄┄┄┄┄┄┄┄┄┄┄┄┄┄┄┄┄┄┄┄┄┄┄┄┄┄┄┄┄[0m
[38;5;12m│ 💡 ✅ Datenbank geschlossen.[0m
[38;5;12m└───────────────────────────────────────────────────────────────────────────────────────────────────────────────────────[0m
00:05 +201 ~3: /home/germanlion67/lager_app/app/test/services/artikel_db_service_test.dart: ArtikelDbService existsArtikelnummer() gibt false zurück wenn Artikelnummer nicht existiert
*** sqflite warning ***

You are changing sqflite default factory.
Be aware of the potential side effects. Any library using sqflite
will have this factory as the default for all operations.

*** sqflite warning ***

┌───────────────────────────────────────────────────────────────────────────────────────────────────────────────────────
│ #0   ArtikelDbService.existsArtikelnummer (package:lager_app/services/artikel_db_service.dart:991:15)
│ #1   <asynchronous suspension>
├┄┄┄┄┄┄┄┄┄┄┄┄┄┄┄┄┄┄┄┄┄┄┄┄┄┄┄┄┄┄┄┄┄┄┄┄┄┄┄┄┄┄┄┄┄┄┄┄┄┄┄┄┄┄┄┄┄┄┄┄┄┄┄┄┄┄┄┄┄┄┄┄┄┄┄┄┄┄┄┄┄┄┄┄┄┄┄┄┄┄┄┄┄┄┄┄┄┄┄┄┄┄┄┄┄┄┄┄┄┄┄┄┄┄┄┄┄┄┄
│ 🐛 🔍 Duplikat-Check (Artikelnummer): 9999 → frei
└───────────────────────────────────────────────────────────────────────────────────────────────────────────────────────
[38;5;12m┌───────────────────────────────────────────────────────────────────────────────────────────────────────────────────────[0m
[38;5;12m│ #0   ArtikelDbService.closeDatabase (package:lager_app/services/artikel_db_service.dart:1169:15)[0m
[38;5;12m│ #1   <asynchronous suspension>[0m
[38;5;12m├┄┄┄┄┄┄┄┄┄┄┄┄┄┄┄┄┄┄┄┄┄┄┄┄┄┄┄┄┄┄┄┄┄┄┄┄┄┄┄┄┄┄┄┄┄┄┄┄┄┄┄┄┄┄┄┄┄┄┄┄┄┄┄┄┄┄┄┄┄┄┄┄┄┄┄┄┄┄┄┄┄┄┄┄┄┄┄┄┄┄┄┄┄┄┄┄┄┄┄┄┄┄┄┄┄┄┄┄┄┄┄┄┄┄┄┄┄┄┄[0m
[38;5;12m│ 💡 ✅ Datenbank geschlossen.[0m
[38;5;12m└───────────────────────────────────────────────────────────────────────────────────────────────────────────────────────[0m
00:05 +202 ~3: /home/germanlion67/lager_app/app/test/services/artikel_db_service_test.dart: ArtikelDbService existsArtikelnummer() ignoriert soft-gelöschte Artikel
*** sqflite warning ***

You are changing sqflite default factory.
Be aware of the potential side effects. Any library using sqflite
will have this factory as the default for all operations.

*** sqflite warning ***

[38;5;12m┌───────────────────────────────────────────────────────────────────────────────────────────────────────────────────────[0m
[38;5;12m│ #0   ArtikelDbService.insertArtikel (package:lager_app/services/artikel_db_service.dart:269:15)[0m
[38;5;12m│ #1   <asynchronous suspension>[0m
[38;5;12m├┄┄┄┄┄┄┄┄┄┄┄┄┄┄┄┄┄┄┄┄┄┄┄┄┄┄┄┄┄┄┄┄┄┄┄┄┄┄┄┄┄┄┄┄┄┄┄┄┄┄┄┄┄┄┄┄┄┄┄┄┄┄┄┄┄┄┄┄┄┄┄┄┄┄┄┄┄┄┄┄┄┄┄┄┄┄┄┄┄┄┄┄┄┄┄┄┄┄┄┄┄┄┄┄┄┄┄┄┄┄┄┄┄┄┄┄┄┄┄[0m
[38;5;12m│ 💡 ✅ Artikel 740fe620-360d-4fa0-9022-1d4efa210263 (ID: 1) eingefügt/ersetzt.[0m
[38;5;12m└───────────────────────────────────────────────────────────────────────────────────────────────────────────────────────[0m
[38;5;12m┌───────────────────────────────────────────────────────────────────────────────────────────────────────────────────────[0m
[38;5;12m│ #0   ArtikelDbService.deleteArtikel (package:lager_app/services/artikel_db_service.dart:357:17)[0m
[38;5;12m│ #1   <asynchronous suspension>[0m
[38;5;12m├┄┄┄┄┄┄┄┄┄┄┄┄┄┄┄┄┄┄┄┄┄┄┄┄┄┄┄┄┄┄┄┄┄┄┄┄┄┄┄┄┄┄┄┄┄┄┄┄┄┄┄┄┄┄┄┄┄┄┄┄┄┄┄┄┄┄┄┄┄┄┄┄┄┄┄┄┄┄┄┄┄┄┄┄┄┄┄┄┄┄┄┄┄┄┄┄┄┄┄┄┄┄┄┄┄┄┄┄┄┄┄┄┄┄┄┄┄┄┄[0m
[38;5;12m│ 💡 ✅ Artikel 740fe620-360d-4fa0-9022-1d4efa210263 (ID: 1) als gelöscht markiert.[0m
[38;5;12m└───────────────────────────────────────────────────────────────────────────────────────────────────────────────────────[0m
┌───────────────────────────────────────────────────────────────────────────────────────────────────────────────────────
│ #0   ArtikelDbService.existsArtikelnummer (package:lager_app/services/artikel_db_service.dart:991:15)
│ #1   <asynchronous suspension>
├┄┄┄┄┄┄┄┄┄┄┄┄┄┄┄┄┄┄┄┄┄┄┄┄┄┄┄┄┄┄┄┄┄┄┄┄┄┄┄┄┄┄┄┄┄┄┄┄┄┄┄┄┄┄┄┄┄┄┄┄┄┄┄┄┄┄┄┄┄┄┄┄┄┄┄┄┄┄┄┄┄┄┄┄┄┄┄┄┄┄┄┄┄┄┄┄┄┄┄┄┄┄┄┄┄┄┄┄┄┄┄┄┄┄┄┄┄┄┄
│ 🐛 🔍 Duplikat-Check (Artikelnummer): 1002 → frei
└───────────────────────────────────────────────────────────────────────────────────────────────────────────────────────
[38;5;12m┌───────────────────────────────────────────────────────────────────────────────────────────────────────────────────────[0m
[38;5;12m│ #0   ArtikelDbService.closeDatabase (package:lager_app/services/artikel_db_service.dart:1169:15)[0m
[38;5;12m│ #1   <asynchronous suspension>[0m
[38;5;12m├┄┄┄┄┄┄┄┄┄┄┄┄┄┄┄┄┄┄┄┄┄┄┄┄┄┄┄┄┄┄┄┄┄┄┄┄┄┄┄┄┄┄┄┄┄┄┄┄┄┄┄┄┄┄┄┄┄┄┄┄┄┄┄┄┄┄┄┄┄┄┄┄┄┄┄┄┄┄┄┄┄┄┄┄┄┄┄┄┄┄┄┄┄┄┄┄┄┄┄┄┄┄┄┄┄┄┄┄┄┄┄┄┄┄┄┄┄┄┄[0m
[38;5;12m│ 💡 ✅ Datenbank geschlossen.[0m
[38;5;12m└───────────────────────────────────────────────────────────────────────────────────────────────────────────────────────[0m
00:05 +203 ~3: /home/germanlion67/lager_app/app/test/services/artikel_db_service_test.dart: ArtikelDbService setLastSyncTime() / getLastSyncTime() getLastSyncTime() gibt null zurück wenn nie gesetzt
*** sqflite warning ***

You are changing sqflite default factory.
Be aware of the potential side effects. Any library using sqflite
will have this factory as the default for all operations.

*** sqflite warning ***

[38;5;12m┌───────────────────────────────────────────────────────────────────────────────────────────────────────────────────────[0m
[38;5;12m│ #0   ArtikelDbService.closeDatabase (package:lager_app/services/artikel_db_service.dart:1169:15)[0m
[38;5;12m│ #1   <asynchronous suspension>[0m
[38;5;12m├┄┄┄┄┄┄┄┄┄┄┄┄┄┄┄┄┄┄┄┄┄┄┄┄┄┄┄┄┄┄┄┄┄┄┄┄┄┄┄┄┄┄┄┄┄┄┄┄┄┄┄┄┄┄┄┄┄┄┄┄┄┄┄┄┄┄┄┄┄┄┄┄┄┄┄┄┄┄┄┄┄┄┄┄┄┄┄┄┄┄┄┄┄┄┄┄┄┄┄┄┄┄┄┄┄┄┄┄┄┄┄┄┄┄┄┄┄┄┄[0m
[38;5;12m│ 💡 ✅ Datenbank geschlossen.[0m
[38;5;12m└───────────────────────────────────────────────────────────────────────────────────────────────────────────────────────[0m
00:05 +204 ~3: /home/germanlion67/lager_app/app/test/services/artikel_db_service_test.dart: ArtikelDbService setLastSyncTime() / getLastSyncTime() Roundtrip: setLastSyncTime() → getLastSyncTime()
*** sqflite warning ***

You are changing sqflite default factory.
Be aware of the potential side effects. Any library using sqflite
will have this factory as the default for all operations.

*** sqflite warning ***

┌───────────────────────────────────────────────────────────────────────────────────────────────────────────────────────
│ #0   ArtikelDbService.setLastSyncTime (package:lager_app/services/artikel_db_service.dart:818:15)
│ #1   <asynchronous suspension>
├┄┄┄┄┄┄┄┄┄┄┄┄┄┄┄┄┄┄┄┄┄┄┄┄┄┄┄┄┄┄┄┄┄┄┄┄┄┄┄┄┄┄┄┄┄┄┄┄┄┄┄┄┄┄┄┄┄┄┄┄┄┄┄┄┄┄┄┄┄┄┄┄┄┄┄┄┄┄┄┄┄┄┄┄┄┄┄┄┄┄┄┄┄┄┄┄┄┄┄┄┄┄┄┄┄┄┄┄┄┄┄┄┄┄┄┄┄┄┄
│ 🐛 ✅ Letzte Synchronisationszeit aktualisiert.
└───────────────────────────────────────────────────────────────────────────────────────────────────────────────────────
[38;5;12m┌───────────────────────────────────────────────────────────────────────────────────────────────────────────────────────[0m
[38;5;12m│ #0   ArtikelDbService.closeDatabase (package:lager_app/services/artikel_db_service.dart:1169:15)[0m
[38;5;12m│ #1   <asynchronous suspension>[0m
[38;5;12m├┄┄┄┄┄┄┄┄┄┄┄┄┄┄┄┄┄┄┄┄┄┄┄┄┄┄┄┄┄┄┄┄┄┄┄┄┄┄┄┄┄┄┄┄┄┄┄┄┄┄┄┄┄┄┄┄┄┄┄┄┄┄┄┄┄┄┄┄┄┄┄┄┄┄┄┄┄┄┄┄┄┄┄┄┄┄┄┄┄┄┄┄┄┄┄┄┄┄┄┄┄┄┄┄┄┄┄┄┄┄┄┄┄┄┄┄┄┄┄[0m
[38;5;12m│ 💡 ✅ Datenbank geschlossen.[0m
[38;5;12m└───────────────────────────────────────────────────────────────────────────────────────────────────────────────────────[0m
00:05 +205 ~3: /home/germanlion67/lager_app/app/test/services/artikel_db_service_test.dart: ArtikelDbService setLastSyncTime() / getLastSyncTime() zweiter Aufruf überschreibt ersten (ConflictAlgorithm.replace)
*** sqflite warning ***

You are changing sqflite default factory.
Be aware of the potential side effects. Any library using sqflite
will have this factory as the default for all operations.

*** sqflite warning ***

┌───────────────────────────────────────────────────────────────────────────────────────────────────────────────────────
│ #0   ArtikelDbService.setLastSyncTime (package:lager_app/services/artikel_db_service.dart:818:15)
│ #1   <asynchronous suspension>
├┄┄┄┄┄┄┄┄┄┄┄┄┄┄┄┄┄┄┄┄┄┄┄┄┄┄┄┄┄┄┄┄┄┄┄┄┄┄┄┄┄┄┄┄┄┄┄┄┄┄┄┄┄┄┄┄┄┄┄┄┄┄┄┄┄┄┄┄┄┄┄┄┄┄┄┄┄┄┄┄┄┄┄┄┄┄┄┄┄┄┄┄┄┄┄┄┄┄┄┄┄┄┄┄┄┄┄┄┄┄┄┄┄┄┄┄┄┄┄
│ 🐛 ✅ Letzte Synchronisationszeit aktualisiert.
└───────────────────────────────────────────────────────────────────────────────────────────────────────────────────────
┌───────────────────────────────────────────────────────────────────────────────────────────────────────────────────────
│ #0   ArtikelDbService.setLastSyncTime (package:lager_app/services/artikel_db_service.dart:818:15)
│ #1   <asynchronous suspension>
├┄┄┄┄┄┄┄┄┄┄┄┄┄┄┄┄┄┄┄┄┄┄┄┄┄┄┄┄┄┄┄┄┄┄┄┄┄┄┄┄┄┄┄┄┄┄┄┄┄┄┄┄┄┄┄┄┄┄┄┄┄┄┄┄┄┄┄┄┄┄┄┄┄┄┄┄┄┄┄┄┄┄┄┄┄┄┄┄┄┄┄┄┄┄┄┄┄┄┄┄┄┄┄┄┄┄┄┄┄┄┄┄┄┄┄┄┄┄┄
│ 🐛 ✅ Letzte Synchronisationszeit aktualisiert.
└───────────────────────────────────────────────────────────────────────────────────────────────────────────────────────
[38;5;12m┌───────────────────────────────────────────────────────────────────────────────────────────────────────────────────────[0m
[38;5;12m│ #0   ArtikelDbService.closeDatabase (package:lager_app/services/artikel_db_service.dart:1169:15)[0m
[38;5;12m│ #1   <asynchronous suspension>[0m
[38;5;12m├┄┄┄┄┄┄┄┄┄┄┄┄┄┄┄┄┄┄┄┄┄┄┄┄┄┄┄┄┄┄┄┄┄┄┄┄┄┄┄┄┄┄┄┄┄┄┄┄┄┄┄┄┄┄┄┄┄┄┄┄┄┄┄┄┄┄┄┄┄┄┄┄┄┄┄┄┄┄┄┄┄┄┄┄┄┄┄┄┄┄┄┄┄┄┄┄┄┄┄┄┄┄┄┄┄┄┄┄┄┄┄┄┄┄┄┄┄┄┄[0m
[38;5;12m│ 💡 ✅ Datenbank geschlossen.[0m
[38;5;12m└───────────────────────────────────────────────────────────────────────────────────────────────────────────────────────[0m
00:05 +206 ~3: /home/germanlion67/lager_app/app/test/services/artikel_db_service_test.dart: ArtikelDbService isDatabaseEmpty() gibt true zurück wenn keine Artikel vorhanden
*** sqflite warning ***

You are changing sqflite default factory.
Be aware of the potential side effects. Any library using sqflite
will have this factory as the default for all operations.

*** sqflite warning ***

┌───────────────────────────────────────────────────────────────────────────────────────────────────────────────────────
│ #0   ArtikelDbService.isDatabaseEmpty (package:lager_app/services/artikel_db_service.dart:1112:15)
│ #1   <asynchronous suspension>
├┄┄┄┄┄┄┄┄┄┄┄┄┄┄┄┄┄┄┄┄┄┄┄┄┄┄┄┄┄┄┄┄┄┄┄┄┄┄┄┄┄┄┄┄┄┄┄┄┄┄┄┄┄┄┄┄┄┄┄┄┄┄┄┄┄┄┄┄┄┄┄┄┄┄┄┄┄┄┄┄┄┄┄┄┄┄┄┄┄┄┄┄┄┄┄┄┄┄┄┄┄┄┄┄┄┄┄┄┄┄┄┄┄┄┄┄┄┄┄
│ 🐛 ✅ Datenbank enthält 0 nicht gelöschte Artikel.
└───────────────────────────────────────────────────────────────────────────────────────────────────────────────────────
[38;5;12m┌───────────────────────────────────────────────────────────────────────────────────────────────────────────────────────[0m
[38;5;12m│ #0   ArtikelDbService.closeDatabase (package:lager_app/services/artikel_db_service.dart:1169:15)[0m
[38;5;12m│ #1   <asynchronous suspension>[0m
[38;5;12m├┄┄┄┄┄┄┄┄┄┄┄┄┄┄┄┄┄┄┄┄┄┄┄┄┄┄┄┄┄┄┄┄┄┄┄┄┄┄┄┄┄┄┄┄┄┄┄┄┄┄┄┄┄┄┄┄┄┄┄┄┄┄┄┄┄┄┄┄┄┄┄┄┄┄┄┄┄┄┄┄┄┄┄┄┄┄┄┄┄┄┄┄┄┄┄┄┄┄┄┄┄┄┄┄┄┄┄┄┄┄┄┄┄┄┄┄┄┄┄[0m
[38;5;12m│ 💡 ✅ Datenbank geschlossen.[0m
[38;5;12m└───────────────────────────────────────────────────────────────────────────────────────────────────────────────────────[0m
00:05 +207 ~3: /home/germanlion67/lager_app/app/test/services/artikel_db_service_test.dart: ArtikelDbService isDatabaseEmpty() gibt false zurück wenn Artikel vorhanden
*** sqflite warning ***

You are changing sqflite default factory.
Be aware of the potential side effects. Any library using sqflite
will have this factory as the default for all operations.

*** sqflite warning ***

[38;5;12m┌───────────────────────────────────────────────────────────────────────────────────────────────────────────────────────[0m
[38;5;12m│ #0   ArtikelDbService.insertArtikel (package:lager_app/services/artikel_db_service.dart:269:15)[0m
[38;5;12m│ #1   <asynchronous suspension>[0m
[38;5;12m├┄┄┄┄┄┄┄┄┄┄┄┄┄┄┄┄┄┄┄┄┄┄┄┄┄┄┄┄┄┄┄┄┄┄┄┄┄┄┄┄┄┄┄┄┄┄┄┄┄┄┄┄┄┄┄┄┄┄┄┄┄┄┄┄┄┄┄┄┄┄┄┄┄┄┄┄┄┄┄┄┄┄┄┄┄┄┄┄┄┄┄┄┄┄┄┄┄┄┄┄┄┄┄┄┄┄┄┄┄┄┄┄┄┄┄┄┄┄┄[0m
[38;5;12m│ 💡 ✅ Artikel e6dc597a-ac38-4ce1-98f8-7c081d249ef3 (ID: 1) eingefügt/ersetzt.[0m
[38;5;12m└───────────────────────────────────────────────────────────────────────────────────────────────────────────────────────[0m
┌───────────────────────────────────────────────────────────────────────────────────────────────────────────────────────
│ #0   ArtikelDbService.isDatabaseEmpty (package:lager_app/services/artikel_db_service.dart:1112:15)
│ #1   <asynchronous suspension>
├┄┄┄┄┄┄┄┄┄┄┄┄┄┄┄┄┄┄┄┄┄┄┄┄┄┄┄┄┄┄┄┄┄┄┄┄┄┄┄┄┄┄┄┄┄┄┄┄┄┄┄┄┄┄┄┄┄┄┄┄┄┄┄┄┄┄┄┄┄┄┄┄┄┄┄┄┄┄┄┄┄┄┄┄┄┄┄┄┄┄┄┄┄┄┄┄┄┄┄┄┄┄┄┄┄┄┄┄┄┄┄┄┄┄┄┄┄┄┄
│ 🐛 ✅ Datenbank enthält 1 nicht gelöschte Artikel.
└───────────────────────────────────────────────────────────────────────────────────────────────────────────────────────
[38;5;12m┌───────────────────────────────────────────────────────────────────────────────────────────────────────────────────────[0m
[38;5;12m│ #0   ArtikelDbService.closeDatabase (package:lager_app/services/artikel_db_service.dart:1169:15)[0m
[38;5;12m│ #1   <asynchronous suspension>[0m
[38;5;12m├┄┄┄┄┄┄┄┄┄┄┄┄┄┄┄┄┄┄┄┄┄┄┄┄┄┄┄┄┄┄┄┄┄┄┄┄┄┄┄┄┄┄┄┄┄┄┄┄┄┄┄┄┄┄┄┄┄┄┄┄┄┄┄┄┄┄┄┄┄┄┄┄┄┄┄┄┄┄┄┄┄┄┄┄┄┄┄┄┄┄┄┄┄┄┄┄┄┄┄┄┄┄┄┄┄┄┄┄┄┄┄┄┄┄┄┄┄┄┄[0m
[38;5;12m│ 💡 ✅ Datenbank geschlossen.[0m
[38;5;12m└───────────────────────────────────────────────────────────────────────────────────────────────────────────────────────[0m
00:05 +208 ~3: /home/germanlion67/lager_app/app/test/services/artikel_db_service_test.dart: ArtikelDbService isDatabaseEmpty() gibt true zurück wenn nur soft-gelöschte Artikel vorhanden
*** sqflite warning ***

You are changing sqflite default factory.
Be aware of the potential side effects. Any library using sqflite
will have this factory as the default for all operations.

*** sqflite warning ***

[38;5;12m┌───────────────────────────────────────────────────────────────────────────────────────────────────────────────────────[0m
[38;5;12m│ #0   ArtikelDbService.insertArtikel (package:lager_app/services/artikel_db_service.dart:269:15)[0m
[38;5;12m│ #1   <asynchronous suspension>[0m
[38;5;12m├┄┄┄┄┄┄┄┄┄┄┄┄┄┄┄┄┄┄┄┄┄┄┄┄┄┄┄┄┄┄┄┄┄┄┄┄┄┄┄┄┄┄┄┄┄┄┄┄┄┄┄┄┄┄┄┄┄┄┄┄┄┄┄┄┄┄┄┄┄┄┄┄┄┄┄┄┄┄┄┄┄┄┄┄┄┄┄┄┄┄┄┄┄┄┄┄┄┄┄┄┄┄┄┄┄┄┄┄┄┄┄┄┄┄┄┄┄┄┄[0m
[38;5;12m│ 💡 ✅ Artikel e2f67882-fd8e-46d7-97a1-5e26c87b6085 (ID: 1) eingefügt/ersetzt.[0m
[38;5;12m└───────────────────────────────────────────────────────────────────────────────────────────────────────────────────────[0m
[38;5;12m┌───────────────────────────────────────────────────────────────────────────────────────────────────────────────────────[0m
[38;5;12m│ #0   ArtikelDbService.deleteArtikel (package:lager_app/services/artikel_db_service.dart:357:17)[0m
[38;5;12m│ #1   <asynchronous suspension>[0m
[38;5;12m├┄┄┄┄┄┄┄┄┄┄┄┄┄┄┄┄┄┄┄┄┄┄┄┄┄┄┄┄┄┄┄┄┄┄┄┄┄┄┄┄┄┄┄┄┄┄┄┄┄┄┄┄┄┄┄┄┄┄┄┄┄┄┄┄┄┄┄┄┄┄┄┄┄┄┄┄┄┄┄┄┄┄┄┄┄┄┄┄┄┄┄┄┄┄┄┄┄┄┄┄┄┄┄┄┄┄┄┄┄┄┄┄┄┄┄┄┄┄┄[0m
[38;5;12m│ 💡 ✅ Artikel e2f67882-fd8e-46d7-97a1-5e26c87b6085 (ID: 1) als gelöscht markiert.[0m
[38;5;12m└───────────────────────────────────────────────────────────────────────────────────────────────────────────────────────[0m
┌───────────────────────────────────────────────────────────────────────────────────────────────────────────────────────
│ #0   ArtikelDbService.isDatabaseEmpty (package:lager_app/services/artikel_db_service.dart:1112:15)
│ #1   <asynchronous suspension>
├┄┄┄┄┄┄┄┄┄┄┄┄┄┄┄┄┄┄┄┄┄┄┄┄┄┄┄┄┄┄┄┄┄┄┄┄┄┄┄┄┄┄┄┄┄┄┄┄┄┄┄┄┄┄┄┄┄┄┄┄┄┄┄┄┄┄┄┄┄┄┄┄┄┄┄┄┄┄┄┄┄┄┄┄┄┄┄┄┄┄┄┄┄┄┄┄┄┄┄┄┄┄┄┄┄┄┄┄┄┄┄┄┄┄┄┄┄┄┄
│ 🐛 ✅ Datenbank enthält 0 nicht gelöschte Artikel.
└───────────────────────────────────────────────────────────────────────────────────────────────────────────────────────
[38;5;12m┌───────────────────────────────────────────────────────────────────────────────────────────────────────────────────────[0m
[38;5;12m│ #0   ArtikelDbService.closeDatabase (package:lager_app/services/artikel_db_service.dart:1169:15)[0m
[38;5;12m│ #1   <asynchronous suspension>[0m
[38;5;12m├┄┄┄┄┄┄┄┄┄┄┄┄┄┄┄┄┄┄┄┄┄┄┄┄┄┄┄┄┄┄┄┄┄┄┄┄┄┄┄┄┄┄┄┄┄┄┄┄┄┄┄┄┄┄┄┄┄┄┄┄┄┄┄┄┄┄┄┄┄┄┄┄┄┄┄┄┄┄┄┄┄┄┄┄┄┄┄┄┄┄┄┄┄┄┄┄┄┄┄┄┄┄┄┄┄┄┄┄┄┄┄┄┄┄┄┄┄┄┄[0m
[38;5;12m│ 💡 ✅ Datenbank geschlossen.[0m
[38;5;12m└───────────────────────────────────────────────────────────────────────────────────────────────────────────────────────[0m
00:05 +209 ~3: /home/germanlion67/lager_app/app/test/services/artikel_db_service_test.dart: ArtikelDbService getMaxArtikelnummer() gibt null zurück wenn keine Artikel mit Artikelnummer vorhanden
*** sqflite warning ***

You are changing sqflite default factory.
Be aware of the potential side effects. Any library using sqflite
will have this factory as the default for all operations.

*** sqflite warning ***

[38;5;12m┌───────────────────────────────────────────────────────────────────────────────────────────────────────────────────────[0m
[38;5;12m│ #0   ArtikelDbService.insertArtikel (package:lager_app/services/artikel_db_service.dart:269:15)[0m
[38;5;12m│ #1   <asynchronous suspension>[0m
[38;5;12m├┄┄┄┄┄┄┄┄┄┄┄┄┄┄┄┄┄┄┄┄┄┄┄┄┄┄┄┄┄┄┄┄┄┄┄┄┄┄┄┄┄┄┄┄┄┄┄┄┄┄┄┄┄┄┄┄┄┄┄┄┄┄┄┄┄┄┄┄┄┄┄┄┄┄┄┄┄┄┄┄┄┄┄┄┄┄┄┄┄┄┄┄┄┄┄┄┄┄┄┄┄┄┄┄┄┄┄┄┄┄┄┄┄┄┄┄┄┄┄[0m
[38;5;12m│ 💡 ✅ Artikel 66fd0434-25c4-4e73-83ef-3fa788c4db4f (ID: 1) eingefügt/ersetzt.[0m
[38;5;12m└───────────────────────────────────────────────────────────────────────────────────────────────────────────────────────[0m
┌───────────────────────────────────────────────────────────────────────────────────────────────────────────────────────
│ #0   ArtikelDbService.getMaxArtikelnummer (package:lager_app/services/artikel_db_service.dart:1153:15)
│ #1   <asynchronous suspension>
├┄┄┄┄┄┄┄┄┄┄┄┄┄┄┄┄┄┄┄┄┄┄┄┄┄┄┄┄┄┄┄┄┄┄┄┄┄┄┄┄┄┄┄┄┄┄┄┄┄┄┄┄┄┄┄┄┄┄┄┄┄┄┄┄┄┄┄┄┄┄┄┄┄┄┄┄┄┄┄┄┄┄┄┄┄┄┄┄┄┄┄┄┄┄┄┄┄┄┄┄┄┄┄┄┄┄┄┄┄┄┄┄┄┄┄┄┄┄┄
│ 🐛 ✅ Max Artikelnummer aus lokaler DB: null
└───────────────────────────────────────────────────────────────────────────────────────────────────────────────────────
[38;5;12m┌───────────────────────────────────────────────────────────────────────────────────────────────────────────────────────[0m
[38;5;12m│ #0   ArtikelDbService.closeDatabase (package:lager_app/services/artikel_db_service.dart:1169:15)[0m
[38;5;12m│ #1   <asynchronous suspension>[0m
[38;5;12m├┄┄┄┄┄┄┄┄┄┄┄┄┄┄┄┄┄┄┄┄┄┄┄┄┄┄┄┄┄┄┄┄┄┄┄┄┄┄┄┄┄┄┄┄┄┄┄┄┄┄┄┄┄┄┄┄┄┄┄┄┄┄┄┄┄┄┄┄┄┄┄┄┄┄┄┄┄┄┄┄┄┄┄┄┄┄┄┄┄┄┄┄┄┄┄┄┄┄┄┄┄┄┄┄┄┄┄┄┄┄┄┄┄┄┄┄┄┄┄[0m
[38;5;12m│ 💡 ✅ Datenbank geschlossen.[0m
[38;5;12m└───────────────────────────────────────────────────────────────────────────────────────────────────────────────────────[0m
00:05 +210 ~3: /home/germanlion67/lager_app/app/test/services/artikel_db_service_test.dart: ArtikelDbService getMaxArtikelnummer() gibt höchste Artikelnummer zurück
*** sqflite warning ***

You are changing sqflite default factory.
Be aware of the potential side effects. Any library using sqflite
will have this factory as the default for all operations.

*** sqflite warning ***

[38;5;12m┌───────────────────────────────────────────────────────────────────────────────────────────────────────────────────────[0m
[38;5;12m│ #0   ArtikelDbService.insertArtikel (package:lager_app/services/artikel_db_service.dart:269:15)[0m
[38;5;12m│ #1   <asynchronous suspension>[0m
[38;5;12m├┄┄┄┄┄┄┄┄┄┄┄┄┄┄┄┄┄┄┄┄┄┄┄┄┄┄┄┄┄┄┄┄┄┄┄┄┄┄┄┄┄┄┄┄┄┄┄┄┄┄┄┄┄┄┄┄┄┄┄┄┄┄┄┄┄┄┄┄┄┄┄┄┄┄┄┄┄┄┄┄┄┄┄┄┄┄┄┄┄┄┄┄┄┄┄┄┄┄┄┄┄┄┄┄┄┄┄┄┄┄┄┄┄┄┄┄┄┄┄[0m
[38;5;12m│ 💡 ✅ Artikel 594a3375-36d0-40cd-8969-cb67ed4dcf27 (ID: 1) eingefügt/ersetzt.[0m
[38;5;12m└───────────────────────────────────────────────────────────────────────────────────────────────────────────────────────[0m
[38;5;12m┌───────────────────────────────────────────────────────────────────────────────────────────────────────────────────────[0m
[38;5;12m│ #0   ArtikelDbService.insertArtikel (package:lager_app/services/artikel_db_service.dart:269:15)[0m
[38;5;12m│ #1   <asynchronous suspension>[0m
[38;5;12m├┄┄┄┄┄┄┄┄┄┄┄┄┄┄┄┄┄┄┄┄┄┄┄┄┄┄┄┄┄┄┄┄┄┄┄┄┄┄┄┄┄┄┄┄┄┄┄┄┄┄┄┄┄┄┄┄┄┄┄┄┄┄┄┄┄┄┄┄┄┄┄┄┄┄┄┄┄┄┄┄┄┄┄┄┄┄┄┄┄┄┄┄┄┄┄┄┄┄┄┄┄┄┄┄┄┄┄┄┄┄┄┄┄┄┄┄┄┄┄[0m
[38;5;12m│ 💡 ✅ Artikel 536cc205-ae1a-46b6-a743-64204667ab7a (ID: 2) eingefügt/ersetzt.[0m
[38;5;12m└───────────────────────────────────────────────────────────────────────────────────────────────────────────────────────[0m
[38;5;12m┌───────────────────────────────────────────────────────────────────────────────────────────────────────────────────────[0m
[38;5;12m│ #0   ArtikelDbService.insertArtikel (package:lager_app/services/artikel_db_service.dart:269:15)[0m
[38;5;12m│ #1   <asynchronous suspension>[0m
[38;5;12m├┄┄┄┄┄┄┄┄┄┄┄┄┄┄┄┄┄┄┄┄┄┄┄┄┄┄┄┄┄┄┄┄┄┄┄┄┄┄┄┄┄┄┄┄┄┄┄┄┄┄┄┄┄┄┄┄┄┄┄┄┄┄┄┄┄┄┄┄┄┄┄┄┄┄┄┄┄┄┄┄┄┄┄┄┄┄┄┄┄┄┄┄┄┄┄┄┄┄┄┄┄┄┄┄┄┄┄┄┄┄┄┄┄┄┄┄┄┄┄[0m
[38;5;12m│ 💡 ✅ Artikel 6ffc45e4-0072-4746-9239-487a7a2dd7a7 (ID: 3) eingefügt/ersetzt.[0m
[38;5;12m└───────────────────────────────────────────────────────────────────────────────────────────────────────────────────────[0m
┌───────────────────────────────────────────────────────────────────────────────────────────────────────────────────────
│ #0   ArtikelDbService.getMaxArtikelnummer (package:lager_app/services/artikel_db_service.dart:1153:15)
│ #1   <asynchronous suspension>
├┄┄┄┄┄┄┄┄┄┄┄┄┄┄┄┄┄┄┄┄┄┄┄┄┄┄┄┄┄┄┄┄┄┄┄┄┄┄┄┄┄┄┄┄┄┄┄┄┄┄┄┄┄┄┄┄┄┄┄┄┄┄┄┄┄┄┄┄┄┄┄┄┄┄┄┄┄┄┄┄┄┄┄┄┄┄┄┄┄┄┄┄┄┄┄┄┄┄┄┄┄┄┄┄┄┄┄┄┄┄┄┄┄┄┄┄┄┄┄
│ 🐛 ✅ Max Artikelnummer aus lokaler DB: 1005
└───────────────────────────────────────────────────────────────────────────────────────────────────────────────────────
[38;5;12m┌───────────────────────────────────────────────────────────────────────────────────────────────────────────────────────[0m
[38;5;12m│ #0   ArtikelDbService.closeDatabase (package:lager_app/services/artikel_db_service.dart:1169:15)[0m
[38;5;12m│ #1   <asynchronous suspension>[0m
[38;5;12m├┄┄┄┄┄┄┄┄┄┄┄┄┄┄┄┄┄┄┄┄┄┄┄┄┄┄┄┄┄┄┄┄┄┄┄┄┄┄┄┄┄┄┄┄┄┄┄┄┄┄┄┄┄┄┄┄┄┄┄┄┄┄┄┄┄┄┄┄┄┄┄┄┄┄┄┄┄┄┄┄┄┄┄┄┄┄┄┄┄┄┄┄┄┄┄┄┄┄┄┄┄┄┄┄┄┄┄┄┄┄┄┄┄┄┄┄┄┄┄[0m
[38;5;12m│ 💡 ✅ Datenbank geschlossen.[0m
[38;5;12m└───────────────────────────────────────────────────────────────────────────────────────────────────────────────────────[0m
00:05 +211 ~3: /home/germanlion67/lager_app/app/test/services/artikel_db_service_test.dart: ArtikelDbService getMaxArtikelnummer() ignoriert soft-gelöschte Artikel
*** sqflite warning ***

You are changing sqflite default factory.
Be aware of the potential side effects. Any library using sqflite
will have this factory as the default for all operations.

*** sqflite warning ***

[38;5;12m┌───────────────────────────────────────────────────────────────────────────────────────────────────────────────────────[0m
[38;5;12m│ #0   ArtikelDbService.insertArtikel (package:lager_app/services/artikel_db_service.dart:269:15)[0m
[38;5;12m│ #1   <asynchronous suspension>[0m
[38;5;12m├┄┄┄┄┄┄┄┄┄┄┄┄┄┄┄┄┄┄┄┄┄┄┄┄┄┄┄┄┄┄┄┄┄┄┄┄┄┄┄┄┄┄┄┄┄┄┄┄┄┄┄┄┄┄┄┄┄┄┄┄┄┄┄┄┄┄┄┄┄┄┄┄┄┄┄┄┄┄┄┄┄┄┄┄┄┄┄┄┄┄┄┄┄┄┄┄┄┄┄┄┄┄┄┄┄┄┄┄┄┄┄┄┄┄┄┄┄┄┄[0m
[38;5;12m│ 💡 ✅ Artikel 4aa443ec-422f-4a08-bf3f-57366f072e02 (ID: 1) eingefügt/ersetzt.[0m
[38;5;12m└───────────────────────────────────────────────────────────────────────────────────────────────────────────────────────[0m
[38;5;12m┌───────────────────────────────────────────────────────────────────────────────────────────────────────────────────────[0m
[38;5;12m│ #0   ArtikelDbService.insertArtikel (package:lager_app/services/artikel_db_service.dart:269:15)[0m
[38;5;12m│ #1   <asynchronous suspension>[0m
[38;5;12m├┄┄┄┄┄┄┄┄┄┄┄┄┄┄┄┄┄┄┄┄┄┄┄┄┄┄┄┄┄┄┄┄┄┄┄┄┄┄┄┄┄┄┄┄┄┄┄┄┄┄┄┄┄┄┄┄┄┄┄┄┄┄┄┄┄┄┄┄┄┄┄┄┄┄┄┄┄┄┄┄┄┄┄┄┄┄┄┄┄┄┄┄┄┄┄┄┄┄┄┄┄┄┄┄┄┄┄┄┄┄┄┄┄┄┄┄┄┄┄[0m
[38;5;12m│ 💡 ✅ Artikel 3ac01484-a36f-41a2-a691-0823528c0fec (ID: 2) eingefügt/ersetzt.[0m
[38;5;12m└───────────────────────────────────────────────────────────────────────────────────────────────────────────────────────[0m
[38;5;12m┌───────────────────────────────────────────────────────────────────────────────────────────────────────────────────────[0m
[38;5;12m│ #0   ArtikelDbService.deleteArtikel (package:lager_app/services/artikel_db_service.dart:357:17)[0m
[38;5;12m│ #1   <asynchronous suspension>[0m
[38;5;12m├┄┄┄┄┄┄┄┄┄┄┄┄┄┄┄┄┄┄┄┄┄┄┄┄┄┄┄┄┄┄┄┄┄┄┄┄┄┄┄┄┄┄┄┄┄┄┄┄┄┄┄┄┄┄┄┄┄┄┄┄┄┄┄┄┄┄┄┄┄┄┄┄┄┄┄┄┄┄┄┄┄┄┄┄┄┄┄┄┄┄┄┄┄┄┄┄┄┄┄┄┄┄┄┄┄┄┄┄┄┄┄┄┄┄┄┄┄┄┄[0m
[38;5;12m│ 💡 ✅ Artikel 3ac01484-a36f-41a2-a691-0823528c0fec (ID: 2) als gelöscht markiert.[0m
[38;5;12m└───────────────────────────────────────────────────────────────────────────────────────────────────────────────────────[0m
┌───────────────────────────────────────────────────────────────────────────────────────────────────────────────────────
│ #0   ArtikelDbService.getMaxArtikelnummer (package:lager_app/services/artikel_db_service.dart:1153:15)
│ #1   <asynchronous suspension>
├┄┄┄┄┄┄┄┄┄┄┄┄┄┄┄┄┄┄┄┄┄┄┄┄┄┄┄┄┄┄┄┄┄┄┄┄┄┄┄┄┄┄┄┄┄┄┄┄┄┄┄┄┄┄┄┄┄┄┄┄┄┄┄┄┄┄┄┄┄┄┄┄┄┄┄┄┄┄┄┄┄┄┄┄┄┄┄┄┄┄┄┄┄┄┄┄┄┄┄┄┄┄┄┄┄┄┄┄┄┄┄┄┄┄┄┄┄┄┄
│ 🐛 ✅ Max Artikelnummer aus lokaler DB: 1001
└───────────────────────────────────────────────────────────────────────────────────────────────────────────────────────
[38;5;12m┌───────────────────────────────────────────────────────────────────────────────────────────────────────────────────────[0m
[38;5;12m│ #0   ArtikelDbService.closeDatabase (package:lager_app/services/artikel_db_service.dart:1169:15)[0m
[38;5;12m│ #1   <asynchronous suspension>[0m
[38;5;12m├┄┄┄┄┄┄┄┄┄┄┄┄┄┄┄┄┄┄┄┄┄┄┄┄┄┄┄┄┄┄┄┄┄┄┄┄┄┄┄┄┄┄┄┄┄┄┄┄┄┄┄┄┄┄┄┄┄┄┄┄┄┄┄┄┄┄┄┄┄┄┄┄┄┄┄┄┄┄┄┄┄┄┄┄┄┄┄┄┄┄┄┄┄┄┄┄┄┄┄┄┄┄┄┄┄┄┄┄┄┄┄┄┄┄┄┄┄┄┄[0m
[38;5;12m│ 💡 ✅ Datenbank geschlossen.[0m
[38;5;12m└───────────────────────────────────────────────────────────────────────────────────────────────────────────────────────[0m
00:05 +212 ~3: /home/germanlion67/lager_app/app/test/services/artikel_db_service_test.dart: ArtikelDbService deleteAlleArtikel() markiert alle aktiven Artikel als gelöscht
*** sqflite warning ***

You are changing sqflite default factory.
Be aware of the potential side effects. Any library using sqflite
will have this factory as the default for all operations.

*** sqflite warning ***

[38;5;12m┌───────────────────────────────────────────────────────────────────────────────────────────────────────────────────────[0m
[38;5;12m│ #0   ArtikelDbService.insertArtikel (package:lager_app/services/artikel_db_service.dart:269:15)[0m
[38;5;12m│ #1   <asynchronous suspension>[0m
[38;5;12m├┄┄┄┄┄┄┄┄┄┄┄┄┄┄┄┄┄┄┄┄┄┄┄┄┄┄┄┄┄┄┄┄┄┄┄┄┄┄┄┄┄┄┄┄┄┄┄┄┄┄┄┄┄┄┄┄┄┄┄┄┄┄┄┄┄┄┄┄┄┄┄┄┄┄┄┄┄┄┄┄┄┄┄┄┄┄┄┄┄┄┄┄┄┄┄┄┄┄┄┄┄┄┄┄┄┄┄┄┄┄┄┄┄┄┄┄┄┄┄[0m
[38;5;12m│ 💡 ✅ Artikel bdc794a4-2bb7-47c8-8c2f-84ca7e313530 (ID: 1) eingefügt/ersetzt.[0m
[38;5;12m└───────────────────────────────────────────────────────────────────────────────────────────────────────────────────────[0m
[38;5;12m┌───────────────────────────────────────────────────────────────────────────────────────────────────────────────────────[0m
[38;5;12m│ #0   ArtikelDbService.insertArtikel (package:lager_app/services/artikel_db_service.dart:269:15)[0m
[38;5;12m│ #1   <asynchronous suspension>[0m
[38;5;12m├┄┄┄┄┄┄┄┄┄┄┄┄┄┄┄┄┄┄┄┄┄┄┄┄┄┄┄┄┄┄┄┄┄┄┄┄┄┄┄┄┄┄┄┄┄┄┄┄┄┄┄┄┄┄┄┄┄┄┄┄┄┄┄┄┄┄┄┄┄┄┄┄┄┄┄┄┄┄┄┄┄┄┄┄┄┄┄┄┄┄┄┄┄┄┄┄┄┄┄┄┄┄┄┄┄┄┄┄┄┄┄┄┄┄┄┄┄┄┄[0m
[38;5;12m│ 💡 ✅ Artikel 45a35376-0aa0-4d5d-9aca-2578ffa06300 (ID: 2) eingefügt/ersetzt.[0m
[38;5;12m└───────────────────────────────────────────────────────────────────────────────────────────────────────────────────────[0m
[38;5;12m┌───────────────────────────────────────────────────────────────────────────────────────────────────────────────────────[0m
[38;5;12m│ #0   ArtikelDbService.insertArtikel (package:lager_app/services/artikel_db_service.dart:269:15)[0m
[38;5;12m│ #1   <asynchronous suspension>[0m
[38;5;12m├┄┄┄┄┄┄┄┄┄┄┄┄┄┄┄┄┄┄┄┄┄┄┄┄┄┄┄┄┄┄┄┄┄┄┄┄┄┄┄┄┄┄┄┄┄┄┄┄┄┄┄┄┄┄┄┄┄┄┄┄┄┄┄┄┄┄┄┄┄┄┄┄┄┄┄┄┄┄┄┄┄┄┄┄┄┄┄┄┄┄┄┄┄┄┄┄┄┄┄┄┄┄┄┄┄┄┄┄┄┄┄┄┄┄┄┄┄┄┄[0m
[38;5;12m│ 💡 ✅ Artikel df9d4a85-5eb4-4324-9908-cd8dee357597 (ID: 3) eingefügt/ersetzt.[0m
[38;5;12m└───────────────────────────────────────────────────────────────────────────────────────────────────────────────────────[0m
[38;5;208m┌───────────────────────────────────────────────────────────────────────────────────────────────────────────────────────[0m
[38;5;208m│ #0   ArtikelDbService.deleteAlleArtikel (package:lager_app/services/artikel_db_service.dart:1060:15)[0m
[38;5;208m│ #1   <asynchronous suspension>[0m
[38;5;208m├┄┄┄┄┄┄┄┄┄┄┄┄┄┄┄┄┄┄┄┄┄┄┄┄┄┄┄┄┄┄┄┄┄┄┄┄┄┄┄┄┄┄┄┄┄┄┄┄┄┄┄┄┄┄┄┄┄┄┄┄┄┄┄┄┄┄┄┄┄┄┄┄┄┄┄┄┄┄┄┄┄┄┄┄┄┄┄┄┄┄┄┄┄┄┄┄┄┄┄┄┄┄┄┄┄┄┄┄┄┄┄┄┄┄┄┄┄┄┄[0m
[38;5;208m│ ⚠️ 🗑️ Alle 3 Artikel als gelöscht markiert (Soft-Delete).[0m
[38;5;208m└───────────────────────────────────────────────────────────────────────────────────────────────────────────────────────[0m
┌───────────────────────────────────────────────────────────────────────────────────────────────────────────────────────
│ #0   ArtikelDbService.getAlleArtikel (package:lager_app/services/artikel_db_service.dart:295:15)
│ #1   <asynchronous suspension>
├┄┄┄┄┄┄┄┄┄┄┄┄┄┄┄┄┄┄┄┄┄┄┄┄┄┄┄┄┄┄┄┄┄┄┄┄┄┄┄┄┄┄┄┄┄┄┄┄┄┄┄┄┄┄┄┄┄┄┄┄┄┄┄┄┄┄┄┄┄┄┄┄┄┄┄┄┄┄┄┄┄┄┄┄┄┄┄┄┄┄┄┄┄┄┄┄┄┄┄┄┄┄┄┄┄┄┄┄┄┄┄┄┄┄┄┄┄┄┄
│ 🐛 ✅ 0 Artikel aus DB abgerufen (limit: 500, offset: 0).
└───────────────────────────────────────────────────────────────────────────────────────────────────────────────────────
┌───────────────────────────────────────────────────────────────────────────────────────────────────────────────────────
│ #0   ArtikelDbService.isDatabaseEmpty (package:lager_app/services/artikel_db_service.dart:1112:15)
│ #1   <asynchronous suspension>
├┄┄┄┄┄┄┄┄┄┄┄┄┄┄┄┄┄┄┄┄┄┄┄┄┄┄┄┄┄┄┄┄┄┄┄┄┄┄┄┄┄┄┄┄┄┄┄┄┄┄┄┄┄┄┄┄┄┄┄┄┄┄┄┄┄┄┄┄┄┄┄┄┄┄┄┄┄┄┄┄┄┄┄┄┄┄┄┄┄┄┄┄┄┄┄┄┄┄┄┄┄┄┄┄┄┄┄┄┄┄┄┄┄┄┄┄┄┄┄
│ 🐛 ✅ Datenbank enthält 0 nicht gelöschte Artikel.
└───────────────────────────────────────────────────────────────────────────────────────────────────────────────────────
[38;5;12m┌───────────────────────────────────────────────────────────────────────────────────────────────────────────────────────[0m
[38;5;12m│ #0   ArtikelDbService.closeDatabase (package:lager_app/services/artikel_db_service.dart:1169:15)[0m
[38;5;12m│ #1   <asynchronous suspension>[0m
[38;5;12m├┄┄┄┄┄┄┄┄┄┄┄┄┄┄┄┄┄┄┄┄┄┄┄┄┄┄┄┄┄┄┄┄┄┄┄┄┄┄┄┄┄┄┄┄┄┄┄┄┄┄┄┄┄┄┄┄┄┄┄┄┄┄┄┄┄┄┄┄┄┄┄┄┄┄┄┄┄┄┄┄┄┄┄┄┄┄┄┄┄┄┄┄┄┄┄┄┄┄┄┄┄┄┄┄┄┄┄┄┄┄┄┄┄┄┄┄┄┄┄[0m
[38;5;12m│ 💡 ✅ Datenbank geschlossen.[0m
[38;5;12m└───────────────────────────────────────────────────────────────────────────────────────────────────────────────────────[0m
00:05 +213 ~3: /home/germanlion67/lager_app/app/test/services/artikel_db_service_test.dart: ArtikelDbService deleteAlleArtikel() setzt etag auf null bei allen gelöschten Artikeln
*** sqflite warning ***

You are changing sqflite default factory.
Be aware of the potential side effects. Any library using sqflite
will have this factory as the default for all operations.

*** sqflite warning ***

[38;5;12m┌───────────────────────────────────────────────────────────────────────────────────────────────────────────────────────[0m
[38;5;12m│ #0   ArtikelDbService.insertArtikel (package:lager_app/services/artikel_db_service.dart:269:15)[0m
[38;5;12m│ #1   <asynchronous suspension>[0m
[38;5;12m├┄┄┄┄┄┄┄┄┄┄┄┄┄┄┄┄┄┄┄┄┄┄┄┄┄┄┄┄┄┄┄┄┄┄┄┄┄┄┄┄┄┄┄┄┄┄┄┄┄┄┄┄┄┄┄┄┄┄┄┄┄┄┄┄┄┄┄┄┄┄┄┄┄┄┄┄┄┄┄┄┄┄┄┄┄┄┄┄┄┄┄┄┄┄┄┄┄┄┄┄┄┄┄┄┄┄┄┄┄┄┄┄┄┄┄┄┄┄┄[0m
[38;5;12m│ 💡 ✅ Artikel 5ee62ade-574f-420c-8de4-6b8dd4af644a (ID: 1) eingefügt/ersetzt.[0m
[38;5;12m└───────────────────────────────────────────────────────────────────────────────────────────────────────────────────────[0m
┌───────────────────────────────────────────────────────────────────────────────────────────────────────────────────────
│ #0   ArtikelDbService.markSynced (package:lager_app/services/artikel_db_service.dart:709:17)
│ #1   <asynchronous suspension>
├┄┄┄┄┄┄┄┄┄┄┄┄┄┄┄┄┄┄┄┄┄┄┄┄┄┄┄┄┄┄┄┄┄┄┄┄┄┄┄┄┄┄┄┄┄┄┄┄┄┄┄┄┄┄┄┄┄┄┄┄┄┄┄┄┄┄┄┄┄┄┄┄┄┄┄┄┄┄┄┄┄┄┄┄┄┄┄┄┄┄┄┄┄┄┄┄┄┄┄┄┄┄┄┄┄┄┄┄┄┄┄┄┄┄┄┄┄┄┄
│ 🐛 ✅ Artikel UUID 5ee62ade-574f-420c-8de4-6b8dd4af644a als synchronisiert markiert (ETag: etag-123).
└───────────────────────────────────────────────────────────────────────────────────────────────────────────────────────
[38;5;208m┌───────────────────────────────────────────────────────────────────────────────────────────────────────────────────────[0m
[38;5;208m│ #0   ArtikelDbService.deleteAlleArtikel (package:lager_app/services/artikel_db_service.dart:1060:15)[0m
[38;5;208m│ #1   <asynchronous suspension>[0m
[38;5;208m├┄┄┄┄┄┄┄┄┄┄┄┄┄┄┄┄┄┄┄┄┄┄┄┄┄┄┄┄┄┄┄┄┄┄┄┄┄┄┄┄┄┄┄┄┄┄┄┄┄┄┄┄┄┄┄┄┄┄┄┄┄┄┄┄┄┄┄┄┄┄┄┄┄┄┄┄┄┄┄┄┄┄┄┄┄┄┄┄┄┄┄┄┄┄┄┄┄┄┄┄┄┄┄┄┄┄┄┄┄┄┄┄┄┄┄┄┄┄┄[0m
[38;5;208m│ ⚠️ 🗑️ Alle 1 Artikel als gelöscht markiert (Soft-Delete).[0m
[38;5;208m└───────────────────────────────────────────────────────────────────────────────────────────────────────────────────────[0m
┌───────────────────────────────────────────────────────────────────────────────────────────────────────────────────────
│ #0   ArtikelDbService.getPendingChanges (package:lager_app/services/artikel_db_service.dart:675:15)
│ #1   <asynchronous suspension>
├┄┄┄┄┄┄┄┄┄┄┄┄┄┄┄┄┄┄┄┄┄┄┄┄┄┄┄┄┄┄┄┄┄┄┄┄┄┄┄┄┄┄┄┄┄┄┄┄┄┄┄┄┄┄┄┄┄┄┄┄┄┄┄┄┄┄┄┄┄┄┄┄┄┄┄┄┄┄┄┄┄┄┄┄┄┄┄┄┄┄┄┄┄┄┄┄┄┄┄┄┄┄┄┄┄┄┄┄┄┄┄┄┄┄┄┄┄┄┄
│ 🐛 ✅ 1 Artikel mit ausstehenden Änderungen abgerufen (inkl. gelöschter Artikel für Sync-Propagierung).
└───────────────────────────────────────────────────────────────────────────────────────────────────────────────────────
[38;5;12m┌───────────────────────────────────────────────────────────────────────────────────────────────────────────────────────[0m
[38;5;12m│ #0   ArtikelDbService.closeDatabase (package:lager_app/services/artikel_db_service.dart:1169:15)[0m
[38;5;12m│ #1   <asynchronous suspension>[0m
[38;5;12m├┄┄┄┄┄┄┄┄┄┄┄┄┄┄┄┄┄┄┄┄┄┄┄┄┄┄┄┄┄┄┄┄┄┄┄┄┄┄┄┄┄┄┄┄┄┄┄┄┄┄┄┄┄┄┄┄┄┄┄┄┄┄┄┄┄┄┄┄┄┄┄┄┄┄┄┄┄┄┄┄┄┄┄┄┄┄┄┄┄┄┄┄┄┄┄┄┄┄┄┄┄┄┄┄┄┄┄┄┄┄┄┄┄┄┄┄┄┄┄[0m
[38;5;12m│ 💡 ✅ Datenbank geschlossen.[0m
[38;5;12m└───────────────────────────────────────────────────────────────────────────────────────────────────────────────────────[0m
00:05 +214 ~3: /home/germanlion67/lager_app/app/test/services/artikel_db_service_test.dart: ArtikelDbService insertArtikelList() fügt alle Artikel in der Liste ein
*** sqflite warning ***

You are changing sqflite default factory.
Be aware of the potential side effects. Any library using sqflite
will have this factory as the default for all operations.

*** sqflite warning ***

[38;5;12m┌───────────────────────────────────────────────────────────────────────────────────────────────────────────────────────[0m
[38;5;12m│ #0   ArtikelDbService.insertArtikelList (package:lager_app/services/artikel_db_service.dart:1091:15)[0m
[38;5;12m│ #1   <asynchronous suspension>[0m
[38;5;12m├┄┄┄┄┄┄┄┄┄┄┄┄┄┄┄┄┄┄┄┄┄┄┄┄┄┄┄┄┄┄┄┄┄┄┄┄┄┄┄┄┄┄┄┄┄┄┄┄┄┄┄┄┄┄┄┄┄┄┄┄┄┄┄┄┄┄┄┄┄┄┄┄┄┄┄┄┄┄┄┄┄┄┄┄┄┄┄┄┄┄┄┄┄┄┄┄┄┄┄┄┄┄┄┄┄┄┄┄┄┄┄┄┄┄┄┄┄┄┄[0m
[38;5;12m│ 💡 ✅ 5 Artikel aus Backup wiederhergestellt (alle als pending für nächsten Sync markiert).[0m
[38;5;12m└───────────────────────────────────────────────────────────────────────────────────────────────────────────────────────[0m
┌───────────────────────────────────────────────────────────────────────────────────────────────────────────────────────
│ #0   ArtikelDbService.getAlleArtikel (package:lager_app/services/artikel_db_service.dart:295:15)
│ #1   <asynchronous suspension>
├┄┄┄┄┄┄┄┄┄┄┄┄┄┄┄┄┄┄┄┄┄┄┄┄┄┄┄┄┄┄┄┄┄┄┄┄┄┄┄┄┄┄┄┄┄┄┄┄┄┄┄┄┄┄┄┄┄┄┄┄┄┄┄┄┄┄┄┄┄┄┄┄┄┄┄┄┄┄┄┄┄┄┄┄┄┄┄┄┄┄┄┄┄┄┄┄┄┄┄┄┄┄┄┄┄┄┄┄┄┄┄┄┄┄┄┄┄┄┄
│ 🐛 ✅ 5 Artikel aus DB abgerufen (limit: 500, offset: 0).
└───────────────────────────────────────────────────────────────────────────────────────────────────────────────────────
[38;5;12m┌───────────────────────────────────────────────────────────────────────────────────────────────────────────────────────[0m
[38;5;12m│ #0   ArtikelDbService.closeDatabase (package:lager_app/services/artikel_db_service.dart:1169:15)[0m
[38;5;12m│ #1   <asynchronous suspension>[0m
[38;5;12m├┄┄┄┄┄┄┄┄┄┄┄┄┄┄┄┄┄┄┄┄┄┄┄┄┄┄┄┄┄┄┄┄┄┄┄┄┄┄┄┄┄┄┄┄┄┄┄┄┄┄┄┄┄┄┄┄┄┄┄┄┄┄┄┄┄┄┄┄┄┄┄┄┄┄┄┄┄┄┄┄┄┄┄┄┄┄┄┄┄┄┄┄┄┄┄┄┄┄┄┄┄┄┄┄┄┄┄┄┄┄┄┄┄┄┄┄┄┄┄[0m
[38;5;12m│ 💡 ✅ Datenbank geschlossen.[0m
[38;5;12m└───────────────────────────────────────────────────────────────────────────────────────────────────────────────────────[0m
00:05 +215 ~3: /home/germanlion67/lager_app/app/test/services/artikel_db_service_test.dart: ArtikelDbService insertArtikelList() setzt etag=null für alle eingefügten Artikel (FIX Finding 5)
*** sqflite warning ***

You are changing sqflite default factory.
Be aware of the potential side effects. Any library using sqflite
will have this factory as the default for all operations.

*** sqflite warning ***

[38;5;12m┌───────────────────────────────────────────────────────────────────────────────────────────────────────────────────────[0m
[38;5;12m│ #0   ArtikelDbService.insertArtikelList (package:lager_app/services/artikel_db_service.dart:1091:15)[0m
[38;5;12m│ #1   <asynchronous suspension>[0m
[38;5;12m├┄┄┄┄┄┄┄┄┄┄┄┄┄┄┄┄┄┄┄┄┄┄┄┄┄┄┄┄┄┄┄┄┄┄┄┄┄┄┄┄┄┄┄┄┄┄┄┄┄┄┄┄┄┄┄┄┄┄┄┄┄┄┄┄┄┄┄┄┄┄┄┄┄┄┄┄┄┄┄┄┄┄┄┄┄┄┄┄┄┄┄┄┄┄┄┄┄┄┄┄┄┄┄┄┄┄┄┄┄┄┄┄┄┄┄┄┄┄┄[0m
[38;5;12m│ 💡 ✅ 2 Artikel aus Backup wiederhergestellt (alle als pending für nächsten Sync markiert).[0m
[38;5;12m└───────────────────────────────────────────────────────────────────────────────────────────────────────────────────────[0m
┌───────────────────────────────────────────────────────────────────────────────────────────────────────────────────────
│ #0   ArtikelDbService.getPendingChanges (package:lager_app/services/artikel_db_service.dart:675:15)
│ #1   <asynchronous suspension>
├┄┄┄┄┄┄┄┄┄┄┄┄┄┄┄┄┄┄┄┄┄┄┄┄┄┄┄┄┄┄┄┄┄┄┄┄┄┄┄┄┄┄┄┄┄┄┄┄┄┄┄┄┄┄┄┄┄┄┄┄┄┄┄┄┄┄┄┄┄┄┄┄┄┄┄┄┄┄┄┄┄┄┄┄┄┄┄┄┄┄┄┄┄┄┄┄┄┄┄┄┄┄┄┄┄┄┄┄┄┄┄┄┄┄┄┄┄┄┄
│ 🐛 ✅ 2 Artikel mit ausstehenden Änderungen abgerufen (inkl. gelöschter Artikel für Sync-Propagierung).
└───────────────────────────────────────────────────────────────────────────────────────────────────────────────────────
[38;5;12m┌───────────────────────────────────────────────────────────────────────────────────────────────────────────────────────[0m
[38;5;12m│ #0   ArtikelDbService.closeDatabase (package:lager_app/services/artikel_db_service.dart:1169:15)[0m
[38;5;12m│ #1   <asynchronous suspension>[0m
[38;5;12m├┄┄┄┄┄┄┄┄┄┄┄┄┄┄┄┄┄┄┄┄┄┄┄┄┄┄┄┄┄┄┄┄┄┄┄┄┄┄┄┄┄┄┄┄┄┄┄┄┄┄┄┄┄┄┄┄┄┄┄┄┄┄┄┄┄┄┄┄┄┄┄┄┄┄┄┄┄┄┄┄┄┄┄┄┄┄┄┄┄┄┄┄┄┄┄┄┄┄┄┄┄┄┄┄┄┄┄┄┄┄┄┄┄┄┄┄┄┄┄[0m
[38;5;12m│ 💡 ✅ Datenbank geschlossen.[0m
[38;5;12m└───────────────────────────────────────────────────────────────────────────────────────────────────────────────────────[0m
00:05 +216 ~3: /home/germanlion67/lager_app/app/test/services/artikel_db_service_test.dart: ArtikelDbService insertArtikelList() leere Liste fügt nichts ein
*** sqflite warning ***

You are changing sqflite default factory.
Be aware of the potential side effects. Any library using sqflite
will have this factory as the default for all operations.

*** sqflite warning ***

[38;5;12m┌───────────────────────────────────────────────────────────────────────────────────────────────────────────────────────[0m
[38;5;12m│ #0   ArtikelDbService.insertArtikelList (package:lager_app/services/artikel_db_service.dart:1091:15)[0m
[38;5;12m│ #1   <asynchronous suspension>[0m
[38;5;12m├┄┄┄┄┄┄┄┄┄┄┄┄┄┄┄┄┄┄┄┄┄┄┄┄┄┄┄┄┄┄┄┄┄┄┄┄┄┄┄┄┄┄┄┄┄┄┄┄┄┄┄┄┄┄┄┄┄┄┄┄┄┄┄┄┄┄┄┄┄┄┄┄┄┄┄┄┄┄┄┄┄┄┄┄┄┄┄┄┄┄┄┄┄┄┄┄┄┄┄┄┄┄┄┄┄┄┄┄┄┄┄┄┄┄┄┄┄┄┄[0m
[38;5;12m│ 💡 ✅ 0 Artikel aus Backup wiederhergestellt (alle als pending für nächsten Sync markiert).[0m
[38;5;12m└───────────────────────────────────────────────────────────────────────────────────────────────────────────────────────[0m
┌───────────────────────────────────────────────────────────────────────────────────────────────────────────────────────
│ #0   ArtikelDbService.isDatabaseEmpty (package:lager_app/services/artikel_db_service.dart:1112:15)
│ #1   <asynchronous suspension>
├┄┄┄┄┄┄┄┄┄┄┄┄┄┄┄┄┄┄┄┄┄┄┄┄┄┄┄┄┄┄┄┄┄┄┄┄┄┄┄┄┄┄┄┄┄┄┄┄┄┄┄┄┄┄┄┄┄┄┄┄┄┄┄┄┄┄┄┄┄┄┄┄┄┄┄┄┄┄┄┄┄┄┄┄┄┄┄┄┄┄┄┄┄┄┄┄┄┄┄┄┄┄┄┄┄┄┄┄┄┄┄┄┄┄┄┄┄┄┄
│ 🐛 ✅ Datenbank enthält 0 nicht gelöschte Artikel.
└───────────────────────────────────────────────────────────────────────────────────────────────────────────────────────
[38;5;12m┌───────────────────────────────────────────────────────────────────────────────────────────────────────────────────────[0m
[38;5;12m│ #0   ArtikelDbService.closeDatabase (package:lager_app/services/artikel_db_service.dart:1169:15)[0m
[38;5;12m│ #1   <asynchronous suspension>[0m
[38;5;12m├┄┄┄┄┄┄┄┄┄┄┄┄┄┄┄┄┄┄┄┄┄┄┄┄┄┄┄┄┄┄┄┄┄┄┄┄┄┄┄┄┄┄┄┄┄┄┄┄┄┄┄┄┄┄┄┄┄┄┄┄┄┄┄┄┄┄┄┄┄┄┄┄┄┄┄┄┄┄┄┄┄┄┄┄┄┄┄┄┄┄┄┄┄┄┄┄┄┄┄┄┄┄┄┄┄┄┄┄┄┄┄┄┄┄┄┄┄┄┄[0m
[38;5;12m│ 💡 ✅ Datenbank geschlossen.[0m
[38;5;12m└───────────────────────────────────────────────────────────────────────────────────────────────────────────────────────[0m
00:05 +217 ~3: /home/germanlion67/lager_app/app/test/services/artikel_import_service_test.dart: ArtikelImportService (setUpAll)
00:05 +217 ~3: /home/germanlion67/lager_app/app/test/services/artikel_db_service_test.dart: ArtikelDbService insertArtikelList() nutzt Transaktion — alle oder keiner
*** sqflite warning ***

You are changing sqflite default factory.
Be aware of the potential side effects. Any library using sqflite
will have this factory as the default for all operations.

*** sqflite warning ***

[38;5;12m┌───────────────────────────────────────────────────────────────────────────────────────────────────────────────────────[0m
[38;5;12m│ #0   ArtikelDbService.insertArtikelList (package:lager_app/services/artikel_db_service.dart:1091:15)[0m
[38;5;12m│ #1   <asynchronous suspension>[0m
[38;5;12m├┄┄┄┄┄┄┄┄┄┄┄┄┄┄┄┄┄┄┄┄┄┄┄┄┄┄┄┄┄┄┄┄┄┄┄┄┄┄┄┄┄┄┄┄┄┄┄┄┄┄┄┄┄┄┄┄┄┄┄┄┄┄┄┄┄┄┄┄┄┄┄┄┄┄┄┄┄┄┄┄┄┄┄┄┄┄┄┄┄┄┄┄┄┄┄┄┄┄┄┄┄┄┄┄┄┄┄┄┄┄┄┄┄┄┄┄┄┄┄[0m
[38;5;12m│ 💡 ✅ 3 Artikel aus Backup wiederhergestellt (alle als pending für nächsten Sync markiert).[0m
[38;5;12m└───────────────────────────────────────────────────────────────────────────────────────────────────────────────────────[0m
┌───────────────────────────────────────────────────────────────────────────────────────────────────────────────────────
│ #0   ArtikelDbService.getAlleArtikel (package:lager_app/services/artikel_db_service.dart:295:15)
│ #1   <asynchronous suspension>
├┄┄┄┄┄┄┄┄┄┄┄┄┄┄┄┄┄┄┄┄┄┄┄┄┄┄┄┄┄┄┄┄┄┄┄┄┄┄┄┄┄┄┄┄┄┄┄┄┄┄┄┄┄┄┄┄┄┄┄┄┄┄┄┄┄┄┄┄┄┄┄┄┄┄┄┄┄┄┄┄┄┄┄┄┄┄┄┄┄┄┄┄┄┄┄┄┄┄┄┄┄┄┄┄┄┄┄┄┄┄┄┄┄┄┄┄┄┄┄
│ 🐛 ✅ 3 Artikel aus DB abgerufen (limit: 500, offset: 0).
└───────────────────────────────────────────────────────────────────────────────────────────────────────────────────────
[38;5;12m┌───────────────────────────────────────────────────────────────────────────────────────────────────────────────────────[0m
[38;5;12m│ #0   ArtikelDbService.closeDatabase (package:lager_app/services/artikel_db_service.dart:1169:15)[0m
[38;5;12m│ #1   <asynchronous suspension>[0m
[38;5;12m├┄┄┄┄┄┄┄┄┄┄┄┄┄┄┄┄┄┄┄┄┄┄┄┄┄┄┄┄┄┄┄┄┄┄┄┄┄┄┄┄┄┄┄┄┄┄┄┄┄┄┄┄┄┄┄┄┄┄┄┄┄┄┄┄┄┄┄┄┄┄┄┄┄┄┄┄┄┄┄┄┄┄┄┄┄┄┄┄┄┄┄┄┄┄┄┄┄┄┄┄┄┄┄┄┄┄┄┄┄┄┄┄┄┄┄┄┄┄┄[0m
[38;5;12m│ 💡 ✅ Datenbank geschlossen.[0m
[38;5;12m└───────────────────────────────────────────────────────────────────────────────────────────────────────────────────────[0m
00:05 +218 ~3: /home/germanlion67/lager_app/app/test/services/artikel_import_service_test.dart: ArtikelImportService (setUpAll)
00:05 +218 ~3: /home/germanlion67/lager_app/app/test/services/artikel_db_service_test.dart: ArtikelDbService Bild-Update-Methoden updateBildPfad() aktualisiert bildPfad via ID
*** sqflite warning ***

You are changing sqflite default factory.
Be aware of the potential side effects. Any library using sqflite
will have this factory as the default for all operations.

*** sqflite warning ***

[38;5;12m┌───────────────────────────────────────────────────────────────────────────────────────────────────────────────────────[0m
[38;5;12m│ #0   ArtikelDbService.insertArtikel (package:lager_app/services/artikel_db_service.dart:269:15)[0m
[38;5;12m│ #1   <asynchronous suspension>[0m
[38;5;12m├┄┄┄┄┄┄┄┄┄┄┄┄┄┄┄┄┄┄┄┄┄┄┄┄┄┄┄┄┄┄┄┄┄┄┄┄┄┄┄┄┄┄┄┄┄┄┄┄┄┄┄┄┄┄┄┄┄┄┄┄┄┄┄┄┄┄┄┄┄┄┄┄┄┄┄┄┄┄┄┄┄┄┄┄┄┄┄┄┄┄┄┄┄┄┄┄┄┄┄┄┄┄┄┄┄┄┄┄┄┄┄┄┄┄┄┄┄┄┄[0m
[38;5;12m│ 💡 ✅ Artikel ca6a072e-46b8-47ae-a90d-d1e363f0ddf7 (ID: 1) eingefügt/ersetzt.[0m
[38;5;12m└───────────────────────────────────────────────────────────────────────────────────────────────────────────────────────[0m
┌───────────────────────────────────────────────────────────────────────────────────────────────────────────────────────
│ #0   ArtikelDbService.updateBildPfad (package:lager_app/services/artikel_db_service.dart:393:17)
│ #1   <asynchronous suspension>
├┄┄┄┄┄┄┄┄┄┄┄┄┄┄┄┄┄┄┄┄┄┄┄┄┄┄┄┄┄┄┄┄┄┄┄┄┄┄┄┄┄┄┄┄┄┄┄┄┄┄┄┄┄┄┄┄┄┄┄┄┄┄┄┄┄┄┄┄┄┄┄┄┄┄┄┄┄┄┄┄┄┄┄┄┄┄┄┄┄┄┄┄┄┄┄┄┄┄┄┄┄┄┄┄┄┄┄┄┄┄┄┄┄┄┄┄┄┄┄
│ 🐛 ✅ Bildpfad für Artikel ID 1 aktualisiert.
└───────────────────────────────────────────────────────────────────────────────────────────────────────────────────────
┌───────────────────────────────────────────────────────────────────────────────────────────────────────────────────────
│ #0   ArtikelDbService.getAlleArtikel (package:lager_app/services/artikel_db_service.dart:295:15)
│ #1   <asynchronous suspension>
├┄┄┄┄┄┄┄┄┄┄┄┄┄┄┄┄┄┄┄┄┄┄┄┄┄┄┄┄┄┄┄┄┄┄┄┄┄┄┄┄┄┄┄┄┄┄┄┄┄┄┄┄┄┄┄┄┄┄┄┄┄┄┄┄┄┄┄┄┄┄┄┄┄┄┄┄┄┄┄┄┄┄┄┄┄┄┄┄┄┄┄┄┄┄┄┄┄┄┄┄┄┄┄┄┄┄┄┄┄┄┄┄┄┄┄┄┄┄┄
│ 🐛 ✅ 1 Artikel aus DB abgerufen (limit: 500, offset: 0).
└───────────────────────────────────────────────────────────────────────────────────────────────────────────────────────
[38;5;12m┌───────────────────────────────────────────────────────────────────────────────────────────────────────────────────────[0m
[38;5;12m│ #0   ArtikelDbService.closeDatabase (package:lager_app/services/artikel_db_service.dart:1169:15)[0m
[38;5;12m│ #1   <asynchronous suspension>[0m
[38;5;12m├┄┄┄┄┄┄┄┄┄┄┄┄┄┄┄┄┄┄┄┄┄┄┄┄┄┄┄┄┄┄┄┄┄┄┄┄┄┄┄┄┄┄┄┄┄┄┄┄┄┄┄┄┄┄┄┄┄┄┄┄┄┄┄┄┄┄┄┄┄┄┄┄┄┄┄┄┄┄┄┄┄┄┄┄┄┄┄┄┄┄┄┄┄┄┄┄┄┄┄┄┄┄┄┄┄┄┄┄┄┄┄┄┄┄┄┄┄┄┄[0m
[38;5;12m│ 💡 ✅ Datenbank geschlossen.[0m
[38;5;12m└───────────────────────────────────────────────────────────────────────────────────────────────────────────────────────[0m
00:05 +219 ~3: /home/germanlion67/lager_app/app/test/services/artikel_import_service_test.dart: ArtikelImportService importFromJson should correctly parse valid JSON
00:05 +219 ~3: /home/germanlion67/lager_app/app/test/services/artikel_db_service_test.dart: ArtikelDbService Bild-Update-Methoden updateBildPfad() gibt 0 zurück wenn ID nicht existiert
*** sqflite warning ***

You are changing sqflite default factory.
Be aware of the potential side effects. Any library using sqflite
will have this factory as the default for all operations.

*** sqflite warning ***

[38;5;12m┌───────────────────────────────────────────────────────────────────────────────────────────────────────────────────────[0m
[38;5;12m│ #0   ArtikelDbService.closeDatabase (package:lager_app/services/artikel_db_service.dart:1169:15)[0m
[38;5;12m│ #1   <asynchronous suspension>[0m
[38;5;12m├┄┄┄┄┄┄┄┄┄┄┄┄┄┄┄┄┄┄┄┄┄┄┄┄┄┄┄┄┄┄┄┄┄┄┄┄┄┄┄┄┄┄┄┄┄┄┄┄┄┄┄┄┄┄┄┄┄┄┄┄┄┄┄┄┄┄┄┄┄┄┄┄┄┄┄┄┄┄┄┄┄┄┄┄┄┄┄┄┄┄┄┄┄┄┄┄┄┄┄┄┄┄┄┄┄┄┄┄┄┄┄┄┄┄┄┄┄┄┄[0m
[38;5;12m│ 💡 ✅ Datenbank geschlossen.[0m
[38;5;12m└───────────────────────────────────────────────────────────────────────────────────────────────────────────────────────[0m
00:05 +220 ~3: /home/germanlion67/lager_app/app/test/services/artikel_import_service_test.dart: ArtikelImportService importFromJson should correctly parse valid JSON
00:05 +220 ~3: /home/germanlion67/lager_app/app/test/services/artikel_db_service_test.dart: ArtikelDbService Bild-Update-Methoden updateRemoteBildPfad() aktualisiert remoteBildPfad via ID
*** sqflite warning ***

You are changing sqflite default factory.
Be aware of the potential side effects. Any library using sqflite
will have this factory as the default for all operations.

*** sqflite warning ***

00:05 +220 ~3: /home/germanlion67/lager_app/app/test/services/artikel_import_service_test.dart: ArtikelImportService importFromJson should correctly parse valid JSON
[38;5;208m┌───────────────────────────────────────────────────────────────────────────────────────────────────────────────────────[0m
00:05 +220 ~3: /home/germanlion67/lager_app/app/test/services/artikel_db_service_test.dart: ArtikelDbService Bild-Update-Methoden updateRemoteBildPfad() aktualisiert remoteBildPfad via ID
[38;5;12m┌───────────────────────────────────────────────────────────────────────────────────────────────────────────────────────[0m
[38;5;12m│ #0   ArtikelDbService.insertArtikel (package:lager_app/services/artikel_db_service.dart:269:15)[0m
[38;5;12m│ #1   <asynchronous suspension>[0m
[38;5;12m├┄┄┄┄┄┄┄┄┄┄┄┄┄┄┄┄┄┄┄┄┄┄┄┄┄┄┄┄┄┄┄┄┄┄┄┄┄┄┄┄┄┄┄┄┄┄┄┄┄┄┄┄┄┄┄┄┄┄┄┄┄┄┄┄┄┄┄┄┄┄┄┄┄┄┄┄┄┄┄┄┄┄┄┄┄┄┄┄┄┄┄┄┄┄┄┄┄┄┄┄┄┄┄┄┄┄┄┄┄┄┄┄┄┄┄┄┄┄┄[0m
[38;5;12m│ 💡 ✅ Artikel 77d8fe4a-159c-40e6-a7f4-a6b15e77300a (ID: 1) eingefügt/ersetzt.[0m
[38;5;12m└───────────────────────────────────────────────────────────────────────────────────────────────────────────────────────[0m
00:05 +220 ~3: /home/germanlion67/lager_app/app/test/services/artikel_import_service_test.dart: ArtikelImportService importFromJson should correctly parse valid JSON
[38;5;208m│ #0   Artikel._parseDateTime (package:lager_app/models/artikel_model.dart:218:15)[0m
[38;5;208m│ #1   new Artikel.fromMap (package:lager_app/models/artikel_model.dart:146:19)[0m
[38;5;208m├┄┄┄┄┄┄┄┄┄┄┄┄┄┄┄┄┄┄┄┄┄┄┄┄┄┄┄┄┄┄┄┄┄┄┄┄┄┄┄┄┄┄┄┄┄┄┄┄┄┄┄┄┄┄┄┄┄┄┄┄┄┄┄┄┄┄┄┄┄┄┄┄┄┄┄┄┄┄┄┄┄┄┄┄┄┄┄┄┄┄┄┄┄┄┄┄┄┄┄┄┄┄┄┄┄┄┄┄┄┄┄┄┄┄┄┄┄┄┄[0m
[38;5;208m│ ⚠️ ⚠️ _parseDateTime: Null-Wert erhalten, verwende aktuelles UTC-Datum.[0m
[38;5;208m└───────────────────────────────────────────────────────────────────────────────────────────────────────────────────────[0m
00:05 +220 ~3: /home/germanlion67/lager_app/app/test/services/artikel_db_service_test.dart: ArtikelDbService Bild-Update-Methoden updateRemoteBildPfad() aktualisiert remoteBildPfad via ID
┌───────────────────────────────────────────────────────────────────────────────────────────────────────────────────────
│ #0   ArtikelDbService.updateRemoteBildPfad (package:lager_app/services/artikel_db_service.dart:423:17)
│ #1   <asynchronous suspension>
├┄┄┄┄┄┄┄┄┄┄┄┄┄┄┄┄┄┄┄┄┄┄┄┄┄┄┄┄┄┄┄┄┄┄┄┄┄┄┄┄┄┄┄┄┄┄┄┄┄┄┄┄┄┄┄┄┄┄┄┄┄┄┄┄┄┄┄┄┄┄┄┄┄┄┄┄┄┄┄┄┄┄┄┄┄┄┄┄┄┄┄┄┄┄┄┄┄┄┄┄┄┄┄┄┄┄┄┄┄┄┄┄┄┄┄┄┄┄┄
│ 🐛 ✅ Remote-Bildpfad für Artikel ID 1 aktualisiert.
└───────────────────────────────────────────────────────────────────────────────────────────────────────────────────────
00:05 +220 ~3: /home/germanlion67/lager_app/app/test/services/artikel_import_service_test.dart: ArtikelImportService importFromJson should correctly parse valid JSON
[38;5;208m┌───────────────────────────────────────────────────────────────────────────────────────────────────────────────────────[0m
[38;5;208m│ #0   Artikel._parseDateTime (package:lager_app/models/artikel_model.dart:218:15)[0m
[38;5;208m│ #1   new Artikel.fromMap (package:lager_app/models/artikel_model.dart:147:23)[0m
[38;5;208m├┄┄┄┄┄┄┄┄┄┄┄┄┄┄┄┄┄┄┄┄┄┄┄┄┄┄┄┄┄┄┄┄┄┄┄┄┄┄┄┄┄┄┄┄┄┄┄┄┄┄┄┄┄┄┄┄┄┄┄┄┄┄┄┄┄┄┄┄┄┄┄┄┄┄┄┄┄┄┄┄┄┄┄┄┄┄┄┄┄┄┄┄┄┄┄┄┄┄┄┄┄┄┄┄┄┄┄┄┄┄┄┄┄┄┄┄┄┄┄[0m
[38;5;208m│ ⚠️ ⚠️ _parseDateTime: Null-Wert erhalten, verwende aktuelles UTC-Datum.[0m
[38;5;208m└───────────────────────────────────────────────────────────────────────────────────────────────────────────────────────[0m
00:05 +220 ~3: /home/germanlion67/lager_app/app/test/services/artikel_db_service_test.dart: ArtikelDbService Bild-Update-Methoden updateRemoteBildPfad() aktualisiert remoteBildPfad via ID
[38;5;12m┌───────────────────────────────────────────────────────────────────────────────────────────────────────────────────────[0m
[38;5;12m│ #0   ArtikelDbService.closeDatabase (package:lager_app/services/artikel_db_service.dart:1169:15)[0m
[38;5;12m│ #1   <asynchronous suspension>[0m
[38;5;12m├┄┄┄┄┄┄┄┄┄┄┄┄┄┄┄┄┄┄┄┄┄┄┄┄┄┄┄┄┄┄┄┄┄┄┄┄┄┄┄┄┄┄┄┄┄┄┄┄┄┄┄┄┄┄┄┄┄┄┄┄┄┄┄┄┄┄┄┄┄┄┄┄┄┄┄┄┄┄┄┄┄┄┄┄┄┄┄┄┄┄┄┄┄┄┄┄┄┄┄┄┄┄┄┄┄┄┄┄┄┄┄┄┄┄┄┄┄┄┄[0m
[38;5;12m│ 💡 ✅ Datenbank geschlossen.[0m
[38;5;12m└───────────────────────────────────────────────────────────────────────────────────────────────────────────────────────[0m
00:05 +221 ~3: /home/germanlion67/lager_app/app/test/services/artikel_import_service_test.dart: ArtikelImportService importFromJson should correctly parse valid JSON
00:05 +221 ~3: /home/germanlion67/lager_app/app/test/services/artikel_db_service_test.dart: ArtikelDbService Bild-Update-Methoden setBildPfadByUuid() aktualisiert bildPfad via UUID
*** sqflite warning ***

You are changing sqflite default factory.
Be aware of the potential side effects. Any library using sqflite
will have this factory as the default for all operations.

*** sqflite warning ***

00:05 +221 ~3: /home/germanlion67/lager_app/app/test/services/artikel_import_service_test.dart: ArtikelImportService importFromJson should correctly parse valid JSON
[38;5;208m┌───────────────────────────────────────────────────────────────────────────────────────────────────────────────────────[0m
[38;5;208m│ #0   Artikel._parseDateTime (package:lager_app/models/artikel_model.dart:218:15)[0m
[38;5;208m│ #1   new Artikel.fromMap (package:lager_app/models/artikel_model.dart:146:19)[0m
[38;5;208m├┄┄┄┄┄┄┄┄┄┄┄┄┄┄┄┄┄┄┄┄┄┄┄┄┄┄┄┄┄┄┄┄┄┄┄┄┄┄┄┄┄┄┄┄┄┄┄┄┄┄┄┄┄┄┄┄┄┄┄┄┄┄┄┄┄┄┄┄┄┄┄┄┄┄┄┄┄┄┄┄┄┄┄┄┄┄┄┄┄┄┄┄┄┄┄┄┄┄┄┄┄┄┄┄┄┄┄┄┄┄┄┄┄┄┄┄┄┄┄[0m
[38;5;208m│ ⚠️ ⚠️ _parseDateTime: Null-Wert erhalten, verwende aktuelles UTC-Datum.[0m
[38;5;208m└───────────────────────────────────────────────────────────────────────────────────────────────────────────────────────[0m
00:05 +221 ~3: /home/germanlion67/lager_app/app/test/services/artikel_db_service_test.dart: ArtikelDbService Bild-Update-Methoden setBildPfadByUuid() aktualisiert bildPfad via UUID
[38;5;12m┌───────────────────────────────────────────────────────────────────────────────────────────────────────────────────────[0m
[38;5;12m│ #0   ArtikelDbService.insertArtikel (package:lager_app/services/artikel_db_service.dart:269:15)[0m
[38;5;12m│ #1   <asynchronous suspension>[0m
[38;5;12m├┄┄┄┄┄┄┄┄┄┄┄┄┄┄┄┄┄┄┄┄┄┄┄┄┄┄┄┄┄┄┄┄┄┄┄┄┄┄┄┄┄┄┄┄┄┄┄┄┄┄┄┄┄┄┄┄┄┄┄┄┄┄┄┄┄┄┄┄┄┄┄┄┄┄┄┄┄┄┄┄┄┄┄┄┄┄┄┄┄┄┄┄┄┄┄┄┄┄┄┄┄┄┄┄┄┄┄┄┄┄┄┄┄┄┄┄┄┄┄[0m
[38;5;12m│ 💡 ✅ Artikel c071fc42-abfc-4c09-803c-924a8f725bb2 (ID: 1) eingefügt/ersetzt.[0m
[38;5;12m└───────────────────────────────────────────────────────────────────────────────────────────────────────────────────────[0m
00:05 +221 ~3: /home/germanlion67/lager_app/app/test/services/artikel_import_service_test.dart: ArtikelImportService importFromJson should correctly parse valid JSON
[38;5;208m┌───────────────────────────────────────────────────────────────────────────────────────────────────────────────────────[0m
[38;5;208m│ #0   Artikel._parseDateTime (package:lager_app/models/artikel_model.dart:218:15)[0m
[38;5;208m│ #1   new Artikel.fromMap (package:lager_app/models/artikel_model.dart:147:23)[0m
[38;5;208m├┄┄┄┄┄┄┄┄┄┄┄┄┄┄┄┄┄┄┄┄┄┄┄┄┄┄┄┄┄┄┄┄┄┄┄┄┄┄┄┄┄┄┄┄┄┄┄┄┄┄┄┄┄┄┄┄┄┄┄┄┄┄┄┄┄┄┄┄┄┄┄┄┄┄┄┄┄┄┄┄┄┄┄┄┄┄┄┄┄┄┄┄┄┄┄┄┄┄┄┄┄┄┄┄┄┄┄┄┄┄┄┄┄┄┄┄┄┄┄[0m
[38;5;208m│ ⚠️ ⚠️ _parseDateTime: Null-Wert erhalten, verwende aktuelles UTC-Datum.[0m
[38;5;208m└───────────────────────────────────────────────────────────────────────────────────────────────────────────────────────[0m
00:05 +221 ~3: /home/germanlion67/lager_app/app/test/services/artikel_db_service_test.dart: ArtikelDbService Bild-Update-Methoden setBildPfadByUuid() aktualisiert bildPfad via UUID
┌───────────────────────────────────────────────────────────────────────────────────────────────────────────────────────
│ #0   ArtikelDbService.setBildPfadByUuid (package:lager_app/services/artikel_db_service.dart:452:17)
│ #1   <asynchronous suspension>
├┄┄┄┄┄┄┄┄┄┄┄┄┄┄┄┄┄┄┄┄┄┄┄┄┄┄┄┄┄┄┄┄┄┄┄┄┄┄┄┄┄┄┄┄┄┄┄┄┄┄┄┄┄┄┄┄┄┄┄┄┄┄┄┄┄┄┄┄┄┄┄┄┄┄┄┄┄┄┄┄┄┄┄┄┄┄┄┄┄┄┄┄┄┄┄┄┄┄┄┄┄┄┄┄┄┄┄┄┄┄┄┄┄┄┄┄┄┄┄
│ 🐛 ✅ Bildpfad für Artikel UUID c071fc42-abfc-4c09-803c-924a8f725bb2 aktualisiert.
└───────────────────────────────────────────────────────────────────────────────────────────────────────────────────────
┌───────────────────────────────────────────────────────────────────────────────────────────────────────────────────────
│ #0   ArtikelDbService.getArtikelByUUID (package:lager_app/services/artikel_db_service.dart:600:17)
│ #1   <asynchronous suspension>
├┄┄┄┄┄┄┄┄┄┄┄┄┄┄┄┄┄┄┄┄┄┄┄┄┄┄┄┄┄┄┄┄┄┄┄┄┄┄┄┄┄┄┄┄┄┄┄┄┄┄┄┄┄┄┄┄┄┄┄┄┄┄┄┄┄┄┄┄┄┄┄┄┄┄┄┄┄┄┄┄┄┄┄┄┄┄┄┄┄┄┄┄┄┄┄┄┄┄┄┄┄┄┄┄┄┄┄┄┄┄┄┄┄┄┄┄┄┄┄
│ 🐛 ✅ Artikel mit UUID c071fc42-abfc-4c09-803c-924a8f725bb2 gefunden.
└───────────────────────────────────────────────────────────────────────────────────────────────────────────────────────
[38;5;12m┌───────────────────────────────────────────────────────────────────────────────────────────────────────────────────────[0m
[38;5;12m│ #0   ArtikelDbService.closeDatabase (package:lager_app/services/artikel_db_service.dart:1169:15)[0m
[38;5;12m│ #1   <asynchronous suspension>[0m
[38;5;12m├┄┄┄┄┄┄┄┄┄┄┄┄┄┄┄┄┄┄┄┄┄┄┄┄┄┄┄┄┄┄┄┄┄┄┄┄┄┄┄┄┄┄┄┄┄┄┄┄┄┄┄┄┄┄┄┄┄┄┄┄┄┄┄┄┄┄┄┄┄┄┄┄┄┄┄┄┄┄┄┄┄┄┄┄┄┄┄┄┄┄┄┄┄┄┄┄┄┄┄┄┄┄┄┄┄┄┄┄┄┄┄┄┄┄┄┄┄┄┄[0m
[38;5;12m│ 💡 ✅ Datenbank geschlossen.[0m
[38;5;12m└───────────────────────────────────────────────────────────────────────────────────────────────────────────────────────[0m
00:05 +222 ~3: /home/germanlion67/lager_app/app/test/services/artikel_import_service_test.dart: ArtikelImportService importFromJson should correctly parse valid JSON
00:05 +222 ~3: /home/germanlion67/lager_app/app/test/services/artikel_db_service_test.dart: ArtikelDbService Bild-Update-Methoden setThumbnailPfadByUuid() aktualisiert thumbnailPfad
*** sqflite warning ***

You are changing sqflite default factory.
Be aware of the potential side effects. Any library using sqflite
will have this factory as the default for all operations.

*** sqflite warning ***

00:05 +223 ~3: /home/germanlion67/lager_app/app/test/services/artikel_db_service_test.dart: ArtikelDbService Bild-Update-Methoden setThumbnailPfadByUuid() aktualisiert thumbnailPfad
00:05 +223 ~3: /home/germanlion67/lager_app/app/test/services/artikel_import_service_test.dart: ArtikelImportService importFromJson should skip invalid entries
[38;5;208m┌───────────────────────────────────────────────────────────────────────────────────────────────────────────────────────[0m
[38;5;208m│ #0   Artikel._parseDateTime (package:lager_app/models/artikel_model.dart:218:15)[0m
[38;5;208m│ #1   new Artikel.fromMap (package:lager_app/models/artikel_model.dart:146:19)[0m
[38;5;208m├┄┄┄┄┄┄┄┄┄┄┄┄┄┄┄┄┄┄┄┄┄┄┄┄┄┄┄┄┄┄┄┄┄┄┄┄┄┄┄┄┄┄┄┄┄┄┄┄┄┄┄┄┄┄┄┄┄┄┄┄┄┄┄┄┄┄┄┄┄┄┄┄┄┄┄┄┄┄┄┄┄┄┄┄┄┄┄┄┄┄┄┄┄┄┄┄┄┄┄┄┄┄┄┄┄┄┄┄┄┄┄┄┄┄┄┄┄┄┄[0m
[38;5;208m│ ⚠️ ⚠️ _parseDateTime: Null-Wert erhalten, verwende aktuelles UTC-Datum.[0m
[38;5;208m└───────────────────────────────────────────────────────────────────────────────────────────────────────────────────────[0m
[38;5;208m┌───────────────────────────────────────────────────────────────────────────────────────────────────────────────────────[0m
[38;5;208m│ #0   Artikel._parseDateTime (package:lager_app/models/artikel_model.dart:218:15)[0m
[38;5;208m│ #1   new Artikel.fromMap (package:lager_app/models/artikel_model.dart:147:23)[0m
[38;5;208m├┄┄┄┄┄┄┄┄┄┄┄┄┄┄┄┄┄┄┄┄┄┄┄┄┄┄┄┄┄┄┄┄┄┄┄┄┄┄┄┄┄┄┄┄┄┄┄┄┄┄┄┄┄┄┄┄┄┄┄┄┄┄┄┄┄┄┄┄┄┄┄┄┄┄┄┄┄┄┄┄┄┄┄┄┄┄┄┄┄┄┄┄┄┄┄┄┄┄┄┄┄┄┄┄┄┄┄┄┄┄┄┄┄┄┄┄┄┄┄[0m
[38;5;208m│ ⚠️ ⚠️ _parseDateTime: Null-Wert erhalten, verwende aktuelles UTC-Datum.[0m
[38;5;208m└───────────────────────────────────────────────────────────────────────────────────────────────────────────────────────[0m
[38;5;208m┌───────────────────────────────────────────────────────────────────────────────────────────────────────────────────────[0m
[38;5;208m│ #0   Artikel._parseDateTime (package:lager_app/models/artikel_model.dart:218:15)[0m
[38;5;208m│ #1   new Artikel.fromMap (package:lager_app/models/artikel_model.dart:146:19)[0m
[38;5;208m├┄┄┄┄┄┄┄┄┄┄┄┄┄┄┄┄┄┄┄┄┄┄┄┄┄┄┄┄┄┄┄┄┄┄┄┄┄┄┄┄┄┄┄┄┄┄┄┄┄┄┄┄┄┄┄┄┄┄┄┄┄┄┄┄┄┄┄┄┄┄┄┄┄┄┄┄┄┄┄┄┄┄┄┄┄┄┄┄┄┄┄┄┄┄┄┄┄┄┄┄┄┄┄┄┄┄┄┄┄┄┄┄┄┄┄┄┄┄┄[0m
[38;5;208m│ ⚠️ ⚠️ _parseDateTime: Null-Wert erhalten, verwende aktuelles UTC-Datum.[0m
00:05 +223 ~3: /home/germanlion67/lager_app/app/test/services/artikel_db_service_test.dart: ArtikelDbService Bild-Update-Methoden setThumbnailPfadByUuid() aktualisiert thumbnailPfad
[38;5;12m┌───────────────────────────────────────────────────────────────────────────────────────────────────────────────────────[0m
[38;5;12m│ #0   ArtikelDbService.insertArtikel (package:lager_app/services/artikel_db_service.dart:269:15)[0m
[38;5;12m│ #1   <asynchronous suspension>[0m
[38;5;12m├┄┄┄┄┄┄┄┄┄┄┄┄┄┄┄┄┄┄┄┄┄┄┄┄┄┄┄┄┄┄┄┄┄┄┄┄┄┄┄┄┄┄┄┄┄┄┄┄┄┄┄┄┄┄┄┄┄┄┄┄┄┄┄┄┄┄┄┄┄┄┄┄┄┄┄┄┄┄┄┄┄┄┄┄┄┄┄┄┄┄┄┄┄┄┄┄┄┄┄┄┄┄┄┄┄┄┄┄┄┄┄┄┄┄┄┄┄┄┄[0m
[38;5;12m│ 💡 ✅ Artikel 60acd735-1e1b-4dec-accd-180c9e7915f9 (ID: 1) eingefügt/ersetzt.[0m
[38;5;12m└───────────────────────────────────────────────────────────────────────────────────────────────────────────────────────[0m
┌───────────────────────────────────────────────────────────────────────────────────────────────────────────────────────
│ #0   ArtikelDbService.setThumbnailPfadByUuid (package:lager_app/services/artikel_db_service.dart:476:17)
│ #1   <asynchronous suspension>
├┄┄┄┄┄┄┄┄┄┄┄┄┄┄┄┄┄┄┄┄┄┄┄┄┄┄┄┄┄┄┄┄┄┄┄┄┄┄┄┄┄┄┄┄┄┄┄┄┄┄┄┄┄┄┄┄┄┄┄┄┄┄┄┄┄┄┄┄┄┄┄┄┄┄┄┄┄┄┄┄┄┄┄┄┄┄┄┄┄┄┄┄┄┄┄┄┄┄┄┄┄┄┄┄┄┄┄┄┄┄┄┄┄┄┄┄┄┄┄
│ 🐛 ✅ Thumbnailpfad für Artikel UUID 60acd735-1e1b-4dec-accd-180c9e7915f9 aktualisiert.
└───────────────────────────────────────────────────────────────────────────────────────────────────────────────────────
[38;5;12m┌───────────────────────────────────────────────────────────────────────────────────────────────────────────────────────[0m
[38;5;12m│ #0   ArtikelDbService.closeDatabase (package:lager_app/services/artikel_db_service.dart:1169:15)[0m
[38;5;12m│ #1   <asynchronous suspension>[0m
[38;5;12m├┄┄┄┄┄┄┄┄┄┄┄┄┄┄┄┄┄┄┄┄┄┄┄┄┄┄┄┄┄┄┄┄┄┄┄┄┄┄┄┄┄┄┄┄┄┄┄┄┄┄┄┄┄┄┄┄┄┄┄┄┄┄┄┄┄┄┄┄┄┄┄┄┄┄┄┄┄┄┄┄┄┄┄┄┄┄┄┄┄┄┄┄┄┄┄┄┄┄┄┄┄┄┄┄┄┄┄┄┄┄┄┄┄┄┄┄┄┄┄[0m
[38;5;12m│ 💡 ✅ Datenbank geschlossen.[0m
[38;5;12m└───────────────────────────────────────────────────────────────────────────────────────────────────────────────────────[0m
00:05 +224 ~3: /home/germanlion67/lager_app/app/test/services/artikel_import_service_test.dart: ArtikelImportService importFromJson should skip invalid entries
[38;5;208m└───────────────────────────────────────────────────────────────────────────────────────────────────────────────────────[0m
[38;5;208m┌───────────────────────────────────────────────────────────────────────────────────────────────────────────────────────[0m
[38;5;208m│ #0   Artikel._parseDateTime (package:lager_app/models/artikel_model.dart:218:15)[0m
[38;5;208m│ #1   new Artikel.fromMap (package:lager_app/models/artikel_model.dart:147:23)[0m
[38;5;208m├┄┄┄┄┄┄┄┄┄┄┄┄┄┄┄┄┄┄┄┄┄┄┄┄┄┄┄┄┄┄┄┄┄┄┄┄┄┄┄┄┄┄┄┄┄┄┄┄┄┄┄┄┄┄┄┄┄┄┄┄┄┄┄┄┄┄┄┄┄┄┄┄┄┄┄┄┄┄┄┄┄┄┄┄┄┄┄┄┄┄┄┄┄┄┄┄┄┄┄┄┄┄┄┄┄┄┄┄┄┄┄┄┄┄┄┄┄┄┄[0m
[38;5;208m│ ⚠️ ⚠️ _parseDateTime: Null-Wert erhalten, verwende aktuelles UTC-Datum.[0m
[38;5;208m└───────────────────────────────────────────────────────────────────────────────────────────────────────────────────────[0m
00:05 +225 ~3: /home/germanlion67/lager_app/app/test/services/artikel_db_service_test.dart: ArtikelDbService Bild-Update-Methoden setThumbnailEtagByUuid() aktualisiert thumbnailEtag
*** sqflite warning ***

You are changing sqflite default factory.
Be aware of the potential side effects. Any library using sqflite
will have this factory as the default for all operations.

*** sqflite warning ***

[38;5;12m┌───────────────────────────────────────────────────────────────────────────────────────────────────────────────────────[0m
[38;5;12m│ #0   ArtikelDbService.insertArtikel (package:lager_app/services/artikel_db_service.dart:269:15)[0m
[38;5;12m│ #1   <asynchronous suspension>[0m
[38;5;12m├┄┄┄┄┄┄┄┄┄┄┄┄┄┄┄┄┄┄┄┄┄┄┄┄┄┄┄┄┄┄┄┄┄┄┄┄┄┄┄┄┄┄┄┄┄┄┄┄┄┄┄┄┄┄┄┄┄┄┄┄┄┄┄┄┄┄┄┄┄┄┄┄┄┄┄┄┄┄┄┄┄┄┄┄┄┄┄┄┄┄┄┄┄┄┄┄┄┄┄┄┄┄┄┄┄┄┄┄┄┄┄┄┄┄┄┄┄┄┄[0m
[38;5;12m│ 💡 ✅ Artikel b12635a7-e2f9-455c-9593-2c0ca74bb53e (ID: 1) eingefügt/ersetzt.[0m
[38;5;12m└───────────────────────────────────────────────────────────────────────────────────────────────────────────────────────[0m
┌───────────────────────────────────────────────────────────────────────────────────────────────────────────────────────
│ #0   ArtikelDbService.setThumbnailEtagByUuid (package:lager_app/services/artikel_db_service.dart:501:17)
│ #1   <asynchronous suspension>
├┄┄┄┄┄┄┄┄┄┄┄┄┄┄┄┄┄┄┄┄┄┄┄┄┄┄┄┄┄┄┄┄┄┄┄┄┄┄┄┄┄┄┄┄┄┄┄┄┄┄┄┄┄┄┄┄┄┄┄┄┄┄┄┄┄┄┄┄┄┄┄┄┄┄┄┄┄┄┄┄┄┄┄┄┄┄┄┄┄┄┄┄┄┄┄┄┄┄┄┄┄┄┄┄┄┄┄┄┄┄┄┄┄┄┄┄┄┄┄
│ 🐛 ✅ Thumbnail-Etag für Artikel UUID b12635a7-e2f9-455c-9593-2c0ca74bb53e aktualisiert.
└───────────────────────────────────────────────────────────────────────────────────────────────────────────────────────
[38;5;12m┌───────────────────────────────────────────────────────────────────────────────────────────────────────────────────────[0m
[38;5;12m│ #0   ArtikelDbService.closeDatabase (package:lager_app/services/artikel_db_service.dart:1169:15)[0m
[38;5;12m│ #1   <asynchronous suspension>[0m
[38;5;12m├┄┄┄┄┄┄┄┄┄┄┄┄┄┄┄┄┄┄┄┄┄┄┄┄┄┄┄┄┄┄┄┄┄┄┄┄┄┄┄┄┄┄┄┄┄┄┄┄┄┄┄┄┄┄┄┄┄┄┄┄┄┄┄┄┄┄┄┄┄┄┄┄┄┄┄┄┄┄┄┄┄┄┄┄┄┄┄┄┄┄┄┄┄┄┄┄┄┄┄┄┄┄┄┄┄┄┄┄┄┄┄┄┄┄┄┄┄┄┄[0m
[38;5;12m│ 💡 ✅ Datenbank geschlossen.[0m
[38;5;12m└───────────────────────────────────────────────────────────────────────────────────────────────────────────────────────[0m
00:05 +226 ~3: /home/germanlion67/lager_app/app/test/services/artikel_import_service_test.dart: ArtikelImportService importFromCsv should correctly parse valid CSV
00:05 +226 ~3: /home/germanlion67/lager_app/app/test/services/artikel_db_service_test.dart: ArtikelDbService Bild-Update-Methoden setRemoteBildPfadByUuid() setzt etag=null (FIX Finding 2)
*** sqflite warning ***

You are changing sqflite default factory.
Be aware of the potential side effects. Any library using sqflite
will have this factory as the default for all operations.

*** sqflite warning ***

00:05 +227 ~3: /home/germanlion67/lager_app/app/test/services/artikel_db_service_test.dart: ArtikelDbService Bild-Update-Methoden setRemoteBildPfadByUuid() setzt etag=null (FIX Finding 2)
[38;5;12m┌───────────────────────────────────────────────────────────────────────────────────────────────────────────────────────[0m
[38;5;12m│ #0   ArtikelDbService.insertArtikel (package:lager_app/services/artikel_db_service.dart:269:15)[0m
[38;5;12m│ #1   <asynchronous suspension>[0m
[38;5;12m├┄┄┄┄┄┄┄┄┄┄┄┄┄┄┄┄┄┄┄┄┄┄┄┄┄┄┄┄┄┄┄┄┄┄┄┄┄┄┄┄┄┄┄┄┄┄┄┄┄┄┄┄┄┄┄┄┄┄┄┄┄┄┄┄┄┄┄┄┄┄┄┄┄┄┄┄┄┄┄┄┄┄┄┄┄┄┄┄┄┄┄┄┄┄┄┄┄┄┄┄┄┄┄┄┄┄┄┄┄┄┄┄┄┄┄┄┄┄┄[0m
[38;5;12m│ 💡 ✅ Artikel cc1736c0-a86c-4871-b388-2adf717cc979 (ID: 1) eingefügt/ersetzt.[0m
[38;5;12m└───────────────────────────────────────────────────────────────────────────────────────────────────────────────────────[0m
┌───────────────────────────────────────────────────────────────────────────────────────────────────────────────────────
│ #0   ArtikelDbService.markSynced (package:lager_app/services/artikel_db_service.dart:709:17)
│ #1   <asynchronous suspension>
├┄┄┄┄┄┄┄┄┄┄┄┄┄┄┄┄┄┄┄┄┄┄┄┄┄┄┄┄┄┄┄┄┄┄┄┄┄┄┄┄┄┄┄┄┄┄┄┄┄┄┄┄┄┄┄┄┄┄┄┄┄┄┄┄┄┄┄┄┄┄┄┄┄┄┄┄┄┄┄┄┄┄┄┄┄┄┄┄┄┄┄┄┄┄┄┄┄┄┄┄┄┄┄┄┄┄┄┄┄┄┄┄┄┄┄┄┄┄┄
│ 🐛 ✅ Artikel UUID cc1736c0-a86c-4871-b388-2adf717cc979 als synchronisiert markiert (ETag: sync-etag).
└───────────────────────────────────────────────────────────────────────────────────────────────────────────────────────
00:05 +228 ~3: /home/germanlion67/lager_app/app/test/services/artikel_db_service_test.dart: ArtikelDbService Bild-Update-Methoden setRemoteBildPfadByUuid() setzt etag=null (FIX Finding 2)
┌───────────────────────────────────────────────────────────────────────────────────────────────────────────────────────
│ #0   ArtikelDbService.setRemoteBildPfadByUuid (package:lager_app/services/artikel_db_service.dart:573:17)
│ #1   <asynchronous suspension>
├┄┄┄┄┄┄┄┄┄┄┄┄┄┄┄┄┄┄┄┄┄┄┄┄┄┄┄┄┄┄┄┄┄┄┄┄┄┄┄┄┄┄┄┄┄┄┄┄┄┄┄┄┄┄┄┄┄┄┄┄┄┄┄┄┄┄┄┄┄┄┄┄┄┄┄┄┄┄┄┄┄┄┄┄┄┄┄┄┄┄┄┄┄┄┄┄┄┄┄┄┄┄┄┄┄┄┄┄┄┄┄┄┄┄┄┄┄┄┄
│ 🐛 ✅ Remote-Bildpfad für Artikel UUID cc1736c0-a86c-4871-b388-2adf717cc979 aktualisiert (Artikel als dirty markiert für nächsten Sync).
└───────────────────────────────────────────────────────────────────────────────────────────────────────────────────────
[38;5;12m┌───────────────────────────────────────────────────────────────────────────────────────────────────────────────────────[0m
[38;5;12m│ #0   ArtikelDbService.closeDatabase (package:lager_app/services/artikel_db_service.dart:1169:15)[0m
[38;5;12m│ #1   <asynchronous suspension>[0m
[38;5;12m├┄┄┄┄┄┄┄┄┄┄┄┄┄┄┄┄┄┄┄┄┄┄┄┄┄┄┄┄┄┄┄┄┄┄┄┄┄┄┄┄┄┄┄┄┄┄┄┄┄┄┄┄┄┄┄┄┄┄┄┄┄┄┄┄┄┄┄┄┄┄┄┄┄┄┄┄┄┄┄┄┄┄┄┄┄┄┄┄┄┄┄┄┄┄┄┄┄┄┄┄┄┄┄┄┄┄┄┄┄┄┄┄┄┄┄┄┄┄┄[0m
[38;5;12m│ 💡 ✅ Datenbank geschlossen.[0m
[38;5;12m└───────────────────────────────────────────────────────────────────────────────────────────────────────────────────────[0m
00:05 +229 ~3: /home/germanlion67/lager_app/app/test/services/artikel_import_service_test.dart: ArtikelImportService (tearDownAll)
00:05 +229 ~3: /home/germanlion67/lager_app/app/test/services/artikel_db_service_test.dart: ArtikelDbService getUnsyncedArtikel() gibt Artikel mit lokalem Bild aber ohne Remote-Bild zurück
*** sqflite warning ***

You are changing sqflite default factory.
Be aware of the potential side effects. Any library using sqflite
will have this factory as the default for all operations.

*** sqflite warning ***

[38;5;12m┌───────────────────────────────────────────────────────────────────────────────────────────────────────────────────────[0m
[38;5;12m│ #0   ArtikelDbService.insertArtikel (package:lager_app/services/artikel_db_service.dart:269:15)[0m
[38;5;12m│ #1   <asynchronous suspension>[0m
[38;5;12m├┄┄┄┄┄┄┄┄┄┄┄┄┄┄┄┄┄┄┄┄┄┄┄┄┄┄┄┄┄┄┄┄┄┄┄┄┄┄┄┄┄┄┄┄┄┄┄┄┄┄┄┄┄┄┄┄┄┄┄┄┄┄┄┄┄┄┄┄┄┄┄┄┄┄┄┄┄┄┄┄┄┄┄┄┄┄┄┄┄┄┄┄┄┄┄┄┄┄┄┄┄┄┄┄┄┄┄┄┄┄┄┄┄┄┄┄┄┄┄[0m
[38;5;12m│ 💡 ✅ Artikel 7ffd5215-36d3-4561-8c68-9e50b2b27695 (ID: 1) eingefügt/ersetzt.[0m
[38;5;12m└───────────────────────────────────────────────────────────────────────────────────────────────────────────────────────[0m
┌───────────────────────────────────────────────────────────────────────────────────────────────────────────────────────
│ #0   ArtikelDbService.getUnsyncedArtikel (package:lager_app/services/artikel_db_service.dart:649:15)
│ #1   <asynchronous suspension>
├┄┄┄┄┄┄┄┄┄┄┄┄┄┄┄┄┄┄┄┄┄┄┄┄┄┄┄┄┄┄┄┄┄┄┄┄┄┄┄┄┄┄┄┄┄┄┄┄┄┄┄┄┄┄┄┄┄┄┄┄┄┄┄┄┄┄┄┄┄┄┄┄┄┄┄┄┄┄┄┄┄┄┄┄┄┄┄┄┄┄┄┄┄┄┄┄┄┄┄┄┄┄┄┄┄┄┄┄┄┄┄┄┄┄┄┄┄┄┄
│ 🐛 ✅ 1 unsynchronisierte Artikel abgerufen.
└───────────────────────────────────────────────────────────────────────────────────────────────────────────────────────
[38;5;12m┌───────────────────────────────────────────────────────────────────────────────────────────────────────────────────────[0m
[38;5;12m│ #0   ArtikelDbService.closeDatabase (package:lager_app/services/artikel_db_service.dart:1169:15)[0m
[38;5;12m│ #1   <asynchronous suspension>[0m
[38;5;12m├┄┄┄┄┄┄┄┄┄┄┄┄┄┄┄┄┄┄┄┄┄┄┄┄┄┄┄┄┄┄┄┄┄┄┄┄┄┄┄┄┄┄┄┄┄┄┄┄┄┄┄┄┄┄┄┄┄┄┄┄┄┄┄┄┄┄┄┄┄┄┄┄┄┄┄┄┄┄┄┄┄┄┄┄┄┄┄┄┄┄┄┄┄┄┄┄┄┄┄┄┄┄┄┄┄┄┄┄┄┄┄┄┄┄┄┄┄┄┄[0m
[38;5;12m│ 💡 ✅ Datenbank geschlossen.[0m
[38;5;12m└───────────────────────────────────────────────────────────────────────────────────────────────────────────────────────[0m
00:05 +230 ~3: /home/germanlion67/lager_app/app/test/services/artikel_db_service_test.dart: ArtikelDbService getUnsyncedArtikel() gibt Artikel mit Remote-Bild NICHT zurück
*** sqflite warning ***

You are changing sqflite default factory.
Be aware of the potential side effects. Any library using sqflite
will have this factory as the default for all operations.

*** sqflite warning ***

[38;5;12m┌───────────────────────────────────────────────────────────────────────────────────────────────────────────────────────[0m
[38;5;12m│ #0   ArtikelDbService.insertArtikel (package:lager_app/services/artikel_db_service.dart:269:15)[0m
[38;5;12m│ #1   <asynchronous suspension>[0m
[38;5;12m├┄┄┄┄┄┄┄┄┄┄┄┄┄┄┄┄┄┄┄┄┄┄┄┄┄┄┄┄┄┄┄┄┄┄┄┄┄┄┄┄┄┄┄┄┄┄┄┄┄┄┄┄┄┄┄┄┄┄┄┄┄┄┄┄┄┄┄┄┄┄┄┄┄┄┄┄┄┄┄┄┄┄┄┄┄┄┄┄┄┄┄┄┄┄┄┄┄┄┄┄┄┄┄┄┄┄┄┄┄┄┄┄┄┄┄┄┄┄┄[0m
[38;5;12m│ 💡 ✅ Artikel c1995635-f4d0-4129-83f4-caabd115d03d (ID: 1) eingefügt/ersetzt.[0m
[38;5;12m└───────────────────────────────────────────────────────────────────────────────────────────────────────────────────────[0m
┌───────────────────────────────────────────────────────────────────────────────────────────────────────────────────────
│ #0   ArtikelDbService.getUnsyncedArtikel (package:lager_app/services/artikel_db_service.dart:649:15)
│ #1   <asynchronous suspension>
├┄┄┄┄┄┄┄┄┄┄┄┄┄┄┄┄┄┄┄┄┄┄┄┄┄┄┄┄┄┄┄┄┄┄┄┄┄┄┄┄┄┄┄┄┄┄┄┄┄┄┄┄┄┄┄┄┄┄┄┄┄┄┄┄┄┄┄┄┄┄┄┄┄┄┄┄┄┄┄┄┄┄┄┄┄┄┄┄┄┄┄┄┄┄┄┄┄┄┄┄┄┄┄┄┄┄┄┄┄┄┄┄┄┄┄┄┄┄┄
│ 🐛 ✅ 0 unsynchronisierte Artikel abgerufen.
└───────────────────────────────────────────────────────────────────────────────────────────────────────────────────────
[38;5;12m┌───────────────────────────────────────────────────────────────────────────────────────────────────────────────────────[0m
[38;5;12m│ #0   ArtikelDbService.closeDatabase (package:lager_app/services/artikel_db_service.dart:1169:15)[0m
[38;5;12m│ #1   <asynchronous suspension>[0m
[38;5;12m├┄┄┄┄┄┄┄┄┄┄┄┄┄┄┄┄┄┄┄┄┄┄┄┄┄┄┄┄┄┄┄┄┄┄┄┄┄┄┄┄┄┄┄┄┄┄┄┄┄┄┄┄┄┄┄┄┄┄┄┄┄┄┄┄┄┄┄┄┄┄┄┄┄┄┄┄┄┄┄┄┄┄┄┄┄┄┄┄┄┄┄┄┄┄┄┄┄┄┄┄┄┄┄┄┄┄┄┄┄┄┄┄┄┄┄┄┄┄┄[0m
[38;5;12m│ 💡 ✅ Datenbank geschlossen.[0m
[38;5;12m└───────────────────────────────────────────────────────────────────────────────────────────────────────────────────────[0m
00:05 +231 ~3: /home/germanlion67/lager_app/app/test/services/artikel_db_service_test.dart: ArtikelDbService getUnsyncedArtikel() gibt Artikel ohne lokales Bild NICHT zurück
*** sqflite warning ***

You are changing sqflite default factory.
Be aware of the potential side effects. Any library using sqflite
will have this factory as the default for all operations.

*** sqflite warning ***

[38;5;12m┌───────────────────────────────────────────────────────────────────────────────────────────────────────────────────────[0m
[38;5;12m│ #0   ArtikelDbService.insertArtikel (package:lager_app/services/artikel_db_service.dart:269:15)[0m
[38;5;12m│ #1   <asynchronous suspension>[0m
[38;5;12m├┄┄┄┄┄┄┄┄┄┄┄┄┄┄┄┄┄┄┄┄┄┄┄┄┄┄┄┄┄┄┄┄┄┄┄┄┄┄┄┄┄┄┄┄┄┄┄┄┄┄┄┄┄┄┄┄┄┄┄┄┄┄┄┄┄┄┄┄┄┄┄┄┄┄┄┄┄┄┄┄┄┄┄┄┄┄┄┄┄┄┄┄┄┄┄┄┄┄┄┄┄┄┄┄┄┄┄┄┄┄┄┄┄┄┄┄┄┄┄[0m
[38;5;12m│ 💡 ✅ Artikel 487d6f73-6591-45b4-b8fc-7dc474dc3d59 (ID: 1) eingefügt/ersetzt.[0m
[38;5;12m└───────────────────────────────────────────────────────────────────────────────────────────────────────────────────────[0m
┌───────────────────────────────────────────────────────────────────────────────────────────────────────────────────────
│ #0   ArtikelDbService.getUnsyncedArtikel (package:lager_app/services/artikel_db_service.dart:649:15)
│ #1   <asynchronous suspension>
├┄┄┄┄┄┄┄┄┄┄┄┄┄┄┄┄┄┄┄┄┄┄┄┄┄┄┄┄┄┄┄┄┄┄┄┄┄┄┄┄┄┄┄┄┄┄┄┄┄┄┄┄┄┄┄┄┄┄┄┄┄┄┄┄┄┄┄┄┄┄┄┄┄┄┄┄┄┄┄┄┄┄┄┄┄┄┄┄┄┄┄┄┄┄┄┄┄┄┄┄┄┄┄┄┄┄┄┄┄┄┄┄┄┄┄┄┄┄┄
│ 🐛 ✅ 0 unsynchronisierte Artikel abgerufen.
└───────────────────────────────────────────────────────────────────────────────────────────────────────────────────────
[38;5;12m┌───────────────────────────────────────────────────────────────────────────────────────────────────────────────────────[0m
[38;5;12m│ #0   ArtikelDbService.closeDatabase (package:lager_app/services/artikel_db_service.dart:1169:15)[0m
[38;5;12m│ #1   <asynchronous suspension>[0m
[38;5;12m├┄┄┄┄┄┄┄┄┄┄┄┄┄┄┄┄┄┄┄┄┄┄┄┄┄┄┄┄┄┄┄┄┄┄┄┄┄┄┄┄┄┄┄┄┄┄┄┄┄┄┄┄┄┄┄┄┄┄┄┄┄┄┄┄┄┄┄┄┄┄┄┄┄┄┄┄┄┄┄┄┄┄┄┄┄┄┄┄┄┄┄┄┄┄┄┄┄┄┄┄┄┄┄┄┄┄┄┄┄┄┄┄┄┄┄┄┄┄┄[0m
[38;5;12m│ 💡 ✅ Datenbank geschlossen.[0m
[38;5;12m└───────────────────────────────────────────────────────────────────────────────────────────────────────────────────────[0m
00:05 +232 ~3: /home/germanlion67/lager_app/app/test/services/artikel_db_service_test.dart: (tearDownAll)
00:05 +232 ~3: /home/germanlion67/lager_app/app/test/services/backup_status_service_test.dart: BackupStatusService.fetchStatus() Leere URL gibt BackupStatus.unknown zurück ohne HTTP-Call
[38;5;208m┌───────────────────────────────────────────────────────────────────────────────[0m
[38;5;208m│ #0   BackupStatusService.fetchStatus (package:lager_app/services/backup_status_service.dart:132:15)[0m
[38;5;208m├┄┄┄┄┄┄┄┄┄┄┄┄┄┄┄┄┄┄┄┄┄┄┄┄┄┄┄┄┄┄┄┄┄┄┄┄┄┄┄┄┄┄┄┄┄┄┄┄┄┄┄┄┄┄┄┄┄┄┄┄┄┄┄┄┄┄┄┄┄┄┄┄┄┄┄┄┄┄┄[0m
[38;5;208m│ 10:24:44.882 (+0:00:00.003622)[0m
[38;5;208m├┄┄┄┄┄┄┄┄┄┄┄┄┄┄┄┄┄┄┄┄┄┄┄┄┄┄┄┄┄┄┄┄┄┄┄┄┄┄┄┄┄┄┄┄┄┄┄┄┄┄┄┄┄┄┄┄┄┄┄┄┄┄┄┄┄┄┄┄┄┄┄┄┄┄┄┄┄┄┄[0m
[38;5;208m│ ⚠️ [BackupStatus] Keine PocketBase-URL konfiguriert[0m
[38;5;208m└───────────────────────────────────────────────────────────────────────────────[0m
00:05 +233 ~3: /home/germanlion67/lager_app/app/test/services/backup_status_service_test.dart: BackupStatusService.fetchStatus() Versuch 1: /last_backup.json → 200 gibt korrekten BackupStatus zurück und fragt primären Pfad an
┌───────────────────────────────────────────────────────────────────────────────
│ #0   BackupStatusService.fetchStatus (package:lager_app/services/backup_status_service.dart:139:15)
├┄┄┄┄┄┄┄┄┄┄┄┄┄┄┄┄┄┄┄┄┄┄┄┄┄┄┄┄┄┄┄┄┄┄┄┄┄┄┄┄┄┄┄┄┄┄┄┄┄┄┄┄┄┄┄┄┄┄┄┄┄┄┄┄┄┄┄┄┄┄┄┄┄┄┄┄┄┄┄
│ 10:24:44.921 (+0:00:00.042292)
├┄┄┄┄┄┄┄┄┄┄┄┄┄┄┄┄┄┄┄┄┄┄┄┄┄┄┄┄┄┄┄┄┄┄┄┄┄┄┄┄┄┄┄┄┄┄┄┄┄┄┄┄┄┄┄┄┄┄┄┄┄┄┄┄┄┄┄┄┄┄┄┄┄┄┄┄┄┄┄
│ 🐛 [BackupStatus] Lade von http://localhost:8080/last_backup.json
└───────────────────────────────────────────────────────────────────────────────
┌───────────────────────────────────────────────────────────────────────────────
│ #0   BackupStatusService.fetchStatus (package:lager_app/services/backup_status_service.dart:148:17)
├┄┄┄┄┄┄┄┄┄┄┄┄┄┄┄┄┄┄┄┄┄┄┄┄┄┄┄┄┄┄┄┄┄┄┄┄┄┄┄┄┄┄┄┄┄┄┄┄┄┄┄┄┄┄┄┄┄┄┄┄┄┄┄┄┄┄┄┄┄┄┄┄┄┄┄┄┄┄┄
│ 10:24:44.940 (+0:00:00.061505)
├┄┄┄┄┄┄┄┄┄┄┄┄┄┄┄┄┄┄┄┄┄┄┄┄┄┄┄┄┄┄┄┄┄┄┄┄┄┄┄┄┄┄┄┄┄┄┄┄┄┄┄┄┄┄┄┄┄┄┄┄┄┄┄┄┄┄┄┄┄┄┄┄┄┄┄┄┄┄┄
│ 🐛 [BackupStatus] Status: success, Alter: Vor 890 Tagen ⚠️
└───────────────────────────────────────────────────────────────────────────────
00:05 +234 ~3: /home/germanlion67/lager_app/app/test/services/backup_status_service_test.dart: BackupStatusService.fetchStatus() Versuch 1: /last_backup.json → 200 gibt BackupStatus mit error-Status zurück
┌───────────────────────────────────────────────────────────────────────────────
│ #0   BackupStatusService.fetchStatus (package:lager_app/services/backup_status_service.dart:139:15)
├┄┄┄┄┄┄┄┄┄┄┄┄┄┄┄┄┄┄┄┄┄┄┄┄┄┄┄┄┄┄┄┄┄┄┄┄┄┄┄┄┄┄┄┄┄┄┄┄┄┄┄┄┄┄┄┄┄┄┄┄┄┄┄┄┄┄┄┄┄┄┄┄┄┄┄┄┄┄┄
│ 10:24:44.947 (+0:00:00.069115)
├┄┄┄┄┄┄┄┄┄┄┄┄┄┄┄┄┄┄┄┄┄┄┄┄┄┄┄┄┄┄┄┄┄┄┄┄┄┄┄┄┄┄┄┄┄┄┄┄┄┄┄┄┄┄┄┄┄┄┄┄┄┄┄┄┄┄┄┄┄┄┄┄┄┄┄┄┄┄┄
│ 🐛 [BackupStatus] Lade von http://localhost:8080/last_backup.json
└───────────────────────────────────────────────────────────────────────────────
┌───────────────────────────────────────────────────────────────────────────────
│ #0   BackupStatusService.fetchStatus (package:lager_app/services/backup_status_service.dart:148:17)
├┄┄┄┄┄┄┄┄┄┄┄┄┄┄┄┄┄┄┄┄┄┄┄┄┄┄┄┄┄┄┄┄┄┄┄┄┄┄┄┄┄┄┄┄┄┄┄┄┄┄┄┄┄┄┄┄┄┄┄┄┄┄┄┄┄┄┄┄┄┄┄┄┄┄┄┄┄┄┄
│ 10:24:44.951 (+0:00:00.072504)
├┄┄┄┄┄┄┄┄┄┄┄┄┄┄┄┄┄┄┄┄┄┄┄┄┄┄┄┄┄┄┄┄┄┄┄┄┄┄┄┄┄┄┄┄┄┄┄┄┄┄┄┄┄┄┄┄┄┄┄┄┄┄┄┄┄┄┄┄┄┄┄┄┄┄┄┄┄┄┄
│ 🐛 [BackupStatus] Status: error, Alter: Vor 890 Tagen ⚠️
└───────────────────────────────────────────────────────────────────────────────
00:05 +235 ~3: /home/germanlion67/lager_app/app/test/services/backup_status_service_test.dart: BackupStatusService.fetchStatus() Versuch 1 schlägt fehl → Fallback auf /backups/last_backup.json nutzt Fallback-Pfad bei HTTP 404 — beide Pfade werden versucht
┌───────────────────────────────────────────────────────────────────────────────
│ #0   BackupStatusService.fetchStatus (package:lager_app/services/backup_status_service.dart:139:15)
├┄┄┄┄┄┄┄┄┄┄┄┄┄┄┄┄┄┄┄┄┄┄┄┄┄┄┄┄┄┄┄┄┄┄┄┄┄┄┄┄┄┄┄┄┄┄┄┄┄┄┄┄┄┄┄┄┄┄┄┄┄┄┄┄┄┄┄┄┄┄┄┄┄┄┄┄┄┄┄
│ 10:24:44.957 (+0:00:00.079141)
├┄┄┄┄┄┄┄┄┄┄┄┄┄┄┄┄┄┄┄┄┄┄┄┄┄┄┄┄┄┄┄┄┄┄┄┄┄┄┄┄┄┄┄┄┄┄┄┄┄┄┄┄┄┄┄┄┄┄┄┄┄┄┄┄┄┄┄┄┄┄┄┄┄┄┄┄┄┄┄
│ 🐛 [BackupStatus] Lade von http://localhost:8080/last_backup.json
└───────────────────────────────────────────────────────────────────────────────
[38;5;208m┌───────────────────────────────────────────────────────────────────────────────[0m
[38;5;208m│ #0   BackupStatusService.fetchStatus (package:lager_app/services/backup_status_service.dart:155:15)[0m
[38;5;208m├┄┄┄┄┄┄┄┄┄┄┄┄┄┄┄┄┄┄┄┄┄┄┄┄┄┄┄┄┄┄┄┄┄┄┄┄┄┄┄┄┄┄┄┄┄┄┄┄┄┄┄┄┄┄┄┄┄┄┄┄┄┄┄┄┄┄┄┄┄┄┄┄┄┄┄┄┄┄┄[0m
[38;5;208m│ 10:24:44.961 (+0:00:00.082586)[0m
[38;5;208m├┄┄┄┄┄┄┄┄┄┄┄┄┄┄┄┄┄┄┄┄┄┄┄┄┄┄┄┄┄┄┄┄┄┄┄┄┄┄┄┄┄┄┄┄┄┄┄┄┄┄┄┄┄┄┄┄┄┄┄┄┄┄┄┄┄┄┄┄┄┄┄┄┄┄┄┄┄┄┄[0m
[38;5;208m│ ⚠️ [BackupStatus] HTTP 404 von http://localhost:8080/last_backup.json[0m
[38;5;208m└───────────────────────────────────────────────────────────────────────────────[0m
00:05 +236 ~3: /home/germanlion67/lager_app/app/test/services/backup_status_service_test.dart: BackupStatusService.fetchStatus() Versuch 1 schlägt fehl → Fallback auf /backups/last_backup.json nutzt Fallback-Pfad bei HTTP 500
┌───────────────────────────────────────────────────────────────────────────────
│ #0   BackupStatusService.fetchStatus (package:lager_app/services/backup_status_service.dart:139:15)
├┄┄┄┄┄┄┄┄┄┄┄┄┄┄┄┄┄┄┄┄┄┄┄┄┄┄┄┄┄┄┄┄┄┄┄┄┄┄┄┄┄┄┄┄┄┄┄┄┄┄┄┄┄┄┄┄┄┄┄┄┄┄┄┄┄┄┄┄┄┄┄┄┄┄┄┄┄┄┄
│ 10:24:44.969 (+0:00:00.090804)
├┄┄┄┄┄┄┄┄┄┄┄┄┄┄┄┄┄┄┄┄┄┄┄┄┄┄┄┄┄┄┄┄┄┄┄┄┄┄┄┄┄┄┄┄┄┄┄┄┄┄┄┄┄┄┄┄┄┄┄┄┄┄┄┄┄┄┄┄┄┄┄┄┄┄┄┄┄┄┄
│ 🐛 [BackupStatus] Lade von http://localhost:8080/last_backup.json
└───────────────────────────────────────────────────────────────────────────────
[38;5;208m┌───────────────────────────────────────────────────────────────────────────────[0m
[38;5;208m│ #0   BackupStatusService.fetchStatus (package:lager_app/services/backup_status_service.dart:155:15)[0m
[38;5;208m├┄┄┄┄┄┄┄┄┄┄┄┄┄┄┄┄┄┄┄┄┄┄┄┄┄┄┄┄┄┄┄┄┄┄┄┄┄┄┄┄┄┄┄┄┄┄┄┄┄┄┄┄┄┄┄┄┄┄┄┄┄┄┄┄┄┄┄┄┄┄┄┄┄┄┄┄┄┄┄[0m
[38;5;208m│ 10:24:44.975 (+0:00:00.096310)[0m
[38;5;208m├┄┄┄┄┄┄┄┄┄┄┄┄┄┄┄┄┄┄┄┄┄┄┄┄┄┄┄┄┄┄┄┄┄┄┄┄┄┄┄┄┄┄┄┄┄┄┄┄┄┄┄┄┄┄┄┄┄┄┄┄┄┄┄┄┄┄┄┄┄┄┄┄┄┄┄┄┄┄┄[0m
[38;5;208m│ ⚠️ [BackupStatus] HTTP 500 von http://localhost:8080/last_backup.json[0m
[38;5;208m└───────────────────────────────────────────────────────────────────────────────[0m
00:05 +237 ~3: /home/germanlion67/lager_app/app/test/services/backup_status_service_test.dart: BackupStatusService.fetchStatus() Versuch 1 schlägt fehl → Fallback auf /backups/last_backup.json nutzt Fallback-Pfad bei Netzwerk-Exception
┌───────────────────────────────────────────────────────────────────────────────
│ #0   BackupStatusService.fetchStatus (package:lager_app/services/backup_status_service.dart:139:15)
├┄┄┄┄┄┄┄┄┄┄┄┄┄┄┄┄┄┄┄┄┄┄┄┄┄┄┄┄┄┄┄┄┄┄┄┄┄┄┄┄┄┄┄┄┄┄┄┄┄┄┄┄┄┄┄┄┄┄┄┄┄┄┄┄┄┄┄┄┄┄┄┄┄┄┄┄┄┄┄
│ 10:24:44.982 (+0:00:00.104176)
├┄┄┄┄┄┄┄┄┄┄┄┄┄┄┄┄┄┄┄┄┄┄┄┄┄┄┄┄┄┄┄┄┄┄┄┄┄┄┄┄┄┄┄┄┄┄┄┄┄┄┄┄┄┄┄┄┄┄┄┄┄┄┄┄┄┄┄┄┄┄┄┄┄┄┄┄┄┄┄
│ 🐛 [BackupStatus] Lade von http://localhost:8080/last_backup.json
└───────────────────────────────────────────────────────────────────────────────
┌───────────────────────────────────────────────────────────────────────────────
│ #0   BackupStatusService.fetchStatus (package:lager_app/services/backup_status_service.dart:157:15)
├┄┄┄┄┄┄┄┄┄┄┄┄┄┄┄┄┄┄┄┄┄┄┄┄┄┄┄┄┄┄┄┄┄┄┄┄┄┄┄┄┄┄┄┄┄┄┄┄┄┄┄┄┄┄┄┄┄┄┄┄┄┄┄┄┄┄┄┄┄┄┄┄┄┄┄┄┄┄┄
│ 10:24:44.988 (+0:00:00.109829)
├┄┄┄┄┄┄┄┄┄┄┄┄┄┄┄┄┄┄┄┄┄┄┄┄┄┄┄┄┄┄┄┄┄┄┄┄┄┄┄┄┄┄┄┄┄┄┄┄┄┄┄┄┄┄┄┄┄┄┄┄┄┄┄┄┄┄┄┄┄┄┄┄┄┄┄┄┄┄┄
│ 🐛 [BackupStatus] pb_public nicht erreichbar: ClientException: Connection refused, uri=http://localhost:8080/last_backup.json
└───────────────────────────────────────────────────────────────────────────────
00:05 +238 ~3: /home/germanlion67/lager_app/app/test/services/backup_status_service_test.dart: BackupStatusService.fetchStatus() Versuch 1 schlägt fehl → Fallback auf /backups/last_backup.json nutzt Fallback-Pfad bei ungültigem JSON (Liste statt Map)
┌───────────────────────────────────────────────────────────────────────────────
│ #0   BackupStatusService.fetchStatus (package:lager_app/services/backup_status_service.dart:139:15)
├┄┄┄┄┄┄┄┄┄┄┄┄┄┄┄┄┄┄┄┄┄┄┄┄┄┄┄┄┄┄┄┄┄┄┄┄┄┄┄┄┄┄┄┄┄┄┄┄┄┄┄┄┄┄┄┄┄┄┄┄┄┄┄┄┄┄┄┄┄┄┄┄┄┄┄┄┄┄┄
│ 10:24:44.996 (+0:00:00.117587)
├┄┄┄┄┄┄┄┄┄┄┄┄┄┄┄┄┄┄┄┄┄┄┄┄┄┄┄┄┄┄┄┄┄┄┄┄┄┄┄┄┄┄┄┄┄┄┄┄┄┄┄┄┄┄┄┄┄┄┄┄┄┄┄┄┄┄┄┄┄┄┄┄┄┄┄┄┄┄┄
│ 🐛 [BackupStatus] Lade von http://localhost:8080/last_backup.json
└───────────────────────────────────────────────────────────────────────────────
┌───────────────────────────────────────────────────────────────────────────────
│ #0   BackupStatusService.fetchStatus (package:lager_app/services/backup_status_service.dart:157:15)
├┄┄┄┄┄┄┄┄┄┄┄┄┄┄┄┄┄┄┄┄┄┄┄┄┄┄┄┄┄┄┄┄┄┄┄┄┄┄┄┄┄┄┄┄┄┄┄┄┄┄┄┄┄┄┄┄┄┄┄┄┄┄┄┄┄┄┄┄┄┄┄┄┄┄┄┄┄┄┄
│ 10:24:45.000 (+0:00:00.121281)
├┄┄┄┄┄┄┄┄┄┄┄┄┄┄┄┄┄┄┄┄┄┄┄┄┄┄┄┄┄┄┄┄┄┄┄┄┄┄┄┄┄┄┄┄┄┄┄┄┄┄┄┄┄┄┄┄┄┄┄┄┄┄┄┄┄┄┄┄┄┄┄┄┄┄┄┄┄┄┄
│ 🐛 [BackupStatus] pb_public nicht erreichbar: type 'List<dynamic>' is not a subtype of type 'Map<String, dynamic>' in type cast
└───────────────────────────────────────────────────────────────────────────────
00:05 +239 ~3: /home/germanlion67/lager_app/app/test/services/backup_status_service_test.dart: BackupStatusService.fetchStatus() Beide Versuche schlagen fehl → unknown gibt unknown zurück wenn beide Pfade 404 liefern
┌───────────────────────────────────────────────────────────────────────────────
│ #0   BackupStatusService.fetchStatus (package:lager_app/services/backup_status_service.dart:139:15)
├┄┄┄┄┄┄┄┄┄┄┄┄┄┄┄┄┄┄┄┄┄┄┄┄┄┄┄┄┄┄┄┄┄┄┄┄┄┄┄┄┄┄┄┄┄┄┄┄┄┄┄┄┄┄┄┄┄┄┄┄┄┄┄┄┄┄┄┄┄┄┄┄┄┄┄┄┄┄┄
│ 10:24:45.010 (+0:00:00.131829)
├┄┄┄┄┄┄┄┄┄┄┄┄┄┄┄┄┄┄┄┄┄┄┄┄┄┄┄┄┄┄┄┄┄┄┄┄┄┄┄┄┄┄┄┄┄┄┄┄┄┄┄┄┄┄┄┄┄┄┄┄┄┄┄┄┄┄┄┄┄┄┄┄┄┄┄┄┄┄┄
│ 🐛 [BackupStatus] Lade von http://localhost:8080/last_backup.json
└───────────────────────────────────────────────────────────────────────────────
[38;5;208m┌───────────────────────────────────────────────────────────────────────────────[0m
[38;5;208m│ #0   BackupStatusService.fetchStatus (package:lager_app/services/backup_status_service.dart:155:15)[0m
[38;5;208m├┄┄┄┄┄┄┄┄┄┄┄┄┄┄┄┄┄┄┄┄┄┄┄┄┄┄┄┄┄┄┄┄┄┄┄┄┄┄┄┄┄┄┄┄┄┄┄┄┄┄┄┄┄┄┄┄┄┄┄┄┄┄┄┄┄┄┄┄┄┄┄┄┄┄┄┄┄┄┄[0m
[38;5;208m│ 10:24:45.013 (+0:00:00.134779)[0m
[38;5;208m├┄┄┄┄┄┄┄┄┄┄┄┄┄┄┄┄┄┄┄┄┄┄┄┄┄┄┄┄┄┄┄┄┄┄┄┄┄┄┄┄┄┄┄┄┄┄┄┄┄┄┄┄┄┄┄┄┄┄┄┄┄┄┄┄┄┄┄┄┄┄┄┄┄┄┄┄┄┄┄[0m
[38;5;208m│ ⚠️ [BackupStatus] HTTP 404 von http://localhost:8080/last_backup.json[0m
[38;5;208m└───────────────────────────────────────────────────────────────────────────────[0m
[38;5;208m┌───────────────────────────────────────────────────────────────────────────────[0m
[38;5;208m│ #0   BackupStatusService.fetchStatus (package:lager_app/services/backup_status_service.dart:175:13)[0m
[38;5;208m├┄┄┄┄┄┄┄┄┄┄┄┄┄┄┄┄┄┄┄┄┄┄┄┄┄┄┄┄┄┄┄┄┄┄┄┄┄┄┄┄┄┄┄┄┄┄┄┄┄┄┄┄┄┄┄┄┄┄┄┄┄┄┄┄┄┄┄┄┄┄┄┄┄┄┄┄┄┄┄[0m
[38;5;208m│ 10:24:45.016 (+0:00:00.137878)[0m
[38;5;208m├┄┄┄┄┄┄┄┄┄┄┄┄┄┄┄┄┄┄┄┄┄┄┄┄┄┄┄┄┄┄┄┄┄┄┄┄┄┄┄┄┄┄┄┄┄┄┄┄┄┄┄┄┄┄┄┄┄┄┄┄┄┄┄┄┄┄┄┄┄┄┄┄┄┄┄┄┄┄┄[0m
[38;5;208m│ ⚠️ [BackupStatus] Backup-Status nicht verfügbar[0m
[38;5;208m└───────────────────────────────────────────────────────────────────────────────[0m
00:05 +240 ~3: /home/germanlion67/lager_app/app/test/services/backup_status_service_test.dart: BackupStatusService.fetchStatus() Beide Versuche schlagen fehl → unknown gibt unknown zurück wenn beide Pfade eine Exception werfen
┌───────────────────────────────────────────────────────────────────────────────
│ #0   BackupStatusService.fetchStatus (package:lager_app/services/backup_status_service.dart:139:15)
├┄┄┄┄┄┄┄┄┄┄┄┄┄┄┄┄┄┄┄┄┄┄┄┄┄┄┄┄┄┄┄┄┄┄┄┄┄┄┄┄┄┄┄┄┄┄┄┄┄┄┄┄┄┄┄┄┄┄┄┄┄┄┄┄┄┄┄┄┄┄┄┄┄┄┄┄┄┄┄
│ 10:24:45.024 (+0:00:00.145907)
├┄┄┄┄┄┄┄┄┄┄┄┄┄┄┄┄┄┄┄┄┄┄┄┄┄┄┄┄┄┄┄┄┄┄┄┄┄┄┄┄┄┄┄┄┄┄┄┄┄┄┄┄┄┄┄┄┄┄┄┄┄┄┄┄┄┄┄┄┄┄┄┄┄┄┄┄┄┄┄
│ 🐛 [BackupStatus] Lade von http://localhost:8080/last_backup.json
└───────────────────────────────────────────────────────────────────────────────
┌───────────────────────────────────────────────────────────────────────────────
│ #0   BackupStatusService.fetchStatus (package:lager_app/services/backup_status_service.dart:157:15)
├┄┄┄┄┄┄┄┄┄┄┄┄┄┄┄┄┄┄┄┄┄┄┄┄┄┄┄┄┄┄┄┄┄┄┄┄┄┄┄┄┄┄┄┄┄┄┄┄┄┄┄┄┄┄┄┄┄┄┄┄┄┄┄┄┄┄┄┄┄┄┄┄┄┄┄┄┄┄┄
│ 10:24:45.027 (+0:00:00.148500)
├┄┄┄┄┄┄┄┄┄┄┄┄┄┄┄┄┄┄┄┄┄┄┄┄┄┄┄┄┄┄┄┄┄┄┄┄┄┄┄┄┄┄┄┄┄┄┄┄┄┄┄┄┄┄┄┄┄┄┄┄┄┄┄┄┄┄┄┄┄┄┄┄┄┄┄┄┄┄┄
│ 🐛 [BackupStatus] pb_public nicht erreichbar: ClientException: Network unreachable, uri=http://localhost:8080/last_backup.json
└───────────────────────────────────────────────────────────────────────────────
┌───────────────────────────────────────────────────────────────────────────────
│ #0   BackupStatusService.fetchStatus (package:lager_app/services/backup_status_service.dart:172:15)
├┄┄┄┄┄┄┄┄┄┄┄┄┄┄┄┄┄┄┄┄┄┄┄┄┄┄┄┄┄┄┄┄┄┄┄┄┄┄┄┄┄┄┄┄┄┄┄┄┄┄┄┄┄┄┄┄┄┄┄┄┄┄┄┄┄┄┄┄┄┄┄┄┄┄┄┄┄┄┄
│ 10:24:45.031 (+0:00:00.152241)
├┄┄┄┄┄┄┄┄┄┄┄┄┄┄┄┄┄┄┄┄┄┄┄┄┄┄┄┄┄┄┄┄┄┄┄┄┄┄┄┄┄┄┄┄┄┄┄┄┄┄┄┄┄┄┄┄┄┄┄┄┄┄┄┄┄┄┄┄┄┄┄┄┄┄┄┄┄┄┄
│ 🐛 [BackupStatus] Alternativer Pfad nicht erreichbar: ClientException: Network unreachable, uri=http://localhost:8080/backups/last_backup.json
└───────────────────────────────────────────────────────────────────────────────
[38;5;208m┌───────────────────────────────────────────────────────────────────────────────[0m
[38;5;208m│ #0   BackupStatusService.fetchStatus (package:lager_app/services/backup_status_service.dart:175:13)[0m
[38;5;208m├┄┄┄┄┄┄┄┄┄┄┄┄┄┄┄┄┄┄┄┄┄┄┄┄┄┄┄┄┄┄┄┄┄┄┄┄┄┄┄┄┄┄┄┄┄┄┄┄┄┄┄┄┄┄┄┄┄┄┄┄┄┄┄┄┄┄┄┄┄┄┄┄┄┄┄┄┄┄┄[0m
[38;5;208m│ 10:24:45.032 (+0:00:00.153808)[0m
[38;5;208m├┄┄┄┄┄┄┄┄┄┄┄┄┄┄┄┄┄┄┄┄┄┄┄┄┄┄┄┄┄┄┄┄┄┄┄┄┄┄┄┄┄┄┄┄┄┄┄┄┄┄┄┄┄┄┄┄┄┄┄┄┄┄┄┄┄┄┄┄┄┄┄┄┄┄┄┄┄┄┄[0m
[38;5;208m│ ⚠️ [BackupStatus] Backup-Status nicht verfügbar[0m
[38;5;208m└───────────────────────────────────────────────────────────────────────────────[0m
00:05 +241 ~3: /home/germanlion67/lager_app/app/test/services/backup_status_service_test.dart: BackupStatusService.fetchStatus() JSON-Parsing parst timestamp_unix und backup_count als String korrekt
┌───────────────────────────────────────────────────────────────────────────────
│ #0   BackupStatusService.fetchStatus (package:lager_app/services/backup_status_service.dart:139:15)
├┄┄┄┄┄┄┄┄┄┄┄┄┄┄┄┄┄┄┄┄┄┄┄┄┄┄┄┄┄┄┄┄┄┄┄┄┄┄┄┄┄┄┄┄┄┄┄┄┄┄┄┄┄┄┄┄┄┄┄┄┄┄┄┄┄┄┄┄┄┄┄┄┄┄┄┄┄┄┄
│ 10:24:45.039 (+0:00:00.160906)
├┄┄┄┄┄┄┄┄┄┄┄┄┄┄┄┄┄┄┄┄┄┄┄┄┄┄┄┄┄┄┄┄┄┄┄┄┄┄┄┄┄┄┄┄┄┄┄┄┄┄┄┄┄┄┄┄┄┄┄┄┄┄┄┄┄┄┄┄┄┄┄┄┄┄┄┄┄┄┄
│ 🐛 [BackupStatus] Lade von http://localhost:8080/last_backup.json
└───────────────────────────────────────────────────────────────────────────────
┌───────────────────────────────────────────────────────────────────────────────
│ #0   BackupStatusService.fetchStatus (package:lager_app/services/backup_status_service.dart:148:17)
├┄┄┄┄┄┄┄┄┄┄┄┄┄┄┄┄┄┄┄┄┄┄┄┄┄┄┄┄┄┄┄┄┄┄┄┄┄┄┄┄┄┄┄┄┄┄┄┄┄┄┄┄┄┄┄┄┄┄┄┄┄┄┄┄┄┄┄┄┄┄┄┄┄┄┄┄┄┄┄
│ 10:24:45.043 (+0:00:00.164504)
├┄┄┄┄┄┄┄┄┄┄┄┄┄┄┄┄┄┄┄┄┄┄┄┄┄┄┄┄┄┄┄┄┄┄┄┄┄┄┄┄┄┄┄┄┄┄┄┄┄┄┄┄┄┄┄┄┄┄┄┄┄┄┄┄┄┄┄┄┄┄┄┄┄┄┄┄┄┄┄
│ 🐛 [BackupStatus] Status: success, Alter: Vor 890 Tagen ⚠️
└───────────────────────────────────────────────────────────────────────────────
00:05 +242 ~3: /home/germanlion67/lager_app/app/test/services/backup_status_service_test.dart: BackupStatusService.fetchStatus() JSON-Parsing nutzt Defaults bei fehlenden optionalen Feldern
┌───────────────────────────────────────────────────────────────────────────────
│ #0   BackupStatusService.fetchStatus (package:lager_app/services/backup_status_service.dart:139:15)
├┄┄┄┄┄┄┄┄┄┄┄┄┄┄┄┄┄┄┄┄┄┄┄┄┄┄┄┄┄┄┄┄┄┄┄┄┄┄┄┄┄┄┄┄┄┄┄┄┄┄┄┄┄┄┄┄┄┄┄┄┄┄┄┄┄┄┄┄┄┄┄┄┄┄┄┄┄┄┄
│ 10:24:45.051 (+0:00:00.173022)
├┄┄┄┄┄┄┄┄┄┄┄┄┄┄┄┄┄┄┄┄┄┄┄┄┄┄┄┄┄┄┄┄┄┄┄┄┄┄┄┄┄┄┄┄┄┄┄┄┄┄┄┄┄┄┄┄┄┄┄┄┄┄┄┄┄┄┄┄┄┄┄┄┄┄┄┄┄┄┄
│ 🐛 [BackupStatus] Lade von http://localhost:8080/last_backup.json
└───────────────────────────────────────────────────────────────────────────────
┌───────────────────────────────────────────────────────────────────────────────
│ #0   BackupStatusService.fetchStatus (package:lager_app/services/backup_status_service.dart:148:17)
├┄┄┄┄┄┄┄┄┄┄┄┄┄┄┄┄┄┄┄┄┄┄┄┄┄┄┄┄┄┄┄┄┄┄┄┄┄┄┄┄┄┄┄┄┄┄┄┄┄┄┄┄┄┄┄┄┄┄┄┄┄┄┄┄┄┄┄┄┄┄┄┄┄┄┄┄┄┄┄
│ 10:24:45.055 (+0:00:00.176618)
├┄┄┄┄┄┄┄┄┄┄┄┄┄┄┄┄┄┄┄┄┄┄┄┄┄┄┄┄┄┄┄┄┄┄┄┄┄┄┄┄┄┄┄┄┄┄┄┄┄┄┄┄┄┄┄┄┄┄┄┄┄┄┄┄┄┄┄┄┄┄┄┄┄┄┄┄┄┄┄
│ 🐛 [BackupStatus] Status: success, Alter: Nie
└───────────────────────────────────────────────────────────────────────────────
00:05 +243 ~3: /home/germanlion67/lager_app/app/test/services/backup_status_service_test.dart: BackupStatusService.fetchStatus() Farblogik: ageCategory nach fetchStatus() fresh: Backup < 24h → BackupAge.fresh (Grün)
┌───────────────────────────────────────────────────────────────────────────────
│ #0   BackupStatusService.fetchStatus (package:lager_app/services/backup_status_service.dart:139:15)
├┄┄┄┄┄┄┄┄┄┄┄┄┄┄┄┄┄┄┄┄┄┄┄┄┄┄┄┄┄┄┄┄┄┄┄┄┄┄┄┄┄┄┄┄┄┄┄┄┄┄┄┄┄┄┄┄┄┄┄┄┄┄┄┄┄┄┄┄┄┄┄┄┄┄┄┄┄┄┄
│ 10:24:45.064 (+0:00:00.185563)
├┄┄┄┄┄┄┄┄┄┄┄┄┄┄┄┄┄┄┄┄┄┄┄┄┄┄┄┄┄┄┄┄┄┄┄┄┄┄┄┄┄┄┄┄┄┄┄┄┄┄┄┄┄┄┄┄┄┄┄┄┄┄┄┄┄┄┄┄┄┄┄┄┄┄┄┄┄┄┄
│ 🐛 [BackupStatus] Lade von http://localhost:8080/last_backup.json
└───────────────────────────────────────────────────────────────────────────────
┌───────────────────────────────────────────────────────────────────────────────
│ #0   BackupStatusService.fetchStatus (package:lager_app/services/backup_status_service.dart:148:17)
├┄┄┄┄┄┄┄┄┄┄┄┄┄┄┄┄┄┄┄┄┄┄┄┄┄┄┄┄┄┄┄┄┄┄┄┄┄┄┄┄┄┄┄┄┄┄┄┄┄┄┄┄┄┄┄┄┄┄┄┄┄┄┄┄┄┄┄┄┄┄┄┄┄┄┄┄┄┄┄
│ 10:24:45.068 (+0:00:00.189485)
├┄┄┄┄┄┄┄┄┄┄┄┄┄┄┄┄┄┄┄┄┄┄┄┄┄┄┄┄┄┄┄┄┄┄┄┄┄┄┄┄┄┄┄┄┄┄┄┄┄┄┄┄┄┄┄┄┄┄┄┄┄┄┄┄┄┄┄┄┄┄┄┄┄┄┄┄┄┄┄
│ 🐛 [BackupStatus] Status: success, Alter: Vor 1h
└───────────────────────────────────────────────────────────────────────────────
00:05 +244 ~3: /home/germanlion67/lager_app/app/test/services/backup_status_service_test.dart: BackupStatusService.fetchStatus() Farblogik: ageCategory nach fetchStatus() aging: Backup 24–72h → BackupAge.aging (Gelb)
┌───────────────────────────────────────────────────────────────────────────────
│ #0   BackupStatusService.fetchStatus (package:lager_app/services/backup_status_service.dart:139:15)
├┄┄┄┄┄┄┄┄┄┄┄┄┄┄┄┄┄┄┄┄┄┄┄┄┄┄┄┄┄┄┄┄┄┄┄┄┄┄┄┄┄┄┄┄┄┄┄┄┄┄┄┄┄┄┄┄┄┄┄┄┄┄┄┄┄┄┄┄┄┄┄┄┄┄┄┄┄┄┄
│ 10:24:45.073 (+0:00:00.194948)
├┄┄┄┄┄┄┄┄┄┄┄┄┄┄┄┄┄┄┄┄┄┄┄┄┄┄┄┄┄┄┄┄┄┄┄┄┄┄┄┄┄┄┄┄┄┄┄┄┄┄┄┄┄┄┄┄┄┄┄┄┄┄┄┄┄┄┄┄┄┄┄┄┄┄┄┄┄┄┄
│ 🐛 [BackupStatus] Lade von http://localhost:8080/last_backup.json
└───────────────────────────────────────────────────────────────────────────────
┌───────────────────────────────────────────────────────────────────────────────
│ #0   BackupStatusService.fetchStatus (package:lager_app/services/backup_status_service.dart:148:17)
├┄┄┄┄┄┄┄┄┄┄┄┄┄┄┄┄┄┄┄┄┄┄┄┄┄┄┄┄┄┄┄┄┄┄┄┄┄┄┄┄┄┄┄┄┄┄┄┄┄┄┄┄┄┄┄┄┄┄┄┄┄┄┄┄┄┄┄┄┄┄┄┄┄┄┄┄┄┄┄
│ 10:24:45.080 (+0:00:00.201791)
├┄┄┄┄┄┄┄┄┄┄┄┄┄┄┄┄┄┄┄┄┄┄┄┄┄┄┄┄┄┄┄┄┄┄┄┄┄┄┄┄┄┄┄┄┄┄┄┄┄┄┄┄┄┄┄┄┄┄┄┄┄┄┄┄┄┄┄┄┄┄┄┄┄┄┄┄┄┄┄
│ 🐛 [BackupStatus] Status: success, Alter: Vor 2 Tagen
└───────────────────────────────────────────────────────────────────────────────
00:05 +245 ~3: /home/germanlion67/lager_app/app/test/services/backup_status_service_test.dart: BackupStatusService.fetchStatus() Farblogik: ageCategory nach fetchStatus() critical: Backup > 72h → BackupAge.critical (Rot)
┌───────────────────────────────────────────────────────────────────────────────
│ #0   BackupStatusService.fetchStatus (package:lager_app/services/backup_status_service.dart:139:15)
├┄┄┄┄┄┄┄┄┄┄┄┄┄┄┄┄┄┄┄┄┄┄┄┄┄┄┄┄┄┄┄┄┄┄┄┄┄┄┄┄┄┄┄┄┄┄┄┄┄┄┄┄┄┄┄┄┄┄┄┄┄┄┄┄┄┄┄┄┄┄┄┄┄┄┄┄┄┄┄
│ 10:24:45.087 (+0:00:00.208319)
├┄┄┄┄┄┄┄┄┄┄┄┄┄┄┄┄┄┄┄┄┄┄┄┄┄┄┄┄┄┄┄┄┄┄┄┄┄┄┄┄┄┄┄┄┄┄┄┄┄┄┄┄┄┄┄┄┄┄┄┄┄┄┄┄┄┄┄┄┄┄┄┄┄┄┄┄┄┄┄
│ 🐛 [BackupStatus] Lade von http://localhost:8080/last_backup.json
└───────────────────────────────────────────────────────────────────────────────
┌───────────────────────────────────────────────────────────────────────────────
│ #0   BackupStatusService.fetchStatus (package:lager_app/services/backup_status_service.dart:148:17)
├┄┄┄┄┄┄┄┄┄┄┄┄┄┄┄┄┄┄┄┄┄┄┄┄┄┄┄┄┄┄┄┄┄┄┄┄┄┄┄┄┄┄┄┄┄┄┄┄┄┄┄┄┄┄┄┄┄┄┄┄┄┄┄┄┄┄┄┄┄┄┄┄┄┄┄┄┄┄┄
│ 10:24:45.090 (+0:00:00.211431)
├┄┄┄┄┄┄┄┄┄┄┄┄┄┄┄┄┄┄┄┄┄┄┄┄┄┄┄┄┄┄┄┄┄┄┄┄┄┄┄┄┄┄┄┄┄┄┄┄┄┄┄┄┄┄┄┄┄┄┄┄┄┄┄┄┄┄┄┄┄┄┄┄┄┄┄┄┄┄┄
│ 🐛 [BackupStatus] Status: success, Alter: Vor 4 Tagen
└───────────────────────────────────────────────────────────────────────────────
00:05 +246 ~3: /home/germanlion67/lager_app/app/test/services/backup_status_service_test.dart: BackupStatusService.fetchStatus() Farblogik: ageCategory nach fetchStatus() critical: error-Status → immer BackupAge.critical (unabhängig vom Alter)
┌───────────────────────────────────────────────────────────────────────────────
│ #0   BackupStatusService.fetchStatus (package:lager_app/services/backup_status_service.dart:139:15)
├┄┄┄┄┄┄┄┄┄┄┄┄┄┄┄┄┄┄┄┄┄┄┄┄┄┄┄┄┄┄┄┄┄┄┄┄┄┄┄┄┄┄┄┄┄┄┄┄┄┄┄┄┄┄┄┄┄┄┄┄┄┄┄┄┄┄┄┄┄┄┄┄┄┄┄┄┄┄┄
│ 10:24:45.096 (+0:00:00.217793)
├┄┄┄┄┄┄┄┄┄┄┄┄┄┄┄┄┄┄┄┄┄┄┄┄┄┄┄┄┄┄┄┄┄┄┄┄┄┄┄┄┄┄┄┄┄┄┄┄┄┄┄┄┄┄┄┄┄┄┄┄┄┄┄┄┄┄┄┄┄┄┄┄┄┄┄┄┄┄┄
│ 🐛 [BackupStatus] Lade von http://localhost:8080/last_backup.json
└───────────────────────────────────────────────────────────────────────────────
┌───────────────────────────────────────────────────────────────────────────────
│ #0   BackupStatusService.fetchStatus (package:lager_app/services/backup_status_service.dart:148:17)
├┄┄┄┄┄┄┄┄┄┄┄┄┄┄┄┄┄┄┄┄┄┄┄┄┄┄┄┄┄┄┄┄┄┄┄┄┄┄┄┄┄┄┄┄┄┄┄┄┄┄┄┄┄┄┄┄┄┄┄┄┄┄┄┄┄┄┄┄┄┄┄┄┄┄┄┄┄┄┄
│ 10:24:45.099 (+0:00:00.221095)
├┄┄┄┄┄┄┄┄┄┄┄┄┄┄┄┄┄┄┄┄┄┄┄┄┄┄┄┄┄┄┄┄┄┄┄┄┄┄┄┄┄┄┄┄┄┄┄┄┄┄┄┄┄┄┄┄┄┄┄┄┄┄┄┄┄┄┄┄┄┄┄┄┄┄┄┄┄┄┄
│ 🐛 [BackupStatus] Status: error, Alter: Vor 1h
└───────────────────────────────────────────────────────────────────────────────
00:06 +247 ~3: /home/germanlion67/lager_app/app/test/services/sync_status_provider_test.dart: FakeSyncStatusProvider initial state is not syncing
00:06 +248 ~3: /home/germanlion67/lager_app/app/test/services/sync_status_provider_test.dart: FakeSyncStatusProvider emitRunning sets isSyncing to true
00:06 +249 ~3: /home/germanlion67/lager_app/app/test/services/sync_status_provider_test.dart: FakeSyncStatusProvider emitSuccess sets isSyncing to false
00:06 +250 ~3: /home/germanlion67/lager_app/app/test/services/sync_status_provider_test.dart: FakeSyncStatusProvider emitError sets isSyncing to false
00:06 +251 ~3: /home/germanlion67/lager_app/app/test/services/sync_status_provider_test.dart: FakeSyncStatusProvider syncStatus stream emits correct sequence
00:06 +252 ~3: /home/germanlion67/lager_app/app/test/services/sync_status_provider_test.dart: FakeSyncStatusProvider syncStatus is broadcast stream (multiple listeners)
00:06 +253 ~3: /home/germanlion67/lager_app/app/test/services/sync_orchestrator_test.dart: SyncOrchestrator implementiert SyncStatusProvider
00:06 +254 ~3: /home/germanlion67/lager_app/app/test/services/sync_orchestrator_test.dart: SyncOrchestrator isSyncing ist initial false
00:06 +255 ~3: /home/germanlion67/lager_app/app/test/services/sync_orchestrator_test.dart: FakeSyncStatusProvider (bestehend) emitRunning setzt isSyncing auf true
00:06 +256 ~3: /home/germanlion67/lager_app/app/test/services/sync_orchestrator_test.dart: ConflictCallback Typedef kann als Future<void> Function(Artikel, Artikel) verwendet werden
00:06 +257 ~3: /home/germanlion67/lager_app/app/test/services/sync_orchestrator_test.dart: ConflictCallback Typedef Callback mit Exception wird sicher gefangen
00:06 +258 ~3: /home/germanlion67/lager_app/app/test/services/sync_orchestrator_test.dart: SyncStatus Enum enthält alle erwarteten Werte
00:06 +259 ~3: /home/germanlion67/lager_app/app/test/services/sync_orchestrator_test.dart: SyncStatus Enum switch über alle Werte ist exhaustiv
00:06 +260 ~3: /home/germanlion67/lager_app/app/test/services/sync_orchestrator_test.dart: ETag-Konflikt Grenzwerte ETags mit Whitespace-Unterschied gelten als verschieden
00:06 +261 ~3: /home/germanlion67/lager_app/app/test/services/sync_orchestrator_test.dart: ETag-Konflikt Grenzwerte Leerer ETag und leerer remoteUpdated → kein Konflikt
00:07 +262 ~3: /home/germanlion67/lager_app/app/test/services/settings_controller_test.dart: SettingsController lädt Defaults korrekt inklusive F-007 Default false
┌───────────────────────────────────────────────────────────────────────────────────────────────────────────────────────
│ #0   ArtikelDbService.isDatabaseEmpty (package:lager_app/services/artikel_db_service.dart:1112:15)
│ #1   <asynchronous suspension>
├┄┄┄┄┄┄┄┄┄┄┄┄┄┄┄┄┄┄┄┄┄┄┄┄┄┄┄┄┄┄┄┄┄┄┄┄┄┄┄┄┄┄┄┄┄┄┄┄┄┄┄┄┄┄┄┄┄┄┄┄┄┄┄┄┄┄┄┄┄┄┄┄┄┄┄┄┄┄┄┄┄┄┄┄┄┄┄┄┄┄┄┄┄┄┄┄┄┄┄┄┄┄┄┄┄┄┄┄┄┄┄┄┄┄┄┄┄┄┄
│ 🐛 ✅ Datenbank enthält 0 nicht gelöschte Artikel.
└───────────────────────────────────────────────────────────────────────────────────────────────────────────────────────
00:07 +262 ~3 -1: /home/germanlion67/lager_app/app/test/services/settings_controller_test.dart: SettingsController lädt Defaults korrekt inklusive F-007 Default false [E]
  Expected: false
    Actual: <true>
  
  package:matcher                                     expect
  package:flutter_test/src/widget_tester.dart 473:18  expect
  test/services/settings_controller_test.dart 29:7    main.<fn>.<fn>
  
00:07 +262 ~3 -1: /home/germanlion67/lager_app/app/test/services/settings_controller_test.dart: SettingsController lädt show_last_sync aus SharedPreferences
┌───────────────────────────────────────────────────────────────────────────────────────────────────────────────────────
│ #0   ArtikelDbService.isDatabaseEmpty (package:lager_app/services/artikel_db_service.dart:1112:15)
│ #1   <asynchronous suspension>
├┄┄┄┄┄┄┄┄┄┄┄┄┄┄┄┄┄┄┄┄┄┄┄┄┄┄┄┄┄┄┄┄┄┄┄┄┄┄┄┄┄┄┄┄┄┄┄┄┄┄┄┄┄┄┄┄┄┄┄┄┄┄┄┄┄┄┄┄┄┄┄┄┄┄┄┄┄┄┄┄┄┄┄┄┄┄┄┄┄┄┄┄┄┄┄┄┄┄┄┄┄┄┄┄┄┄┄┄┄┄┄┄┄┄┄┄┄┄┄
│ 🐛 ✅ Datenbank enthält 0 nicht gelöschte Artikel.
└───────────────────────────────────────────────────────────────────────────────────────────────────────────────────────
00:07 +263 ~3 -1: /home/germanlion67/lager_app/app/test/services/settings_controller_test.dart: SettingsController erkennt URL-Änderung als ungespeicherte Änderung
┌───────────────────────────────────────────────────────────────────────────────────────────────────────────────────────
│ #0   ArtikelDbService.isDatabaseEmpty (package:lager_app/services/artikel_db_service.dart:1112:15)
│ #1   <asynchronous suspension>
├┄┄┄┄┄┄┄┄┄┄┄┄┄┄┄┄┄┄┄┄┄┄┄┄┄┄┄┄┄┄┄┄┄┄┄┄┄┄┄┄┄┄┄┄┄┄┄┄┄┄┄┄┄┄┄┄┄┄┄┄┄┄┄┄┄┄┄┄┄┄┄┄┄┄┄┄┄┄┄┄┄┄┄┄┄┄┄┄┄┄┄┄┄┄┄┄┄┄┄┄┄┄┄┄┄┄┄┄┄┄┄┄┄┄┄┄┄┄┄
│ 🐛 ✅ Datenbank enthält 0 nicht gelöschte Artikel.
└───────────────────────────────────────────────────────────────────────────────────────────────────────────────────────
00:07 +264 ~3 -1: /home/germanlion67/lager_app/app/test/services/settings_controller_test.dart: SettingsController erkennt Artikelnummer-Änderung als ungespeicherte Änderung
┌───────────────────────────────────────────────────────────────────────────────────────────────────────────────────────
│ #0   ArtikelDbService.isDatabaseEmpty (package:lager_app/services/artikel_db_service.dart:1112:15)
│ #1   <asynchronous suspension>
├┄┄┄┄┄┄┄┄┄┄┄┄┄┄┄┄┄┄┄┄┄┄┄┄┄┄┄┄┄┄┄┄┄┄┄┄┄┄┄┄┄┄┄┄┄┄┄┄┄┄┄┄┄┄┄┄┄┄┄┄┄┄┄┄┄┄┄┄┄┄┄┄┄┄┄┄┄┄┄┄┄┄┄┄┄┄┄┄┄┄┄┄┄┄┄┄┄┄┄┄┄┄┄┄┄┄┄┄┄┄┄┄┄┄┄┄┄┄┄
│ 🐛 ✅ Datenbank enthält 0 nicht gelöschte Artikel.
└───────────────────────────────────────────────────────────────────────────────────────────────────────────────────────
00:07 +265 ~3 -1: /home/germanlion67/lager_app/app/test/models/nextcloud_credentials_test.dart: NextcloudCredentials Tests should create credentials with all fields
00:07 +265 ~3 -1: /home/germanlion67/lager_app/app/test/services/settings_controller_test.dart: SettingsController setShowLastSync aktualisiert State, Notifier und Preferences
┌───────────────────────────────────────────────────────────────────────────────────────────────────────────────────────
│ #0   ArtikelDbService.isDatabaseEmpty (package:lager_app/services/artikel_db_service.dart:1112:15)
│ #1   <asynchronous suspension>
├┄┄┄┄┄┄┄┄┄┄┄┄┄┄┄┄┄┄┄┄┄┄┄┄┄┄┄┄┄┄┄┄┄┄┄┄┄┄┄┄┄┄┄┄┄┄┄┄┄┄┄┄┄┄┄┄┄┄┄┄┄┄┄┄┄┄┄┄┄┄┄┄┄┄┄┄┄┄┄┄┄┄┄┄┄┄┄┄┄┄┄┄┄┄┄┄┄┄┄┄┄┄┄┄┄┄┄┄┄┄┄┄┄┄┄┄┄┄┄
│ 🐛 ✅ Datenbank enthält 0 nicht gelöschte Artikel.
└───────────────────────────────────────────────────────────────────────────────────────────────────────────────────────
00:07 +266 ~3 -1: /home/germanlion67/lager_app/app/test/models/nextcloud_credentials_test.dart: NextcloudCredentials Tests should create credentials with all fields
00:07 +266 ~3 -1: /home/germanlion67/lager_app/app/test/services/settings_controller_test.dart: SettingsController lädt App-Lock-Werte aus SharedPreferences
┌───────────────────────────────────────────────────────────────────────────────────────────────────────────────────────
│ #0   ArtikelDbService.isDatabaseEmpty (package:lager_app/services/artikel_db_service.dart:1112:15)
│ #1   <asynchronous suspension>
├┄┄┄┄┄┄┄┄┄┄┄┄┄┄┄┄┄┄┄┄┄┄┄┄┄┄┄┄┄┄┄┄┄┄┄┄┄┄┄┄┄┄┄┄┄┄┄┄┄┄┄┄┄┄┄┄┄┄┄┄┄┄┄┄┄┄┄┄┄┄┄┄┄┄┄┄┄┄┄┄┄┄┄┄┄┄┄┄┄┄┄┄┄┄┄┄┄┄┄┄┄┄┄┄┄┄┄┄┄┄┄┄┄┄┄┄┄┄┄
│ 🐛 ✅ Datenbank enthält 0 nicht gelöschte Artikel.
└───────────────────────────────────────────────────────────────────────────────────────────────────────────────────────
00:07 +266 ~3 -2: /home/germanlion67/lager_app/app/test/models/nextcloud_credentials_test.dart: NextcloudCredentials Tests should create credentials with all fields
00:07 +266 ~3 -2: /home/germanlion67/lager_app/app/test/services/settings_controller_test.dart: SettingsController lädt App-Lock-Werte aus SharedPreferences [E]
  Expected: true
    Actual: <false>
  
  package:matcher                                     expect
  package:flutter_test/src/widget_tester.dart 473:18  expect
  test/services/settings_controller_test.dart 104:7   main.<fn>.<fn>
  
00:07 +267 ~3 -2: /home/germanlion67/lager_app/app/test/models/nextcloud_credentials_test.dart: NextcloudCredentials Tests should use default check interval when not specified
00:07 +268 ~3 -2: /home/germanlion67/lager_app/app/test/models/nextcloud_credentials_test.dart: NextcloudCredentials Tests should handle different URI formats
00:07 +269 ~3 -2: /home/germanlion67/lager_app/app/test/models/nextcloud_credentials_test.dart: NextcloudCredentialsStore Tests store should exist and be instantiable
00:07 +270 ~3 -2: /home/germanlion67/lager_app/app/test/models/attachment_model_test.dart: AttachmentModel Konstruktor erstellt Model mit allen Pflichtfeldern
00:07 +271 ~3 -2: /home/germanlion67/lager_app/app/test/models/attachment_model_test.dart: AttachmentModel Konstruktor optionale Felder sind nullable
00:07 +272 ~3 -2: /home/germanlion67/lager_app/app/test/models/attachment_model_test.dart: AttachmentModel fromPocketBase() parst vollständigen Record korrekt
00:07 +273 ~3 -2: /home/germanlion67/lager_app/app/test/models/attachment_model_test.dart: AttachmentModel fromPocketBase() behandelt null-Werte graceful
00:07 +274 ~3 -2: /home/germanlion67/lager_app/app/test/models/attachment_model_test.dart: AttachmentModel fromPocketBase() konvertiert datei_groesse von String zu int
00:07 +275 ~3 -2: /home/germanlion67/lager_app/app/test/models/attachment_model_test.dart: AttachmentModel fromPocketBase() konvertiert datei_groesse von double zu int
00:07 +276 ~3 -2: /home/germanlion67/lager_app/app/test/models/attachment_model_test.dart: AttachmentModel fromPocketBase() parst created-Feld als UTC DateTime
00:07 +277 ~3 -2: /home/germanlion67/lager_app/app/test/models/attachment_model_test.dart: AttachmentModel fromPocketBase() gibt null zurück bei ungültigem Datum
00:07 +278 ~3 -2: /home/germanlion67/lager_app/app/test/models/attachment_model_test.dart: AttachmentModel fromPocketBase() bevorzugt created-Parameter über data["created"]
00:07 +279 ~3 -2: /home/germanlion67/lager_app/app/test/models/attachment_model_test.dart: AttachmentModel dateiGroesseFormatiert gibt leeren String bei null zurück
00:07 +280 ~3 -2: /home/germanlion67/lager_app/app/test/models/attachment_model_test.dart: AttachmentModel dateiGroesseFormatiert gibt leeren String bei 0 zurück
00:07 +281 ~3 -2: /home/germanlion67/lager_app/app/test/models/attachment_model_test.dart: AttachmentModel dateiGroesseFormatiert formatiert Bytes korrekt
00:07 +282 ~3 -2: /home/germanlion67/lager_app/app/test/models/attachment_model_test.dart: AttachmentModel dateiGroesseFormatiert formatiert Kilobytes korrekt
00:07 +283 ~3 -2: /home/germanlion67/lager_app/app/test/models/attachment_model_test.dart: AttachmentModel dateiGroesseFormatiert formatiert Megabytes korrekt
00:07 +284 ~3 -2: /home/germanlion67/lager_app/app/test/models/attachment_model_test.dart: AttachmentModel dateiGroesseFormatiert Grenzwert: genau 1 KB
00:07 +285 ~3 -2: /home/germanlion67/lager_app/app/test/models/attachment_model_test.dart: AttachmentModel dateiGroesseFormatiert Grenzwert: genau 1 MB
00:07 +286 ~3 -2: /home/germanlion67/lager_app/app/test/models/attachment_model_test.dart: AttachmentModel dateiGroesseFormatiert große Datei: 10 MB
00:07 +287 ~3 -2: /home/germanlion67/lager_app/app/test/models/attachment_model_test.dart: AttachmentModel typLabel erkennt Bild
00:07 +288 ~3 -2: /home/germanlion67/lager_app/app/test/models/attachment_model_test.dart: AttachmentModel typLabel erkennt PDF
00:07 +289 ~3 -2: /home/germanlion67/lager_app/app/test/models/attachment_model_test.dart: AttachmentModel typLabel erkennt Word-Dokument
00:07 +290 ~3 -2: /home/germanlion67/lager_app/app/test/models/attachment_model_test.dart: AttachmentModel typLabel erkennt Excel/Tabelle
00:07 +291 ~3 -2: /home/germanlion67/lager_app/app/test/models/attachment_model_test.dart: AttachmentModel typLabel erkennt Text
00:07 +292 ~3 -2: /home/germanlion67/lager_app/app/test/models/attachment_model_test.dart: AttachmentModel typLabel Fallback bei unbekanntem MIME-Typ
00:07 +293 ~3 -2: /home/germanlion67/lager_app/app/test/models/attachment_model_test.dart: AttachmentModel typLabel Fallback bei null MIME-Typ
00:07 +294 ~3 -2: /home/germanlion67/lager_app/app/test/models/attachment_model_test.dart: AttachmentModel istBild true für Bildtypen
00:07 +295 ~3 -2: /home/germanlion67/lager_app/app/test/models/attachment_model_test.dart: AttachmentModel istBild false für Nicht-Bildtypen
00:07 +296 ~3 -2: /home/germanlion67/lager_app/app/test/models/attachment_model_test.dart: AttachmentModel istBild false bei null
00:07 +297 ~3 -2: /home/germanlion67/lager_app/app/test/models/attachment_model_test.dart: AttachmentModel copyWith() kopiert alle Felder wenn nichts geändert
00:07 +298 ~3 -2: /home/germanlion67/lager_app/app/test/models/attachment_model_test.dart: AttachmentModel copyWith() überschreibt einzelne Felder
00:07 +299 ~3 -2: /home/germanlion67/lager_app/app/test/models/attachment_model_test.dart: AttachmentModel copyWith() überschreibt downloadUrl
00:07 +300 ~3 -2: /home/germanlion67/lager_app/app/test/models/attachment_model_test.dart: AttachmentModel Gleichheit und Identität == vergleicht nur id
00:07 +301 ~3 -2: /home/germanlion67/lager_app/app/test/models/attachment_model_test.dart: AttachmentModel Gleichheit und Identität != bei unterschiedlicher id
00:07 +302 ~3 -2: /home/germanlion67/lager_app/app/test/models/attachment_model_test.dart: AttachmentModel Gleichheit und Identität hashCode basiert auf id
00:07 +303 ~3 -2: /home/germanlion67/lager_app/app/test/models/attachment_model_test.dart: AttachmentModel Gleichheit und Identität toString() enthält relevante Felder
00:07 +304 ~3 -2: /home/germanlion67/lager_app/app/test/models/attachment_model_test.dart: AttachmentModel Konstanten kErlaubteMimeTypes enthält erwartete Typen
00:07 +305 ~3 -2: /home/germanlion67/lager_app/app/test/models/attachment_model_test.dart: AttachmentModel Konstanten kErlaubteMimeTypes enthält keine unsicheren Typen
00:07 +306 ~3 -2: /home/germanlion67/lager_app/app/test/models/attachment_model_test.dart: AttachmentModel Konstanten kMaxAttachmentBytes ist 10 MB
00:07 +307 ~3 -2: /home/germanlion67/lager_app/app/test/models/attachment_model_test.dart: AttachmentModel Konstanten kMaxAttachmentsPerArtikel ist 20
00:08 +308 ~3 -2: /home/germanlion67/lager_app/app/test/models/artikel_model_test.dart: Artikel Model Tests Konstruktor should create valid Artikel with all required fields
00:08 +309 ~3 -2: /home/germanlion67/lager_app/app/test/models/artikel_model_test.dart: Artikel Model Tests Konstruktor generiert UUID automatisch wenn keine übergeben wird
00:08 +310 ~3 -2: /home/germanlion67/lager_app/app/test/models/artikel_model_test.dart: Artikel Model Tests Konstruktor nutzt übergebene UUID wenn vorhanden
00:08 +311 ~3 -2: /home/germanlion67/lager_app/app/test/models/artikel_model_test.dart: Artikel Model Tests Konstruktor setzt updatedAt automatisch auf UTC-Millisekunden wenn null
00:08 +312 ~3 -2: /home/germanlion67/lager_app/app/test/models/artikel_model_test.dart: Artikel Model Tests Konstruktor optionale Felder sind null wenn nicht gesetzt
00:08 +313 ~3 -2: /home/germanlion67/lager_app/app/test/models/artikel_model_test.dart: Artikel Model Tests isValid() isValid should return true for valid artikel
00:08 +314 ~3 -2: /home/germanlion67/lager_app/app/test/models/artikel_model_test.dart: Artikel Model Tests isValid() isValid should return false for empty required fields
00:08 +315 ~3 -2: /home/germanlion67/lager_app/app/test/models/artikel_model_test.dart: Artikel Model Tests isValid() gibt false zurück wenn name nur Whitespace enthält
00:08 +316 ~3 -2: /home/germanlion67/lager_app/app/test/models/artikel_model_test.dart: Artikel Model Tests isValid() gibt false zurück wenn ort nur Whitespace enthält
00:08 +317 ~3 -2: /home/germanlion67/lager_app/app/test/models/artikel_model_test.dart: Artikel Model Tests isValid() gibt false zurück wenn fach leer ist
00:08 +318 ~3 -2: /home/germanlion67/lager_app/app/test/models/artikel_model_test.dart: Artikel Model Tests isValid() gibt false zurück wenn menge negativ ist
00:08 +319 ~3 -2: /home/germanlion67/lager_app/app/test/models/artikel_model_test.dart: Artikel Model Tests isValid() gibt true zurück wenn menge 0 ist (Grenzwert)
00:08 +320 ~3 -2: /home/germanlion67/lager_app/app/test/models/artikel_model_test.dart: Artikel Model Tests isValid() gibt true zurück wenn menge maximal ist (999999)
00:08 +321 ~3 -2: /home/germanlion67/lager_app/app/test/models/artikel_model_test.dart: Artikel Model Tests isValid() gibt true zurück wenn beschreibung leer ist (optional)
00:08 +322 ~3 -2: /home/germanlion67/lager_app/app/test/models/artikel_model_test.dart: Artikel Model Tests isValid() gibt true zurück wenn bildPfad leer ist (optional)
00:08 +323 ~3 -2: /home/germanlion67/lager_app/app/test/models/artikel_model_test.dart: Artikel Model Tests toMap() toMap should contain all required fields
00:08 +324 ~3 -2: /home/germanlion67/lager_app/app/test/models/artikel_model_test.dart: Artikel Model Tests toMap() serialisiert deleted=true als int 1
00:08 +325 ~3 -2: /home/germanlion67/lager_app/app/test/models/artikel_model_test.dart: Artikel Model Tests toMap() serialisiert deleted=false als int 0
00:08 +326 ~3 -2: /home/germanlion67/lager_app/app/test/models/artikel_model_test.dart: Artikel Model Tests toMap() enthält id-Key nur wenn id nicht null ist
00:08 +327 ~3 -2: /home/germanlion67/lager_app/app/test/models/artikel_model_test.dart: Artikel Model Tests toMap() serialisiert erstelltAm als UTC ISO-8601 String (FIX #8)
00:08 +328 ~3 -2: /home/germanlion67/lager_app/app/test/models/artikel_model_test.dart: Artikel Model Tests toMap() serialisiert aktualisiertAm als UTC ISO-8601 String (FIX #8)
00:08 +329 ~3 -2: /home/germanlion67/lager_app/app/test/models/artikel_model_test.dart: Artikel Model Tests toMap() serialisiert null-Felder korrekt als null
00:08 +330 ~3 -2: /home/germanlion67/lager_app/app/test/models/artikel_model_test.dart: Artikel Model Tests toMap() nutzt snake_case Keys für SQLite-Felder
00:08 +331 ~3 -2: /home/germanlion67/lager_app/app/test/models/artikel_model_test.dart: Artikel Model Tests fromMap() fromMap should recreate Artikel correctly
00:08 +332 ~3 -2: /home/germanlion67/lager_app/app/test/models/artikel_model_test.dart: Artikel Model Tests fromMap() parst id als String korrekt zu int (Typ-Koercion)
00:08 +333 ~3 -2: /home/germanlion67/lager_app/app/test/models/artikel_model_test.dart: Artikel Model Tests fromMap() parst menge als String korrekt zu int
00:08 +334 ~3 -2: /home/germanlion67/lager_app/app/test/models/artikel_model_test.dart: Artikel Model Tests fromMap() setzt menge auf 0 wenn Wert nicht parsbar ist
00:08 +335 ~3 -2: /home/germanlion67/lager_app/app/test/models/artikel_model_test.dart: Artikel Model Tests fromMap() parst deleted=1 (SQLite int) als true
00:08 +336 ~3 -2: /home/germanlion67/lager_app/app/test/models/artikel_model_test.dart: Artikel Model Tests fromMap() parst deleted=true (PocketBase bool) als true
00:08 +337 ~3 -2: /home/germanlion67/lager_app/app/test/models/artikel_model_test.dart: Artikel Model Tests fromMap() parst deleted=0 als false
00:08 +338 ~3 -2: /home/germanlion67/lager_app/app/test/models/artikel_model_test.dart: Artikel Model Tests fromMap() parst erstelltAm immer als UTC (FIX #8)
00:08 +339 ~3 -2: /home/germanlion67/lager_app/app/test/models/artikel_model_test.dart: Artikel Model Tests fromMap() Null-Handling setzt name auf leeren String wenn null
00:08 +340 ~3 -2: /home/germanlion67/lager_app/app/test/models/artikel_model_test.dart: Artikel Model Tests fromMap() Null-Handling setzt ort auf leeren String wenn null
00:08 +341 ~3 -2: /home/germanlion67/lager_app/app/test/models/artikel_model_test.dart: Artikel Model Tests fromMap() Null-Handling setzt fach auf leeren String wenn null
00:08 +342 ~3 -2: /home/germanlion67/lager_app/app/test/models/artikel_model_test.dart: Artikel Model Tests fromMap() Null-Handling setzt beschreibung auf leeren String wenn null
00:08 +343 ~3 -2: /home/germanlion67/lager_app/app/test/models/artikel_model_test.dart: Artikel Model Tests fromMap() Null-Handling setzt bildPfad auf leeren String wenn null
00:08 +344 ~3 -2: /home/germanlion67/lager_app/app/test/models/artikel_model_test.dart: Artikel Model Tests fromMap() Null-Handling lässt artikelnummer null (M-007 Abwärtskompatibilität)
00:08 +345 ~3 -2: /home/germanlion67/lager_app/app/test/models/artikel_model_test.dart: Artikel Model Tests fromMap() Null-Handling lässt thumbnailPfad null wenn nicht vorhanden
00:08 +346 ~3 -2: /home/germanlion67/lager_app/app/test/models/artikel_model_test.dart: Artikel Model Tests fromMap() Null-Handling lässt etag null wenn nicht vorhanden
00:08 +347 ~3 -2: /home/germanlion67/lager_app/app/test/models/artikel_model_test.dart: Artikel Model Tests fromMap() Null-Handling generiert neue UUID wenn uuid in Map null ist
00:08 +348 ~3 -2: /home/germanlion67/lager_app/app/test/models/artikel_model_test.dart: Artikel Model Tests fromMap() Null-Handling setzt updatedAt auf 0 wenn updated_at null ist
00:08 +349 ~3 -2: /home/germanlion67/lager_app/app/test/models/artikel_model_test.dart: Artikel Model Tests fromMap() Null-Handling setzt erstelltAm auf aktuelles UTC-Datum wenn null
[38;5;208m┌───────────────────────────────────────────────────────────────────────────────────────────────────────────────────────[0m
[38;5;208m│ #0   Artikel._parseDateTime (package:lager_app/models/artikel_model.dart:218:15)[0m
[38;5;208m│ #1   new Artikel.fromMap (package:lager_app/models/artikel_model.dart:146:19)[0m
[38;5;208m├┄┄┄┄┄┄┄┄┄┄┄┄┄┄┄┄┄┄┄┄┄┄┄┄┄┄┄┄┄┄┄┄┄┄┄┄┄┄┄┄┄┄┄┄┄┄┄┄┄┄┄┄┄┄┄┄┄┄┄┄┄┄┄┄┄┄┄┄┄┄┄┄┄┄┄┄┄┄┄┄┄┄┄┄┄┄┄┄┄┄┄┄┄┄┄┄┄┄┄┄┄┄┄┄┄┄┄┄┄┄┄┄┄┄┄┄┄┄┄[0m
[38;5;208m│ ⚠️ ⚠️ _parseDateTime: Null-Wert erhalten, verwende aktuelles UTC-Datum.[0m
[38;5;208m└───────────────────────────────────────────────────────────────────────────────────────────────────────────────────────[0m
00:08 +350 ~3 -2: /home/germanlion67/lager_app/app/test/models/artikel_model_test.dart: Artikel Model Tests fromMap() Key-Fallbacks (SQLite snake_case ↔ PocketBase camelCase) liest remote_path (SQLite snake_case)
00:08 +351 ~3 -2: /home/germanlion67/lager_app/app/test/models/artikel_model_test.dart: Artikel Model Tests fromMap() Key-Fallbacks (SQLite snake_case ↔ PocketBase camelCase) liest remotePath (PocketBase camelCase) als Fallback
00:08 +352 ~3 -2: /home/germanlion67/lager_app/app/test/models/artikel_model_test.dart: Artikel Model Tests fromMap() Key-Fallbacks (SQLite snake_case ↔ PocketBase camelCase) liest device_id (SQLite snake_case)
00:08 +353 ~3 -2: /home/germanlion67/lager_app/app/test/models/artikel_model_test.dart: Artikel Model Tests fromMap() Key-Fallbacks (SQLite snake_case ↔ PocketBase camelCase) liest deviceId (PocketBase camelCase) als Fallback
00:08 +354 ~3 -2: /home/germanlion67/lager_app/app/test/models/artikel_model_test.dart: Artikel Model Tests fromMap() Key-Fallbacks (SQLite snake_case ↔ PocketBase camelCase) liest created (PocketBase) wenn erstelltAm fehlt
00:08 +355 ~3 -2: /home/germanlion67/lager_app/app/test/models/artikel_model_test.dart: Artikel Model Tests fromMap() Key-Fallbacks (SQLite snake_case ↔ PocketBase camelCase) liest updated (PocketBase) wenn aktualisiertAm fehlt
00:08 +356 ~3 -2: /home/germanlion67/lager_app/app/test/models/artikel_model_test.dart: Artikel Model Tests fromMap() Key-Fallbacks (SQLite snake_case ↔ PocketBase camelCase) liest updated_at (snake_case) korrekt
00:08 +357 ~3 -2: /home/germanlion67/lager_app/app/test/models/artikel_model_test.dart: Artikel Model Tests Roundtrip fromMap() ↔ toMap() Artikel bleibt nach Roundtrip identisch (alle Felder)
00:08 +358 ~3 -2: /home/germanlion67/lager_app/app/test/models/artikel_model_test.dart: Artikel Model Tests Roundtrip fromMap() ↔ toMap() deleted=true überlebt Roundtrip korrekt
00:08 +359 ~3 -2: /home/germanlion67/lager_app/app/test/models/artikel_model_test.dart: Artikel Model Tests Roundtrip fromMap() ↔ toMap() null-Felder überleben Roundtrip korrekt
00:08 +360 ~3 -2: /home/germanlion67/lager_app/app/test/models/artikel_model_test.dart: Artikel Model Tests copyWith() gibt identischen Artikel zurück wenn keine Felder geändert werden
00:08 +361 ~3 -2: /home/germanlion67/lager_app/app/test/models/artikel_model_test.dart: Artikel Model Tests copyWith() ändert nur das angegebene Feld
00:08 +362 ~3 -2: /home/germanlion67/lager_app/app/test/models/artikel_model_test.dart: Artikel Model Tests copyWith() kann nullable Felder auf null setzen (_Undefined-Sentinel)
00:08 +363 ~3 -2: /home/germanlion67/lager_app/app/test/models/artikel_model_test.dart: Artikel Model Tests copyWith() kann artikelnummer auf null setzen
00:08 +364 ~3 -2: /home/germanlion67/lager_app/app/test/models/artikel_model_test.dart: Artikel Model Tests copyWith() kann deleted auf true setzen
00:08 +365 ~3 -2: /home/germanlion67/lager_app/app/test/models/artikel_model_test.dart: Artikel Model Tests copyWith() kann thumbnailPfad auf null setzen
00:08 +366 ~3 -2: /home/germanlion67/lager_app/app/test/models/artikel_model_test.dart: Artikel Model Tests Equality & hashCode zwei Artikel mit gleicher UUID sind gleich
00:08 +367 ~3 -2: /home/germanlion67/lager_app/app/test/models/artikel_model_test.dart: Artikel Model Tests Equality & hashCode zwei Artikel mit verschiedener UUID sind ungleich
00:08 +368 ~3 -2: /home/germanlion67/lager_app/app/test/models/artikel_model_test.dart: Artikel Model Tests Equality & hashCode hashCode ist gleich für gleiche UUID
00:08 +369 ~3 -2: /home/germanlion67/lager_app/app/test/models/artikel_model_test.dart: Artikel Model Tests Equality & hashCode hashCode ist verschieden für verschiedene UUIDs
00:08 +370 ~3 -2: /home/germanlion67/lager_app/app/test/models/artikel_model_test.dart: Artikel Model Tests Equality & hashCode identical gibt true für dasselbe Objekt zurück
00:08 +371 ~3 -2: /home/germanlion67/lager_app/app/test/models/artikel_model_test.dart: Artikel Model Tests toString() enthält uuid, name, menge, ort, fach, deleted
00:08 +372 ~3 -2: /home/germanlion67/lager_app/app/test/utils/uuid_generator_test.dart: UuidGenerator generate() gibt einen nicht-leeren String zurück
00:08 +373 ~3 -2: /home/germanlion67/lager_app/app/test/utils/uuid_generator_test.dart: UuidGenerator generate() gibt eine gültige UUID v4 zurück
00:08 +374 ~3 -2: /home/germanlion67/lager_app/app/test/utils/uuid_generator_test.dart: UuidGenerator generate() gibt eine gültige UUID (allgemein) zurück
00:08 +375 ~3 -2: /home/germanlion67/lager_app/app/test/utils/uuid_generator_test.dart: UuidGenerator generate() generiert 1000 UUIDs ohne Duplikate (Eindeutigkeit)
00:08 +376 ~3 -2: /home/germanlion67/lager_app/app/test/utils/uuid_generator_test.dart: UuidGenerator generate() jede UUID hat das korrekte RFC-4122-Format
00:08 +377 ~3 -2: /home/germanlion67/lager_app/app/test/utils/uuid_generator_test.dart: UuidGenerator generate() zwei aufeinanderfolgende Aufrufe liefern unterschiedliche Werte
00:08 +378 ~3 -2: /home/germanlion67/lager_app/app/test/utils/uuid_generator_test.dart: UuidGenerator isValid() akzeptiert eine gültige UUID v4
00:08 +379 ~3 -2: /home/germanlion67/lager_app/app/test/utils/uuid_generator_test.dart: UuidGenerator isValid() akzeptiert eine gültige UUID v1
00:08 +380 ~3 -2: /home/germanlion67/lager_app/app/test/utils/uuid_generator_test.dart: UuidGenerator isValid() akzeptiert Großbuchstaben (case-insensitive)
00:08 +381 ~3 -2: /home/germanlion67/lager_app/app/test/utils/uuid_generator_test.dart: UuidGenerator isValid() lehnt leeren String ab
00:08 +382 ~3 -2: /home/germanlion67/lager_app/app/test/utils/uuid_generator_test.dart: UuidGenerator isValid() lehnt String ohne Bindestriche ab
00:08 +383 ~3 -2: /home/germanlion67/lager_app/app/test/utils/uuid_generator_test.dart: UuidGenerator isValid() lehnt zu kurzen String ab
00:08 +384 ~3 -2: /home/germanlion67/lager_app/app/test/utils/uuid_generator_test.dart: UuidGenerator isValid() lehnt String mit ungültigen Zeichen ab
00:08 +385 ~3 -2: /home/germanlion67/lager_app/app/test/utils/uuid_generator_test.dart: UuidGenerator isValid() lehnt UUID mit falschem Trennzeichen ab
00:08 +386 ~3 -2: /home/germanlion67/lager_app/app/test/utils/uuid_generator_test.dart: UuidGenerator isValidV4() akzeptiert eine gültige UUID v4
00:08 +387 ~3 -2: /home/germanlion67/lager_app/app/test/utils/uuid_generator_test.dart: UuidGenerator isValidV4() akzeptiert v4 mit Großbuchstaben (case-insensitive)
00:08 +388 ~3 -2: /home/germanlion67/lager_app/app/test/utils/uuid_generator_test.dart: UuidGenerator isValidV4() lehnt UUID v1 ab (version-nibble ≠ 4)
00:08 +389 ~3 -2: /home/germanlion67/lager_app/app/test/utils/uuid_generator_test.dart: UuidGenerator isValidV4() lehnt UUID v5 ab (version-nibble = 5)
00:08 +390 ~3 -2: /home/germanlion67/lager_app/app/test/utils/uuid_generator_test.dart: UuidGenerator isValidV4() lehnt UUID mit ungültigem Variant-Bit ab
00:08 +391 ~3 -2: /home/germanlion67/lager_app/app/test/utils/uuid_generator_test.dart: UuidGenerator isValidV4() lehnt leeren String ab
00:08 +392 ~3 -2: /home/germanlion67/lager_app/app/test/utils/uuid_generator_test.dart: UuidGenerator isValidV4() lehnt String ohne Bindestriche ab
00:08 +393 ~3 -2: /home/germanlion67/lager_app/app/test/utils/uuid_generator_test.dart: UuidGenerator isValidV4() frisch generierte UUID besteht isValidV4()
00:08 +394 ~3 -2: /home/germanlion67/lager_app/app/test/utils/uuid_generator_test.dart: UuidGenerator Klassen-Eigenschaften UuidGenerator kann nicht instanziiert werden
00:08 +395 ~3 -2: /home/germanlion67/lager_app/app/test/utils/image_processing_utils_test.dart: (setUpAll)
00:09 +395 ~3 -2: /home/germanlion67/lager_app/app/test/utils/image_processing_utils_test.dart: ImageProcessingUtils Konstanten targetAspectRatio ist 16/9
00:09 +396 ~3 -2: /home/germanlion67/lager_app/app/test/utils/image_processing_utils_test.dart: ImageProcessingUtils Konstanten thumbnailWidth ist 120
00:09 +397 ~3 -2: /home/germanlion67/lager_app/app/test/utils/image_processing_utils_test.dart: ImageProcessingUtils Konstanten thumbnailHeight ist 120
00:09 +398 ~3 -2: /home/germanlion67/lager_app/app/test/utils/image_processing_utils_test.dart: ImageProcessingUtils ensureTargetFormat() Null- und Leer-Handling gibt null zurück wenn sourceBytes null ist
00:09 +399 ~3 -2: /home/germanlion67/lager_app/app/test/utils/image_processing_utils_test.dart: ImageProcessingUtils ensureTargetFormat() Null- und Leer-Handling gibt leeres Uint8List zurück wenn sourceBytes leer ist
00:09 +400 ~3 -2: /home/germanlion67/lager_app/app/test/utils/image_processing_utils_test.dart: ImageProcessingUtils ensureTargetFormat() Null- und Leer-Handling gibt sourceBytes zurück wenn Bild nicht decodierbar ist
00:09 +401 ~3 -2: /home/germanlion67/lager_app/app/test/utils/image_processing_utils_test.dart: ImageProcessingUtils ensureTargetFormat() Output-Format gibt valide Bytes zurück (JPEG für RGB-Bild)
00:09 +402 ~3 -2: /home/germanlion67/lager_app/app/test/utils/image_processing_utils_test.dart: ImageProcessingUtils ensureTargetFormat() Output-Format gibt valide Bytes zurück (JPEG für RGB-Bild)
00:09 +403 ~3 -2: /home/germanlion67/lager_app/app/test/utils/image_processing_utils_test.dart: ImageProcessingUtils ensureTargetFormat() Output-Format gibt valide Bytes zurück (JPEG für RGB-Bild)
00:09 +404 ~3 -2: /home/germanlion67/lager_app/app/test/utils/image_processing_utils_test.dart: ImageProcessingUtils ensureTargetFormat() Output-Format gibt valide Bytes zurück (JPEG für RGB-Bild)
00:09 +405 ~3 -2: /home/germanlion67/lager_app/app/test/utils/image_processing_utils_test.dart: ImageProcessingUtils ensureTargetFormat() Output-Format gibt valide Bytes zurück (JPEG für RGB-Bild)
00:09 +406 ~3 -2: /home/germanlion67/lager_app/app/test/utils/image_processing_utils_test.dart: ImageProcessingUtils ensureTargetFormat() Output-Format gibt valide Bytes zurück (JPEG für RGB-Bild)
00:09 +407 ~3 -2: /home/germanlion67/lager_app/app/test/utils/image_processing_utils_test.dart: ImageProcessingUtils ensureTargetFormat() Output-Format gibt valide Bytes zurück (JPEG für RGB-Bild)
00:09 +408 ~3 -2: /home/germanlion67/lager_app/app/test/utils/image_processing_utils_test.dart: ImageProcessingUtils ensureTargetFormat() Output-Format gibt valide Bytes zurück (JPEG für RGB-Bild)
00:09 +409 ~3 -2: /home/germanlion67/lager_app/app/test/utils/image_processing_utils_test.dart: ImageProcessingUtils ensureTargetFormat() Output-Format gibt valide Bytes zurück (JPEG für RGB-Bild)
00:09 +410 ~3 -2: /home/germanlion67/lager_app/app/test/utils/image_processing_utils_test.dart: ImageProcessingUtils ensureTargetFormat() Output-Format gibt valide Bytes zurück (JPEG für RGB-Bild)
00:09 +411 ~3 -2: /home/germanlion67/lager_app/app/test/utils/image_processing_utils_test.dart: ImageProcessingUtils ensureTargetFormat() Output-Format gibt valide Bytes zurück (JPEG für RGB-Bild)
00:09 +412 ~3 -2: /home/germanlion67/lager_app/app/test/utils/image_processing_utils_test.dart: ImageProcessingUtils ensureTargetFormat() Output-Format gibt valide Bytes zurück (JPEG für RGB-Bild)
00:09 +413 ~3 -2: /home/germanlion67/lager_app/app/test/utils/image_processing_utils_test.dart: ImageProcessingUtils ensureTargetFormat() Output-Format gibt valide Bytes zurück (JPEG für RGB-Bild)
00:09 +414 ~3 -2: /home/germanlion67/lager_app/app/test/utils/image_processing_utils_test.dart: ImageProcessingUtils ensureTargetFormat() Output-Format gibt valide Bytes zurück (JPEG für RGB-Bild)
00:09 +415 ~3 -2: /home/germanlion67/lager_app/app/test/utils/image_processing_utils_test.dart: ImageProcessingUtils ensureTargetFormat() Output-Format gibt valide Bytes zurück (JPEG für RGB-Bild)
00:09 +416 ~3 -2: /home/germanlion67/lager_app/app/test/utils/image_processing_utils_test.dart: ImageProcessingUtils ensureTargetFormat() Output-Format gibt valide Bytes zurück (JPEG für RGB-Bild)
00:09 +417 ~3 -2: /home/germanlion67/lager_app/app/test/utils/image_processing_utils_test.dart: ImageProcessingUtils ensureTargetFormat() Output-Format gibt valide Bytes zurück (JPEG für RGB-Bild)
00:09 +418 ~3 -2: /home/germanlion67/lager_app/app/test/utils/image_processing_utils_test.dart: ImageProcessingUtils ensureTargetFormat() Output-Format gibt valide Bytes zurück (JPEG für RGB-Bild)
00:09 +419 ~3 -2: /home/germanlion67/lager_app/app/test/utils/image_processing_utils_test.dart: ImageProcessingUtils ensureTargetFormat() Output-Format gibt valide Bytes zurück (JPEG für RGB-Bild)
00:09 +420 ~3 -2: /home/germanlion67/lager_app/app/test/utils/image_processing_utils_test.dart: ImageProcessingUtils ensureTargetFormat() Output-Format gibt valide Bytes zurück (JPEG für RGB-Bild)
00:09 +421 ~3 -2: /home/germanlion67/lager_app/app/test/utils/image_processing_utils_test.dart: ImageProcessingUtils ensureTargetFormat() Output-Format gibt valide Bytes zurück (JPEG für RGB-Bild)
00:09 +422 ~3 -2: /home/germanlion67/lager_app/app/test/utils/image_processing_utils_test.dart: ImageProcessingUtils ensureTargetFormat() Output-Format gibt valide Bytes zurück (JPEG für RGB-Bild)
00:09 +423 ~3 -2: /home/germanlion67/lager_app/app/test/utils/image_processing_utils_test.dart: ImageProcessingUtils ensureTargetFormat() Output-Format gibt valide Bytes zurück (JPEG für RGB-Bild)
00:09 +424 ~3 -2: /home/germanlion67/lager_app/app/test/utils/image_processing_utils_test.dart: ImageProcessingUtils ensureTargetFormat() Output-Format gibt valide Bytes zurück (JPEG für RGB-Bild)
00:09 +425 ~3 -2: /home/germanlion67/lager_app/app/test/utils/image_processing_utils_test.dart: ImageProcessingUtils ensureTargetFormat() Output-Format gibt valide Bytes zurück (JPEG für RGB-Bild)
00:09 +426 ~3 -2: /home/germanlion67/lager_app/app/test/utils/image_processing_utils_test.dart: ImageProcessingUtils ensureTargetFormat() Output-Format gibt valide Bytes zurück (JPEG für RGB-Bild)
00:09 +427 ~3 -2: /home/germanlion67/lager_app/app/test/utils/image_processing_utils_test.dart: ImageProcessingUtils ensureTargetFormat() Output-Format gibt valide Bytes zurück (JPEG für RGB-Bild)
00:09 +428 ~3 -2: /home/germanlion67/lager_app/app/test/utils/image_processing_utils_test.dart: ImageProcessingUtils ensureTargetFormat() Output-Format gibt valide Bytes zurück (JPEG für RGB-Bild)
00:09 +429 ~3 -2: /home/germanlion67/lager_app/app/test/utils/image_processing_utils_test.dart: ImageProcessingUtils ensureTargetFormat() Output-Format gibt valide Bytes zurück (JPEG für RGB-Bild)
00:09 +430 ~3 -2: /home/germanlion67/lager_app/app/test/utils/image_processing_utils_test.dart: ImageProcessingUtils ensureTargetFormat() Output-Format gibt valide Bytes zurück (JPEG für RGB-Bild)
00:09 +431 ~3 -2: /home/germanlion67/lager_app/app/test/utils/image_processing_utils_test.dart: ImageProcessingUtils ensureTargetFormat() Output-Format gibt valide Bytes zurück (JPEG für RGB-Bild)
00:09 +432 ~3 -2: /home/germanlion67/lager_app/app/test/utils/image_processing_utils_test.dart: ImageProcessingUtils ensureTargetFormat() Output-Format gibt valide Bytes zurück (JPEG für RGB-Bild)
00:09 +433 ~3 -2: /home/germanlion67/lager_app/app/test/utils/image_processing_utils_test.dart: ImageProcessingUtils ensureTargetFormat() Output-Format gibt valide Bytes zurück (JPEG für RGB-Bild)
00:09 +434 ~3 -2: /home/germanlion67/lager_app/app/test/utils/image_processing_utils_test.dart: ImageProcessingUtils ensureTargetFormat() Output-Format gibt valide Bytes zurück (JPEG für RGB-Bild)
00:09 +435 ~3 -2: /home/germanlion67/lager_app/app/test/utils/attachment_utils_test.dart: AttachmentUtils colorForMimeType() Blau für Bilder
00:09 +436 ~3 -2: /home/germanlion67/lager_app/app/test/utils/image_processing_utils_test.dart: ImageProcessingUtils ensureTargetFormat() Output-Format gibt PNG zurück für Bild mit Alpha-Kanal
00:09 +437 ~3 -2: /home/germanlion67/lager_app/app/test/utils/image_processing_utils_test.dart: ImageProcessingUtils ensureTargetFormat() Output-Format gibt PNG zurück für Bild mit Alpha-Kanal
00:09 +438 ~3 -2: /home/germanlion67/lager_app/app/test/utils/image_processing_utils_test.dart: ImageProcessingUtils ensureTargetFormat() Output-Format gibt PNG zurück für Bild mit Alpha-Kanal
00:09 +439 ~3 -2: /home/germanlion67/lager_app/app/test/utils/image_processing_utils_test.dart: ImageProcessingUtils ensureTargetFormat() Output-Format gibt PNG zurück für Bild mit Alpha-Kanal
00:09 +440 ~3 -2: /home/germanlion67/lager_app/app/test/utils/image_processing_utils_test.dart: ImageProcessingUtils ensureTargetFormat() Output-Format gibt PNG zurück für Bild mit Alpha-Kanal
00:09 +441 ~3 -2: /home/germanlion67/lager_app/app/test/utils/image_processing_utils_test.dart: ImageProcessingUtils ensureTargetFormat() Output-Format gibt PNG zurück für Bild mit Alpha-Kanal
00:09 +442 ~3 -2: /home/germanlion67/lager_app/app/test/utils/image_processing_utils_test.dart: ImageProcessingUtils ensureTargetFormat() Output-Format gibt PNG zurück für Bild mit Alpha-Kanal
00:09 +443 ~3 -2: /home/germanlion67/lager_app/app/test/utils/image_processing_utils_test.dart: ImageProcessingUtils ensureTargetFormat() Output-Format gibt PNG zurück für Bild mit Alpha-Kanal
00:09 +444 ~3 -2: /home/germanlion67/lager_app/app/test/utils/image_processing_utils_test.dart: ImageProcessingUtils ensureTargetFormat() Output-Format gibt PNG zurück für Bild mit Alpha-Kanal
00:09 +445 ~3 -2: /home/germanlion67/lager_app/app/test/utils/image_processing_utils_test.dart: ImageProcessingUtils ensureTargetFormat() Output-Format gibt PNG zurück für Bild mit Alpha-Kanal
00:09 +446 ~3 -2: /home/germanlion67/lager_app/app/test/utils/image_processing_utils_test.dart: ImageProcessingUtils ensureTargetFormat() Output-Format Output ist kleiner oder gleich dem Input bei großem Bild
00:10 +447 ~3 -2: /home/germanlion67/lager_app/app/test/utils/image_processing_utils_test.dart: ImageProcessingUtils ensureTargetFormat() Output-Format Output ist kleiner oder gleich dem Input bei großem Bild
00:10 +448 ~3 -2: /home/germanlion67/lager_app/app/test/utils/image_processing_utils_test.dart: ImageProcessingUtils ensureTargetFormat() Output-Format Output ist kleiner oder gleich dem Input bei großem Bild
00:10 +449 ~3 -2: /home/germanlion67/lager_app/app/test/utils/image_processing_utils_test.dart: ImageProcessingUtils ensureTargetFormat() Output-Format Output ist kleiner oder gleich dem Input bei großem Bild
00:10 +450 ~3 -2: /home/germanlion67/lager_app/app/test/utils/image_processing_utils_test.dart: ImageProcessingUtils ensureTargetFormat() Output-Format Output ist kleiner oder gleich dem Input bei großem Bild
00:10 +451 ~3 -2: /home/germanlion67/lager_app/app/test/utils/image_processing_utils_test.dart: ImageProcessingUtils ensureTargetFormat() Output-Format Output ist kleiner oder gleich dem Input bei großem Bild
00:10 +452 ~3 -2: /home/germanlion67/lager_app/app/test/utils/image_processing_utils_test.dart: ImageProcessingUtils ensureTargetFormat() Output-Format Output ist kleiner oder gleich dem Input bei großem Bild
00:10 +453 ~3 -2: /home/germanlion67/lager_app/app/test/utils/image_processing_utils_test.dart: ImageProcessingUtils ensureTargetFormat() Output-Format Output ist kleiner oder gleich dem Input bei großem Bild
00:10 +454 ~3 -2: /home/germanlion67/lager_app/app/test/utils/image_processing_utils_test.dart: ImageProcessingUtils ensureTargetFormat() Output-Format Output ist kleiner oder gleich dem Input bei großem Bild
00:10 +455 ~3 -2: /home/germanlion67/lager_app/app/test/utils/image_processing_utils_test.dart: ImageProcessingUtils ensureTargetFormat() Output-Format Output ist kleiner oder gleich dem Input bei großem Bild
00:10 +456 ~3 -2: /home/germanlion67/lager_app/app/test/utils/image_processing_utils_test.dart: ImageProcessingUtils ensureTargetFormat() Output-Format Output ist kleiner oder gleich dem Input bei großem Bild
00:10 +457 ~3 -2: /home/germanlion67/lager_app/app/test/utils/image_processing_utils_test.dart: ImageProcessingUtils ensureTargetFormat() Output-Format Output ist kleiner oder gleich dem Input bei großem Bild
00:10 +458 ~3 -2: /home/germanlion67/lager_app/app/test/utils/image_processing_utils_test.dart: ImageProcessingUtils ensureTargetFormat() Output-Format Output ist kleiner oder gleich dem Input bei großem Bild
00:10 +459 ~3 -2: /home/germanlion67/lager_app/app/test/utils/image_processing_utils_test.dart: ImageProcessingUtils ensureTargetFormat() Output-Format Output ist kleiner oder gleich dem Input bei großem Bild
00:10 +460 ~3 -2: /home/germanlion67/lager_app/app/test/utils/image_processing_utils_test.dart: ImageProcessingUtils ensureTargetFormat() Output-Format Output ist kleiner oder gleich dem Input bei großem Bild
00:10 +461 ~3 -2: /home/germanlion67/lager_app/app/test/utils/image_processing_utils_test.dart: ImageProcessingUtils ensureTargetFormat() Output-Format Output ist kleiner oder gleich dem Input bei großem Bild
00:10 +462 ~3 -2: /home/germanlion67/lager_app/app/test/utils/image_processing_utils_test.dart: ImageProcessingUtils ensureTargetFormat() Output-Format Output ist kleiner oder gleich dem Input bei großem Bild
00:10 +463 ~3 -2: /home/germanlion67/lager_app/app/test/utils/image_processing_utils_test.dart: ImageProcessingUtils ensureTargetFormat() Output-Format Output ist kleiner oder gleich dem Input bei großem Bild
00:10 +463 ~3 -2: /home/germanlion67/lager_app/app/test/conflict_resolution_test.dart: T-001.3: SyncService.detectConflicts() gibt leere Liste zurück wenn keine lokalen Artikel vorhanden
[38;5;12m┌───────────────────────────────────────────────────────────────────────────────────────────────────────────────────────[0m
[38;5;12m│ #0   SyncService.detectConflicts (package:lager_app/services/sync_service.dart:529:14)[0m
[38;5;12m│ #1   main.<anonymous closure>.<anonymous closure> (file:///home/germanlion67/lager_app/app/test/conflict_resolution_test.dart:311:40)[0m
[38;5;12m├┄┄┄┄┄┄┄┄┄┄┄┄┄┄┄┄┄┄┄┄┄┄┄┄┄┄┄┄┄┄┄┄┄┄┄┄┄┄┄┄┄┄┄┄┄┄┄┄┄┄┄┄┄┄┄┄┄┄┄┄┄┄┄┄┄┄┄┄┄┄┄┄┄┄┄┄┄┄┄┄┄┄┄┄┄┄┄┄┄┄┄┄┄┄┄┄┄┄┄┄┄┄┄┄┄┄┄┄┄┄┄┄┄┄┄┄┄┄┄[0m
[38;5;12m│ 💡 Detecting sync conflicts...[0m
[38;5;12m└───────────────────────────────────────────────────────────────────────────────────────────────────────────────────────[0m
[38;5;12m┌───────────────────────────────────────────────────────────────────────────────────────────────────────────────────────[0m
[38;5;12m│ #0   SyncService.detectConflicts (package:lager_app/services/sync_service.dart:562:14)[0m
[38;5;12m│ #1   <asynchronous suspension>[0m
[38;5;12m├┄┄┄┄┄┄┄┄┄┄┄┄┄┄┄┄┄┄┄┄┄┄┄┄┄┄┄┄┄┄┄┄┄┄┄┄┄┄┄┄┄┄┄┄┄┄┄┄┄┄┄┄┄┄┄┄┄┄┄┄┄┄┄┄┄┄┄┄┄┄┄┄┄┄┄┄┄┄┄┄┄┄┄┄┄┄┄┄┄┄┄┄┄┄┄┄┄┄┄┄┄┄┄┄┄┄┄┄┄┄┄┄┄┄┄┄┄┄┄[0m
[38;5;12m│ 💡 Found 0 conflicts[0m
[38;5;12m└───────────────────────────────────────────────────────────────────────────────────────────────────────────────────────[0m
00:10 +464 ~3 -2: /home/germanlion67/lager_app/app/test/utils/image_processing_utils_test.dart: ImageProcessingUtils ensureTargetFormat() Output-Format Output ist kleiner oder gleich dem Input bei großem Bild
00:10 +464 ~3 -2: /home/germanlion67/lager_app/app/test/conflict_resolution_test.dart: T-001.3: SyncService.detectConflicts() gibt leere Liste zurück wenn ETags übereinstimmen (kein Konflikt)
[38;5;12m┌───────────────────────────────────────────────────────────────────────────────────────────────────────────────────────[0m
[38;5;12m│ #0   SyncService.detectConflicts (package:lager_app/services/sync_service.dart:529:14)[0m
[38;5;12m│ #1   main.<anonymous closure>.<anonymous closure> (file:///home/germanlion67/lager_app/app/test/conflict_resolution_test.dart:330:40)[0m
[38;5;12m├┄┄┄┄┄┄┄┄┄┄┄┄┄┄┄┄┄┄┄┄┄┄┄┄┄┄┄┄┄┄┄┄┄┄┄┄┄┄┄┄┄┄┄┄┄┄┄┄┄┄┄┄┄┄┄┄┄┄┄┄┄┄┄┄┄┄┄┄┄┄┄┄┄┄┄┄┄┄┄┄┄┄┄┄┄┄┄┄┄┄┄┄┄┄┄┄┄┄┄┄┄┄┄┄┄┄┄┄┄┄┄┄┄┄┄┄┄┄┄[0m
[38;5;12m│ 💡 Detecting sync conflicts...[0m
[38;5;12m└───────────────────────────────────────────────────────────────────────────────────────────────────────────────────────[0m
[38;5;12m┌───────────────────────────────────────────────────────────────────────────────────────────────────────────────────────[0m
[38;5;12m│ #0   SyncService.detectConflicts (package:lager_app/services/sync_service.dart:562:14)[0m
[38;5;12m│ #1   <asynchronous suspension>[0m
[38;5;12m├┄┄┄┄┄┄┄┄┄┄┄┄┄┄┄┄┄┄┄┄┄┄┄┄┄┄┄┄┄┄┄┄┄┄┄┄┄┄┄┄┄┄┄┄┄┄┄┄┄┄┄┄┄┄┄┄┄┄┄┄┄┄┄┄┄┄┄┄┄┄┄┄┄┄┄┄┄┄┄┄┄┄┄┄┄┄┄┄┄┄┄┄┄┄┄┄┄┄┄┄┄┄┄┄┄┄┄┄┄┄┄┄┄┄┄┄┄┄┄[0m
[38;5;12m│ 💡 Found 0 conflicts[0m
[38;5;12m└───────────────────────────────────────────────────────────────────────────────────────────────────────────────────────[0m
00:10 +465 ~3 -2: /home/germanlion67/lager_app/app/test/utils/image_processing_utils_test.dart: ImageProcessingUtils ensureTargetFormat() Output-Format Output ist kleiner oder gleich dem Input bei großem Bild
00:10 +465 ~3 -2: /home/germanlion67/lager_app/app/test/conflict_resolution_test.dart: T-001.3: SyncService.detectConflicts() gibt leere Liste zurück wenn lokaler ETag null ist
[38;5;12m┌───────────────────────────────────────────────────────────────────────────────────────────────────────────────────────[0m
[38;5;12m│ #0   SyncService.detectConflicts (package:lager_app/services/sync_service.dart:529:14)[0m
[38;5;12m│ #1   main.<anonymous closure>.<anonymous closure> (file:///home/germanlion67/lager_app/app/test/conflict_resolution_test.dart:349:40)[0m
[38;5;12m├┄┄┄┄┄┄┄┄┄┄┄┄┄┄┄┄┄┄┄┄┄┄┄┄┄┄┄┄┄┄┄┄┄┄┄┄┄┄┄┄┄┄┄┄┄┄┄┄┄┄┄┄┄┄┄┄┄┄┄┄┄┄┄┄┄┄┄┄┄┄┄┄┄┄┄┄┄┄┄┄┄┄┄┄┄┄┄┄┄┄┄┄┄┄┄┄┄┄┄┄┄┄┄┄┄┄┄┄┄┄┄┄┄┄┄┄┄┄┄[0m
[38;5;12m│ 💡 Detecting sync conflicts...[0m
[38;5;12m└───────────────────────────────────────────────────────────────────────────────────────────────────────────────────────[0m
[38;5;12m┌───────────────────────────────────────────────────────────────────────────────────────────────────────────────────────[0m
[38;5;12m│ #0   SyncService.detectConflicts (package:lager_app/services/sync_service.dart:562:14)[0m
[38;5;12m│ #1   <asynchronous suspension>[0m
[38;5;12m├┄┄┄┄┄┄┄┄┄┄┄┄┄┄┄┄┄┄┄┄┄┄┄┄┄┄┄┄┄┄┄┄┄┄┄┄┄┄┄┄┄┄┄┄┄┄┄┄┄┄┄┄┄┄┄┄┄┄┄┄┄┄┄┄┄┄┄┄┄┄┄┄┄┄┄┄┄┄┄┄┄┄┄┄┄┄┄┄┄┄┄┄┄┄┄┄┄┄┄┄┄┄┄┄┄┄┄┄┄┄┄┄┄┄┄┄┄┄┄[0m
[38;5;12m│ 💡 Found 0 conflicts[0m
[38;5;12m└───────────────────────────────────────────────────────────────────────────────────────────────────────────────────────[0m
00:10 +466 ~3 -2: /home/germanlion67/lager_app/app/test/utils/image_processing_utils_test.dart: ImageProcessingUtils ensureTargetFormat() Output-Format Output ist kleiner oder gleich dem Input bei großem Bild
00:10 +466 ~3 -2: /home/germanlion67/lager_app/app/test/conflict_resolution_test.dart: T-001.3: SyncService.detectConflicts() erkennt ETag-Abweichung als Konflikt
[38;5;12m┌───────────────────────────────────────────────────────────────────────────────────────────────────────────────────────[0m
[38;5;12m│ #0   SyncService.detectConflicts (package:lager_app/services/sync_service.dart:529:14)[0m
[38;5;12m│ #1   main.<anonymous closure>.<anonymous closure> (file:///home/germanlion67/lager_app/app/test/conflict_resolution_test.dart:380:40)[0m
[38;5;12m├┄┄┄┄┄┄┄┄┄┄┄┄┄┄┄┄┄┄┄┄┄┄┄┄┄┄┄┄┄┄┄┄┄┄┄┄┄┄┄┄┄┄┄┄┄┄┄┄┄┄┄┄┄┄┄┄┄┄┄┄┄┄┄┄┄┄┄┄┄┄┄┄┄┄┄┄┄┄┄┄┄┄┄┄┄┄┄┄┄┄┄┄┄┄┄┄┄┄┄┄┄┄┄┄┄┄┄┄┄┄┄┄┄┄┄┄┄┄┄[0m
[38;5;12m│ 💡 Detecting sync conflicts...[0m
[38;5;12m└───────────────────────────────────────────────────────────────────────────────────────────────────────────────────────[0m
┌───────────────────────────────────────────────────────────────────────────────────────────────────────────────────────
│ #0   SyncService.detectConflicts (package:lager_app/services/sync_service.dart:543:20)
│ #1   <asynchronous suspension>
├┄┄┄┄┄┄┄┄┄┄┄┄┄┄┄┄┄┄┄┄┄┄┄┄┄┄┄┄┄┄┄┄┄┄┄┄┄┄┄┄┄┄┄┄┄┄┄┄┄┄┄┄┄┄┄┄┄┄┄┄┄┄┄┄┄┄┄┄┄┄┄┄┄┄┄┄┄┄┄┄┄┄┄┄┄┄┄┄┄┄┄┄┄┄┄┄┄┄┄┄┄┄┄┄┄┄┄┄┄┄┄┄┄┄┄┄┄┄┄
│ 🐛 ETag conflict detected for Lokal-Name
└───────────────────────────────────────────────────────────────────────────────────────────────────────────────────────
[38;5;12m┌───────────────────────────────────────────────────────────────────────────────────────────────────────────────────────[0m
[38;5;12m│ #0   SyncService.detectConflicts (package:lager_app/services/sync_service.dart:562:14)[0m
[38;5;12m│ #1   <asynchronous suspension>[0m
[38;5;12m├┄┄┄┄┄┄┄┄┄┄┄┄┄┄┄┄┄┄┄┄┄┄┄┄┄┄┄┄┄┄┄┄┄┄┄┄┄┄┄┄┄┄┄┄┄┄┄┄┄┄┄┄┄┄┄┄┄┄┄┄┄┄┄┄┄┄┄┄┄┄┄┄┄┄┄┄┄┄┄┄┄┄┄┄┄┄┄┄┄┄┄┄┄┄┄┄┄┄┄┄┄┄┄┄┄┄┄┄┄┄┄┄┄┄┄┄┄┄┄[0m
[38;5;12m│ 💡 Found 1 conflicts[0m
[38;5;12m└───────────────────────────────────────────────────────────────────────────────────────────────────────────────────────[0m
00:10 +467 ~3 -2: /home/germanlion67/lager_app/app/test/utils/image_processing_utils_test.dart: ImageProcessingUtils ensureTargetFormat() Output-Format Output ist kleiner oder gleich dem Input bei großem Bild
00:10 +467 ~3 -2: /home/germanlion67/lager_app/app/test/conflict_resolution_test.dart: T-001.3: SyncService.detectConflicts() erkennt mehrere ETag-Konflikte gleichzeitig
[38;5;12m┌───────────────────────────────────────────────────────────────────────────────────────────────────────────────────────[0m
[38;5;12m│ #0   SyncService.detectConflicts (package:lager_app/services/sync_service.dart:529:14)[0m
[38;5;12m│ #1   main.<anonymous closure>.<anonymous closure> (file:///home/germanlion67/lager_app/app/test/conflict_resolution_test.dart:428:40)[0m
[38;5;12m├┄┄┄┄┄┄┄┄┄┄┄┄┄┄┄┄┄┄┄┄┄┄┄┄┄┄┄┄┄┄┄┄┄┄┄┄┄┄┄┄┄┄┄┄┄┄┄┄┄┄┄┄┄┄┄┄┄┄┄┄┄┄┄┄┄┄┄┄┄┄┄┄┄┄┄┄┄┄┄┄┄┄┄┄┄┄┄┄┄┄┄┄┄┄┄┄┄┄┄┄┄┄┄┄┄┄┄┄┄┄┄┄┄┄┄┄┄┄┄[0m
[38;5;12m│ 💡 Detecting sync conflicts...[0m
[38;5;12m└───────────────────────────────────────────────────────────────────────────────────────────────────────────────────────[0m
┌───────────────────────────────────────────────────────────────────────────────────────────────────────────────────────
│ #0   SyncService.detectConflicts (package:lager_app/services/sync_service.dart:543:20)
│ #1   <asynchronous suspension>
├┄┄┄┄┄┄┄┄┄┄┄┄┄┄┄┄┄┄┄┄┄┄┄┄┄┄┄┄┄┄┄┄┄┄┄┄┄┄┄┄┄┄┄┄┄┄┄┄┄┄┄┄┄┄┄┄┄┄┄┄┄┄┄┄┄┄┄┄┄┄┄┄┄┄┄┄┄┄┄┄┄┄┄┄┄┄┄┄┄┄┄┄┄┄┄┄┄┄┄┄┄┄┄┄┄┄┄┄┄┄┄┄┄┄┄┄┄┄┄
│ 🐛 ETag conflict detected for Widerstand 10kΩ
└───────────────────────────────────────────────────────────────────────────────────────────────────────────────────────
┌───────────────────────────────────────────────────────────────────────────────────────────────────────────────────────
│ #0   SyncService.detectConflicts (package:lager_app/services/sync_service.dart:543:20)
│ #1   <asynchronous suspension>
├┄┄┄┄┄┄┄┄┄┄┄┄┄┄┄┄┄┄┄┄┄┄┄┄┄┄┄┄┄┄┄┄┄┄┄┄┄┄┄┄┄┄┄┄┄┄┄┄┄┄┄┄┄┄┄┄┄┄┄┄┄┄┄┄┄┄┄┄┄┄┄┄┄┄┄┄┄┄┄┄┄┄┄┄┄┄┄┄┄┄┄┄┄┄┄┄┄┄┄┄┄┄┄┄┄┄┄┄┄┄┄┄┄┄┄┄┄┄┄
│ 🐛 ETag conflict detected for Widerstand 10kΩ
└───────────────────────────────────────────────────────────────────────────────────────────────────────────────────────
[38;5;12m┌───────────────────────────────────────────────────────────────────────────────────────────────────────────────────────[0m
[38;5;12m│ #0   SyncService.detectConflicts (package:lager_app/services/sync_service.dart:562:14)[0m
[38;5;12m│ #1   <asynchronous suspension>[0m
[38;5;12m├┄┄┄┄┄┄┄┄┄┄┄┄┄┄┄┄┄┄┄┄┄┄┄┄┄┄┄┄┄┄┄┄┄┄┄┄┄┄┄┄┄┄┄┄┄┄┄┄┄┄┄┄┄┄┄┄┄┄┄┄┄┄┄┄┄┄┄┄┄┄┄┄┄┄┄┄┄┄┄┄┄┄┄┄┄┄┄┄┄┄┄┄┄┄┄┄┄┄┄┄┄┄┄┄┄┄┄┄┄┄┄┄┄┄┄┄┄┄┄[0m
[38;5;12m│ 💡 Found 2 conflicts[0m
[38;5;12m└───────────────────────────────────────────────────────────────────────────────────────────────────────────────────────[0m
00:10 +468 ~3 -2: /home/germanlion67/lager_app/app/test/utils/image_processing_utils_test.dart: ImageProcessingUtils ensureTargetFormat() Output-Format Output ist kleiner oder gleich dem Input bei großem Bild
00:10 +468 ~3 -2: /home/germanlion67/lager_app/app/test/conflict_resolution_test.dart: T-001.3: SyncService.detectConflicts() überspringt Artikel die nicht auf dem Server existieren
[38;5;12m┌───────────────────────────────────────────────────────────────────────────────────────────────────────────────────────[0m
[38;5;12m│ #0   SyncService.detectConflicts (package:lager_app/services/sync_service.dart:529:14)[0m
[38;5;12m│ #1   main.<anonymous closure>.<anonymous closure> (file:///home/germanlion67/lager_app/app/test/conflict_resolution_test.dart:444:40)[0m
[38;5;12m├┄┄┄┄┄┄┄┄┄┄┄┄┄┄┄┄┄┄┄┄┄┄┄┄┄┄┄┄┄┄┄┄┄┄┄┄┄┄┄┄┄┄┄┄┄┄┄┄┄┄┄┄┄┄┄┄┄┄┄┄┄┄┄┄┄┄┄┄┄┄┄┄┄┄┄┄┄┄┄┄┄┄┄┄┄┄┄┄┄┄┄┄┄┄┄┄┄┄┄┄┄┄┄┄┄┄┄┄┄┄┄┄┄┄┄┄┄┄┄[0m
[38;5;12m│ 💡 Detecting sync conflicts...[0m
[38;5;12m└───────────────────────────────────────────────────────────────────────────────────────────────────────────────────────[0m
┌───────────────────────────────────────────────────────────────────────────────────────────────────────────────────────
│ #0   SyncService.detectConflicts (package:lager_app/services/sync_service.dart:558:18)
│ #1   <asynchronous suspension>
├┄┄┄┄┄┄┄┄┄┄┄┄┄┄┄┄┄┄┄┄┄┄┄┄┄┄┄┄┄┄┄┄┄┄┄┄┄┄┄┄┄┄┄┄┄┄┄┄┄┄┄┄┄┄┄┄┄┄┄┄┄┄┄┄┄┄┄┄┄┄┄┄┄┄┄┄┄┄┄┄┄┄┄┄┄┄┄┄┄┄┄┄┄┄┄┄┄┄┄┄┄┄┄┄┄┄┄┄┄┄┄┄┄┄┄┄┄┄┄
│ 🐛 Skipping conflict check for Widerstand 10kΩ: Bad state: Not found
└───────────────────────────────────────────────────────────────────────────────────────────────────────────────────────
[38;5;12m┌───────────────────────────────────────────────────────────────────────────────────────────────────────────────────────[0m
[38;5;12m│ #0   SyncService.detectConflicts (package:lager_app/services/sync_service.dart:562:14)[0m
[38;5;12m│ #1   <asynchronous suspension>[0m
[38;5;12m├┄┄┄┄┄┄┄┄┄┄┄┄┄┄┄┄┄┄┄┄┄┄┄┄┄┄┄┄┄┄┄┄┄┄┄┄┄┄┄┄┄┄┄┄┄┄┄┄┄┄┄┄┄┄┄┄┄┄┄┄┄┄┄┄┄┄┄┄┄┄┄┄┄┄┄┄┄┄┄┄┄┄┄┄┄┄┄┄┄┄┄┄┄┄┄┄┄┄┄┄┄┄┄┄┄┄┄┄┄┄┄┄┄┄┄┄┄┄┄[0m
[38;5;12m│ 💡 Found 0 conflicts[0m
[38;5;12m└───────────────────────────────────────────────────────────────────────────────────────────────────────────────────────[0m
00:10 +469 ~3 -2: /home/germanlion67/lager_app/app/test/utils/image_processing_utils_test.dart: ImageProcessingUtils ensureTargetFormat() Output-Format Output ist kleiner oder gleich dem Input bei großem Bild
00:10 +469 ~3 -2: /home/germanlion67/lager_app/app/test/conflict_resolution_test.dart: T-001.3: SyncService.detectConflicts() gibt leere Liste zurück bei getAlleArtikel-Fehler (graceful)
[38;5;12m┌───────────────────────────────────────────────────────────────────────────────────────────────────────────────────────[0m
[38;5;12m│ #0   SyncService.detectConflicts (package:lager_app/services/sync_service.dart:529:14)[0m
[38;5;12m│ #1   main.<anonymous closure>.<anonymous closure> (file:///home/germanlion67/lager_app/app/test/conflict_resolution_test.dart:454:40)[0m
[38;5;12m├┄┄┄┄┄┄┄┄┄┄┄┄┄┄┄┄┄┄┄┄┄┄┄┄┄┄┄┄┄┄┄┄┄┄┄┄┄┄┄┄┄┄┄┄┄┄┄┄┄┄┄┄┄┄┄┄┄┄┄┄┄┄┄┄┄┄┄┄┄┄┄┄┄┄┄┄┄┄┄┄┄┄┄┄┄┄┄┄┄┄┄┄┄┄┄┄┄┄┄┄┄┄┄┄┄┄┄┄┄┄┄┄┄┄┄┄┄┄┄[0m
[38;5;12m│ 💡 Detecting sync conflicts...[0m
[38;5;12m└───────────────────────────────────────────────────────────────────────────────────────────────────────────────────────[0m
[38;5;196m┌───────────────────────────────────────────────────────────────────────────────────────────────────────────────────────[0m
[38;5;196m│ #0   SyncService.detectConflicts (package:lager_app/services/sync_service.dart:565:14)[0m
[38;5;196m│ #1   main.<anonymous closure>.<anonymous closure> (file:///home/germanlion67/lager_app/app/test/conflict_resolution_test.dart:454:40)[0m
[38;5;196m├┄┄┄┄┄┄┄┄┄┄┄┄┄┄┄┄┄┄┄┄┄┄┄┄┄┄┄┄┄┄┄┄┄┄┄┄┄┄┄┄┄┄┄┄┄┄┄┄┄┄┄┄┄┄┄┄┄┄┄┄┄┄┄┄┄┄┄┄┄┄┄┄┄┄┄┄┄┄┄┄┄┄┄┄┄┄┄┄┄┄┄┄┄┄┄┄┄┄┄┄┄┄┄┄┄┄┄┄┄┄┄┄┄┄┄┄┄┄┄[0m
[38;5;196m│ ⛔ Error detecting conflicts: Exception: DB-Fehler[0m
[38;5;196m└───────────────────────────────────────────────────────────────────────────────────────────────────────────────────────[0m
00:10 +470 ~3 -2: /home/germanlion67/lager_app/app/test/utils/image_processing_utils_test.dart: ImageProcessingUtils ensureTargetFormat() Output-Format Output ist kleiner oder gleich dem Input bei großem Bild
00:10 +470 ~3 -2: /home/germanlion67/lager_app/app/test/conflict_resolution_test.dart: T-001.3: SyncService.detectConflicts() überspringt einzelnen Artikel bei downloadItem-Fehler
[38;5;12m┌───────────────────────────────────────────────────────────────────────────────────────────────────────────────────────[0m
[38;5;12m│ #0   SyncService.detectConflicts (package:lager_app/services/sync_service.dart:529:14)[0m
[38;5;12m│ #1   main.<anonymous closure>.<anonymous closure> (file:///home/germanlion67/lager_app/app/test/conflict_resolution_test.dart:485:40)[0m
[38;5;12m├┄┄┄┄┄┄┄┄┄┄┄┄┄┄┄┄┄┄┄┄┄┄┄┄┄┄┄┄┄┄┄┄┄┄┄┄┄┄┄┄┄┄┄┄┄┄┄┄┄┄┄┄┄┄┄┄┄┄┄┄┄┄┄┄┄┄┄┄┄┄┄┄┄┄┄┄┄┄┄┄┄┄┄┄┄┄┄┄┄┄┄┄┄┄┄┄┄┄┄┄┄┄┄┄┄┄┄┄┄┄┄┄┄┄┄┄┄┄┄[0m
[38;5;12m│ 💡 Detecting sync conflicts...[0m
[38;5;12m└───────────────────────────────────────────────────────────────────────────────────────────────────────────────────────[0m
┌───────────────────────────────────────────────────────────────────────────────────────────────────────────────────────
│ #0   SyncService.detectConflicts (package:lager_app/services/sync_service.dart:543:20)
│ #1   <asynchronous suspension>
├┄┄┄┄┄┄┄┄┄┄┄┄┄┄┄┄┄┄┄┄┄┄┄┄┄┄┄┄┄┄┄┄┄┄┄┄┄┄┄┄┄┄┄┄┄┄┄┄┄┄┄┄┄┄┄┄┄┄┄┄┄┄┄┄┄┄┄┄┄┄┄┄┄┄┄┄┄┄┄┄┄┄┄┄┄┄┄┄┄┄┄┄┄┄┄┄┄┄┄┄┄┄┄┄┄┄┄┄┄┄┄┄┄┄┄┄┄┄┄
│ 🐛 ETag conflict detected for Widerstand 10kΩ
└───────────────────────────────────────────────────────────────────────────────────────────────────────────────────────
┌───────────────────────────────────────────────────────────────────────────────────────────────────────────────────────
│ #0   SyncService.detectConflicts (package:lager_app/services/sync_service.dart:558:18)
│ #1   <asynchronous suspension>
├┄┄┄┄┄┄┄┄┄┄┄┄┄┄┄┄┄┄┄┄┄┄┄┄┄┄┄┄┄┄┄┄┄┄┄┄┄┄┄┄┄┄┄┄┄┄┄┄┄┄┄┄┄┄┄┄┄┄┄┄┄┄┄┄┄┄┄┄┄┄┄┄┄┄┄┄┄┄┄┄┄┄┄┄┄┄┄┄┄┄┄┄┄┄┄┄┄┄┄┄┄┄┄┄┄┄┄┄┄┄┄┄┄┄┄┄┄┄┄
│ 🐛 Skipping conflict check for Widerstand 10kΩ: Exception: Netzwerkfehler
└───────────────────────────────────────────────────────────────────────────────────────────────────────────────────────
[38;5;12m┌───────────────────────────────────────────────────────────────────────────────────────────────────────────────────────[0m
[38;5;12m│ #0   SyncService.detectConflicts (package:lager_app/services/sync_service.dart:562:14)[0m
[38;5;12m│ #1   <asynchronous suspension>[0m
[38;5;12m├┄┄┄┄┄┄┄┄┄┄┄┄┄┄┄┄┄┄┄┄┄┄┄┄┄┄┄┄┄┄┄┄┄┄┄┄┄┄┄┄┄┄┄┄┄┄┄┄┄┄┄┄┄┄┄┄┄┄┄┄┄┄┄┄┄┄┄┄┄┄┄┄┄┄┄┄┄┄┄┄┄┄┄┄┄┄┄┄┄┄┄┄┄┄┄┄┄┄┄┄┄┄┄┄┄┄┄┄┄┄┄┄┄┄┄┄┄┄┄[0m
[38;5;12m│ 💡 Found 0 conflicts[0m
[38;5;12m└───────────────────────────────────────────────────────────────────────────────────────────────────────────────────────[0m
00:10 +471 ~3 -2: /home/germanlion67/lager_app/app/test/utils/image_processing_utils_test.dart: ImageProcessingUtils ensureTargetFormat() Output-Format Output ist kleiner oder gleich dem Input bei großem Bild
00:10 +471 ~3 -2: /home/germanlion67/lager_app/app/test/conflict_resolution_test.dart: T-001.3: SyncService.detectConflicts() ConflictData enthält detectedAt nahe der aktuellen Zeit
[38;5;12m┌───────────────────────────────────────────────────────────────────────────────────────────────────────────────────────[0m
[38;5;12m│ #0   SyncService.detectConflicts (package:lager_app/services/sync_service.dart:529:14)[0m
[38;5;12m│ #1   main.<anonymous closure>.<anonymous closure> (file:///home/germanlion67/lager_app/app/test/conflict_resolution_test.dart:512:40)[0m
[38;5;12m├┄┄┄┄┄┄┄┄┄┄┄┄┄┄┄┄┄┄┄┄┄┄┄┄┄┄┄┄┄┄┄┄┄┄┄┄┄┄┄┄┄┄┄┄┄┄┄┄┄┄┄┄┄┄┄┄┄┄┄┄┄┄┄┄┄┄┄┄┄┄┄┄┄┄┄┄┄┄┄┄┄┄┄┄┄┄┄┄┄┄┄┄┄┄┄┄┄┄┄┄┄┄┄┄┄┄┄┄┄┄┄┄┄┄┄┄┄┄┄[0m
[38;5;12m│ 💡 Detecting sync conflicts...[0m
[38;5;12m└───────────────────────────────────────────────────────────────────────────────────────────────────────────────────────[0m
┌───────────────────────────────────────────────────────────────────────────────────────────────────────────────────────
│ #0   SyncService.detectConflicts (package:lager_app/services/sync_service.dart:543:20)
│ #1   <asynchronous suspension>
├┄┄┄┄┄┄┄┄┄┄┄┄┄┄┄┄┄┄┄┄┄┄┄┄┄┄┄┄┄┄┄┄┄┄┄┄┄┄┄┄┄┄┄┄┄┄┄┄┄┄┄┄┄┄┄┄┄┄┄┄┄┄┄┄┄┄┄┄┄┄┄┄┄┄┄┄┄┄┄┄┄┄┄┄┄┄┄┄┄┄┄┄┄┄┄┄┄┄┄┄┄┄┄┄┄┄┄┄┄┄┄┄┄┄┄┄┄┄┄
│ 🐛 ETag conflict detected for Widerstand 10kΩ
└───────────────────────────────────────────────────────────────────────────────────────────────────────────────────────
[38;5;12m┌───────────────────────────────────────────────────────────────────────────────────────────────────────────────────────[0m
[38;5;12m│ #0   SyncService.detectConflicts (package:lager_app/services/sync_service.dart:562:14)[0m
[38;5;12m│ #1   <asynchronous suspension>[0m
[38;5;12m├┄┄┄┄┄┄┄┄┄┄┄┄┄┄┄┄┄┄┄┄┄┄┄┄┄┄┄┄┄┄┄┄┄┄┄┄┄┄┄┄┄┄┄┄┄┄┄┄┄┄┄┄┄┄┄┄┄┄┄┄┄┄┄┄┄┄┄┄┄┄┄┄┄┄┄┄┄┄┄┄┄┄┄┄┄┄┄┄┄┄┄┄┄┄┄┄┄┄┄┄┄┄┄┄┄┄┄┄┄┄┄┄┄┄┄┄┄┄┄[0m
[38;5;12m│ 💡 Found 1 conflicts[0m
[38;5;12m└───────────────────────────────────────────────────────────────────────────────────────────────────────────────────────[0m
00:10 +472 ~3 -2: /home/germanlion67/lager_app/app/test/utils/image_processing_utils_test.dart: ImageProcessingUtils ensureTargetFormat() Output-Format Output ist kleiner oder gleich dem Input bei großem Bild
00:10 +472 ~3 -2: /home/germanlion67/lager_app/app/test/conflict_resolution_test.dart: T-001.4: _determineConflictReason() via detectConflicts() Szenario: gleiche Zeitstempel → "Gleichzeitige Bearbeitung"
[38;5;12m┌───────────────────────────────────────────────────────────────────────────────────────────────────────────────────────[0m
[38;5;12m│ #0   SyncService.detectConflicts (package:lager_app/services/sync_service.dart:529:14)[0m
[38;5;12m│ #1   main.<anonymous closure>.getConflictReason (file:///home/germanlion67/lager_app/app/test/conflict_resolution_test.dart:580:43)[0m
[38;5;12m├┄┄┄┄┄┄┄┄┄┄┄┄┄┄┄┄┄┄┄┄┄┄┄┄┄┄┄┄┄┄┄┄┄┄┄┄┄┄┄┄┄┄┄┄┄┄┄┄┄┄┄┄┄┄┄┄┄┄┄┄┄┄┄┄┄┄┄┄┄┄┄┄┄┄┄┄┄┄┄┄┄┄┄┄┄┄┄┄┄┄┄┄┄┄┄┄┄┄┄┄┄┄┄┄┄┄┄┄┄┄┄┄┄┄┄┄┄┄┄[0m
[38;5;12m│ 💡 Detecting sync conflicts...[0m
[38;5;12m└───────────────────────────────────────────────────────────────────────────────────────────────────────────────────────[0m
┌───────────────────────────────────────────────────────────────────────────────────────────────────────────────────────
│ #0   SyncService.detectConflicts (package:lager_app/services/sync_service.dart:543:20)
│ #1   <asynchronous suspension>
├┄┄┄┄┄┄┄┄┄┄┄┄┄┄┄┄┄┄┄┄┄┄┄┄┄┄┄┄┄┄┄┄┄┄┄┄┄┄┄┄┄┄┄┄┄┄┄┄┄┄┄┄┄┄┄┄┄┄┄┄┄┄┄┄┄┄┄┄┄┄┄┄┄┄┄┄┄┄┄┄┄┄┄┄┄┄┄┄┄┄┄┄┄┄┄┄┄┄┄┄┄┄┄┄┄┄┄┄┄┄┄┄┄┄┄┄┄┄┄
│ 🐛 ETag conflict detected for Widerstand 10kΩ
└───────────────────────────────────────────────────────────────────────────────────────────────────────────────────────
[38;5;12m┌───────────────────────────────────────────────────────────────────────────────────────────────────────────────────────[0m
[38;5;12m│ #0   SyncService.detectConflicts (package:lager_app/services/sync_service.dart:562:14)[0m
[38;5;12m│ #1   <asynchronous suspension>[0m
[38;5;12m├┄┄┄┄┄┄┄┄┄┄┄┄┄┄┄┄┄┄┄┄┄┄┄┄┄┄┄┄┄┄┄┄┄┄┄┄┄┄┄┄┄┄┄┄┄┄┄┄┄┄┄┄┄┄┄┄┄┄┄┄┄┄┄┄┄┄┄┄┄┄┄┄┄┄┄┄┄┄┄┄┄┄┄┄┄┄┄┄┄┄┄┄┄┄┄┄┄┄┄┄┄┄┄┄┄┄┄┄┄┄┄┄┄┄┄┄┄┄┄[0m
[38;5;12m│ 💡 Found 1 conflicts[0m
[38;5;12m└───────────────────────────────────────────────────────────────────────────────────────────────────────────────────────[0m
00:10 +473 ~3 -2: /home/germanlion67/lager_app/app/test/utils/image_processing_utils_test.dart: ImageProcessingUtils ensureTargetFormat() Output-Format Output ist kleiner oder gleich dem Input bei großem Bild
00:10 +473 ~3 -2: /home/germanlion67/lager_app/app/test/conflict_resolution_test.dart: T-001.4: _determineConflictReason() via detectConflicts() Szenario: 30s Unterschied → "Zeitnahe Bearbeitung"
[38;5;12m┌───────────────────────────────────────────────────────────────────────────────────────────────────────────────────────[0m
[38;5;12m│ #0   SyncService.detectConflicts (package:lager_app/services/sync_service.dart:529:14)[0m
[38;5;12m│ #1   main.<anonymous closure>.getConflictReason (file:///home/germanlion67/lager_app/app/test/conflict_resolution_test.dart:580:43)[0m
[38;5;12m├┄┄┄┄┄┄┄┄┄┄┄┄┄┄┄┄┄┄┄┄┄┄┄┄┄┄┄┄┄┄┄┄┄┄┄┄┄┄┄┄┄┄┄┄┄┄┄┄┄┄┄┄┄┄┄┄┄┄┄┄┄┄┄┄┄┄┄┄┄┄┄┄┄┄┄┄┄┄┄┄┄┄┄┄┄┄┄┄┄┄┄┄┄┄┄┄┄┄┄┄┄┄┄┄┄┄┄┄┄┄┄┄┄┄┄┄┄┄┄[0m
[38;5;12m│ 💡 Detecting sync conflicts...[0m
[38;5;12m└───────────────────────────────────────────────────────────────────────────────────────────────────────────────────────[0m
┌───────────────────────────────────────────────────────────────────────────────────────────────────────────────────────
│ #0   SyncService.detectConflicts (package:lager_app/services/sync_service.dart:543:20)
│ #1   <asynchronous suspension>
├┄┄┄┄┄┄┄┄┄┄┄┄┄┄┄┄┄┄┄┄┄┄┄┄┄┄┄┄┄┄┄┄┄┄┄┄┄┄┄┄┄┄┄┄┄┄┄┄┄┄┄┄┄┄┄┄┄┄┄┄┄┄┄┄┄┄┄┄┄┄┄┄┄┄┄┄┄┄┄┄┄┄┄┄┄┄┄┄┄┄┄┄┄┄┄┄┄┄┄┄┄┄┄┄┄┄┄┄┄┄┄┄┄┄┄┄┄┄┄
│ 🐛 ETag conflict detected for Widerstand 10kΩ
└───────────────────────────────────────────────────────────────────────────────────────────────────────────────────────
[38;5;12m┌───────────────────────────────────────────────────────────────────────────────────────────────────────────────────────[0m
[38;5;12m│ #0   SyncService.detectConflicts (package:lager_app/services/sync_service.dart:562:14)[0m
[38;5;12m│ #1   <asynchronous suspension>[0m
[38;5;12m├┄┄┄┄┄┄┄┄┄┄┄┄┄┄┄┄┄┄┄┄┄┄┄┄┄┄┄┄┄┄┄┄┄┄┄┄┄┄┄┄┄┄┄┄┄┄┄┄┄┄┄┄┄┄┄┄┄┄┄┄┄┄┄┄┄┄┄┄┄┄┄┄┄┄┄┄┄┄┄┄┄┄┄┄┄┄┄┄┄┄┄┄┄┄┄┄┄┄┄┄┄┄┄┄┄┄┄┄┄┄┄┄┄┄┄┄┄┄┄[0m
[38;5;12m│ 💡 Found 1 conflicts[0m
[38;5;12m└───────────────────────────────────────────────────────────────────────────────────────────────────────────────────────[0m
00:10 +474 ~3 -2: /home/germanlion67/lager_app/app/test/utils/image_processing_utils_test.dart: ImageProcessingUtils ensureTargetFormat() Output-Format Output ist kleiner oder gleich dem Input bei großem Bild
00:10 +474 ~3 -2: /home/germanlion67/lager_app/app/test/conflict_resolution_test.dart: T-001.4: _determineConflictReason() via detectConflicts() Szenario: 59s Unterschied → noch "Zeitnahe Bearbeitung"
[38;5;12m┌───────────────────────────────────────────────────────────────────────────────────────────────────────────────────────[0m
[38;5;12m│ #0   SyncService.detectConflicts (package:lager_app/services/sync_service.dart:529:14)[0m
[38;5;12m│ #1   main.<anonymous closure>.getConflictReason (file:///home/germanlion67/lager_app/app/test/conflict_resolution_test.dart:580:43)[0m
[38;5;12m├┄┄┄┄┄┄┄┄┄┄┄┄┄┄┄┄┄┄┄┄┄┄┄┄┄┄┄┄┄┄┄┄┄┄┄┄┄┄┄┄┄┄┄┄┄┄┄┄┄┄┄┄┄┄┄┄┄┄┄┄┄┄┄┄┄┄┄┄┄┄┄┄┄┄┄┄┄┄┄┄┄┄┄┄┄┄┄┄┄┄┄┄┄┄┄┄┄┄┄┄┄┄┄┄┄┄┄┄┄┄┄┄┄┄┄┄┄┄┄[0m
[38;5;12m│ 💡 Detecting sync conflicts...[0m
[38;5;12m└───────────────────────────────────────────────────────────────────────────────────────────────────────────────────────[0m
┌───────────────────────────────────────────────────────────────────────────────────────────────────────────────────────
│ #0   SyncService.detectConflicts (package:lager_app/services/sync_service.dart:543:20)
│ #1   <asynchronous suspension>
├┄┄┄┄┄┄┄┄┄┄┄┄┄┄┄┄┄┄┄┄┄┄┄┄┄┄┄┄┄┄┄┄┄┄┄┄┄┄┄┄┄┄┄┄┄┄┄┄┄┄┄┄┄┄┄┄┄┄┄┄┄┄┄┄┄┄┄┄┄┄┄┄┄┄┄┄┄┄┄┄┄┄┄┄┄┄┄┄┄┄┄┄┄┄┄┄┄┄┄┄┄┄┄┄┄┄┄┄┄┄┄┄┄┄┄┄┄┄┄
│ 🐛 ETag conflict detected for Widerstand 10kΩ
└───────────────────────────────────────────────────────────────────────────────────────────────────────────────────────
[38;5;12m┌───────────────────────────────────────────────────────────────────────────────────────────────────────────────────────[0m
[38;5;12m│ #0   SyncService.detectConflicts (package:lager_app/services/sync_service.dart:562:14)[0m
[38;5;12m│ #1   <asynchronous suspension>[0m
[38;5;12m├┄┄┄┄┄┄┄┄┄┄┄┄┄┄┄┄┄┄┄┄┄┄┄┄┄┄┄┄┄┄┄┄┄┄┄┄┄┄┄┄┄┄┄┄┄┄┄┄┄┄┄┄┄┄┄┄┄┄┄┄┄┄┄┄┄┄┄┄┄┄┄┄┄┄┄┄┄┄┄┄┄┄┄┄┄┄┄┄┄┄┄┄┄┄┄┄┄┄┄┄┄┄┄┄┄┄┄┄┄┄┄┄┄┄┄┄┄┄┄[0m
[38;5;12m│ 💡 Found 1 conflicts[0m
[38;5;12m└───────────────────────────────────────────────────────────────────────────────────────────────────────────────────────[0m
00:10 +475 ~3 -2: /home/germanlion67/lager_app/app/test/utils/image_processing_utils_test.dart: ImageProcessingUtils ensureTargetFormat() Output-Format Output ist kleiner oder gleich dem Input bei großem Bild
00:10 +475 ~3 -2: /home/germanlion67/lager_app/app/test/conflict_resolution_test.dart: T-001.4: _determineConflictReason() via detectConflicts() Szenario: exakt 60s Unterschied → "Lokale Version neuer"
[38;5;12m┌───────────────────────────────────────────────────────────────────────────────────────────────────────────────────────[0m
[38;5;12m│ #0   SyncService.detectConflicts (package:lager_app/services/sync_service.dart:529:14)[0m
[38;5;12m│ #1   main.<anonymous closure>.getConflictReason (file:///home/germanlion67/lager_app/app/test/conflict_resolution_test.dart:580:43)[0m
[38;5;12m├┄┄┄┄┄┄┄┄┄┄┄┄┄┄┄┄┄┄┄┄┄┄┄┄┄┄┄┄┄┄┄┄┄┄┄┄┄┄┄┄┄┄┄┄┄┄┄┄┄┄┄┄┄┄┄┄┄┄┄┄┄┄┄┄┄┄┄┄┄┄┄┄┄┄┄┄┄┄┄┄┄┄┄┄┄┄┄┄┄┄┄┄┄┄┄┄┄┄┄┄┄┄┄┄┄┄┄┄┄┄┄┄┄┄┄┄┄┄┄[0m
[38;5;12m│ 💡 Detecting sync conflicts...[0m
[38;5;12m└───────────────────────────────────────────────────────────────────────────────────────────────────────────────────────[0m
┌───────────────────────────────────────────────────────────────────────────────────────────────────────────────────────
│ #0   SyncService.detectConflicts (package:lager_app/services/sync_service.dart:543:20)
│ #1   <asynchronous suspension>
├┄┄┄┄┄┄┄┄┄┄┄┄┄┄┄┄┄┄┄┄┄┄┄┄┄┄┄┄┄┄┄┄┄┄┄┄┄┄┄┄┄┄┄┄┄┄┄┄┄┄┄┄┄┄┄┄┄┄┄┄┄┄┄┄┄┄┄┄┄┄┄┄┄┄┄┄┄┄┄┄┄┄┄┄┄┄┄┄┄┄┄┄┄┄┄┄┄┄┄┄┄┄┄┄┄┄┄┄┄┄┄┄┄┄┄┄┄┄┄
│ 🐛 ETag conflict detected for Widerstand 10kΩ
└───────────────────────────────────────────────────────────────────────────────────────────────────────────────────────
[38;5;12m┌───────────────────────────────────────────────────────────────────────────────────────────────────────────────────────[0m
[38;5;12m│ #0   SyncService.detectConflicts (package:lager_app/services/sync_service.dart:562:14)[0m
[38;5;12m│ #1   <asynchronous suspension>[0m
[38;5;12m├┄┄┄┄┄┄┄┄┄┄┄┄┄┄┄┄┄┄┄┄┄┄┄┄┄┄┄┄┄┄┄┄┄┄┄┄┄┄┄┄┄┄┄┄┄┄┄┄┄┄┄┄┄┄┄┄┄┄┄┄┄┄┄┄┄┄┄┄┄┄┄┄┄┄┄┄┄┄┄┄┄┄┄┄┄┄┄┄┄┄┄┄┄┄┄┄┄┄┄┄┄┄┄┄┄┄┄┄┄┄┄┄┄┄┄┄┄┄┄[0m
[38;5;12m│ 💡 Found 1 conflicts[0m
[38;5;12m└───────────────────────────────────────────────────────────────────────────────────────────────────────────────────────[0m
00:10 +476 ~3 -2: /home/germanlion67/lager_app/app/test/utils/image_processing_utils_test.dart: ImageProcessingUtils ensureTargetFormat() Output-Format Output ist kleiner oder gleich dem Input bei großem Bild
00:10 +476 ~3 -2: /home/germanlion67/lager_app/app/test/conflict_resolution_test.dart: T-001.4: _determineConflictReason() via detectConflicts() Szenario: lokale Version 5 Minuten neuer
[38;5;12m┌───────────────────────────────────────────────────────────────────────────────────────────────────────────────────────[0m
[38;5;12m│ #0   SyncService.detectConflicts (package:lager_app/services/sync_service.dart:529:14)[0m
[38;5;12m│ #1   main.<anonymous closure>.getConflictReason (file:///home/germanlion67/lager_app/app/test/conflict_resolution_test.dart:580:43)[0m
[38;5;12m├┄┄┄┄┄┄┄┄┄┄┄┄┄┄┄┄┄┄┄┄┄┄┄┄┄┄┄┄┄┄┄┄┄┄┄┄┄┄┄┄┄┄┄┄┄┄┄┄┄┄┄┄┄┄┄┄┄┄┄┄┄┄┄┄┄┄┄┄┄┄┄┄┄┄┄┄┄┄┄┄┄┄┄┄┄┄┄┄┄┄┄┄┄┄┄┄┄┄┄┄┄┄┄┄┄┄┄┄┄┄┄┄┄┄┄┄┄┄┄[0m
[38;5;12m│ 💡 Detecting sync conflicts...[0m
[38;5;12m└───────────────────────────────────────────────────────────────────────────────────────────────────────────────────────[0m
┌───────────────────────────────────────────────────────────────────────────────────────────────────────────────────────
│ #0   SyncService.detectConflicts (package:lager_app/services/sync_service.dart:543:20)
│ #1   <asynchronous suspension>
├┄┄┄┄┄┄┄┄┄┄┄┄┄┄┄┄┄┄┄┄┄┄┄┄┄┄┄┄┄┄┄┄┄┄┄┄┄┄┄┄┄┄┄┄┄┄┄┄┄┄┄┄┄┄┄┄┄┄┄┄┄┄┄┄┄┄┄┄┄┄┄┄┄┄┄┄┄┄┄┄┄┄┄┄┄┄┄┄┄┄┄┄┄┄┄┄┄┄┄┄┄┄┄┄┄┄┄┄┄┄┄┄┄┄┄┄┄┄┄
│ 🐛 ETag conflict detected for Widerstand 10kΩ
└───────────────────────────────────────────────────────────────────────────────────────────────────────────────────────
[38;5;12m┌───────────────────────────────────────────────────────────────────────────────────────────────────────────────────────[0m
[38;5;12m│ #0   SyncService.detectConflicts (package:lager_app/services/sync_service.dart:562:14)[0m
[38;5;12m│ #1   <asynchronous suspension>[0m
[38;5;12m├┄┄┄┄┄┄┄┄┄┄┄┄┄┄┄┄┄┄┄┄┄┄┄┄┄┄┄┄┄┄┄┄┄┄┄┄┄┄┄┄┄┄┄┄┄┄┄┄┄┄┄┄┄┄┄┄┄┄┄┄┄┄┄┄┄┄┄┄┄┄┄┄┄┄┄┄┄┄┄┄┄┄┄┄┄┄┄┄┄┄┄┄┄┄┄┄┄┄┄┄┄┄┄┄┄┄┄┄┄┄┄┄┄┄┄┄┄┄┄[0m
[38;5;12m│ 💡 Found 1 conflicts[0m
[38;5;12m└───────────────────────────────────────────────────────────────────────────────────────────────────────────────────────[0m
00:10 +477 ~3 -2: /home/germanlion67/lager_app/app/test/utils/image_processing_utils_test.dart: ImageProcessingUtils ensureTargetFormat() Output-Format Output ist kleiner oder gleich dem Input bei großem Bild
00:10 +477 ~3 -2: /home/germanlion67/lager_app/app/test/conflict_resolution_test.dart: T-001.4: _determineConflictReason() via detectConflicts() Szenario: lokale Version 3 Stunden neuer
[38;5;12m┌───────────────────────────────────────────────────────────────────────────────────────────────────────────────────────[0m
[38;5;12m│ #0   SyncService.detectConflicts (package:lager_app/services/sync_service.dart:529:14)[0m
[38;5;12m│ #1   main.<anonymous closure>.getConflictReason (file:///home/germanlion67/lager_app/app/test/conflict_resolution_test.dart:580:43)[0m
[38;5;12m├┄┄┄┄┄┄┄┄┄┄┄┄┄┄┄┄┄┄┄┄┄┄┄┄┄┄┄┄┄┄┄┄┄┄┄┄┄┄┄┄┄┄┄┄┄┄┄┄┄┄┄┄┄┄┄┄┄┄┄┄┄┄┄┄┄┄┄┄┄┄┄┄┄┄┄┄┄┄┄┄┄┄┄┄┄┄┄┄┄┄┄┄┄┄┄┄┄┄┄┄┄┄┄┄┄┄┄┄┄┄┄┄┄┄┄┄┄┄┄[0m
[38;5;12m│ 💡 Detecting sync conflicts...[0m
[38;5;12m└───────────────────────────────────────────────────────────────────────────────────────────────────────────────────────[0m
┌───────────────────────────────────────────────────────────────────────────────────────────────────────────────────────
│ #0   SyncService.detectConflicts (package:lager_app/services/sync_service.dart:543:20)
│ #1   <asynchronous suspension>
├┄┄┄┄┄┄┄┄┄┄┄┄┄┄┄┄┄┄┄┄┄┄┄┄┄┄┄┄┄┄┄┄┄┄┄┄┄┄┄┄┄┄┄┄┄┄┄┄┄┄┄┄┄┄┄┄┄┄┄┄┄┄┄┄┄┄┄┄┄┄┄┄┄┄┄┄┄┄┄┄┄┄┄┄┄┄┄┄┄┄┄┄┄┄┄┄┄┄┄┄┄┄┄┄┄┄┄┄┄┄┄┄┄┄┄┄┄┄┄
│ 🐛 ETag conflict detected for Widerstand 10kΩ
└───────────────────────────────────────────────────────────────────────────────────────────────────────────────────────
[38;5;12m┌───────────────────────────────────────────────────────────────────────────────────────────────────────────────────────[0m
[38;5;12m│ #0   SyncService.detectConflicts (package:lager_app/services/sync_service.dart:562:14)[0m
[38;5;12m│ #1   <asynchronous suspension>[0m
[38;5;12m├┄┄┄┄┄┄┄┄┄┄┄┄┄┄┄┄┄┄┄┄┄┄┄┄┄┄┄┄┄┄┄┄┄┄┄┄┄┄┄┄┄┄┄┄┄┄┄┄┄┄┄┄┄┄┄┄┄┄┄┄┄┄┄┄┄┄┄┄┄┄┄┄┄┄┄┄┄┄┄┄┄┄┄┄┄┄┄┄┄┄┄┄┄┄┄┄┄┄┄┄┄┄┄┄┄┄┄┄┄┄┄┄┄┄┄┄┄┄┄[0m
[38;5;12m│ 💡 Found 1 conflicts[0m
[38;5;12m└───────────────────────────────────────────────────────────────────────────────────────────────────────────────────────[0m
00:10 +478 ~3 -2: /home/germanlion67/lager_app/app/test/utils/image_processing_utils_test.dart: ImageProcessingUtils ensureTargetFormat() Output-Format Output ist kleiner oder gleich dem Input bei großem Bild
00:10 +478 ~3 -2: /home/germanlion67/lager_app/app/test/conflict_resolution_test.dart: T-001.4: _determineConflictReason() via detectConflicts() Szenario: lokale Version 2 Tage neuer
[38;5;12m┌───────────────────────────────────────────────────────────────────────────────────────────────────────────────────────[0m
[38;5;12m│ #0   SyncService.detectConflicts (package:lager_app/services/sync_service.dart:529:14)[0m
[38;5;12m│ #1   main.<anonymous closure>.getConflictReason (file:///home/germanlion67/lager_app/app/test/conflict_resolution_test.dart:580:43)[0m
[38;5;12m├┄┄┄┄┄┄┄┄┄┄┄┄┄┄┄┄┄┄┄┄┄┄┄┄┄┄┄┄┄┄┄┄┄┄┄┄┄┄┄┄┄┄┄┄┄┄┄┄┄┄┄┄┄┄┄┄┄┄┄┄┄┄┄┄┄┄┄┄┄┄┄┄┄┄┄┄┄┄┄┄┄┄┄┄┄┄┄┄┄┄┄┄┄┄┄┄┄┄┄┄┄┄┄┄┄┄┄┄┄┄┄┄┄┄┄┄┄┄┄[0m
[38;5;12m│ 💡 Detecting sync conflicts...[0m
[38;5;12m└───────────────────────────────────────────────────────────────────────────────────────────────────────────────────────[0m
┌───────────────────────────────────────────────────────────────────────────────────────────────────────────────────────
│ #0   SyncService.detectConflicts (package:lager_app/services/sync_service.dart:543:20)
│ #1   <asynchronous suspension>
├┄┄┄┄┄┄┄┄┄┄┄┄┄┄┄┄┄┄┄┄┄┄┄┄┄┄┄┄┄┄┄┄┄┄┄┄┄┄┄┄┄┄┄┄┄┄┄┄┄┄┄┄┄┄┄┄┄┄┄┄┄┄┄┄┄┄┄┄┄┄┄┄┄┄┄┄┄┄┄┄┄┄┄┄┄┄┄┄┄┄┄┄┄┄┄┄┄┄┄┄┄┄┄┄┄┄┄┄┄┄┄┄┄┄┄┄┄┄┄
│ 🐛 ETag conflict detected for Widerstand 10kΩ
└───────────────────────────────────────────────────────────────────────────────────────────────────────────────────────
[38;5;12m┌───────────────────────────────────────────────────────────────────────────────────────────────────────────────────────[0m
[38;5;12m│ #0   SyncService.detectConflicts (package:lager_app/services/sync_service.dart:562:14)[0m
[38;5;12m│ #1   <asynchronous suspension>[0m
[38;5;12m├┄┄┄┄┄┄┄┄┄┄┄┄┄┄┄┄┄┄┄┄┄┄┄┄┄┄┄┄┄┄┄┄┄┄┄┄┄┄┄┄┄┄┄┄┄┄┄┄┄┄┄┄┄┄┄┄┄┄┄┄┄┄┄┄┄┄┄┄┄┄┄┄┄┄┄┄┄┄┄┄┄┄┄┄┄┄┄┄┄┄┄┄┄┄┄┄┄┄┄┄┄┄┄┄┄┄┄┄┄┄┄┄┄┄┄┄┄┄┄[0m
[38;5;12m│ 💡 Found 1 conflicts[0m
[38;5;12m└───────────────────────────────────────────────────────────────────────────────────────────────────────────────────────[0m
00:10 +479 ~3 -2: /home/germanlion67/lager_app/app/test/utils/image_processing_utils_test.dart: ImageProcessingUtils ensureTargetFormat() Output-Format Output ist kleiner oder gleich dem Input bei großem Bild
00:10 +479 ~3 -2: /home/germanlion67/lager_app/app/test/conflict_resolution_test.dart: T-001.4: _determineConflictReason() via detectConflicts() Szenario: remote Version 5 Minuten neuer
[38;5;12m┌───────────────────────────────────────────────────────────────────────────────────────────────────────────────────────[0m
[38;5;12m│ #0   SyncService.detectConflicts (package:lager_app/services/sync_service.dart:529:14)[0m
[38;5;12m│ #1   main.<anonymous closure>.getConflictReason (file:///home/germanlion67/lager_app/app/test/conflict_resolution_test.dart:580:43)[0m
[38;5;12m├┄┄┄┄┄┄┄┄┄┄┄┄┄┄┄┄┄┄┄┄┄┄┄┄┄┄┄┄┄┄┄┄┄┄┄┄┄┄┄┄┄┄┄┄┄┄┄┄┄┄┄┄┄┄┄┄┄┄┄┄┄┄┄┄┄┄┄┄┄┄┄┄┄┄┄┄┄┄┄┄┄┄┄┄┄┄┄┄┄┄┄┄┄┄┄┄┄┄┄┄┄┄┄┄┄┄┄┄┄┄┄┄┄┄┄┄┄┄┄[0m
[38;5;12m│ 💡 Detecting sync conflicts...[0m
[38;5;12m└───────────────────────────────────────────────────────────────────────────────────────────────────────────────────────[0m
┌───────────────────────────────────────────────────────────────────────────────────────────────────────────────────────
│ #0   SyncService.detectConflicts (package:lager_app/services/sync_service.dart:543:20)
│ #1   <asynchronous suspension>
├┄┄┄┄┄┄┄┄┄┄┄┄┄┄┄┄┄┄┄┄┄┄┄┄┄┄┄┄┄┄┄┄┄┄┄┄┄┄┄┄┄┄┄┄┄┄┄┄┄┄┄┄┄┄┄┄┄┄┄┄┄┄┄┄┄┄┄┄┄┄┄┄┄┄┄┄┄┄┄┄┄┄┄┄┄┄┄┄┄┄┄┄┄┄┄┄┄┄┄┄┄┄┄┄┄┄┄┄┄┄┄┄┄┄┄┄┄┄┄
│ 🐛 ETag conflict detected for Widerstand 10kΩ
└───────────────────────────────────────────────────────────────────────────────────────────────────────────────────────
[38;5;12m┌───────────────────────────────────────────────────────────────────────────────────────────────────────────────────────[0m
[38;5;12m│ #0   SyncService.detectConflicts (package:lager_app/services/sync_service.dart:562:14)[0m
[38;5;12m│ #1   <asynchronous suspension>[0m
[38;5;12m├┄┄┄┄┄┄┄┄┄┄┄┄┄┄┄┄┄┄┄┄┄┄┄┄┄┄┄┄┄┄┄┄┄┄┄┄┄┄┄┄┄┄┄┄┄┄┄┄┄┄┄┄┄┄┄┄┄┄┄┄┄┄┄┄┄┄┄┄┄┄┄┄┄┄┄┄┄┄┄┄┄┄┄┄┄┄┄┄┄┄┄┄┄┄┄┄┄┄┄┄┄┄┄┄┄┄┄┄┄┄┄┄┄┄┄┄┄┄┄[0m
[38;5;12m│ 💡 Found 1 conflicts[0m
[38;5;12m└───────────────────────────────────────────────────────────────────────────────────────────────────────────────────────[0m
00:10 +480 ~3 -2: /home/germanlion67/lager_app/app/test/utils/image_processing_utils_test.dart: ImageProcessingUtils ensureTargetFormat() Output-Format Output ist kleiner oder gleich dem Input bei großem Bild
00:10 +480 ~3 -2: /home/germanlion67/lager_app/app/test/conflict_resolution_test.dart: T-001.4: _determineConflictReason() via detectConflicts() Szenario: remote Version 1 Stunde neuer
[38;5;12m┌───────────────────────────────────────────────────────────────────────────────────────────────────────────────────────[0m
[38;5;12m│ #0   SyncService.detectConflicts (package:lager_app/services/sync_service.dart:529:14)[0m
[38;5;12m│ #1   main.<anonymous closure>.getConflictReason (file:///home/germanlion67/lager_app/app/test/conflict_resolution_test.dart:580:43)[0m
[38;5;12m├┄┄┄┄┄┄┄┄┄┄┄┄┄┄┄┄┄┄┄┄┄┄┄┄┄┄┄┄┄┄┄┄┄┄┄┄┄┄┄┄┄┄┄┄┄┄┄┄┄┄┄┄┄┄┄┄┄┄┄┄┄┄┄┄┄┄┄┄┄┄┄┄┄┄┄┄┄┄┄┄┄┄┄┄┄┄┄┄┄┄┄┄┄┄┄┄┄┄┄┄┄┄┄┄┄┄┄┄┄┄┄┄┄┄┄┄┄┄┄[0m
[38;5;12m│ 💡 Detecting sync conflicts...[0m
[38;5;12m└───────────────────────────────────────────────────────────────────────────────────────────────────────────────────────[0m
┌───────────────────────────────────────────────────────────────────────────────────────────────────────────────────────
│ #0   SyncService.detectConflicts (package:lager_app/services/sync_service.dart:543:20)
│ #1   <asynchronous suspension>
├┄┄┄┄┄┄┄┄┄┄┄┄┄┄┄┄┄┄┄┄┄┄┄┄┄┄┄┄┄┄┄┄┄┄┄┄┄┄┄┄┄┄┄┄┄┄┄┄┄┄┄┄┄┄┄┄┄┄┄┄┄┄┄┄┄┄┄┄┄┄┄┄┄┄┄┄┄┄┄┄┄┄┄┄┄┄┄┄┄┄┄┄┄┄┄┄┄┄┄┄┄┄┄┄┄┄┄┄┄┄┄┄┄┄┄┄┄┄┄
│ 🐛 ETag conflict detected for Widerstand 10kΩ
└───────────────────────────────────────────────────────────────────────────────────────────────────────────────────────
[38;5;12m┌───────────────────────────────────────────────────────────────────────────────────────────────────────────────────────[0m
[38;5;12m│ #0   SyncService.detectConflicts (package:lager_app/services/sync_service.dart:562:14)[0m
[38;5;12m│ #1   <asynchronous suspension>[0m
[38;5;12m├┄┄┄┄┄┄┄┄┄┄┄┄┄┄┄┄┄┄┄┄┄┄┄┄┄┄┄┄┄┄┄┄┄┄┄┄┄┄┄┄┄┄┄┄┄┄┄┄┄┄┄┄┄┄┄┄┄┄┄┄┄┄┄┄┄┄┄┄┄┄┄┄┄┄┄┄┄┄┄┄┄┄┄┄┄┄┄┄┄┄┄┄┄┄┄┄┄┄┄┄┄┄┄┄┄┄┄┄┄┄┄┄┄┄┄┄┄┄┄[0m
[38;5;12m│ 💡 Found 1 conflicts[0m
[38;5;12m└───────────────────────────────────────────────────────────────────────────────────────────────────────────────────────[0m
00:10 +481 ~3 -2: /home/germanlion67/lager_app/app/test/utils/image_processing_utils_test.dart: ImageProcessingUtils ensureTargetFormat() Output-Format Output ist kleiner oder gleich dem Input bei großem Bild
00:10 +481 ~3 -2: /home/germanlion67/lager_app/app/test/conflict_resolution_test.dart: T-001.4: _determineConflictReason() via detectConflicts() Szenario: remote 30s neuer → "Zeitnahe Bearbeitung"
[38;5;12m┌───────────────────────────────────────────────────────────────────────────────────────────────────────────────────────[0m
[38;5;12m│ #0   SyncService.detectConflicts (package:lager_app/services/sync_service.dart:529:14)[0m
[38;5;12m│ #1   main.<anonymous closure>.getConflictReason (file:///home/germanlion67/lager_app/app/test/conflict_resolution_test.dart:580:43)[0m
[38;5;12m├┄┄┄┄┄┄┄┄┄┄┄┄┄┄┄┄┄┄┄┄┄┄┄┄┄┄┄┄┄┄┄┄┄┄┄┄┄┄┄┄┄┄┄┄┄┄┄┄┄┄┄┄┄┄┄┄┄┄┄┄┄┄┄┄┄┄┄┄┄┄┄┄┄┄┄┄┄┄┄┄┄┄┄┄┄┄┄┄┄┄┄┄┄┄┄┄┄┄┄┄┄┄┄┄┄┄┄┄┄┄┄┄┄┄┄┄┄┄┄[0m
[38;5;12m│ 💡 Detecting sync conflicts...[0m
[38;5;12m└───────────────────────────────────────────────────────────────────────────────────────────────────────────────────────[0m
┌───────────────────────────────────────────────────────────────────────────────────────────────────────────────────────
│ #0   SyncService.detectConflicts (package:lager_app/services/sync_service.dart:543:20)
│ #1   <asynchronous suspension>
├┄┄┄┄┄┄┄┄┄┄┄┄┄┄┄┄┄┄┄┄┄┄┄┄┄┄┄┄┄┄┄┄┄┄┄┄┄┄┄┄┄┄┄┄┄┄┄┄┄┄┄┄┄┄┄┄┄┄┄┄┄┄┄┄┄┄┄┄┄┄┄┄┄┄┄┄┄┄┄┄┄┄┄┄┄┄┄┄┄┄┄┄┄┄┄┄┄┄┄┄┄┄┄┄┄┄┄┄┄┄┄┄┄┄┄┄┄┄┄
│ 🐛 ETag conflict detected for Widerstand 10kΩ
└───────────────────────────────────────────────────────────────────────────────────────────────────────────────────────
[38;5;12m┌───────────────────────────────────────────────────────────────────────────────────────────────────────────────────────[0m
[38;5;12m│ #0   SyncService.detectConflicts (package:lager_app/services/sync_service.dart:562:14)[0m
[38;5;12m│ #1   <asynchronous suspension>[0m
[38;5;12m├┄┄┄┄┄┄┄┄┄┄┄┄┄┄┄┄┄┄┄┄┄┄┄┄┄┄┄┄┄┄┄┄┄┄┄┄┄┄┄┄┄┄┄┄┄┄┄┄┄┄┄┄┄┄┄┄┄┄┄┄┄┄┄┄┄┄┄┄┄┄┄┄┄┄┄┄┄┄┄┄┄┄┄┄┄┄┄┄┄┄┄┄┄┄┄┄┄┄┄┄┄┄┄┄┄┄┄┄┄┄┄┄┄┄┄┄┄┄┄[0m
[38;5;12m│ 💡 Found 1 conflicts[0m
[38;5;12m└───────────────────────────────────────────────────────────────────────────────────────────────────────────────────────[0m
00:10 +482 ~3 -2: /home/germanlion67/lager_app/app/test/utils/image_processing_utils_test.dart: ImageProcessingUtils ensureTargetFormat() Output-Format Output ist kleiner oder gleich dem Input bei großem Bild
00:10 +483 ~3 -2: /home/germanlion67/lager_app/app/test/utils/image_processing_utils_test.dart: ImageProcessingUtils ensureTargetFormat() Output-Format Output ist kleiner oder gleich dem Input bei großem Bild
00:10 +484 ~3 -2: /home/germanlion67/lager_app/app/test/utils/image_processing_utils_test.dart: ImageProcessingUtils ensureTargetFormat() Output-Format Output ist kleiner oder gleich dem Input bei großem Bild
00:10 +485 ~3 -2: /home/germanlion67/lager_app/app/test/utils/image_processing_utils_test.dart: ImageProcessingUtils ensureTargetFormat() Output-Format Output ist kleiner oder gleich dem Input bei großem Bild
00:10 +486 ~3 -2: /home/germanlion67/lager_app/app/test/utils/image_processing_utils_test.dart: ImageProcessingUtils ensureTargetFormat() Output-Format Output ist kleiner oder gleich dem Input bei großem Bild
00:10 +487 ~3 -2: /home/germanlion67/lager_app/app/test/utils/image_processing_utils_test.dart: ImageProcessingUtils ensureTargetFormat() Output-Format Output ist kleiner oder gleich dem Input bei großem Bild
00:11 +488 ~3 -2: /home/germanlion67/lager_app/app/test/utils/image_processing_utils_test.dart: ImageProcessingUtils ensureTargetFormat() Output-Format Output ist kleiner oder gleich dem Input bei großem Bild
00:11 +489 ~3 -2: /home/germanlion67/lager_app/app/test/utils/image_processing_utils_test.dart: ImageProcessingUtils ensureTargetFormat() Output-Format Output ist kleiner oder gleich dem Input bei großem Bild
00:11 +490 ~3 -2: /home/germanlion67/lager_app/app/test/utils/image_processing_utils_test.dart: ImageProcessingUtils ensureTargetFormat() Output-Format Output ist kleiner oder gleich dem Input bei großem Bild
00:12 +491 ~3 -2: /home/germanlion67/lager_app/app/test/utils/image_processing_utils_test.dart: ImageProcessingUtils ensureTargetFormat() Output-Format Output ist kleiner oder gleich dem Input bei großem Bild
00:12 +491 ~3 -2: /home/germanlion67/lager_app/app/test/widgets/artikel_detail_screen_test.dart: ArtikelDetailScreen – Render AppBar zeigt Artikelname
[38;5;196m┌───────────────────────────────────────────────────────────────────────────────[0m
[38;5;196m│ Bad state: PocketBaseService: Kein Client verfügbar.[0m
[38;5;196m│ Entweder wurde initialize() noch nicht aufgerufen, oder es ist keine Server-URL konfiguriert.[0m
[38;5;196m│ Prüfe needsSetup bevor du auf den Client zugreifst.[0m
[38;5;196m├┄┄┄┄┄┄┄┄┄┄┄┄┄┄┄┄┄┄┄┄┄┄┄┄┄┄┄┄┄┄┄┄┄┄┄┄┄┄┄┄┄┄┄┄┄┄┄┄┄┄┄┄┄┄┄┄┄┄┄┄┄┄┄┄┄┄┄┄┄┄┄┄┄┄┄┄┄┄┄[0m
[38;5;196m│ #0   PocketBaseService.client (package:lager_app/services/pocketbase_service.dart:63:7)[0m
[38;5;196m│ #1   AttachmentService.countForArtikel (package:lager_app/services/attachment_service.dart:72:38)[0m
[38;5;196m│ #2   _ArtikelDetailScreenState.ladeAnhangCount (package:lager_app/screens/artikel_detail_screen.dart:114:44)[0m
[38;5;196m│ #3   _ArtikelDetailScreenState.initState (package:lager_app/screens/artikel_detail_screen.dart:109:5)[0m
[38;5;196m│ #4   StatefulElement._firstBuild (package:flutter/src/widgets/framework.dart:5950:55)[0m
[38;5;196m│ #5   ComponentElement.mount (package:flutter/src/widgets/framework.dart:5793:5)[0m
[38;5;196m│ #6   Element.inflateWidget (package:flutter/src/widgets/framework.dart:4587:20)[0m
[38;5;196m│ #7   Element.updateChild (package:flutter/src/widgets/framework.dart:4059:18)[0m
[38;5;196m├┄┄┄┄┄┄┄┄┄┄┄┄┄┄┄┄┄┄┄┄┄┄┄┄┄┄┄┄┄┄┄┄┄┄┄┄┄┄┄┄┄┄┄┄┄┄┄┄┄┄┄┄┄┄┄┄┄┄┄┄┄┄┄┄┄┄┄┄┄┄┄┄┄┄┄┄┄┄┄[0m
[38;5;196m│ 10:24:50.471 (+0:00:00.000000)[0m
[38;5;196m├┄┄┄┄┄┄┄┄┄┄┄┄┄┄┄┄┄┄┄┄┄┄┄┄┄┄┄┄┄┄┄┄┄┄┄┄┄┄┄┄┄┄┄┄┄┄┄┄┄┄┄┄┄┄┄┄┄┄┄┄┄┄┄┄┄┄┄┄┄┄┄┄┄┄┄┄┄┄┄[0m
[38;5;196m│ ⛔ AttachmentService.countForArtikel() fehlgeschlagen[0m
[38;5;196m└───────────────────────────────────────────────────────────────────────────────[0m
00:12 +492 ~3 -2: /home/germanlion67/lager_app/app/test/utils/image_processing_utils_test.dart: ImageProcessingUtils ensureTargetFormat() Output-Format Output ist kleiner oder gleich dem Input bei großem Bild
00:12 +493 ~3 -2: /home/germanlion67/lager_app/app/test/utils/image_processing_utils_test.dart: ImageProcessingUtils ensureTargetFormat() Output-Format Output ist kleiner oder gleich dem Input bei großem Bild
00:12 +494 ~3 -2: /home/germanlion67/lager_app/app/test/utils/image_processing_utils_test.dart: ImageProcessingUtils ensureTargetFormat() Output-Format Output ist kleiner oder gleich dem Input bei großem Bild
00:12 +495 ~3 -2: /home/germanlion67/lager_app/app/test/utils/image_processing_utils_test.dart: ImageProcessingUtils ensureTargetFormat() Output-Format Output ist kleiner oder gleich dem Input bei großem Bild
00:12 +495 ~3 -2: /home/germanlion67/lager_app/app/test/widgets/artikel_list_screen_test.dart: ArtikelListScreen – Render AppBar-Titel ist sichtbar
[38;5;12m┌───────────────────────────────────────────────────────────────────────────────────────────────────────────────────────[0m
[38;5;12m│ #0   ArtikelDbService.closeDatabase (package:lager_app/services/artikel_db_service.dart:1169:15)[0m
[38;5;12m│ #1   <asynchronous suspension>[0m
[38;5;12m├┄┄┄┄┄┄┄┄┄┄┄┄┄┄┄┄┄┄┄┄┄┄┄┄┄┄┄┄┄┄┄┄┄┄┄┄┄┄┄┄┄┄┄┄┄┄┄┄┄┄┄┄┄┄┄┄┄┄┄┄┄┄┄┄┄┄┄┄┄┄┄┄┄┄┄┄┄┄┄┄┄┄┄┄┄┄┄┄┄┄┄┄┄┄┄┄┄┄┄┄┄┄┄┄┄┄┄┄┄┄┄┄┄┄┄┄┄┄┄[0m
[38;5;12m│ 💡 ✅ Datenbank geschlossen.[0m
[38;5;12m└───────────────────────────────────────────────────────────────────────────────────────────────────────────────────────[0m
00:12 +496 ~3 -2: /home/germanlion67/lager_app/app/test/utils/image_processing_utils_test.dart: ImageProcessingUtils ensureTargetFormat() Output-Format Output ist kleiner oder gleich dem Input bei großem Bild
00:12 +497 ~3 -2: /home/germanlion67/lager_app/app/test/utils/image_processing_utils_test.dart: ImageProcessingUtils ensureTargetFormat() Output-Format Output ist kleiner oder gleich dem Input bei großem Bild
00:12 +498 ~3 -2: /home/germanlion67/lager_app/app/test/utils/image_processing_utils_test.dart: ImageProcessingUtils ensureTargetFormat() Output-Format Output ist kleiner oder gleich dem Input bei großem Bild
00:12 +498 ~3 -2: /home/germanlion67/lager_app/app/test/widgets/artikel_list_screen_test.dart: ArtikelListScreen – Render Suchfeld ist vorhanden
[38;5;12m┌───────────────────────────────────────────────────────────────────────────────────────────────────────────────────────[0m
[38;5;12m│ #0   ArtikelDbService.closeDatabase (package:lager_app/services/artikel_db_service.dart:1169:15)[0m
[38;5;12m│ #1   <asynchronous suspension>[0m
[38;5;12m├┄┄┄┄┄┄┄┄┄┄┄┄┄┄┄┄┄┄┄┄┄┄┄┄┄┄┄┄┄┄┄┄┄┄┄┄┄┄┄┄┄┄┄┄┄┄┄┄┄┄┄┄┄┄┄┄┄┄┄┄┄┄┄┄┄┄┄┄┄┄┄┄┄┄┄┄┄┄┄┄┄┄┄┄┄┄┄┄┄┄┄┄┄┄┄┄┄┄┄┄┄┄┄┄┄┄┄┄┄┄┄┄┄┄┄┄┄┄┄[0m
[38;5;12m│ 💡 ✅ Datenbank geschlossen.[0m
[38;5;12m└───────────────────────────────────────────────────────────────────────────────────────────────────────────────────────[0m
00:12 +499 ~3 -2: /home/germanlion67/lager_app/app/test/utils/image_processing_utils_test.dart: ImageProcessingUtils ensureTargetFormat() Output-Format Output ist kleiner oder gleich dem Input bei großem Bild
00:13 +500 ~3 -2: /home/germanlion67/lager_app/app/test/utils/image_processing_utils_test.dart: ImageProcessingUtils ensureTargetFormat() Output-Format Output ist kleiner oder gleich dem Input bei großem Bild
00:13 +501 ~3 -2: /home/germanlion67/lager_app/app/test/utils/image_processing_utils_test.dart: ImageProcessingUtils ensureTargetFormat() Output-Format Output ist kleiner oder gleich dem Input bei großem Bild
00:13 +501 ~3 -2: /home/germanlion67/lager_app/app/test/widgets/artikel_detail_screen_test.dart: ArtikelDetailScreen – Render Name-Feld ist sichtbar
[38;5;196m┌───────────────────────────────────────────────────────────────────────────────[0m
[38;5;196m│ Bad state: PocketBaseService: Kein Client verfügbar.[0m
[38;5;196m│ Entweder wurde initialize() noch nicht aufgerufen, oder es ist keine Server-URL konfiguriert.[0m
[38;5;196m│ Prüfe needsSetup bevor du auf den Client zugreifst.[0m
[38;5;196m├┄┄┄┄┄┄┄┄┄┄┄┄┄┄┄┄┄┄┄┄┄┄┄┄┄┄┄┄┄┄┄┄┄┄┄┄┄┄┄┄┄┄┄┄┄┄┄┄┄┄┄┄┄┄┄┄┄┄┄┄┄┄┄┄┄┄┄┄┄┄┄┄┄┄┄┄┄┄┄[0m
[38;5;196m│ #0   PocketBaseService.client (package:lager_app/services/pocketbase_service.dart:63:7)[0m
[38;5;196m│ #1   AttachmentService.countForArtikel (package:lager_app/services/attachment_service.dart:72:38)[0m
[38;5;196m│ #2   _ArtikelDetailScreenState.ladeAnhangCount (package:lager_app/screens/artikel_detail_screen.dart:114:44)[0m
[38;5;196m│ #3   _ArtikelDetailScreenState.initState (package:lager_app/screens/artikel_detail_screen.dart:109:5)[0m
[38;5;196m│ #4   StatefulElement._firstBuild (package:flutter/src/widgets/framework.dart:5950:55)[0m
[38;5;196m│ #5   ComponentElement.mount (package:flutter/src/widgets/framework.dart:5793:5)[0m
[38;5;196m│ #6   Element.inflateWidget (package:flutter/src/widgets/framework.dart:4587:20)[0m
[38;5;196m│ #7   Element.updateChild (package:flutter/src/widgets/framework.dart:4059:18)[0m
[38;5;196m├┄┄┄┄┄┄┄┄┄┄┄┄┄┄┄┄┄┄┄┄┄┄┄┄┄┄┄┄┄┄┄┄┄┄┄┄┄┄┄┄┄┄┄┄┄┄┄┄┄┄┄┄┄┄┄┄┄┄┄┄┄┄┄┄┄┄┄┄┄┄┄┄┄┄┄┄┄┄┄[0m
[38;5;196m│ 10:24:52.249 (+0:00:01.778230)[0m
[38;5;196m├┄┄┄┄┄┄┄┄┄┄┄┄┄┄┄┄┄┄┄┄┄┄┄┄┄┄┄┄┄┄┄┄┄┄┄┄┄┄┄┄┄┄┄┄┄┄┄┄┄┄┄┄┄┄┄┄┄┄┄┄┄┄┄┄┄┄┄┄┄┄┄┄┄┄┄┄┄┄┄[0m
[38;5;196m│ ⛔ AttachmentService.countForArtikel() fehlgeschlagen[0m
[38;5;196m└───────────────────────────────────────────────────────────────────────────────[0m
00:13 +501 ~3 -2: /home/germanlion67/lager_app/app/test/widgets/artikel_list_screen_test.dart: ArtikelListScreen – Render Ort-Filter-Dropdown ist vorhanden
[38;5;12m┌───────────────────────────────────────────────────────────────────────────────────────────────────────────────────────[0m
[38;5;12m│ #0   ArtikelDbService.closeDatabase (package:lager_app/services/artikel_db_service.dart:1169:15)[0m
[38;5;12m│ #1   <asynchronous suspension>[0m
[38;5;12m├┄┄┄┄┄┄┄┄┄┄┄┄┄┄┄┄┄┄┄┄┄┄┄┄┄┄┄┄┄┄┄┄┄┄┄┄┄┄┄┄┄┄┄┄┄┄┄┄┄┄┄┄┄┄┄┄┄┄┄┄┄┄┄┄┄┄┄┄┄┄┄┄┄┄┄┄┄┄┄┄┄┄┄┄┄┄┄┄┄┄┄┄┄┄┄┄┄┄┄┄┄┄┄┄┄┄┄┄┄┄┄┄┄┄┄┄┄┄┄[0m
[38;5;12m│ 💡 ✅ Datenbank geschlossen.[0m
[38;5;12m└───────────────────────────────────────────────────────────────────────────────────────────────────────────────────────[0m
00:13 +502 ~3 -2: /home/germanlion67/lager_app/app/test/utils/image_processing_utils_test.dart: ImageProcessingUtils ensureTargetFormat() Output-Format Output ist kleiner oder gleich dem Input bei großem Bild
00:13 +503 ~3 -2: /home/germanlion67/lager_app/app/test/utils/image_processing_utils_test.dart: ImageProcessingUtils ensureTargetFormat() Output-Format Output ist kleiner oder gleich dem Input bei großem Bild
00:13 +504 ~3 -2: /home/germanlion67/lager_app/app/test/utils/image_processing_utils_test.dart: ImageProcessingUtils ensureTargetFormat() Output-Format Output ist kleiner oder gleich dem Input bei großem Bild
00:13 +504 ~3 -2: /home/germanlion67/lager_app/app/test/widgets/artikel_list_screen_test.dart: ArtikelListScreen – Render DB-Verbindungs-Icon ist sichtbar
[38;5;12m┌───────────────────────────────────────────────────────────────────────────────────────────────────────────────────────[0m
[38;5;12m│ #0   ArtikelDbService.closeDatabase (package:lager_app/services/artikel_db_service.dart:1169:15)[0m
[38;5;12m│ #1   <asynchronous suspension>[0m
[38;5;12m├┄┄┄┄┄┄┄┄┄┄┄┄┄┄┄┄┄┄┄┄┄┄┄┄┄┄┄┄┄┄┄┄┄┄┄┄┄┄┄┄┄┄┄┄┄┄┄┄┄┄┄┄┄┄┄┄┄┄┄┄┄┄┄┄┄┄┄┄┄┄┄┄┄┄┄┄┄┄┄┄┄┄┄┄┄┄┄┄┄┄┄┄┄┄┄┄┄┄┄┄┄┄┄┄┄┄┄┄┄┄┄┄┄┄┄┄┄┄┄[0m
[38;5;12m│ 💡 ✅ Datenbank geschlossen.[0m
[38;5;12m└───────────────────────────────────────────────────────────────────────────────────────────────────────────────────────[0m
00:13 +505 ~3 -2: /home/germanlion67/lager_app/app/test/utils/image_processing_utils_test.dart: ImageProcessingUtils ensureTargetFormat() Output-Format Output ist kleiner oder gleich dem Input bei großem Bild
00:13 +505 ~3 -2: /home/germanlion67/lager_app/app/test/widgets/artikel_detail_screen_test.dart: ArtikelDetailScreen – Render Ort- und Fach-Felder sind sichtbar
[38;5;196m┌───────────────────────────────────────────────────────────────────────────────[0m
[38;5;196m│ Bad state: PocketBaseService: Kein Client verfügbar.[0m
[38;5;196m│ Entweder wurde initialize() noch nicht aufgerufen, oder es ist keine Server-URL konfiguriert.[0m
[38;5;196m│ Prüfe needsSetup bevor du auf den Client zugreifst.[0m
[38;5;196m├┄┄┄┄┄┄┄┄┄┄┄┄┄┄┄┄┄┄┄┄┄┄┄┄┄┄┄┄┄┄┄┄┄┄┄┄┄┄┄┄┄┄┄┄┄┄┄┄┄┄┄┄┄┄┄┄┄┄┄┄┄┄┄┄┄┄┄┄┄┄┄┄┄┄┄┄┄┄┄[0m
[38;5;196m│ #0   PocketBaseService.client (package:lager_app/services/pocketbase_service.dart:63:7)[0m
[38;5;196m│ #1   AttachmentService.countForArtikel (package:lager_app/services/attachment_service.dart:72:38)[0m
[38;5;196m│ #2   _ArtikelDetailScreenState.ladeAnhangCount (package:lager_app/screens/artikel_detail_screen.dart:114:44)[0m
[38;5;196m│ #3   _ArtikelDetailScreenState.initState (package:lager_app/screens/artikel_detail_screen.dart:109:5)[0m
[38;5;196m│ #4   StatefulElement._firstBuild (package:flutter/src/widgets/framework.dart:5950:55)[0m
[38;5;196m│ #5   ComponentElement.mount (package:flutter/src/widgets/framework.dart:5793:5)[0m
[38;5;196m│ #6   Element.inflateWidget (package:flutter/src/widgets/framework.dart:4587:20)[0m
[38;5;196m│ #7   Element.updateChild (package:flutter/src/widgets/framework.dart:4059:18)[0m
[38;5;196m├┄┄┄┄┄┄┄┄┄┄┄┄┄┄┄┄┄┄┄┄┄┄┄┄┄┄┄┄┄┄┄┄┄┄┄┄┄┄┄┄┄┄┄┄┄┄┄┄┄┄┄┄┄┄┄┄┄┄┄┄┄┄┄┄┄┄┄┄┄┄┄┄┄┄┄┄┄┄┄[0m
[38;5;196m│ 10:24:52.512 (+0:00:02.041238)[0m
[38;5;196m├┄┄┄┄┄┄┄┄┄┄┄┄┄┄┄┄┄┄┄┄┄┄┄┄┄┄┄┄┄┄┄┄┄┄┄┄┄┄┄┄┄┄┄┄┄┄┄┄┄┄┄┄┄┄┄┄┄┄┄┄┄┄┄┄┄┄┄┄┄┄┄┄┄┄┄┄┄┄┄[0m
[38;5;196m│ ⛔ AttachmentService.countForArtikel() fehlgeschlagen[0m
[38;5;196m└───────────────────────────────────────────────────────────────────────────────[0m
00:13 +506 ~3 -2: /home/germanlion67/lager_app/app/test/utils/image_processing_utils_test.dart: ImageProcessingUtils ensureTargetFormat() Output-Format Output ist kleiner oder gleich dem Input bei großem Bild
00:13 +506 ~3 -2: /home/germanlion67/lager_app/app/test/widgets/artikel_list_screen_test.dart: ArtikelListScreen – QR-Button (Punkt 7) QR-Button ist direkt neben Suchfeld vorhanden
[38;5;12m┌───────────────────────────────────────────────────────────────────────────────────────────────────────────────────────[0m
[38;5;12m│ #0   ArtikelDbService.closeDatabase (package:lager_app/services/artikel_db_service.dart:1169:15)[0m
[38;5;12m│ #1   <asynchronous suspension>[0m
[38;5;12m├┄┄┄┄┄┄┄┄┄┄┄┄┄┄┄┄┄┄┄┄┄┄┄┄┄┄┄┄┄┄┄┄┄┄┄┄┄┄┄┄┄┄┄┄┄┄┄┄┄┄┄┄┄┄┄┄┄┄┄┄┄┄┄┄┄┄┄┄┄┄┄┄┄┄┄┄┄┄┄┄┄┄┄┄┄┄┄┄┄┄┄┄┄┄┄┄┄┄┄┄┄┄┄┄┄┄┄┄┄┄┄┄┄┄┄┄┄┄┄[0m
[38;5;12m│ 💡 ✅ Datenbank geschlossen.[0m
[38;5;12m└───────────────────────────────────────────────────────────────────────────────────────────────────────────────────────[0m
00:13 +507 ~3 -2: /home/germanlion67/lager_app/app/test/utils/image_processing_utils_test.dart: ImageProcessingUtils ensureTargetFormat() Output-Format Output ist kleiner oder gleich dem Input bei großem Bild
00:13 +508 ~3 -2: /home/germanlion67/lager_app/app/test/utils/image_processing_utils_test.dart: ImageProcessingUtils ensureTargetFormat() Output-Format Output ist kleiner oder gleich dem Input bei großem Bild
00:13 +509 ~3 -2: /home/germanlion67/lager_app/app/test/utils/image_processing_utils_test.dart: ImageProcessingUtils ensureTargetFormat() Output-Format Output ist kleiner oder gleich dem Input bei großem Bild
00:13 +509 ~3 -2: /home/germanlion67/lager_app/app/test/widgets/artikel_detail_screen_test.dart: ArtikelDetailScreen – Render Menge wird angezeigt
[38;5;196m┌───────────────────────────────────────────────────────────────────────────────[0m
[38;5;196m│ Bad state: PocketBaseService: Kein Client verfügbar.[0m
[38;5;196m│ Entweder wurde initialize() noch nicht aufgerufen, oder es ist keine Server-URL konfiguriert.[0m
[38;5;196m│ Prüfe needsSetup bevor du auf den Client zugreifst.[0m
[38;5;196m├┄┄┄┄┄┄┄┄┄┄┄┄┄┄┄┄┄┄┄┄┄┄┄┄┄┄┄┄┄┄┄┄┄┄┄┄┄┄┄┄┄┄┄┄┄┄┄┄┄┄┄┄┄┄┄┄┄┄┄┄┄┄┄┄┄┄┄┄┄┄┄┄┄┄┄┄┄┄┄[0m
[38;5;196m│ #0   PocketBaseService.client (package:lager_app/services/pocketbase_service.dart:63:7)[0m
[38;5;196m│ #1   AttachmentService.countForArtikel (package:lager_app/services/attachment_service.dart:72:38)[0m
[38;5;196m│ #2   _ArtikelDetailScreenState.ladeAnhangCount (package:lager_app/screens/artikel_detail_screen.dart:114:44)[0m
[38;5;196m│ #3   _ArtikelDetailScreenState.initState (package:lager_app/screens/artikel_detail_screen.dart:109:5)[0m
[38;5;196m│ #4   StatefulElement._firstBuild (package:flutter/src/widgets/framework.dart:5950:55)[0m
[38;5;196m│ #5   ComponentElement.mount (package:flutter/src/widgets/framework.dart:5793:5)[0m
[38;5;196m│ #6   Element.inflateWidget (package:flutter/src/widgets/framework.dart:4587:20)[0m
[38;5;196m│ #7   Element.updateChild (package:flutter/src/widgets/framework.dart:4059:18)[0m
[38;5;196m├┄┄┄┄┄┄┄┄┄┄┄┄┄┄┄┄┄┄┄┄┄┄┄┄┄┄┄┄┄┄┄┄┄┄┄┄┄┄┄┄┄┄┄┄┄┄┄┄┄┄┄┄┄┄┄┄┄┄┄┄┄┄┄┄┄┄┄┄┄┄┄┄┄┄┄┄┄┄┄[0m
[38;5;196m│ 10:24:52.770 (+0:00:02.299124)[0m
[38;5;196m├┄┄┄┄┄┄┄┄┄┄┄┄┄┄┄┄┄┄┄┄┄┄┄┄┄┄┄┄┄┄┄┄┄┄┄┄┄┄┄┄┄┄┄┄┄┄┄┄┄┄┄┄┄┄┄┄┄┄┄┄┄┄┄┄┄┄┄┄┄┄┄┄┄┄┄┄┄┄┄[0m
[38;5;196m│ ⛔ AttachmentService.countForArtikel() fehlgeschlagen[0m
[38;5;196m└───────────────────────────────────────────────────────────────────────────────[0m
00:13 +509 ~3 -2: /home/germanlion67/lager_app/app/test/widgets/artikel_list_screen_test.dart: ArtikelListScreen – QR-Button (Punkt 7) Kein FAB für QR-Scanner vorhanden (v0.7.8)
[38;5;12m┌───────────────────────────────────────────────────────────────────────────────────────────────────────────────────────[0m
[38;5;12m│ #0   ArtikelDbService.closeDatabase (package:lager_app/services/artikel_db_service.dart:1169:15)[0m
[38;5;12m│ #1   <asynchronous suspension>[0m
[38;5;12m├┄┄┄┄┄┄┄┄┄┄┄┄┄┄┄┄┄┄┄┄┄┄┄┄┄┄┄┄┄┄┄┄┄┄┄┄┄┄┄┄┄┄┄┄┄┄┄┄┄┄┄┄┄┄┄┄┄┄┄┄┄┄┄┄┄┄┄┄┄┄┄┄┄┄┄┄┄┄┄┄┄┄┄┄┄┄┄┄┄┄┄┄┄┄┄┄┄┄┄┄┄┄┄┄┄┄┄┄┄┄┄┄┄┄┄┄┄┄┄[0m
[38;5;12m│ 💡 ✅ Datenbank geschlossen.[0m
[38;5;12m└───────────────────────────────────────────────────────────────────────────────────────────────────────────────────────[0m
00:13 +510 ~3 -2: /home/germanlion67/lager_app/app/test/utils/image_processing_utils_test.dart: ImageProcessingUtils ensureTargetFormat() Output-Format Output ist kleiner oder gleich dem Input bei großem Bild
00:13 +511 ~3 -2: /home/germanlion67/lager_app/app/test/utils/image_processing_utils_test.dart: ImageProcessingUtils ensureTargetFormat() Output-Format Output ist kleiner oder gleich dem Input bei großem Bild
00:13 +512 ~3 -2: /home/germanlion67/lager_app/app/test/utils/image_processing_utils_test.dart: ImageProcessingUtils ensureTargetFormat() Output-Format Output ist kleiner oder gleich dem Input bei großem Bild
00:13 +512 ~3 -2: /home/germanlion67/lager_app/app/test/widgets/artikel_list_screen_test.dart: ArtikelListScreen – Neuer Artikel AppBar (Punkt 8) „Neuer Artikel"-Button ist in AppBar vorhanden
[38;5;12m┌───────────────────────────────────────────────────────────────────────────────────────────────────────────────────────[0m
[38;5;12m│ #0   ArtikelDbService.closeDatabase (package:lager_app/services/artikel_db_service.dart:1169:15)[0m
[38;5;12m│ #1   <asynchronous suspension>[0m
[38;5;12m├┄┄┄┄┄┄┄┄┄┄┄┄┄┄┄┄┄┄┄┄┄┄┄┄┄┄┄┄┄┄┄┄┄┄┄┄┄┄┄┄┄┄┄┄┄┄┄┄┄┄┄┄┄┄┄┄┄┄┄┄┄┄┄┄┄┄┄┄┄┄┄┄┄┄┄┄┄┄┄┄┄┄┄┄┄┄┄┄┄┄┄┄┄┄┄┄┄┄┄┄┄┄┄┄┄┄┄┄┄┄┄┄┄┄┄┄┄┄┄[0m
[38;5;12m│ 💡 ✅ Datenbank geschlossen.[0m
[38;5;12m└───────────────────────────────────────────────────────────────────────────────────────────────────────────────────────[0m
00:13 +513 ~3 -2: /home/germanlion67/lager_app/app/test/utils/image_processing_utils_test.dart: ImageProcessingUtils ensureTargetFormat() Output-Format Output ist kleiner oder gleich dem Input bei großem Bild
00:13 +513 ~3 -2: /home/germanlion67/lager_app/app/test/widgets/artikel_detail_screen_test.dart: ArtikelDetailScreen – Render Artikelnummer wird angezeigt
[38;5;196m┌───────────────────────────────────────────────────────────────────────────────[0m
[38;5;196m│ Bad state: PocketBaseService: Kein Client verfügbar.[0m
[38;5;196m│ Entweder wurde initialize() noch nicht aufgerufen, oder es ist keine Server-URL konfiguriert.[0m
[38;5;196m│ Prüfe needsSetup bevor du auf den Client zugreifst.[0m
[38;5;196m├┄┄┄┄┄┄┄┄┄┄┄┄┄┄┄┄┄┄┄┄┄┄┄┄┄┄┄┄┄┄┄┄┄┄┄┄┄┄┄┄┄┄┄┄┄┄┄┄┄┄┄┄┄┄┄┄┄┄┄┄┄┄┄┄┄┄┄┄┄┄┄┄┄┄┄┄┄┄┄[0m
[38;5;196m│ #0   PocketBaseService.client (package:lager_app/services/pocketbase_service.dart:63:7)[0m
[38;5;196m│ #1   AttachmentService.countForArtikel (package:lager_app/services/attachment_service.dart:72:38)[0m
[38;5;196m│ #2   _ArtikelDetailScreenState.ladeAnhangCount (package:lager_app/screens/artikel_detail_screen.dart:114:44)[0m
[38;5;196m│ #3   _ArtikelDetailScreenState.initState (package:lager_app/screens/artikel_detail_screen.dart:109:5)[0m
[38;5;196m│ #4   StatefulElement._firstBuild (package:flutter/src/widgets/framework.dart:5950:55)[0m
[38;5;196m│ #5   ComponentElement.mount (package:flutter/src/widgets/framework.dart:5793:5)[0m
[38;5;196m│ #6   Element.inflateWidget (package:flutter/src/widgets/framework.dart:4587:20)[0m
[38;5;196m│ #7   Element.updateChild (package:flutter/src/widgets/framework.dart:4059:18)[0m
[38;5;196m├┄┄┄┄┄┄┄┄┄┄┄┄┄┄┄┄┄┄┄┄┄┄┄┄┄┄┄┄┄┄┄┄┄┄┄┄┄┄┄┄┄┄┄┄┄┄┄┄┄┄┄┄┄┄┄┄┄┄┄┄┄┄┄┄┄┄┄┄┄┄┄┄┄┄┄┄┄┄┄[0m
[38;5;196m│ 10:24:53.030 (+0:00:02.559079)[0m
[38;5;196m├┄┄┄┄┄┄┄┄┄┄┄┄┄┄┄┄┄┄┄┄┄┄┄┄┄┄┄┄┄┄┄┄┄┄┄┄┄┄┄┄┄┄┄┄┄┄┄┄┄┄┄┄┄┄┄┄┄┄┄┄┄┄┄┄┄┄┄┄┄┄┄┄┄┄┄┄┄┄┄[0m
[38;5;196m│ ⛔ AttachmentService.countForArtikel() fehlgeschlagen[0m
[38;5;196m└───────────────────────────────────────────────────────────────────────────────[0m
00:14 +514 ~3 -2: /home/germanlion67/lager_app/app/test/utils/image_processing_utils_test.dart: ImageProcessingUtils ensureTargetFormat() Output-Format Output ist kleiner oder gleich dem Input bei großem Bild
00:14 +515 ~3 -2: /home/germanlion67/lager_app/app/test/utils/image_processing_utils_test.dart: ImageProcessingUtils ensureTargetFormat() Output-Format Output ist kleiner oder gleich dem Input bei großem Bild
00:14 +515 ~3 -2: /home/germanlion67/lager_app/app/test/widgets/artikel_list_screen_test.dart: ArtikelListScreen – Neuer Artikel AppBar (Punkt 8) Aktualisieren-Button ist in AppBar vorhanden
[38;5;12m┌───────────────────────────────────────────────────────────────────────────────────────────────────────────────────────[0m
[38;5;12m│ #0   ArtikelDbService.closeDatabase (package:lager_app/services/artikel_db_service.dart:1169:15)[0m
[38;5;12m│ #1   <asynchronous suspension>[0m
[38;5;12m├┄┄┄┄┄┄┄┄┄┄┄┄┄┄┄┄┄┄┄┄┄┄┄┄┄┄┄┄┄┄┄┄┄┄┄┄┄┄┄┄┄┄┄┄┄┄┄┄┄┄┄┄┄┄┄┄┄┄┄┄┄┄┄┄┄┄┄┄┄┄┄┄┄┄┄┄┄┄┄┄┄┄┄┄┄┄┄┄┄┄┄┄┄┄┄┄┄┄┄┄┄┄┄┄┄┄┄┄┄┄┄┄┄┄┄┄┄┄┄[0m
[38;5;12m│ 💡 ✅ Datenbank geschlossen.[0m
[38;5;12m└───────────────────────────────────────────────────────────────────────────────────────────────────────────────────────[0m
00:14 +516 ~3 -2: /home/germanlion67/lager_app/app/test/utils/image_processing_utils_test.dart: ImageProcessingUtils ensureTargetFormat() Output-Format Output ist kleiner oder gleich dem Input bei großem Bild
00:14 +517 ~3 -2: /home/germanlion67/lager_app/app/test/utils/image_processing_utils_test.dart: ImageProcessingUtils ensureTargetFormat() Output-Format Output ist kleiner oder gleich dem Input bei großem Bild
00:14 +518 ~3 -2: /home/germanlion67/lager_app/app/test/utils/image_processing_utils_test.dart: ImageProcessingUtils ensureTargetFormat() Output-Format Output ist kleiner oder gleich dem Input bei großem Bild
00:14 +518 ~3 -2: /home/germanlion67/lager_app/app/test/widgets/artikel_detail_screen_test.dart: ArtikelDetailScreen – Render Beschreibung-Feld ist sichtbar
[38;5;196m┌───────────────────────────────────────────────────────────────────────────────[0m
[38;5;196m│ Bad state: PocketBaseService: Kein Client verfügbar.[0m
[38;5;196m│ Entweder wurde initialize() noch nicht aufgerufen, oder es ist keine Server-URL konfiguriert.[0m
[38;5;196m│ Prüfe needsSetup bevor du auf den Client zugreifst.[0m
[38;5;196m├┄┄┄┄┄┄┄┄┄┄┄┄┄┄┄┄┄┄┄┄┄┄┄┄┄┄┄┄┄┄┄┄┄┄┄┄┄┄┄┄┄┄┄┄┄┄┄┄┄┄┄┄┄┄┄┄┄┄┄┄┄┄┄┄┄┄┄┄┄┄┄┄┄┄┄┄┄┄┄[0m
[38;5;196m│ #0   PocketBaseService.client (package:lager_app/services/pocketbase_service.dart:63:7)[0m
[38;5;196m│ #1   AttachmentService.countForArtikel (package:lager_app/services/attachment_service.dart:72:38)[0m
[38;5;196m│ #2   _ArtikelDetailScreenState.ladeAnhangCount (package:lager_app/screens/artikel_detail_screen.dart:114:44)[0m
[38;5;196m│ #3   _ArtikelDetailScreenState.initState (package:lager_app/screens/artikel_detail_screen.dart:109:5)[0m
[38;5;196m│ #4   StatefulElement._firstBuild (package:flutter/src/widgets/framework.dart:5950:55)[0m
[38;5;196m│ #5   ComponentElement.mount (package:flutter/src/widgets/framework.dart:5793:5)[0m
[38;5;196m│ #6   Element.inflateWidget (package:flutter/src/widgets/framework.dart:4587:20)[0m
[38;5;196m│ #7   Element.updateChild (package:flutter/src/widgets/framework.dart:4059:18)[0m
[38;5;196m├┄┄┄┄┄┄┄┄┄┄┄┄┄┄┄┄┄┄┄┄┄┄┄┄┄┄┄┄┄┄┄┄┄┄┄┄┄┄┄┄┄┄┄┄┄┄┄┄┄┄┄┄┄┄┄┄┄┄┄┄┄┄┄┄┄┄┄┄┄┄┄┄┄┄┄┄┄┄┄[0m
[38;5;196m│ 10:24:53.264 (+0:00:02.792978)[0m
[38;5;196m├┄┄┄┄┄┄┄┄┄┄┄┄┄┄┄┄┄┄┄┄┄┄┄┄┄┄┄┄┄┄┄┄┄┄┄┄┄┄┄┄┄┄┄┄┄┄┄┄┄┄┄┄┄┄┄┄┄┄┄┄┄┄┄┄┄┄┄┄┄┄┄┄┄┄┄┄┄┄┄[0m
[38;5;196m│ ⛔ AttachmentService.countForArtikel() fehlgeschlagen[0m
[38;5;196m└───────────────────────────────────────────────────────────────────────────────[0m
00:14 +518 ~3 -2: /home/germanlion67/lager_app/app/test/widgets/artikel_list_screen_test.dart: ArtikelListScreen – Neuer Artikel AppBar (Punkt 8) Kein FloatingActionButton vorhanden (v0.7.8)
[38;5;12m┌───────────────────────────────────────────────────────────────────────────────────────────────────────────────────────[0m
[38;5;12m│ #0   ArtikelDbService.closeDatabase (package:lager_app/services/artikel_db_service.dart:1169:15)[0m
[38;5;12m│ #1   <asynchronous suspension>[0m
[38;5;12m├┄┄┄┄┄┄┄┄┄┄┄┄┄┄┄┄┄┄┄┄┄┄┄┄┄┄┄┄┄┄┄┄┄┄┄┄┄┄┄┄┄┄┄┄┄┄┄┄┄┄┄┄┄┄┄┄┄┄┄┄┄┄┄┄┄┄┄┄┄┄┄┄┄┄┄┄┄┄┄┄┄┄┄┄┄┄┄┄┄┄┄┄┄┄┄┄┄┄┄┄┄┄┄┄┄┄┄┄┄┄┄┄┄┄┄┄┄┄┄[0m
[38;5;12m│ 💡 ✅ Datenbank geschlossen.[0m
[38;5;12m└───────────────────────────────────────────────────────────────────────────────────────────────────────────────────────[0m
00:14 +519 ~3 -2: /home/germanlion67/lager_app/app/test/utils/image_processing_utils_test.dart: ImageProcessingUtils ensureTargetFormat() Output-Format Output ist kleiner oder gleich dem Input bei großem Bild
00:14 +520 ~3 -2: /home/germanlion67/lager_app/app/test/utils/image_processing_utils_test.dart: ImageProcessingUtils ensureTargetFormat() Output-Format Output ist kleiner oder gleich dem Input bei großem Bild
00:14 +521 ~3 -2: /home/germanlion67/lager_app/app/test/utils/image_processing_utils_test.dart: ImageProcessingUtils ensureTargetFormat() Output-Format Output ist kleiner oder gleich dem Input bei großem Bild
00:14 +522 ~3 -2: /home/germanlion67/lager_app/app/test/utils/image_processing_utils_test.dart: ImageProcessingUtils ensureTargetFormat() Output-Format Output ist kleiner oder gleich dem Input bei großem Bild
00:14 +523 ~3 -2: /home/germanlion67/lager_app/app/test/utils/image_processing_utils_test.dart: ImageProcessingUtils ensureTargetFormat() Output-Format Output ist kleiner oder gleich dem Input bei großem Bild
00:14 +523 ~3 -2: /home/germanlion67/lager_app/app/test/widgets/artikel_detail_screen_test.dart: ArtikelDetailScreen – AppBar-Aktionen Ändern-Button ist in AppBar vorhanden
[38;5;196m┌───────────────────────────────────────────────────────────────────────────────[0m
[38;5;196m│ Bad state: PocketBaseService: Kein Client verfügbar.[0m
[38;5;196m│ Entweder wurde initialize() noch nicht aufgerufen, oder es ist keine Server-URL konfiguriert.[0m
[38;5;196m│ Prüfe needsSetup bevor du auf den Client zugreifst.[0m
[38;5;196m├┄┄┄┄┄┄┄┄┄┄┄┄┄┄┄┄┄┄┄┄┄┄┄┄┄┄┄┄┄┄┄┄┄┄┄┄┄┄┄┄┄┄┄┄┄┄┄┄┄┄┄┄┄┄┄┄┄┄┄┄┄┄┄┄┄┄┄┄┄┄┄┄┄┄┄┄┄┄┄[0m
[38;5;196m│ #0   PocketBaseService.client (package:lager_app/services/pocketbase_service.dart:63:7)[0m
[38;5;196m│ #1   AttachmentService.countForArtikel (package:lager_app/services/attachment_service.dart:72:38)[0m
[38;5;196m│ #2   _ArtikelDetailScreenState.ladeAnhangCount (package:lager_app/screens/artikel_detail_screen.dart:114:44)[0m
[38;5;196m│ #3   _ArtikelDetailScreenState.initState (package:lager_app/screens/artikel_detail_screen.dart:109:5)[0m
[38;5;196m│ #4   StatefulElement._firstBuild (package:flutter/src/widgets/framework.dart:5950:55)[0m
[38;5;196m│ #5   ComponentElement.mount (package:flutter/src/widgets/framework.dart:5793:5)[0m
[38;5;196m│ #6   Element.inflateWidget (package:flutter/src/widgets/framework.dart:4587:20)[0m
[38;5;196m│ #7   Element.updateChild (package:flutter/src/widgets/framework.dart:4059:18)[0m
[38;5;196m├┄┄┄┄┄┄┄┄┄┄┄┄┄┄┄┄┄┄┄┄┄┄┄┄┄┄┄┄┄┄┄┄┄┄┄┄┄┄┄┄┄┄┄┄┄┄┄┄┄┄┄┄┄┄┄┄┄┄┄┄┄┄┄┄┄┄┄┄┄┄┄┄┄┄┄┄┄┄┄[0m
[38;5;196m│ 10:24:53.486 (+0:00:03.014907)[0m
[38;5;196m├┄┄┄┄┄┄┄┄┄┄┄┄┄┄┄┄┄┄┄┄┄┄┄┄┄┄┄┄┄┄┄┄┄┄┄┄┄┄┄┄┄┄┄┄┄┄┄┄┄┄┄┄┄┄┄┄┄┄┄┄┄┄┄┄┄┄┄┄┄┄┄┄┄┄┄┄┄┄┄[0m
[38;5;196m│ ⛔ AttachmentService.countForArtikel() fehlgeschlagen[0m
[38;5;196m└───────────────────────────────────────────────────────────────────────────────[0m
00:14 +524 ~3 -2: /home/germanlion67/lager_app/app/test/utils/image_processing_utils_test.dart: ImageProcessingUtils ensureTargetFormat() Output-Format Output ist kleiner oder gleich dem Input bei großem Bild
00:14 +525 ~3 -2: /home/germanlion67/lager_app/app/test/utils/image_processing_utils_test.dart: ImageProcessingUtils ensureTargetFormat() Output-Format Output ist kleiner oder gleich dem Input bei großem Bild
00:14 +525 ~3 -2: /home/germanlion67/lager_app/app/test/widgets/artikel_detail_screen_test.dart: ArtikelDetailScreen – AppBar-Aktionen PDF-Button ist in AppBar vorhanden
[38;5;196m┌───────────────────────────────────────────────────────────────────────────────[0m
[38;5;196m│ Bad state: PocketBaseService: Kein Client verfügbar.[0m
[38;5;196m│ Entweder wurde initialize() noch nicht aufgerufen, oder es ist keine Server-URL konfiguriert.[0m
[38;5;196m│ Prüfe needsSetup bevor du auf den Client zugreifst.[0m
[38;5;196m├┄┄┄┄┄┄┄┄┄┄┄┄┄┄┄┄┄┄┄┄┄┄┄┄┄┄┄┄┄┄┄┄┄┄┄┄┄┄┄┄┄┄┄┄┄┄┄┄┄┄┄┄┄┄┄┄┄┄┄┄┄┄┄┄┄┄┄┄┄┄┄┄┄┄┄┄┄┄┄[0m
[38;5;196m│ #0   PocketBaseService.client (package:lager_app/services/pocketbase_service.dart:63:7)[0m
[38;5;196m│ #1   AttachmentService.countForArtikel (package:lager_app/services/attachment_service.dart:72:38)[0m
[38;5;196m│ #2   _ArtikelDetailScreenState.ladeAnhangCount (package:lager_app/screens/artikel_detail_screen.dart:114:44)[0m
[38;5;196m│ #3   _ArtikelDetailScreenState.initState (package:lager_app/screens/artikel_detail_screen.dart:109:5)[0m
[38;5;196m│ #4   StatefulElement._firstBuild (package:flutter/src/widgets/framework.dart:5950:55)[0m
[38;5;196m│ #5   ComponentElement.mount (package:flutter/src/widgets/framework.dart:5793:5)[0m
[38;5;196m│ #6   Element.inflateWidget (package:flutter/src/widgets/framework.dart:4587:20)[0m
[38;5;196m│ #7   Element.updateChild (package:flutter/src/widgets/framework.dart:4059:18)[0m
[38;5;196m├┄┄┄┄┄┄┄┄┄┄┄┄┄┄┄┄┄┄┄┄┄┄┄┄┄┄┄┄┄┄┄┄┄┄┄┄┄┄┄┄┄┄┄┄┄┄┄┄┄┄┄┄┄┄┄┄┄┄┄┄┄┄┄┄┄┄┄┄┄┄┄┄┄┄┄┄┄┄┄[0m
[38;5;196m│ 10:24:53.694 (+0:00:03.222907)[0m
[38;5;196m├┄┄┄┄┄┄┄┄┄┄┄┄┄┄┄┄┄┄┄┄┄┄┄┄┄┄┄┄┄┄┄┄┄┄┄┄┄┄┄┄┄┄┄┄┄┄┄┄┄┄┄┄┄┄┄┄┄┄┄┄┄┄┄┄┄┄┄┄┄┄┄┄┄┄┄┄┄┄┄[0m
[38;5;196m│ ⛔ AttachmentService.countForArtikel() fehlgeschlagen[0m
[38;5;196m└───────────────────────────────────────────────────────────────────────────────[0m
00:14 +526 ~3 -2: /home/germanlion67/lager_app/app/test/utils/image_processing_utils_test.dart: ImageProcessingUtils ensureTargetFormat() Output-Format Output ist kleiner oder gleich dem Input bei großem Bild
00:14 +527 ~3 -2: /home/germanlion67/lager_app/app/test/utils/image_processing_utils_test.dart: ImageProcessingUtils ensureTargetFormat() Output-Format Output ist kleiner oder gleich dem Input bei großem Bild
00:14 +528 ~3 -2: /home/germanlion67/lager_app/app/test/utils/image_processing_utils_test.dart: ImageProcessingUtils ensureTargetFormat() Output-Format Output ist kleiner oder gleich dem Input bei großem Bild
00:14 +528 ~3 -2: /home/germanlion67/lager_app/app/test/widgets/artikel_detail_screen_test.dart: ArtikelDetailScreen – AppBar-Aktionen Löschen-Button ist in AppBar vorhanden
[38;5;196m┌───────────────────────────────────────────────────────────────────────────────[0m
[38;5;196m│ Bad state: PocketBaseService: Kein Client verfügbar.[0m
[38;5;196m│ Entweder wurde initialize() noch nicht aufgerufen, oder es ist keine Server-URL konfiguriert.[0m
[38;5;196m│ Prüfe needsSetup bevor du auf den Client zugreifst.[0m
[38;5;196m├┄┄┄┄┄┄┄┄┄┄┄┄┄┄┄┄┄┄┄┄┄┄┄┄┄┄┄┄┄┄┄┄┄┄┄┄┄┄┄┄┄┄┄┄┄┄┄┄┄┄┄┄┄┄┄┄┄┄┄┄┄┄┄┄┄┄┄┄┄┄┄┄┄┄┄┄┄┄┄[0m
[38;5;196m│ #0   PocketBaseService.client (package:lager_app/services/pocketbase_service.dart:63:7)[0m
[38;5;196m│ #1   AttachmentService.countForArtikel (package:lager_app/services/attachment_service.dart:72:38)[0m
[38;5;196m│ #2   _ArtikelDetailScreenState.ladeAnhangCount (package:lager_app/screens/artikel_detail_screen.dart:114:44)[0m
[38;5;196m│ #3   _ArtikelDetailScreenState.initState (package:lager_app/screens/artikel_detail_screen.dart:109:5)[0m
[38;5;196m│ #4   StatefulElement._firstBuild (package:flutter/src/widgets/framework.dart:5950:55)[0m
[38;5;196m│ #5   ComponentElement.mount (package:flutter/src/widgets/framework.dart:5793:5)[0m
[38;5;196m│ #6   Element.inflateWidget (package:flutter/src/widgets/framework.dart:4587:20)[0m
[38;5;196m│ #7   Element.updateChild (package:flutter/src/widgets/framework.dart:4059:18)[0m
[38;5;196m├┄┄┄┄┄┄┄┄┄┄┄┄┄┄┄┄┄┄┄┄┄┄┄┄┄┄┄┄┄┄┄┄┄┄┄┄┄┄┄┄┄┄┄┄┄┄┄┄┄┄┄┄┄┄┄┄┄┄┄┄┄┄┄┄┄┄┄┄┄┄┄┄┄┄┄┄┄┄┄[0m
[38;5;196m│ 10:24:53.882 (+0:00:03.411310)[0m
[38;5;196m├┄┄┄┄┄┄┄┄┄┄┄┄┄┄┄┄┄┄┄┄┄┄┄┄┄┄┄┄┄┄┄┄┄┄┄┄┄┄┄┄┄┄┄┄┄┄┄┄┄┄┄┄┄┄┄┄┄┄┄┄┄┄┄┄┄┄┄┄┄┄┄┄┄┄┄┄┄┄┄[0m
[38;5;196m│ ⛔ AttachmentService.countForArtikel() fehlgeschlagen[0m
[38;5;196m└───────────────────────────────────────────────────────────────────────────────[0m
00:14 +528 ~3 -2: /home/germanlion67/lager_app/app/test/widgets/artikel_list_screen_test.dart: ArtikelListScreen – Neuer Artikel AppBar (Punkt 8) „Neuer Artikel"-Button öffnet ArtikelErfassenScreen
┌───────────────────────────────────────────────────────────────────────────────────────────────────────────────────────
│ #0   ArtikelDbService.getMaxArtikelnummer (package:lager_app/services/artikel_db_service.dart:1153:15)
│ #1   <asynchronous suspension>
├┄┄┄┄┄┄┄┄┄┄┄┄┄┄┄┄┄┄┄┄┄┄┄┄┄┄┄┄┄┄┄┄┄┄┄┄┄┄┄┄┄┄┄┄┄┄┄┄┄┄┄┄┄┄┄┄┄┄┄┄┄┄┄┄┄┄┄┄┄┄┄┄┄┄┄┄┄┄┄┄┄┄┄┄┄┄┄┄┄┄┄┄┄┄┄┄┄┄┄┄┄┄┄┄┄┄┄┄┄┄┄┄┄┄┄┄┄┄┄
│ 🐛 ✅ Max Artikelnummer aus lokaler DB: null
└───────────────────────────────────────────────────────────────────────────────────────────────────────────────────────
[38;5;12m┌───────────────────────────────────────────────────────────────────────────────────────────────────────────────────────[0m
[38;5;12m│ #0   ArtikelDbService.closeDatabase (package:lager_app/services/artikel_db_service.dart:1169:15)[0m
[38;5;12m│ #1   <asynchronous suspension>[0m
[38;5;12m├┄┄┄┄┄┄┄┄┄┄┄┄┄┄┄┄┄┄┄┄┄┄┄┄┄┄┄┄┄┄┄┄┄┄┄┄┄┄┄┄┄┄┄┄┄┄┄┄┄┄┄┄┄┄┄┄┄┄┄┄┄┄┄┄┄┄┄┄┄┄┄┄┄┄┄┄┄┄┄┄┄┄┄┄┄┄┄┄┄┄┄┄┄┄┄┄┄┄┄┄┄┄┄┄┄┄┄┄┄┄┄┄┄┄┄┄┄┄┄[0m
[38;5;12m│ 💡 ✅ Datenbank geschlossen.[0m
[38;5;12m└───────────────────────────────────────────────────────────────────────────────────────────────────────────────────────[0m
00:14 +529 ~3 -2: /home/germanlion67/lager_app/app/test/utils/image_processing_utils_test.dart: ImageProcessingUtils ensureTargetFormat() Output-Format Output ist kleiner oder gleich dem Input bei großem Bild
00:14 +530 ~3 -2: /home/germanlion67/lager_app/app/test/utils/image_processing_utils_test.dart: ImageProcessingUtils ensureTargetFormat() Output-Format Output ist kleiner oder gleich dem Input bei großem Bild
00:14 +531 ~3 -2: /home/germanlion67/lager_app/app/test/utils/image_processing_utils_test.dart: ImageProcessingUtils ensureTargetFormat() Output-Format Output ist kleiner oder gleich dem Input bei großem Bild
00:15 +531 ~3 -2: /home/germanlion67/lager_app/app/test/widgets/artikel_detail_screen_test.dart: ArtikelDetailScreen – AppBar-Aktionen Anhänge-Button ist in AppBar vorhanden
[38;5;196m┌───────────────────────────────────────────────────────────────────────────────[0m
[38;5;196m│ Bad state: PocketBaseService: Kein Client verfügbar.[0m
[38;5;196m│ Entweder wurde initialize() noch nicht aufgerufen, oder es ist keine Server-URL konfiguriert.[0m
[38;5;196m│ Prüfe needsSetup bevor du auf den Client zugreifst.[0m
[38;5;196m├┄┄┄┄┄┄┄┄┄┄┄┄┄┄┄┄┄┄┄┄┄┄┄┄┄┄┄┄┄┄┄┄┄┄┄┄┄┄┄┄┄┄┄┄┄┄┄┄┄┄┄┄┄┄┄┄┄┄┄┄┄┄┄┄┄┄┄┄┄┄┄┄┄┄┄┄┄┄┄[0m
[38;5;196m│ #0   PocketBaseService.client (package:lager_app/services/pocketbase_service.dart:63:7)[0m
[38;5;196m│ #1   AttachmentService.countForArtikel (package:lager_app/services/attachment_service.dart:72:38)[0m
[38;5;196m│ #2   _ArtikelDetailScreenState.ladeAnhangCount (package:lager_app/screens/artikel_detail_screen.dart:114:44)[0m
[38;5;196m│ #3   _ArtikelDetailScreenState.initState (package:lager_app/screens/artikel_detail_screen.dart:109:5)[0m
[38;5;196m│ #4   StatefulElement._firstBuild (package:flutter/src/widgets/framework.dart:5950:55)[0m
[38;5;196m│ #5   ComponentElement.mount (package:flutter/src/widgets/framework.dart:5793:5)[0m
[38;5;196m│ #6   Element.inflateWidget (package:flutter/src/widgets/framework.dart:4587:20)[0m
[38;5;196m│ #7   Element.updateChild (package:flutter/src/widgets/framework.dart:4059:18)[0m
[38;5;196m├┄┄┄┄┄┄┄┄┄┄┄┄┄┄┄┄┄┄┄┄┄┄┄┄┄┄┄┄┄┄┄┄┄┄┄┄┄┄┄┄┄┄┄┄┄┄┄┄┄┄┄┄┄┄┄┄┄┄┄┄┄┄┄┄┄┄┄┄┄┄┄┄┄┄┄┄┄┄┄[0m
[38;5;196m│ 10:24:54.081 (+0:00:03.610410)[0m
[38;5;196m├┄┄┄┄┄┄┄┄┄┄┄┄┄┄┄┄┄┄┄┄┄┄┄┄┄┄┄┄┄┄┄┄┄┄┄┄┄┄┄┄┄┄┄┄┄┄┄┄┄┄┄┄┄┄┄┄┄┄┄┄┄┄┄┄┄┄┄┄┄┄┄┄┄┄┄┄┄┄┄[0m
[38;5;196m│ ⛔ AttachmentService.countForArtikel() fehlgeschlagen[0m
[38;5;196m└───────────────────────────────────────────────────────────────────────────────[0m
00:15 +531 ~3 -2: /home/germanlion67/lager_app/app/test/widgets/artikel_list_screen_test.dart: ArtikelListScreen – Menü Menü-Button (more_vert) ist vorhanden
[38;5;12m┌───────────────────────────────────────────────────────────────────────────────────────────────────────────────────────[0m
[38;5;12m│ #0   ArtikelDbService.closeDatabase (package:lager_app/services/artikel_db_service.dart:1169:15)[0m
[38;5;12m│ #1   <asynchronous suspension>[0m
[38;5;12m├┄┄┄┄┄┄┄┄┄┄┄┄┄┄┄┄┄┄┄┄┄┄┄┄┄┄┄┄┄┄┄┄┄┄┄┄┄┄┄┄┄┄┄┄┄┄┄┄┄┄┄┄┄┄┄┄┄┄┄┄┄┄┄┄┄┄┄┄┄┄┄┄┄┄┄┄┄┄┄┄┄┄┄┄┄┄┄┄┄┄┄┄┄┄┄┄┄┄┄┄┄┄┄┄┄┄┄┄┄┄┄┄┄┄┄┄┄┄┄[0m
[38;5;12m│ 💡 ✅ Datenbank geschlossen.[0m
[38;5;12m└───────────────────────────────────────────────────────────────────────────────────────────────────────────────────────[0m
00:15 +532 ~3 -2: /home/germanlion67/lager_app/app/test/utils/image_processing_utils_test.dart: ImageProcessingUtils ensureTargetFormat() Output-Format Output ist kleiner oder gleich dem Input bei großem Bild
00:15 +533 ~3 -2: /home/germanlion67/lager_app/app/test/utils/image_processing_utils_test.dart: ImageProcessingUtils ensureTargetFormat() Output-Format Output ist kleiner oder gleich dem Input bei großem Bild
00:15 +534 ~3 -2: /home/germanlion67/lager_app/app/test/utils/image_processing_utils_test.dart: ImageProcessingUtils ensureTargetFormat() Output-Format Output ist kleiner oder gleich dem Input bei großem Bild
00:15 +535 ~3 -2: /home/germanlion67/lager_app/app/test/utils/image_processing_utils_test.dart: ImageProcessingUtils ensureTargetFormat() Output-Format Output ist kleiner oder gleich dem Input bei großem Bild
00:15 +536 ~3 -2: /home/germanlion67/lager_app/app/test/utils/image_processing_utils_test.dart: ImageProcessingUtils ensureTargetFormat() Output-Format Output ist kleiner oder gleich dem Input bei großem Bild
00:15 +536 ~3 -2: /home/germanlion67/lager_app/app/test/widgets/artikel_detail_screen_test.dart: ArtikelDetailScreen – AppBar-Aktionen Bild-Buttons sind im View-Modus NICHT sichtbar
[38;5;196m┌───────────────────────────────────────────────────────────────────────────────[0m
[38;5;196m│ Bad state: PocketBaseService: Kein Client verfügbar.[0m
[38;5;196m│ Entweder wurde initialize() noch nicht aufgerufen, oder es ist keine Server-URL konfiguriert.[0m
[38;5;196m│ Prüfe needsSetup bevor du auf den Client zugreifst.[0m
[38;5;196m├┄┄┄┄┄┄┄┄┄┄┄┄┄┄┄┄┄┄┄┄┄┄┄┄┄┄┄┄┄┄┄┄┄┄┄┄┄┄┄┄┄┄┄┄┄┄┄┄┄┄┄┄┄┄┄┄┄┄┄┄┄┄┄┄┄┄┄┄┄┄┄┄┄┄┄┄┄┄┄[0m
[38;5;196m│ #0   PocketBaseService.client (package:lager_app/services/pocketbase_service.dart:63:7)[0m
[38;5;196m│ #1   AttachmentService.countForArtikel (package:lager_app/services/attachment_service.dart:72:38)[0m
[38;5;196m│ #2   _ArtikelDetailScreenState.ladeAnhangCount (package:lager_app/screens/artikel_detail_screen.dart:114:44)[0m
[38;5;196m│ #3   _ArtikelDetailScreenState.initState (package:lager_app/screens/artikel_detail_screen.dart:109:5)[0m
[38;5;196m│ #4   StatefulElement._firstBuild (package:flutter/src/widgets/framework.dart:5950:55)[0m
[38;5;196m│ #5   ComponentElement.mount (package:flutter/src/widgets/framework.dart:5793:5)[0m
[38;5;196m│ #6   Element.inflateWidget (package:flutter/src/widgets/framework.dart:4587:20)[0m
[38;5;196m│ #7   Element.updateChild (package:flutter/src/widgets/framework.dart:4059:18)[0m
[38;5;196m├┄┄┄┄┄┄┄┄┄┄┄┄┄┄┄┄┄┄┄┄┄┄┄┄┄┄┄┄┄┄┄┄┄┄┄┄┄┄┄┄┄┄┄┄┄┄┄┄┄┄┄┄┄┄┄┄┄┄┄┄┄┄┄┄┄┄┄┄┄┄┄┄┄┄┄┄┄┄┄[0m
[38;5;196m│ 10:24:54.257 (+0:00:03.786020)[0m
[38;5;196m├┄┄┄┄┄┄┄┄┄┄┄┄┄┄┄┄┄┄┄┄┄┄┄┄┄┄┄┄┄┄┄┄┄┄┄┄┄┄┄┄┄┄┄┄┄┄┄┄┄┄┄┄┄┄┄┄┄┄┄┄┄┄┄┄┄┄┄┄┄┄┄┄┄┄┄┄┄┄┄[0m
[38;5;196m│ ⛔ AttachmentService.countForArtikel() fehlgeschlagen[0m
[38;5;196m└───────────────────────────────────────────────────────────────────────────────[0m
00:15 +536 ~3 -2: /home/germanlion67/lager_app/app/test/widgets/artikel_erfassen_test.dart: ArtikelErfassenScreen – Validierung Leere Pflichtfelder zeigen Fehlermeldungen
┌───────────────────────────────────────────────────────────────────────────────
│ #0   _ArtikelErfassenScreenState._save (package:lager_app/screens/artikel_erfassen_screen.dart:367:13)
├┄┄┄┄┄┄┄┄┄┄┄┄┄┄┄┄┄┄┄┄┄┄┄┄┄┄┄┄┄┄┄┄┄┄┄┄┄┄┄┄┄┄┄┄┄┄┄┄┄┄┄┄┄┄┄┄┄┄┄┄┄┄┄┄┄┄┄┄┄┄┄┄┄┄┄┄┄┄┄
│ 10:24:53.942 (+0:00:02.773053)
├┄┄┄┄┄┄┄┄┄┄┄┄┄┄┄┄┄┄┄┄┄┄┄┄┄┄┄┄┄┄┄┄┄┄┄┄┄┄┄┄┄┄┄┄┄┄┄┄┄┄┄┄┄┄┄┄┄┄┄┄┄┄┄┄┄┄┄┄┄┄┄┄┄┄┄┄┄┄┄
│ 🐛 _save() gestartet.
└───────────────────────────────────────────────────────────────────────────────
00:15 +536 ~3 -2: /home/germanlion67/lager_app/app/test/widgets/artikel_list_screen_test.dart: ArtikelListScreen – Menü Menü öffnet sich beim Tippen
[38;5;12m┌───────────────────────────────────────────────────────────────────────────────────────────────────────────────────────[0m
[38;5;12m│ #0   ArtikelDbService.closeDatabase (package:lager_app/services/artikel_db_service.dart:1169:15)[0m
[38;5;12m│ #1   <asynchronous suspension>[0m
[38;5;12m├┄┄┄┄┄┄┄┄┄┄┄┄┄┄┄┄┄┄┄┄┄┄┄┄┄┄┄┄┄┄┄┄┄┄┄┄┄┄┄┄┄┄┄┄┄┄┄┄┄┄┄┄┄┄┄┄┄┄┄┄┄┄┄┄┄┄┄┄┄┄┄┄┄┄┄┄┄┄┄┄┄┄┄┄┄┄┄┄┄┄┄┄┄┄┄┄┄┄┄┄┄┄┄┄┄┄┄┄┄┄┄┄┄┄┄┄┄┄┄[0m
[38;5;12m│ 💡 ✅ Datenbank geschlossen.[0m
[38;5;12m└───────────────────────────────────────────────────────────────────────────────────────────────────────────────────────[0m
00:15 +537 ~3 -2: /home/germanlion67/lager_app/app/test/utils/image_processing_utils_test.dart: ImageProcessingUtils ensureTargetFormat() Output-Format Output ist kleiner oder gleich dem Input bei großem Bild
00:15 +538 ~3 -2: /home/germanlion67/lager_app/app/test/utils/image_processing_utils_test.dart: ImageProcessingUtils ensureTargetFormat() Output-Format Output ist kleiner oder gleich dem Input bei großem Bild
00:15 +538 ~3 -2: /home/germanlion67/lager_app/app/test/widgets/artikel_detail_screen_test.dart: ArtikelDetailScreen – Edit-Modus Edit-Button wechselt zu Speichern-Icon
[38;5;196m┌───────────────────────────────────────────────────────────────────────────────[0m
[38;5;196m│ Bad state: PocketBaseService: Kein Client verfügbar.[0m
[38;5;196m│ Entweder wurde initialize() noch nicht aufgerufen, oder es ist keine Server-URL konfiguriert.[0m
[38;5;196m│ Prüfe needsSetup bevor du auf den Client zugreifst.[0m
[38;5;196m├┄┄┄┄┄┄┄┄┄┄┄┄┄┄┄┄┄┄┄┄┄┄┄┄┄┄┄┄┄┄┄┄┄┄┄┄┄┄┄┄┄┄┄┄┄┄┄┄┄┄┄┄┄┄┄┄┄┄┄┄┄┄┄┄┄┄┄┄┄┄┄┄┄┄┄┄┄┄┄[0m
[38;5;196m│ #0   PocketBaseService.client (package:lager_app/services/pocketbase_service.dart:63:7)[0m
[38;5;196m│ #1   AttachmentService.countForArtikel (package:lager_app/services/attachment_service.dart:72:38)[0m
[38;5;196m│ #2   _ArtikelDetailScreenState.ladeAnhangCount (package:lager_app/screens/artikel_detail_screen.dart:114:44)[0m
[38;5;196m│ #3   _ArtikelDetailScreenState.initState (package:lager_app/screens/artikel_detail_screen.dart:109:5)[0m
[38;5;196m│ #4   StatefulElement._firstBuild (package:flutter/src/widgets/framework.dart:5950:55)[0m
[38;5;196m│ #5   ComponentElement.mount (package:flutter/src/widgets/framework.dart:5793:5)[0m
[38;5;196m│ #6   Element.inflateWidget (package:flutter/src/widgets/framework.dart:4587:20)[0m
[38;5;196m│ #7   Element.updateChild (package:flutter/src/widgets/framework.dart:4059:18)[0m
[38;5;196m├┄┄┄┄┄┄┄┄┄┄┄┄┄┄┄┄┄┄┄┄┄┄┄┄┄┄┄┄┄┄┄┄┄┄┄┄┄┄┄┄┄┄┄┄┄┄┄┄┄┄┄┄┄┄┄┄┄┄┄┄┄┄┄┄┄┄┄┄┄┄┄┄┄┄┄┄┄┄┄[0m
[38;5;196m│ 10:24:54.455 (+0:00:03.983639)[0m
[38;5;196m├┄┄┄┄┄┄┄┄┄┄┄┄┄┄┄┄┄┄┄┄┄┄┄┄┄┄┄┄┄┄┄┄┄┄┄┄┄┄┄┄┄┄┄┄┄┄┄┄┄┄┄┄┄┄┄┄┄┄┄┄┄┄┄┄┄┄┄┄┄┄┄┄┄┄┄┄┄┄┄[0m
[38;5;196m│ ⛔ AttachmentService.countForArtikel() fehlgeschlagen[0m
[38;5;196m└───────────────────────────────────────────────────────────────────────────────[0m
00:15 +539 ~3 -2: /home/germanlion67/lager_app/app/test/utils/image_processing_utils_test.dart: ImageProcessingUtils ensureTargetFormat() Output-Format Output ist kleiner oder gleich dem Input bei großem Bild
00:15 +540 ~3 -2: /home/germanlion67/lager_app/app/test/utils/image_processing_utils_test.dart: ImageProcessingUtils ensureTargetFormat() Output-Format Output ist kleiner oder gleich dem Input bei großem Bild
00:15 +541 ~3 -2: /home/germanlion67/lager_app/app/test/utils/image_processing_utils_test.dart: ImageProcessingUtils ensureTargetFormat() Output-Format Output ist kleiner oder gleich dem Input bei großem Bild
00:15 +542 ~3 -2: /home/germanlion67/lager_app/app/test/utils/image_processing_utils_test.dart: ImageProcessingUtils ensureTargetFormat() Output-Format Output ist kleiner oder gleich dem Input bei großem Bild
00:15 +543 ~3 -2: /home/germanlion67/lager_app/app/test/utils/image_processing_utils_test.dart: ImageProcessingUtils ensureTargetFormat() Output-Format Output ist kleiner oder gleich dem Input bei großem Bild
00:15 +544 ~3 -2: /home/germanlion67/lager_app/app/test/utils/image_processing_utils_test.dart: ImageProcessingUtils ensureTargetFormat() Output-Format Output ist kleiner oder gleich dem Input bei großem Bild
00:15 +545 ~3 -2: /home/germanlion67/lager_app/app/test/utils/image_processing_utils_test.dart: ImageProcessingUtils ensureTargetFormat() Output-Format Output ist kleiner oder gleich dem Input bei großem Bild
00:15 +546 ~3 -2: /home/germanlion67/lager_app/app/test/utils/image_processing_utils_test.dart: ImageProcessingUtils ensureTargetFormat() Output-Format Output ist kleiner oder gleich dem Input bei großem Bild
00:15 +547 ~3 -2: /home/germanlion67/lager_app/app/test/utils/image_processing_utils_test.dart: ImageProcessingUtils ensureTargetFormat() Output-Format Output ist kleiner oder gleich dem Input bei großem Bild
00:15 +548 ~3 -2: /home/germanlion67/lager_app/app/test/utils/image_processing_utils_test.dart: ImageProcessingUtils ensureTargetFormat() Output-Format Output ist kleiner oder gleich dem Input bei großem Bild
00:15 +549 ~3 -2: /home/germanlion67/lager_app/app/test/utils/image_processing_utils_test.dart: ImageProcessingUtils ensureTargetFormat() Output-Format Output ist kleiner oder gleich dem Input bei großem Bild
00:15 +550 ~3 -2: /home/germanlion67/lager_app/app/test/utils/image_processing_utils_test.dart: ImageProcessingUtils ensureTargetFormat() Output-Format Output ist kleiner oder gleich dem Input bei großem Bild
00:15 +551 ~3 -2: /home/germanlion67/lager_app/app/test/utils/image_processing_utils_test.dart: ImageProcessingUtils ensureTargetFormat() Output-Format Output ist kleiner oder gleich dem Input bei großem Bild
00:15 +552 ~3 -2: /home/germanlion67/lager_app/app/test/utils/image_processing_utils_test.dart: ImageProcessingUtils ensureTargetFormat() Output-Format Output ist kleiner oder gleich dem Input bei großem Bild
00:15 +553 ~3 -2: /home/germanlion67/lager_app/app/test/utils/image_processing_utils_test.dart: ImageProcessingUtils ensureTargetFormat() Output-Format Output ist kleiner oder gleich dem Input bei großem Bild
00:15 +554 ~3 -2: /home/germanlion67/lager_app/app/test/utils/image_processing_utils_test.dart: ImageProcessingUtils ensureTargetFormat() Output-Format Output ist kleiner oder gleich dem Input bei großem Bild
00:15 +555 ~3 -2: /home/germanlion67/lager_app/app/test/utils/image_processing_utils_test.dart: ImageProcessingUtils ensureTargetFormat() Output-Format Output ist kleiner oder gleich dem Input bei großem Bild
00:15 +556 ~3 -2: /home/germanlion67/lager_app/app/test/utils/image_processing_utils_test.dart: ImageProcessingUtils ensureTargetFormat() Output-Format Output ist kleiner oder gleich dem Input bei großem Bild
00:15 +557 ~3 -2: /home/germanlion67/lager_app/app/test/utils/image_processing_utils_test.dart: ImageProcessingUtils ensureTargetFormat() Output-Format Output ist kleiner oder gleich dem Input bei großem Bild
00:15 +558 ~3 -2: /home/germanlion67/lager_app/app/test/utils/image_processing_utils_test.dart: ImageProcessingUtils ensureTargetFormat() Output-Format Output ist kleiner oder gleich dem Input bei großem Bild
00:15 +558 ~3 -2: /home/germanlion67/lager_app/app/test/widgets/artikel_erfassen_test.dart: ArtikelErfassenScreen – Validierung Name < 2 Zeichen zeigt Fehler
┌───────────────────────────────────────────────────────────────────────────────
│ #0   _ArtikelErfassenScreenState._save (package:lager_app/screens/artikel_erfassen_screen.dart:367:13)
├┄┄┄┄┄┄┄┄┄┄┄┄┄┄┄┄┄┄┄┄┄┄┄┄┄┄┄┄┄┄┄┄┄┄┄┄┄┄┄┄┄┄┄┄┄┄┄┄┄┄┄┄┄┄┄┄┄┄┄┄┄┄┄┄┄┄┄┄┄┄┄┄┄┄┄┄┄┄┄
│ 10:24:54.824 (+0:00:03.655498)
├┄┄┄┄┄┄┄┄┄┄┄┄┄┄┄┄┄┄┄┄┄┄┄┄┄┄┄┄┄┄┄┄┄┄┄┄┄┄┄┄┄┄┄┄┄┄┄┄┄┄┄┄┄┄┄┄┄┄┄┄┄┄┄┄┄┄┄┄┄┄┄┄┄┄┄┄┄┄┄
│ 🐛 _save() gestartet.
└───────────────────────────────────────────────────────────────────────────────
00:15 +558 ~3 -2: /home/germanlion67/lager_app/app/test/widgets/artikel_list_screen_test.dart: ArtikelListScreen – Suche Suchfeld nimmt Eingabe an
┌───────────────────────────────────────────────────────────────────────────────────────────────────────────────────────
│ #0   ArtikelDbService.searchArtikel (package:lager_app/services/artikel_db_service.dart:928:15)
│ #1   <asynchronous suspension>
├┄┄┄┄┄┄┄┄┄┄┄┄┄┄┄┄┄┄┄┄┄┄┄┄┄┄┄┄┄┄┄┄┄┄┄┄┄┄┄┄┄┄┄┄┄┄┄┄┄┄┄┄┄┄┄┄┄┄┄┄┄┄┄┄┄┄┄┄┄┄┄┄┄┄┄┄┄┄┄┄┄┄┄┄┄┄┄┄┄┄┄┄┄┄┄┄┄┄┄┄┄┄┄┄┄┄┄┄┄┄┄┄┄┄┄┄┄┄┄
│ 🐛 ✅ 0 Artikel für Suche "Hammer" gefunden.
└───────────────────────────────────────────────────────────────────────────────────────────────────────────────────────
[38;5;12m┌───────────────────────────────────────────────────────────────────────────────────────────────────────────────────────[0m
[38;5;12m│ #0   ArtikelDbService.closeDatabase (package:lager_app/services/artikel_db_service.dart:1169:15)[0m
[38;5;12m│ #1   <asynchronous suspension>[0m
[38;5;12m├┄┄┄┄┄┄┄┄┄┄┄┄┄┄┄┄┄┄┄┄┄┄┄┄┄┄┄┄┄┄┄┄┄┄┄┄┄┄┄┄┄┄┄┄┄┄┄┄┄┄┄┄┄┄┄┄┄┄┄┄┄┄┄┄┄┄┄┄┄┄┄┄┄┄┄┄┄┄┄┄┄┄┄┄┄┄┄┄┄┄┄┄┄┄┄┄┄┄┄┄┄┄┄┄┄┄┄┄┄┄┄┄┄┄┄┄┄┄┄[0m
[38;5;12m│ 💡 ✅ Datenbank geschlossen.[0m
[38;5;12m└───────────────────────────────────────────────────────────────────────────────────────────────────────────────────────[0m
00:15 +559 ~3 -2: /home/germanlion67/lager_app/app/test/utils/image_processing_utils_test.dart: ImageProcessingUtils ensureTargetFormat() Output-Format Output ist kleiner oder gleich dem Input bei großem Bild
00:15 +560 ~3 -2: /home/germanlion67/lager_app/app/test/utils/image_processing_utils_test.dart: ImageProcessingUtils ensureTargetFormat() Output-Format Output ist kleiner oder gleich dem Input bei großem Bild
00:15 +560 ~3 -2: /home/germanlion67/lager_app/app/test/widgets/artikel_list_screen_test.dart: ArtikelListScreen – Suche Leere Liste zeigt Hinweistext bei leerem Suchbegriff
[38;5;12m┌───────────────────────────────────────────────────────────────────────────────────────────────────────────────────────[0m
[38;5;12m│ #0   ArtikelDbService.closeDatabase (package:lager_app/services/artikel_db_service.dart:1169:15)[0m
[38;5;12m│ #1   <asynchronous suspension>[0m
[38;5;12m├┄┄┄┄┄┄┄┄┄┄┄┄┄┄┄┄┄┄┄┄┄┄┄┄┄┄┄┄┄┄┄┄┄┄┄┄┄┄┄┄┄┄┄┄┄┄┄┄┄┄┄┄┄┄┄┄┄┄┄┄┄┄┄┄┄┄┄┄┄┄┄┄┄┄┄┄┄┄┄┄┄┄┄┄┄┄┄┄┄┄┄┄┄┄┄┄┄┄┄┄┄┄┄┄┄┄┄┄┄┄┄┄┄┄┄┄┄┄┄[0m
[38;5;12m│ 💡 ✅ Datenbank geschlossen.[0m
[38;5;12m└───────────────────────────────────────────────────────────────────────────────────────────────────────────────────────[0m
00:15 +561 ~3 -2: /home/germanlion67/lager_app/app/test/utils/image_processing_utils_test.dart: ImageProcessingUtils ensureTargetFormat() Output-Format Output ist kleiner oder gleich dem Input bei großem Bild
00:15 +562 ~3 -2: /home/germanlion67/lager_app/app/test/utils/image_processing_utils_test.dart: ImageProcessingUtils ensureTargetFormat() Output-Format Output ist kleiner oder gleich dem Input bei großem Bild
00:15 +563 ~3 -2: /home/germanlion67/lager_app/app/test/utils/image_processing_utils_test.dart: ImageProcessingUtils ensureTargetFormat() Output-Format Output ist kleiner oder gleich dem Input bei großem Bild
00:15 +563 ~3 -2: /home/germanlion67/lager_app/app/test/widgets/artikel_detail_screen_test.dart: ArtikelDetailScreen – Edit-Modus Bild-Button erscheint im Edit-Modus
[38;5;196m┌───────────────────────────────────────────────────────────────────────────────[0m
[38;5;196m│ Bad state: PocketBaseService: Kein Client verfügbar.[0m
[38;5;196m│ Entweder wurde initialize() noch nicht aufgerufen, oder es ist keine Server-URL konfiguriert.[0m
[38;5;196m│ Prüfe needsSetup bevor du auf den Client zugreifst.[0m
[38;5;196m├┄┄┄┄┄┄┄┄┄┄┄┄┄┄┄┄┄┄┄┄┄┄┄┄┄┄┄┄┄┄┄┄┄┄┄┄┄┄┄┄┄┄┄┄┄┄┄┄┄┄┄┄┄┄┄┄┄┄┄┄┄┄┄┄┄┄┄┄┄┄┄┄┄┄┄┄┄┄┄[0m
[38;5;196m│ #0   PocketBaseService.client (package:lager_app/services/pocketbase_service.dart:63:7)[0m
[38;5;196m│ #1   AttachmentService.countForArtikel (package:lager_app/services/attachment_service.dart:72:38)[0m
[38;5;196m│ #2   _ArtikelDetailScreenState.ladeAnhangCount (package:lager_app/screens/artikel_detail_screen.dart:114:44)[0m
[38;5;196m│ #3   _ArtikelDetailScreenState.initState (package:lager_app/screens/artikel_detail_screen.dart:109:5)[0m
[38;5;196m│ #4   StatefulElement._firstBuild (package:flutter/src/widgets/framework.dart:5950:55)[0m
[38;5;196m│ #5   ComponentElement.mount (package:flutter/src/widgets/framework.dart:5793:5)[0m
[38;5;196m│ #6   Element.inflateWidget (package:flutter/src/widgets/framework.dart:4587:20)[0m
[38;5;196m│ #7   Element.updateChild (package:flutter/src/widgets/framework.dart:4059:18)[0m
[38;5;196m├┄┄┄┄┄┄┄┄┄┄┄┄┄┄┄┄┄┄┄┄┄┄┄┄┄┄┄┄┄┄┄┄┄┄┄┄┄┄┄┄┄┄┄┄┄┄┄┄┄┄┄┄┄┄┄┄┄┄┄┄┄┄┄┄┄┄┄┄┄┄┄┄┄┄┄┄┄┄┄[0m
[38;5;196m│ 10:24:54.942 (+0:00:04.470473)[0m
[38;5;196m├┄┄┄┄┄┄┄┄┄┄┄┄┄┄┄┄┄┄┄┄┄┄┄┄┄┄┄┄┄┄┄┄┄┄┄┄┄┄┄┄┄┄┄┄┄┄┄┄┄┄┄┄┄┄┄┄┄┄┄┄┄┄┄┄┄┄┄┄┄┄┄┄┄┄┄┄┄┄┄[0m
[38;5;196m│ ⛔ AttachmentService.countForArtikel() fehlgeschlagen[0m
[38;5;196m└───────────────────────────────────────────────────────────────────────────────[0m
00:15 +563 ~3 -2: /home/germanlion67/lager_app/app/test/widgets/artikel_list_screen_test.dart: ArtikelListScreen – DB-Icon Farbe (Punkt 9) DB-Icon ist vorhanden und hat eine Farbe
[38;5;12m┌───────────────────────────────────────────────────────────────────────────────────────────────────────────────────────[0m
[38;5;12m│ #0   ArtikelDbService.closeDatabase (package:lager_app/services/artikel_db_service.dart:1169:15)[0m
[38;5;12m│ #1   <asynchronous suspension>[0m
[38;5;12m├┄┄┄┄┄┄┄┄┄┄┄┄┄┄┄┄┄┄┄┄┄┄┄┄┄┄┄┄┄┄┄┄┄┄┄┄┄┄┄┄┄┄┄┄┄┄┄┄┄┄┄┄┄┄┄┄┄┄┄┄┄┄┄┄┄┄┄┄┄┄┄┄┄┄┄┄┄┄┄┄┄┄┄┄┄┄┄┄┄┄┄┄┄┄┄┄┄┄┄┄┄┄┄┄┄┄┄┄┄┄┄┄┄┄┄┄┄┄┄[0m
[38;5;12m│ 💡 ✅ Datenbank geschlossen.[0m
[38;5;12m└───────────────────────────────────────────────────────────────────────────────────────────────────────────────────────[0m
00:15 +564 ~3 -2: /home/germanlion67/lager_app/app/test/utils/image_processing_utils_test.dart: ImageProcessingUtils ensureTargetFormat() Output-Format Output ist kleiner oder gleich dem Input bei großem Bild
00:16 +564 ~3 -2: /home/germanlion67/lager_app/app/test/widgets/artikel_erfassen_test.dart: ArtikelErfassenScreen – Validierung Artikelnummer < 1000 zeigt Fehler
┌───────────────────────────────────────────────────────────────────────────────
│ #0   _ArtikelErfassenScreenState._save (package:lager_app/screens/artikel_erfassen_screen.dart:367:13)
├┄┄┄┄┄┄┄┄┄┄┄┄┄┄┄┄┄┄┄┄┄┄┄┄┄┄┄┄┄┄┄┄┄┄┄┄┄┄┄┄┄┄┄┄┄┄┄┄┄┄┄┄┄┄┄┄┄┄┄┄┄┄┄┄┄┄┄┄┄┄┄┄┄┄┄┄┄┄┄
│ 10:24:55.218 (+0:00:04.049064)
├┄┄┄┄┄┄┄┄┄┄┄┄┄┄┄┄┄┄┄┄┄┄┄┄┄┄┄┄┄┄┄┄┄┄┄┄┄┄┄┄┄┄┄┄┄┄┄┄┄┄┄┄┄┄┄┄┄┄┄┄┄┄┄┄┄┄┄┄┄┄┄┄┄┄┄┄┄┄┄
│ 🐛 _save() gestartet.
└───────────────────────────────────────────────────────────────────────────────
00:16 +564 ~3 -2: loading /home/germanlion67/lager_app/app/test/performance/import_500_smoke_test.dart
Warning: A tag was used that wasn't specified in dart_test.yaml.
  performance was used in the test "Performance Tests import_500 dataset existiert, 500 Einträge und Bilder vorhanden"

00:16 +565 ~3 -2: /home/germanlion67/lager_app/app/test/utils/image_processing_utils_test.dart: ImageProcessingUtils ensureTargetFormat() Output-Format Output ist kleiner oder gleich dem Input bei großem Bild
00:16 +566 ~3 -2: /home/germanlion67/lager_app/app/test/utils/image_processing_utils_test.dart: ImageProcessingUtils ensureTargetFormat() Output-Format Output ist kleiner oder gleich dem Input bei großem Bild
00:16 +566 ~3 -2: /home/germanlion67/lager_app/app/test/widgets/artikel_detail_screen_test.dart: ArtikelDetailScreen – Edit-Modus Löschen-Button ist im Edit-Modus deaktiviert
[38;5;196m┌───────────────────────────────────────────────────────────────────────────────[0m
[38;5;196m│ Bad state: PocketBaseService: Kein Client verfügbar.[0m
[38;5;196m│ Entweder wurde initialize() noch nicht aufgerufen, oder es ist keine Server-URL konfiguriert.[0m
[38;5;196m│ Prüfe needsSetup bevor du auf den Client zugreifst.[0m
[38;5;196m├┄┄┄┄┄┄┄┄┄┄┄┄┄┄┄┄┄┄┄┄┄┄┄┄┄┄┄┄┄┄┄┄┄┄┄┄┄┄┄┄┄┄┄┄┄┄┄┄┄┄┄┄┄┄┄┄┄┄┄┄┄┄┄┄┄┄┄┄┄┄┄┄┄┄┄┄┄┄┄[0m
[38;5;196m│ #0   PocketBaseService.client (package:lager_app/services/pocketbase_service.dart:63:7)[0m
[38;5;196m│ #1   AttachmentService.countForArtikel (package:lager_app/services/attachment_service.dart:72:38)[0m
[38;5;196m│ #2   _ArtikelDetailScreenState.ladeAnhangCount (package:lager_app/screens/artikel_detail_screen.dart:114:44)[0m
[38;5;196m│ #3   _ArtikelDetailScreenState.initState (package:lager_app/screens/artikel_detail_screen.dart:109:5)[0m
[38;5;196m│ #4   StatefulElement._firstBuild (package:flutter/src/widgets/framework.dart:5950:55)[0m
[38;5;196m│ #5   ComponentElement.mount (package:flutter/src/widgets/framework.dart:5793:5)[0m
[38;5;196m│ #6   Element.inflateWidget (package:flutter/src/widgets/framework.dart:4587:20)[0m
[38;5;196m│ #7   Element.updateChild (package:flutter/src/widgets/framework.dart:4059:18)[0m
[38;5;196m├┄┄┄┄┄┄┄┄┄┄┄┄┄┄┄┄┄┄┄┄┄┄┄┄┄┄┄┄┄┄┄┄┄┄┄┄┄┄┄┄┄┄┄┄┄┄┄┄┄┄┄┄┄┄┄┄┄┄┄┄┄┄┄┄┄┄┄┄┄┄┄┄┄┄┄┄┄┄┄[0m
[38;5;196m│ 10:24:55.195 (+0:00:04.723822)[0m
[38;5;196m├┄┄┄┄┄┄┄┄┄┄┄┄┄┄┄┄┄┄┄┄┄┄┄┄┄┄┄┄┄┄┄┄┄┄┄┄┄┄┄┄┄┄┄┄┄┄┄┄┄┄┄┄┄┄┄┄┄┄┄┄┄┄┄┄┄┄┄┄┄┄┄┄┄┄┄┄┄┄┄[0m
[38;5;196m│ ⛔ AttachmentService.countForArtikel() fehlgeschlagen[0m
[38;5;196m└───────────────────────────────────────────────────────────────────────────────[0m
00:16 +566 ~3 -2: /home/germanlion67/lager_app/app/test/utils/image_processing_utils_test.dart: ImageProcessingUtils ensureTargetFormat() Output-Format Output ist kleiner oder gleich dem Input bei großem Bild
00:16 +567 ~3 -2: /home/germanlion67/lager_app/app/test/utils/image_processing_utils_test.dart: ImageProcessingUtils ensureTargetFormat() Output-Format Output ist kleiner oder gleich dem Input bei großem Bild
00:16 +568 ~3 -2: /home/germanlion67/lager_app/app/test/utils/image_processing_utils_test.dart: ImageProcessingUtils ensureTargetFormat() Output-Format Output ist kleiner oder gleich dem Input bei großem Bild
00:16 +569 ~3 -2: /home/germanlion67/lager_app/app/test/widgets/merge_dialog_test.dart: T-004.1: MergeDialog Grundstruktur zeigt "Bild wählen:" Label
00:16 +569 ~3 -2: /home/germanlion67/lager_app/app/test/widgets/artikel_erfassen_test.dart: ArtikelErfassenScreen – Validierung Gültige Menge 0 zeigt keinen Fehler
┌───────────────────────────────────────────────────────────────────────────────
│ #0   _ArtikelErfassenScreenState._save (package:lager_app/screens/artikel_erfassen_screen.dart:367:13)
├┄┄┄┄┄┄┄┄┄┄┄┄┄┄┄┄┄┄┄┄┄┄┄┄┄┄┄┄┄┄┄┄┄┄┄┄┄┄┄┄┄┄┄┄┄┄┄┄┄┄┄┄┄┄┄┄┄┄┄┄┄┄┄┄┄┄┄┄┄┄┄┄┄┄┄┄┄┄┄
│ 10:24:55.335 (+0:00:04.165903)
├┄┄┄┄┄┄┄┄┄┄┄┄┄┄┄┄┄┄┄┄┄┄┄┄┄┄┄┄┄┄┄┄┄┄┄┄┄┄┄┄┄┄┄┄┄┄┄┄┄┄┄┄┄┄┄┄┄┄┄┄┄┄┄┄┄┄┄┄┄┄┄┄┄┄┄┄┄┄┄
│ 🐛 _save() gestartet.
└───────────────────────────────────────────────────────────────────────────────
00:16 +570 ~3 -2: /home/germanlion67/lager_app/app/test/widgets/merge_dialog_test.dart: T-004.1: MergeDialog Grundstruktur zeigt "Bild wählen:" Label
00:16 +571 ~3 -2: /home/germanlion67/lager_app/app/test/widgets/merge_dialog_test.dart: T-004.1: MergeDialog Grundstruktur zeigt "Bild wählen:" Label
00:16 +572 ~3 -2: /home/germanlion67/lager_app/app/test/utils/image_processing_utils_test.dart: ImageProcessingUtils ensureTargetFormat() Resize (_resizeIfNeeded) skaliert Bild herunter wenn größte Seite > 1600px
00:16 +572 ~3 -2: /home/germanlion67/lager_app/app/test/widgets/artikel_detail_screen_test.dart: ArtikelDetailScreen – Edit-Modus Name-Feld ist im Edit-Modus beschreibbar
[38;5;196m┌───────────────────────────────────────────────────────────────────────────────[0m
[38;5;196m│ Bad state: PocketBaseService: Kein Client verfügbar.[0m
[38;5;196m│ Entweder wurde initialize() noch nicht aufgerufen, oder es ist keine Server-URL konfiguriert.[0m
[38;5;196m│ Prüfe needsSetup bevor du auf den Client zugreifst.[0m
[38;5;196m├┄┄┄┄┄┄┄┄┄┄┄┄┄┄┄┄┄┄┄┄┄┄┄┄┄┄┄┄┄┄┄┄┄┄┄┄┄┄┄┄┄┄┄┄┄┄┄┄┄┄┄┄┄┄┄┄┄┄┄┄┄┄┄┄┄┄┄┄┄┄┄┄┄┄┄┄┄┄┄[0m
[38;5;196m│ #0   PocketBaseService.client (package:lager_app/services/pocketbase_service.dart:63:7)[0m
[38;5;196m│ #1   AttachmentService.countForArtikel (package:lager_app/services/attachment_service.dart:72:38)[0m
[38;5;196m│ #2   _ArtikelDetailScreenState.ladeAnhangCount (package:lager_app/screens/artikel_detail_screen.dart:114:44)[0m
[38;5;196m│ #3   _ArtikelDetailScreenState.initState (package:lager_app/screens/artikel_detail_screen.dart:109:5)[0m
[38;5;196m│ #4   StatefulElement._firstBuild (package:flutter/src/widgets/framework.dart:5950:55)[0m
[38;5;196m│ #5   ComponentElement.mount (package:flutter/src/widgets/framework.dart:5793:5)[0m
[38;5;196m│ #6   Element.inflateWidget (package:flutter/src/widgets/framework.dart:4587:20)[0m
[38;5;196m│ #7   Element.updateChild (package:flutter/src/widgets/framework.dart:4059:18)[0m
[38;5;196m├┄┄┄┄┄┄┄┄┄┄┄┄┄┄┄┄┄┄┄┄┄┄┄┄┄┄┄┄┄┄┄┄┄┄┄┄┄┄┄┄┄┄┄┄┄┄┄┄┄┄┄┄┄┄┄┄┄┄┄┄┄┄┄┄┄┄┄┄┄┄┄┄┄┄┄┄┄┄┄[0m
[38;5;196m│ 10:24:55.471 (+0:00:04.999579)[0m
[38;5;196m├┄┄┄┄┄┄┄┄┄┄┄┄┄┄┄┄┄┄┄┄┄┄┄┄┄┄┄┄┄┄┄┄┄┄┄┄┄┄┄┄┄┄┄┄┄┄┄┄┄┄┄┄┄┄┄┄┄┄┄┄┄┄┄┄┄┄┄┄┄┄┄┄┄┄┄┄┄┄┄[0m
[38;5;196m│ ⛔ AttachmentService.countForArtikel() fehlgeschlagen[0m
[38;5;196m└───────────────────────────────────────────────────────────────────────────────[0m
00:16 +573 ~3 -2: /home/germanlion67/lager_app/app/test/utils/image_processing_utils_test.dart: ImageProcessingUtils ensureTargetFormat() Resize (_resizeIfNeeded) skaliert Bild herunter wenn größte Seite > 1600px
00:16 +574 ~3 -2: /home/germanlion67/lager_app/app/test/utils/image_processing_utils_test.dart: ImageProcessingUtils ensureTargetFormat() Resize (_resizeIfNeeded) skaliert Bild herunter wenn größte Seite > 1600px
00:16 +575 ~3 -2: /home/germanlion67/lager_app/app/test/utils/image_processing_utils_test.dart: ImageProcessingUtils ensureTargetFormat() Resize (_resizeIfNeeded) skaliert Bild herunter wenn größte Seite > 1600px
00:16 +575 ~3 -2: /home/germanlion67/lager_app/app/test/widgets/artikel_detail_screen_test.dart: ArtikelDetailScreen – Edit-Modus AppBar-Titel aktualisiert sich beim Tippen
[38;5;196m┌───────────────────────────────────────────────────────────────────────────────[0m
[38;5;196m│ Bad state: PocketBaseService: Kein Client verfügbar.[0m
[38;5;196m│ Entweder wurde initialize() noch nicht aufgerufen, oder es ist keine Server-URL konfiguriert.[0m
[38;5;196m│ Prüfe needsSetup bevor du auf den Client zugreifst.[0m
[38;5;196m├┄┄┄┄┄┄┄┄┄┄┄┄┄┄┄┄┄┄┄┄┄┄┄┄┄┄┄┄┄┄┄┄┄┄┄┄┄┄┄┄┄┄┄┄┄┄┄┄┄┄┄┄┄┄┄┄┄┄┄┄┄┄┄┄┄┄┄┄┄┄┄┄┄┄┄┄┄┄┄[0m
[38;5;196m│ #0   PocketBaseService.client (package:lager_app/services/pocketbase_service.dart:63:7)[0m
[38;5;196m│ #1   AttachmentService.countForArtikel (package:lager_app/services/attachment_service.dart:72:38)[0m
[38;5;196m│ #2   _ArtikelDetailScreenState.ladeAnhangCount (package:lager_app/screens/artikel_detail_screen.dart:114:44)[0m
[38;5;196m│ #3   _ArtikelDetailScreenState.initState (package:lager_app/screens/artikel_detail_screen.dart:109:5)[0m
[38;5;196m│ #4   StatefulElement._firstBuild (package:flutter/src/widgets/framework.dart:5950:55)[0m
[38;5;196m│ #5   ComponentElement.mount (package:flutter/src/widgets/framework.dart:5793:5)[0m
[38;5;196m│ #6   Element.inflateWidget (package:flutter/src/widgets/framework.dart:4587:20)[0m
[38;5;196m│ #7   Element.updateChild (package:flutter/src/widgets/framework.dart:4059:18)[0m
[38;5;196m├┄┄┄┄┄┄┄┄┄┄┄┄┄┄┄┄┄┄┄┄┄┄┄┄┄┄┄┄┄┄┄┄┄┄┄┄┄┄┄┄┄┄┄┄┄┄┄┄┄┄┄┄┄┄┄┄┄┄┄┄┄┄┄┄┄┄┄┄┄┄┄┄┄┄┄┄┄┄┄[0m
[38;5;196m│ 10:24:55.861 (+0:00:05.390187)[0m
[38;5;196m├┄┄┄┄┄┄┄┄┄┄┄┄┄┄┄┄┄┄┄┄┄┄┄┄┄┄┄┄┄┄┄┄┄┄┄┄┄┄┄┄┄┄┄┄┄┄┄┄┄┄┄┄┄┄┄┄┄┄┄┄┄┄┄┄┄┄┄┄┄┄┄┄┄┄┄┄┄┄┄[0m
[38;5;196m│ ⛔ AttachmentService.countForArtikel() fehlgeschlagen[0m
[38;5;196m└───────────────────────────────────────────────────────────────────────────────[0m
00:16 +576 ~3 -2: /home/germanlion67/lager_app/app/test/utils/image_processing_utils_test.dart: ImageProcessingUtils ensureTargetFormat() Resize (_resizeIfNeeded) skaliert Bild herunter wenn größte Seite > 1600px
00:16 +577 ~3 -2: /home/germanlion67/lager_app/app/test/utils/image_processing_utils_test.dart: ImageProcessingUtils ensureTargetFormat() Resize (_resizeIfNeeded) skaliert Bild herunter wenn größte Seite > 1600px
00:17 +578 ~3 -2: /home/germanlion67/lager_app/app/test/utils/image_processing_utils_test.dart: ImageProcessingUtils ensureTargetFormat() Resize (_resizeIfNeeded) skaliert Bild herunter wenn größte Seite > 1600px
00:17 +579 ~3 -2: /home/germanlion67/lager_app/app/test/utils/image_processing_utils_test.dart: ImageProcessingUtils ensureTargetFormat() Resize (_resizeIfNeeded) skaliert Bild herunter wenn größte Seite > 1600px
00:17 +579 ~3 -2: /home/germanlion67/lager_app/app/test/widgets/artikel_detail_screen_test.dart: ArtikelDetailScreen – Edit-Modus Speichern-Button aktiv nach Änderung
[38;5;196m┌───────────────────────────────────────────────────────────────────────────────[0m
[38;5;196m│ Bad state: PocketBaseService: Kein Client verfügbar.[0m
[38;5;196m│ Entweder wurde initialize() noch nicht aufgerufen, oder es ist keine Server-URL konfiguriert.[0m
[38;5;196m│ Prüfe needsSetup bevor du auf den Client zugreifst.[0m
[38;5;196m├┄┄┄┄┄┄┄┄┄┄┄┄┄┄┄┄┄┄┄┄┄┄┄┄┄┄┄┄┄┄┄┄┄┄┄┄┄┄┄┄┄┄┄┄┄┄┄┄┄┄┄┄┄┄┄┄┄┄┄┄┄┄┄┄┄┄┄┄┄┄┄┄┄┄┄┄┄┄┄[0m
[38;5;196m│ #0   PocketBaseService.client (package:lager_app/services/pocketbase_service.dart:63:7)[0m
[38;5;196m│ #1   AttachmentService.countForArtikel (package:lager_app/services/attachment_service.dart:72:38)[0m
[38;5;196m│ #2   _ArtikelDetailScreenState.ladeAnhangCount (package:lager_app/screens/artikel_detail_screen.dart:114:44)[0m
[38;5;196m│ #3   _ArtikelDetailScreenState.initState (package:lager_app/screens/artikel_detail_screen.dart:109:5)[0m
[38;5;196m│ #4   StatefulElement._firstBuild (package:flutter/src/widgets/framework.dart:5950:55)[0m
[38;5;196m│ #5   ComponentElement.mount (package:flutter/src/widgets/framework.dart:5793:5)[0m
[38;5;196m│ #6   Element.inflateWidget (package:flutter/src/widgets/framework.dart:4587:20)[0m
[38;5;196m│ #7   Element.updateChild (package:flutter/src/widgets/framework.dart:4059:18)[0m
[38;5;196m├┄┄┄┄┄┄┄┄┄┄┄┄┄┄┄┄┄┄┄┄┄┄┄┄┄┄┄┄┄┄┄┄┄┄┄┄┄┄┄┄┄┄┄┄┄┄┄┄┄┄┄┄┄┄┄┄┄┄┄┄┄┄┄┄┄┄┄┄┄┄┄┄┄┄┄┄┄┄┄[0m
[38;5;196m│ 10:24:56.188 (+0:00:05.716586)[0m
[38;5;196m├┄┄┄┄┄┄┄┄┄┄┄┄┄┄┄┄┄┄┄┄┄┄┄┄┄┄┄┄┄┄┄┄┄┄┄┄┄┄┄┄┄┄┄┄┄┄┄┄┄┄┄┄┄┄┄┄┄┄┄┄┄┄┄┄┄┄┄┄┄┄┄┄┄┄┄┄┄┄┄[0m
[38;5;196m│ ⛔ AttachmentService.countForArtikel() fehlgeschlagen[0m
[38;5;196m└───────────────────────────────────────────────────────────────────────────────[0m
00:17 +580 ~3 -2: /home/germanlion67/lager_app/app/test/utils/image_processing_utils_test.dart: ImageProcessingUtils ensureTargetFormat() Resize (_resizeIfNeeded) skaliert Bild herunter wenn größte Seite > 1600px
00:17 +581 ~3 -2: /home/germanlion67/lager_app/app/test/utils/image_processing_utils_test.dart: ImageProcessingUtils ensureTargetFormat() Resize (_resizeIfNeeded) skaliert Bild herunter wenn größte Seite > 1600px
00:17 +582 ~3 -2: /home/germanlion67/lager_app/app/test/utils/image_processing_utils_test.dart: ImageProcessingUtils ensureTargetFormat() Resize (_resizeIfNeeded) skaliert Bild herunter wenn größte Seite > 1600px
00:17 +582 ~3 -2: /home/germanlion67/lager_app/app/test/widgets/artikel_detail_screen_test.dart: ArtikelDetailScreen – Edit-Modus Crop-Button ist ohne Bild NICHT sichtbar
[38;5;196m┌───────────────────────────────────────────────────────────────────────────────[0m
[38;5;196m│ Bad state: PocketBaseService: Kein Client verfügbar.[0m
[38;5;196m│ Entweder wurde initialize() noch nicht aufgerufen, oder es ist keine Server-URL konfiguriert.[0m
[38;5;196m│ Prüfe needsSetup bevor du auf den Client zugreifst.[0m
[38;5;196m├┄┄┄┄┄┄┄┄┄┄┄┄┄┄┄┄┄┄┄┄┄┄┄┄┄┄┄┄┄┄┄┄┄┄┄┄┄┄┄┄┄┄┄┄┄┄┄┄┄┄┄┄┄┄┄┄┄┄┄┄┄┄┄┄┄┄┄┄┄┄┄┄┄┄┄┄┄┄┄[0m
[38;5;196m│ #0   PocketBaseService.client (package:lager_app/services/pocketbase_service.dart:63:7)[0m
[38;5;196m│ #1   AttachmentService.countForArtikel (package:lager_app/services/attachment_service.dart:72:38)[0m
[38;5;196m│ #2   _ArtikelDetailScreenState.ladeAnhangCount (package:lager_app/screens/artikel_detail_screen.dart:114:44)[0m
[38;5;196m│ #3   _ArtikelDetailScreenState.initState (package:lager_app/screens/artikel_detail_screen.dart:109:5)[0m
[38;5;196m│ #4   StatefulElement._firstBuild (package:flutter/src/widgets/framework.dart:5950:55)[0m
[38;5;196m│ #5   ComponentElement.mount (package:flutter/src/widgets/framework.dart:5793:5)[0m
[38;5;196m│ #6   Element.inflateWidget (package:flutter/src/widgets/framework.dart:4587:20)[0m
[38;5;196m│ #7   Element.updateChild (package:flutter/src/widgets/framework.dart:4059:18)[0m
[38;5;196m├┄┄┄┄┄┄┄┄┄┄┄┄┄┄┄┄┄┄┄┄┄┄┄┄┄┄┄┄┄┄┄┄┄┄┄┄┄┄┄┄┄┄┄┄┄┄┄┄┄┄┄┄┄┄┄┄┄┄┄┄┄┄┄┄┄┄┄┄┄┄┄┄┄┄┄┄┄┄┄[0m
[38;5;196m│ 10:24:56.518 (+0:00:06.046473)[0m
[38;5;196m├┄┄┄┄┄┄┄┄┄┄┄┄┄┄┄┄┄┄┄┄┄┄┄┄┄┄┄┄┄┄┄┄┄┄┄┄┄┄┄┄┄┄┄┄┄┄┄┄┄┄┄┄┄┄┄┄┄┄┄┄┄┄┄┄┄┄┄┄┄┄┄┄┄┄┄┄┄┄┄[0m
[38;5;196m│ ⛔ AttachmentService.countForArtikel() fehlgeschlagen[0m
[38;5;196m└───────────────────────────────────────────────────────────────────────────────[0m
00:17 +583 ~3 -2: /home/germanlion67/lager_app/app/test/utils/image_processing_utils_test.dart: ImageProcessingUtils ensureTargetFormat() Resize (_resizeIfNeeded) skaliert Bild herunter wenn größte Seite > 1600px
00:17 +584 ~3 -2: /home/germanlion67/lager_app/app/test/utils/image_processing_utils_test.dart: ImageProcessingUtils ensureTargetFormat() Resize (_resizeIfNeeded) skaliert Bild herunter wenn größte Seite > 1600px
00:17 +585 ~3 -2: /home/germanlion67/lager_app/app/test/utils/image_processing_utils_test.dart: ImageProcessingUtils ensureTargetFormat() Resize (_resizeIfNeeded) skaliert Bild herunter wenn größte Seite > 1600px
00:17 +585 ~3 -2: /home/germanlion67/lager_app/app/test/widgets/artikel_detail_screen_test.dart: ArtikelDetailScreen – Edit-Modus Menge erhöhen/verringern nur im Edit-Modus aktiv
[38;5;196m┌───────────────────────────────────────────────────────────────────────────────[0m
[38;5;196m│ Bad state: PocketBaseService: Kein Client verfügbar.[0m
[38;5;196m│ Entweder wurde initialize() noch nicht aufgerufen, oder es ist keine Server-URL konfiguriert.[0m
[38;5;196m│ Prüfe needsSetup bevor du auf den Client zugreifst.[0m
[38;5;196m├┄┄┄┄┄┄┄┄┄┄┄┄┄┄┄┄┄┄┄┄┄┄┄┄┄┄┄┄┄┄┄┄┄┄┄┄┄┄┄┄┄┄┄┄┄┄┄┄┄┄┄┄┄┄┄┄┄┄┄┄┄┄┄┄┄┄┄┄┄┄┄┄┄┄┄┄┄┄┄[0m
[38;5;196m│ #0   PocketBaseService.client (package:lager_app/services/pocketbase_service.dart:63:7)[0m
[38;5;196m│ #1   AttachmentService.countForArtikel (package:lager_app/services/attachment_service.dart:72:38)[0m
[38;5;196m│ #2   _ArtikelDetailScreenState.ladeAnhangCount (package:lager_app/screens/artikel_detail_screen.dart:114:44)[0m
[38;5;196m│ #3   _ArtikelDetailScreenState.initState (package:lager_app/screens/artikel_detail_screen.dart:109:5)[0m
[38;5;196m│ #4   StatefulElement._firstBuild (package:flutter/src/widgets/framework.dart:5950:55)[0m
[38;5;196m│ #5   ComponentElement.mount (package:flutter/src/widgets/framework.dart:5793:5)[0m
[38;5;196m│ #6   Element.inflateWidget (package:flutter/src/widgets/framework.dart:4587:20)[0m
[38;5;196m│ #7   Element.updateChild (package:flutter/src/widgets/framework.dart:4059:18)[0m
[38;5;196m├┄┄┄┄┄┄┄┄┄┄┄┄┄┄┄┄┄┄┄┄┄┄┄┄┄┄┄┄┄┄┄┄┄┄┄┄┄┄┄┄┄┄┄┄┄┄┄┄┄┄┄┄┄┄┄┄┄┄┄┄┄┄┄┄┄┄┄┄┄┄┄┄┄┄┄┄┄┄┄[0m
[38;5;196m│ 10:24:56.737 (+0:00:06.265685)[0m
[38;5;196m├┄┄┄┄┄┄┄┄┄┄┄┄┄┄┄┄┄┄┄┄┄┄┄┄┄┄┄┄┄┄┄┄┄┄┄┄┄┄┄┄┄┄┄┄┄┄┄┄┄┄┄┄┄┄┄┄┄┄┄┄┄┄┄┄┄┄┄┄┄┄┄┄┄┄┄┄┄┄┄[0m
[38;5;196m│ ⛔ AttachmentService.countForArtikel() fehlgeschlagen[0m
[38;5;196m└───────────────────────────────────────────────────────────────────────────────[0m
00:17 +586 ~3 -2: /home/germanlion67/lager_app/app/test/utils/image_processing_utils_test.dart: ImageProcessingUtils ensureTargetFormat() Resize (_resizeIfNeeded) skaliert Bild herunter wenn größte Seite > 1600px
00:17 +587 ~3 -2: /home/germanlion67/lager_app/app/test/utils/image_processing_utils_test.dart: ImageProcessingUtils ensureTargetFormat() Resize (_resizeIfNeeded) skaliert Bild herunter wenn größte Seite > 1600px
00:17 +587 ~3 -2: /home/germanlion67/lager_app/app/test/widgets/artikel_detail_screen_test.dart: ArtikelDetailScreen – Verwerfen-Dialog Zurück ohne Änderungen → kein Dialog
[38;5;196m┌───────────────────────────────────────────────────────────────────────────────[0m
[38;5;196m│ Bad state: PocketBaseService: Kein Client verfügbar.[0m
[38;5;196m│ Entweder wurde initialize() noch nicht aufgerufen, oder es ist keine Server-URL konfiguriert.[0m
[38;5;196m│ Prüfe needsSetup bevor du auf den Client zugreifst.[0m
[38;5;196m├┄┄┄┄┄┄┄┄┄┄┄┄┄┄┄┄┄┄┄┄┄┄┄┄┄┄┄┄┄┄┄┄┄┄┄┄┄┄┄┄┄┄┄┄┄┄┄┄┄┄┄┄┄┄┄┄┄┄┄┄┄┄┄┄┄┄┄┄┄┄┄┄┄┄┄┄┄┄┄[0m
[38;5;196m│ #0   PocketBaseService.client (package:lager_app/services/pocketbase_service.dart:63:7)[0m
[38;5;196m│ #1   AttachmentService.countForArtikel (package:lager_app/services/attachment_service.dart:72:38)[0m
[38;5;196m│ #2   _ArtikelDetailScreenState.ladeAnhangCount (package:lager_app/screens/artikel_detail_screen.dart:114:44)[0m
[38;5;196m│ #3   _ArtikelDetailScreenState.initState (package:lager_app/screens/artikel_detail_screen.dart:109:5)[0m
[38;5;196m│ #4   StatefulElement._firstBuild (package:flutter/src/widgets/framework.dart:5950:55)[0m
[38;5;196m│ #5   ComponentElement.mount (package:flutter/src/widgets/framework.dart:5793:5)[0m
[38;5;196m│ #6   Element.inflateWidget (package:flutter/src/widgets/framework.dart:4587:20)[0m
[38;5;196m│ #7   Element.updateChild (package:flutter/src/widgets/framework.dart:4059:18)[0m
[38;5;196m├┄┄┄┄┄┄┄┄┄┄┄┄┄┄┄┄┄┄┄┄┄┄┄┄┄┄┄┄┄┄┄┄┄┄┄┄┄┄┄┄┄┄┄┄┄┄┄┄┄┄┄┄┄┄┄┄┄┄┄┄┄┄┄┄┄┄┄┄┄┄┄┄┄┄┄┄┄┄┄[0m
[38;5;196m│ 10:24:56.948 (+0:00:06.477143)[0m
[38;5;196m├┄┄┄┄┄┄┄┄┄┄┄┄┄┄┄┄┄┄┄┄┄┄┄┄┄┄┄┄┄┄┄┄┄┄┄┄┄┄┄┄┄┄┄┄┄┄┄┄┄┄┄┄┄┄┄┄┄┄┄┄┄┄┄┄┄┄┄┄┄┄┄┄┄┄┄┄┄┄┄[0m
[38;5;196m│ ⛔ AttachmentService.countForArtikel() fehlgeschlagen[0m
[38;5;196m└───────────────────────────────────────────────────────────────────────────────[0m
00:17 +588 ~3 -2: /home/germanlion67/lager_app/app/test/utils/image_processing_utils_test.dart: ImageProcessingUtils ensureTargetFormat() Resize (_resizeIfNeeded) skaliert Bild herunter wenn größte Seite > 1600px
00:18 +589 ~3 -2: /home/germanlion67/lager_app/app/test/utils/image_processing_utils_test.dart: ImageProcessingUtils ensureTargetFormat() Resize (_resizeIfNeeded) skaliert Bild herunter wenn größte Seite > 1600px
00:18 +589 ~3 -2: /home/germanlion67/lager_app/app/test/widgets/artikel_detail_screen_test.dart: ArtikelDetailScreen – Verwerfen-Dialog Zurück mit Änderungen im Edit-Modus → Dialog erscheint
[38;5;196m┌───────────────────────────────────────────────────────────────────────────────[0m
[38;5;196m│ Bad state: PocketBaseService: Kein Client verfügbar.[0m
[38;5;196m│ Entweder wurde initialize() noch nicht aufgerufen, oder es ist keine Server-URL konfiguriert.[0m
[38;5;196m│ Prüfe needsSetup bevor du auf den Client zugreifst.[0m
[38;5;196m├┄┄┄┄┄┄┄┄┄┄┄┄┄┄┄┄┄┄┄┄┄┄┄┄┄┄┄┄┄┄┄┄┄┄┄┄┄┄┄┄┄┄┄┄┄┄┄┄┄┄┄┄┄┄┄┄┄┄┄┄┄┄┄┄┄┄┄┄┄┄┄┄┄┄┄┄┄┄┄[0m
[38;5;196m│ #0   PocketBaseService.client (package:lager_app/services/pocketbase_service.dart:63:7)[0m
[38;5;196m│ #1   AttachmentService.countForArtikel (package:lager_app/services/attachment_service.dart:72:38)[0m
[38;5;196m│ #2   _ArtikelDetailScreenState.ladeAnhangCount (package:lager_app/screens/artikel_detail_screen.dart:114:44)[0m
[38;5;196m│ #3   _ArtikelDetailScreenState.initState (package:lager_app/screens/artikel_detail_screen.dart:109:5)[0m
[38;5;196m│ #4   StatefulElement._firstBuild (package:flutter/src/widgets/framework.dart:5950:55)[0m
[38;5;196m│ #5   ComponentElement.mount (package:flutter/src/widgets/framework.dart:5793:5)[0m
[38;5;196m│ #6   Element.inflateWidget (package:flutter/src/widgets/framework.dart:4587:20)[0m
[38;5;196m│ #7   Element.updateChild (package:flutter/src/widgets/framework.dart:4059:18)[0m
[38;5;196m├┄┄┄┄┄┄┄┄┄┄┄┄┄┄┄┄┄┄┄┄┄┄┄┄┄┄┄┄┄┄┄┄┄┄┄┄┄┄┄┄┄┄┄┄┄┄┄┄┄┄┄┄┄┄┄┄┄┄┄┄┄┄┄┄┄┄┄┄┄┄┄┄┄┄┄┄┄┄┄[0m
[38;5;196m│ 10:24:57.121 (+0:00:06.649539)[0m
[38;5;196m├┄┄┄┄┄┄┄┄┄┄┄┄┄┄┄┄┄┄┄┄┄┄┄┄┄┄┄┄┄┄┄┄┄┄┄┄┄┄┄┄┄┄┄┄┄┄┄┄┄┄┄┄┄┄┄┄┄┄┄┄┄┄┄┄┄┄┄┄┄┄┄┄┄┄┄┄┄┄┄[0m
[38;5;196m│ ⛔ AttachmentService.countForArtikel() fehlgeschlagen[0m
[38;5;196m└───────────────────────────────────────────────────────────────────────────────[0m
00:18 +590 ~3 -2: /home/germanlion67/lager_app/app/test/utils/image_processing_utils_test.dart: ImageProcessingUtils ensureTargetFormat() Resize (_resizeIfNeeded) skaliert Bild herunter wenn größte Seite > 1600px
00:18 +591 ~3 -2: /home/germanlion67/lager_app/app/test/utils/image_processing_utils_test.dart: ImageProcessingUtils ensureTargetFormat() Resize (_resizeIfNeeded) skaliert Bild herunter wenn größte Seite > 1600px
00:18 +591 ~3 -2: /home/germanlion67/lager_app/app/test/widgets/artikel_detail_screen_test.dart: ArtikelDetailScreen – Verwerfen-Dialog Verwerfen-Dialog — Weiter bearbeiten schließt Dialog
[38;5;196m┌───────────────────────────────────────────────────────────────────────────────[0m
[38;5;196m│ Bad state: PocketBaseService: Kein Client verfügbar.[0m
[38;5;196m│ Entweder wurde initialize() noch nicht aufgerufen, oder es ist keine Server-URL konfiguriert.[0m
[38;5;196m│ Prüfe needsSetup bevor du auf den Client zugreifst.[0m
[38;5;196m├┄┄┄┄┄┄┄┄┄┄┄┄┄┄┄┄┄┄┄┄┄┄┄┄┄┄┄┄┄┄┄┄┄┄┄┄┄┄┄┄┄┄┄┄┄┄┄┄┄┄┄┄┄┄┄┄┄┄┄┄┄┄┄┄┄┄┄┄┄┄┄┄┄┄┄┄┄┄┄[0m
[38;5;196m│ #0   PocketBaseService.client (package:lager_app/services/pocketbase_service.dart:63:7)[0m
[38;5;196m│ #1   AttachmentService.countForArtikel (package:lager_app/services/attachment_service.dart:72:38)[0m
[38;5;196m│ #2   _ArtikelDetailScreenState.ladeAnhangCount (package:lager_app/screens/artikel_detail_screen.dart:114:44)[0m
[38;5;196m│ #3   _ArtikelDetailScreenState.initState (package:lager_app/screens/artikel_detail_screen.dart:109:5)[0m
[38;5;196m│ #4   StatefulElement._firstBuild (package:flutter/src/widgets/framework.dart:5950:55)[0m
[38;5;196m│ #5   ComponentElement.mount (package:flutter/src/widgets/framework.dart:5793:5)[0m
[38;5;196m│ #6   Element.inflateWidget (package:flutter/src/widgets/framework.dart:4587:20)[0m
[38;5;196m│ #7   Element.updateChild (package:flutter/src/widgets/framework.dart:4059:18)[0m
[38;5;196m├┄┄┄┄┄┄┄┄┄┄┄┄┄┄┄┄┄┄┄┄┄┄┄┄┄┄┄┄┄┄┄┄┄┄┄┄┄┄┄┄┄┄┄┄┄┄┄┄┄┄┄┄┄┄┄┄┄┄┄┄┄┄┄┄┄┄┄┄┄┄┄┄┄┄┄┄┄┄┄[0m
[38;5;196m│ 10:24:57.464 (+0:00:06.993212)[0m
[38;5;196m├┄┄┄┄┄┄┄┄┄┄┄┄┄┄┄┄┄┄┄┄┄┄┄┄┄┄┄┄┄┄┄┄┄┄┄┄┄┄┄┄┄┄┄┄┄┄┄┄┄┄┄┄┄┄┄┄┄┄┄┄┄┄┄┄┄┄┄┄┄┄┄┄┄┄┄┄┄┄┄[0m
[38;5;196m│ ⛔ AttachmentService.countForArtikel() fehlgeschlagen[0m
[38;5;196m└───────────────────────────────────────────────────────────────────────────────[0m
00:18 +592 ~3 -2: /home/germanlion67/lager_app/app/test/utils/image_processing_utils_test.dart: ImageProcessingUtils ensureTargetFormat() Resize (_resizeIfNeeded) skaliert Bild herunter wenn größte Seite > 1600px
00:18 +593 ~3 -2: /home/germanlion67/lager_app/app/test/utils/image_processing_utils_test.dart: ImageProcessingUtils ensureTargetFormat() Resize (_resizeIfNeeded) skaliert Bild herunter wenn größte Seite > 1600px
00:18 +593 ~3 -2: /home/germanlion67/lager_app/app/test/widgets/artikel_detail_screen_test.dart: ArtikelDetailScreen – Löschen-Dialog Löschen-Button öffnet Bestätigungsdialog
[38;5;196m┌───────────────────────────────────────────────────────────────────────────────[0m
[38;5;196m│ Bad state: PocketBaseService: Kein Client verfügbar.[0m
[38;5;196m│ Entweder wurde initialize() noch nicht aufgerufen, oder es ist keine Server-URL konfiguriert.[0m
[38;5;196m│ Prüfe needsSetup bevor du auf den Client zugreifst.[0m
[38;5;196m├┄┄┄┄┄┄┄┄┄┄┄┄┄┄┄┄┄┄┄┄┄┄┄┄┄┄┄┄┄┄┄┄┄┄┄┄┄┄┄┄┄┄┄┄┄┄┄┄┄┄┄┄┄┄┄┄┄┄┄┄┄┄┄┄┄┄┄┄┄┄┄┄┄┄┄┄┄┄┄[0m
[38;5;196m│ #0   PocketBaseService.client (package:lager_app/services/pocketbase_service.dart:63:7)[0m
[38;5;196m│ #1   AttachmentService.countForArtikel (package:lager_app/services/attachment_service.dart:72:38)[0m
[38;5;196m│ #2   _ArtikelDetailScreenState.ladeAnhangCount (package:lager_app/screens/artikel_detail_screen.dart:114:44)[0m
[38;5;196m│ #3   _ArtikelDetailScreenState.initState (package:lager_app/screens/artikel_detail_screen.dart:109:5)[0m
[38;5;196m│ #4   StatefulElement._firstBuild (package:flutter/src/widgets/framework.dart:5950:55)[0m
[38;5;196m│ #5   ComponentElement.mount (package:flutter/src/widgets/framework.dart:5793:5)[0m
[38;5;196m│ #6   Element.inflateWidget (package:flutter/src/widgets/framework.dart:4587:20)[0m
[38;5;196m│ #7   Element.updateChild (package:flutter/src/widgets/framework.dart:4059:18)[0m
[38;5;196m├┄┄┄┄┄┄┄┄┄┄┄┄┄┄┄┄┄┄┄┄┄┄┄┄┄┄┄┄┄┄┄┄┄┄┄┄┄┄┄┄┄┄┄┄┄┄┄┄┄┄┄┄┄┄┄┄┄┄┄┄┄┄┄┄┄┄┄┄┄┄┄┄┄┄┄┄┄┄┄[0m
[38;5;196m│ 10:24:57.807 (+0:00:07.336174)[0m
[38;5;196m├┄┄┄┄┄┄┄┄┄┄┄┄┄┄┄┄┄┄┄┄┄┄┄┄┄┄┄┄┄┄┄┄┄┄┄┄┄┄┄┄┄┄┄┄┄┄┄┄┄┄┄┄┄┄┄┄┄┄┄┄┄┄┄┄┄┄┄┄┄┄┄┄┄┄┄┄┄┄┄[0m
[38;5;196m│ ⛔ AttachmentService.countForArtikel() fehlgeschlagen[0m
[38;5;196m└───────────────────────────────────────────────────────────────────────────────[0m
00:18 +594 ~3 -2: /home/germanlion67/lager_app/app/test/utils/image_processing_utils_test.dart: ImageProcessingUtils ensureTargetFormat() Resize (_resizeIfNeeded) skaliert Bild herunter wenn größte Seite > 1600px
00:18 +595 ~3 -2: /home/germanlion67/lager_app/app/test/utils/image_processing_utils_test.dart: ImageProcessingUtils ensureTargetFormat() Resize (_resizeIfNeeded) skaliert Bild herunter wenn größte Seite > 1600px
00:18 +595 ~3 -2: /home/germanlion67/lager_app/app/test/widgets/artikel_detail_screen_test.dart: ArtikelDetailScreen – Löschen-Dialog Löschen-Dialog — Abbrechen schließt Dialog
[38;5;196m┌───────────────────────────────────────────────────────────────────────────────[0m
[38;5;196m│ Bad state: PocketBaseService: Kein Client verfügbar.[0m
[38;5;196m│ Entweder wurde initialize() noch nicht aufgerufen, oder es ist keine Server-URL konfiguriert.[0m
[38;5;196m│ Prüfe needsSetup bevor du auf den Client zugreifst.[0m
[38;5;196m├┄┄┄┄┄┄┄┄┄┄┄┄┄┄┄┄┄┄┄┄┄┄┄┄┄┄┄┄┄┄┄┄┄┄┄┄┄┄┄┄┄┄┄┄┄┄┄┄┄┄┄┄┄┄┄┄┄┄┄┄┄┄┄┄┄┄┄┄┄┄┄┄┄┄┄┄┄┄┄[0m
[38;5;196m│ #0   PocketBaseService.client (package:lager_app/services/pocketbase_service.dart:63:7)[0m
[38;5;196m│ #1   AttachmentService.countForArtikel (package:lager_app/services/attachment_service.dart:72:38)[0m
[38;5;196m│ #2   _ArtikelDetailScreenState.ladeAnhangCount (package:lager_app/screens/artikel_detail_screen.dart:114:44)[0m
[38;5;196m│ #3   _ArtikelDetailScreenState.initState (package:lager_app/screens/artikel_detail_screen.dart:109:5)[0m
[38;5;196m│ #4   StatefulElement._firstBuild (package:flutter/src/widgets/framework.dart:5950:55)[0m
[38;5;196m│ #5   ComponentElement.mount (package:flutter/src/widgets/framework.dart:5793:5)[0m
[38;5;196m│ #6   Element.inflateWidget (package:flutter/src/widgets/framework.dart:4587:20)[0m
[38;5;196m│ #7   Element.updateChild (package:flutter/src/widgets/framework.dart:4059:18)[0m
[38;5;196m├┄┄┄┄┄┄┄┄┄┄┄┄┄┄┄┄┄┄┄┄┄┄┄┄┄┄┄┄┄┄┄┄┄┄┄┄┄┄┄┄┄┄┄┄┄┄┄┄┄┄┄┄┄┄┄┄┄┄┄┄┄┄┄┄┄┄┄┄┄┄┄┄┄┄┄┄┄┄┄[0m
[38;5;196m│ 10:24:57.971 (+0:00:07.500029)[0m
[38;5;196m├┄┄┄┄┄┄┄┄┄┄┄┄┄┄┄┄┄┄┄┄┄┄┄┄┄┄┄┄┄┄┄┄┄┄┄┄┄┄┄┄┄┄┄┄┄┄┄┄┄┄┄┄┄┄┄┄┄┄┄┄┄┄┄┄┄┄┄┄┄┄┄┄┄┄┄┄┄┄┄[0m
[38;5;196m│ ⛔ AttachmentService.countForArtikel() fehlgeschlagen[0m
[38;5;196m└───────────────────────────────────────────────────────────────────────────────[0m
00:19 +596 ~3 -2: /home/germanlion67/lager_app/app/test/utils/image_processing_utils_test.dart: ImageProcessingUtils ensureTargetFormat() Resize (_resizeIfNeeded) skaliert Bild herunter wenn größte Seite > 1600px
00:19 +597 ~3 -2: /home/germanlion67/lager_app/app/test/utils/image_processing_utils_test.dart: ImageProcessingUtils ensureTargetFormat() Resize (_resizeIfNeeded) skaliert Bild herunter wenn größte Seite > 1600px
00:21 +598 ~3 -2: /home/germanlion67/lager_app/app/test/utils/image_processing_utils_test.dart: ImageProcessingUtils ensureTargetFormat() Resize (_resizeIfNeeded) verändert Bild nicht wenn größte Seite <= 1600px
00:21 +599 ~3 -2: /home/germanlion67/lager_app/app/test/utils/image_processing_utils_test.dart: ImageProcessingUtils ensureTargetFormat() Resize (_resizeIfNeeded) behält Seitenverhältnis beim Resize bei
00:26 +600 ~3 -2: /home/germanlion67/lager_app/app/test/utils/image_processing_utils_test.dart: ImageProcessingUtils ensureTargetFormat() Crop (_cropToAspectRatio) croppt breites Bild auf 16:9 (crop: true)
00:26 +601 ~3 -2: /home/germanlion67/lager_app/app/test/utils/image_processing_utils_test.dart: ImageProcessingUtils ensureTargetFormat() Crop (_cropToAspectRatio) croppt hohes Bild auf 16:9 (crop: true)
00:26 +602 ~3 -2: /home/germanlion67/lager_app/app/test/utils/image_processing_utils_test.dart: ImageProcessingUtils ensureTargetFormat() Crop (_cropToAspectRatio) überspringt Crop wenn Bild bereits 16:9 ist
00:27 +603 ~3 -2: /home/germanlion67/lager_app/app/test/utils/image_processing_utils_test.dart: ImageProcessingUtils ensureTargetFormat() Crop (_cropToAspectRatio) kein Crop wenn crop: false übergeben wird
00:27 +604 ~3 -2: /home/germanlion67/lager_app/app/test/utils/image_processing_utils_test.dart: ImageProcessingUtils generateThumbnail() Null- und Leer-Handling gibt null zurück wenn sourceBytes null ist
00:27 +605 ~3 -2: /home/germanlion67/lager_app/app/test/utils/image_processing_utils_test.dart: ImageProcessingUtils generateThumbnail() Null- und Leer-Handling gibt null zurück wenn sourceBytes leer ist
00:27 +606 ~3 -2: /home/germanlion67/lager_app/app/test/utils/image_processing_utils_test.dart: ImageProcessingUtils generateThumbnail() Null- und Leer-Handling gibt null zurück wenn Bild nicht decodierbar ist
[38;5;196m┌───────────────────────────────────────────────────────────────────────────────[0m
[38;5;196m│ FormatException: Bild nicht decodierbar[0m
[38;5;196m├┄┄┄┄┄┄┄┄┄┄┄┄┄┄┄┄┄┄┄┄┄┄┄┄┄┄┄┄┄┄┄┄┄┄┄┄┄┄┄┄┄┄┄┄┄┄┄┄┄┄┄┄┄┄┄┄┄┄┄┄┄┄┄┄┄┄┄┄┄┄┄┄┄┄┄┄┄┄┄[0m
[38;5;196m│ #0   ImageProcessingUtils._generateThumbnailIsolate (package:lager_app/utils/image_processing_utils.dart:120:26)[0m
[38;5;196m│ #1   compute.<anonymous closure> (package:flutter/src/foundation/_isolates_io.dart:23:20)[0m
[38;5;196m│ #2   _RemoteRunner._run (dart:isolate:1116:47)[0m
[38;5;196m│ #3   _RemoteRunner._remoteExecute (dart:isolate:1110:12)[0m
[38;5;196m│ #4   _delayEntrypointInvocation.<anonymous closure> (dart:isolate-patch/isolate_patch.dart:317:17)[0m
[38;5;196m│ #5   _RawReceivePort._handleMessage (dart:isolate-patch/isolate_patch.dart:193:12)[0m
[38;5;196m├┄┄┄┄┄┄┄┄┄┄┄┄┄┄┄┄┄┄┄┄┄┄┄┄┄┄┄┄┄┄┄┄┄┄┄┄┄┄┄┄┄┄┄┄┄┄┄┄┄┄┄┄┄┄┄┄┄┄┄┄┄┄┄┄┄┄┄┄┄┄┄┄┄┄┄┄┄┄┄[0m
[38;5;196m│ 10:25:06.428 (+0:00:00.002076)[0m
[38;5;196m├┄┄┄┄┄┄┄┄┄┄┄┄┄┄┄┄┄┄┄┄┄┄┄┄┄┄┄┄┄┄┄┄┄┄┄┄┄┄┄┄┄┄┄┄┄┄┄┄┄┄┄┄┄┄┄┄┄┄┄┄┄┄┄┄┄┄┄┄┄┄┄┄┄┄┄┄┄┄┄[0m
[38;5;196m│ ⛔ ImageProcessingUtils: Thumbnail-Generierung fehlgeschlagen[0m
[38;5;196m└───────────────────────────────────────────────────────────────────────────────[0m
00:27 +607 ~3 -2: /home/germanlion67/lager_app/app/test/utils/image_processing_utils_test.dart: ImageProcessingUtils generateThumbnail() Dimensionen generiert Thumbnail mit exakt 120×120px (quadratisch)
00:27 +608 ~3 -2: /home/germanlion67/lager_app/app/test/utils/image_processing_utils_test.dart: ImageProcessingUtils generateThumbnail() Dimensionen generiert 120×120 Thumbnail aus quadratischem Input
00:27 +609 ~3 -2: /home/germanlion67/lager_app/app/test/utils/image_processing_utils_test.dart: ImageProcessingUtils generateThumbnail() Dimensionen generiert 120×120 Thumbnail aus hochformatigem Input
00:27 +610 ~3 -2: /home/germanlion67/lager_app/app/test/utils/image_processing_utils_test.dart: ImageProcessingUtils generateThumbnail() Dimensionen generiert 120×120 Thumbnail aus querformatigem Input
00:27 +611 ~3 -2: /home/germanlion67/lager_app/app/test/utils/image_processing_utils_test.dart: ImageProcessingUtils generateThumbnail() Output-Format Thumbnail ist JPEG (nicht PNG)
00:27 +612 ~3 -2: /home/germanlion67/lager_app/app/test/utils/image_processing_utils_test.dart: ImageProcessingUtils generateThumbnail() Output-Format Thumbnail ist kleiner als Original
00:28 +613 ~3 -2: /home/germanlion67/lager_app/app/test/utils/image_processing_utils_test.dart: ImageProcessingUtils generateThumbnail() Output-Format Thumbnail aus PNG-Input ist JPEG
00:28 +614 ~3 -2: /home/germanlion67/lager_app/app/test/utils/image_processing_utils_test.dart: ImageProcessingUtils rotateClockwise() tauscht Breite und Höhe nach 90°-Rotation
00:28 +615 ~3 -2: /home/germanlion67/lager_app/app/test/utils/image_processing_utils_test.dart: ImageProcessingUtils rotateClockwise() gibt valide Bytes zurück nach Rotation
00:28 +616 ~3 -2: /home/germanlion67/lager_app/app/test/utils/image_processing_utils_test.dart: ImageProcessingUtils rotateClockwise() gibt sourceBytes zurück wenn Bild nicht decodierbar ist
00:28 +617 ~3 -2: /home/germanlion67/lager_app/app/test/utils/image_processing_utils_test.dart: ImageProcessingUtils rotateClockwise() quadratisches Bild hat nach Rotation gleiche Dimensionen
00:28 +618 ~3 -2: /home/germanlion67/lager_app/app/test/utils/image_processing_utils_test.dart: (tearDownAll)
00:28 +618 ~3 -2: Some tests failed.
